ARM Linker, 5.03 [Build 24] [MDK-ARM Standard]

==============================================================================

Section Cross References

    24cxx.o(.text) refers to iic.o(.text) for IIC_Init
    24cxx.o(.text) refers to delay.o(.text) for delay_ms
    adc.o(.text) refers to stm32f10x_rcc.o(.text) for RCC_APB2PeriphClockCmd
    adc.o(.text) refers to stm32f10x_gpio.o(.text) for GPIO_Init
    adc.o(.text) refers to stm32f10x_adc.o(.text) for ADC_DeInit
    adc.o(.text) refers to adc.o(.data) for .data
    calendar.o(.text) refers to menu.o(.text) for sendtobuff
    calendar.o(.text) refers to lcd_display.o(.text) for hex_to_asc
    calendar.o(.text) refers to calendar.o(.data) for .data
    calendar.o(.text) refers to rtc.o(.bss) for timer
    calendar.o(.text) refers to lcd_display.o(.bss) for DisBuff
    delay.o(.text) refers to misc.o(.text) for SysTick_CLKSourceConfig
    delay.o(.text) refers to delay.o(.data) for .data
    fault.o(.text) refers to fault.o(.data) for .data
    fault.o(.text) refers to adc.o(.data) for Adc_BatteryVoltag
    iic.o(.text) refers to stm32f10x_rcc.o(.text) for RCC_APB2PeriphClockCmd
    iic.o(.text) refers to stm32f10x_gpio.o(.text) for GPIO_Init
    iic.o(.text) refers to delay.o(.text) for delay_us
    interrupt_init.o(.text) refers to misc.o(.text) for NVIC_Init
    key.o(.text) refers to key.o(.data) for .data
    key.o(.text) refers to key.o(.bss) for .bss
    led.o(.text) refers to stm32f10x_rcc.o(.text) for RCC_APB2PeriphClockCmd
    led.o(.text) refers to stm32f10x_gpio.o(.text) for GPIO_Init
    main.o(.text) refers to system_stm32f10x.o(.text) for SystemInit
    main.o(.text) refers to delay.o(.text) for delay_init
    main.o(.text) refers to systeminit.o(.text) for GPIOInit
    main.o(.text) refers to lcd_display.o(.text) for init_LCD
    main.o(.text) refers to 24cxx.o(.text) for AT24CXX_Init
    main.o(.text) refers to syspr.o(.text) for SysPrInit
    main.o(.text) refers to usart.o(.text) for UART_Configuration
    main.o(.text) refers to adc.o(.text) for Adc_Init
    main.o(.text) refers to rtc.o(.text) for RTC_Init
    main.o(.text) refers to timer.o(.text) for Timerx_Init
    main.o(.text) refers to fault.o(.text) for Fault
    main.o(.text) refers to menu.o(.text) for Lcd_MenuPro
    main.o(.text) refers to menu.o(.data) for ResetMenu
    main.o(.text) refers to timer.o(.data) for flag_100ms
    main.o(.text) refers to usart.o(.data) for flag_reading
    main.o(.text) refers to key.o(.data) for KeyCmd
    main.o(.text) refers to usart.o(.data) for add_rd485
    main.o(.text) refers to menu.o(.data) for MenuIndex
    main.o(.text) refers to usart.o(.data) for add_wr485
    main.o(.text) refers to usart.o(.data) for data_wr485
    main.o(.text) refers to usart.o(.data) for flag_wr485_begin
    menu.o(.text) refers to menu_sub.o(.text) for M_999
    menu.o(.text) refers to lcd_display.o(.text) for lcd_wrstring
    menu.o(.text) refers to menu.o(.data) for .data
    menu.o(.text) refers to lcd_display.o(.bss) for DisBuff
    menu.o(.text) refers to key.o(.data) for KeyVal
    menu.o(.text) refers to key.o(.data) for KeyVal_Set
    menu.o(.text) refers to syspr.o(.data) for Tab_UserPr
    menu.o(.text) refers to key.o(.data) for flag_5sKeyNoAct
    menu.o(.text) refers to menu_sub.o(.data) for RunPrFunTable
    menu_sub.o(.text) refers to 24cxx.o(.text) for AT24CXX_ReadOneByte
    menu_sub.o(.text) refers to lcd_display.o(.text) for hex_to_asc
    menu_sub.o(.text) refers to menu.o(.text) for sendtobuff2
    menu_sub.o(.text) refers to rt_memcpy_w.o(.text) for __aeabi_memcpy4
    menu_sub.o(.text) refers to lcd_display.o(.bss) for DisBuff
    menu_sub.o(.text) refers to menu.o(.data) for UserPrData_L
    menu_sub.o(.text) refers to menu.o(.data) for UserPrData_H
    menu_sub.o(.text) refers to fault.o(.data) for FaultCode
    menu_sub.o(.text) refers to menu_sub.o(.data) for .data
    menu_sub.o(.text) refers to syspr.o(.data) for TestPr
    menu_sub.o(.text) refers to syspr.o(.data) for Pr_Ic_Motor
    menu_sub.o(.text) refers to syspr.o(.data) for Pr_Ib_Motor
    menu_sub.o(.text) refers to syspr.o(.data) for Pr_Ia_Motor
    menu_sub.o(.text) refers to syspr.o(.data) for Pr_Ic_Fun
    menu_sub.o(.text) refers to syspr.o(.data) for Pr_Ib_Fun
    menu_sub.o(.text) refers to syspr.o(.data) for Pr_Ia_Fun
    menu_sub.o(.text) refers to lcd_display.o(.data) for aa
    menu_sub.o(.text) refers to rtc.o(.bss) for timer
    menu_sub.o(.text) refers to menu_sub.o(.constdata) for .constdata
    menu_sub.o(.text) refers to adc.o(.data) for Adc_BatteryVoltag
    menu_sub.o(.text) refers to menu.o(.data) for MenuIndex
    menu_sub.o(.text) refers to key.o(.data) for KeyVal
    menu_sub.o(.text) refers to rtc.o(.text) for RTC_Set
    menu_sub.o(.text) refers to delay.o(.text) for delay_ms
    menu_sub.o(.text) refers to syspr.o(.data) for UserPr
[...]
    !!dclz77c                                0x08000128   Section      100  __dclz77c.o(!!dclz77c)
    !!handler_zi                             0x0800018c   Section       28  __scatter_zi.o(!!handler_zi)
    .ARM.Collect$$libinit$$00000000          0x080001a8   Section        2  libinit.o(.ARM.Collect$$libinit$$00000000)
    .ARM.Collect$$libinit$$00000002          0x080001aa   Section        0  libinit2.o(.ARM.Collect$$libinit$$00000002)
    .ARM.Collect$$libinit$$00000008          0x080001aa   Section        0  libinit2.o(.ARM.Collect$$libinit$$00000008)
    .ARM.Collect$$libinit$$0000000A          0x080001aa   Section        0  libinit2.o(.ARM.Collect$$libinit$$0000000A)
    .ARM.Collect$$libinit$$0000000C          0x080001aa   Section        0  libinit2.o(.ARM.Collect$$libinit$$0000000C)
    .ARM.Collect$$libinit$$0000000F          0x080001aa   Section        0  libinit2.o(.ARM.Collect$$libinit$$0000000F)
    .ARM.Collect$$libinit$$00000011          0x080001aa   Section        0  libinit2.o(.ARM.Collect$$libinit$$00000011)
    .ARM.Collect$$libinit$$00000013          0x080001aa   Section        0  libinit2.o(.ARM.Collect$$libinit$$00000013)
    .ARM.Collect$$libinit$$00000015          0x080001aa   Section        0  libinit2.o(.ARM.Collect$$libinit$$00000015)
    .ARM.Collect$$libinit$$00000017          0x080001aa   Section        0  libinit2.o(.ARM.Collect$$libinit$$00000017)
    .ARM.Collect$$libinit$$00000019          0x080001aa   Section        0  libinit2.o(.ARM.Collect$$libinit$$00000019)
    .ARM.Collect$$libinit$$0000001B          0x080001aa   Section        0  libinit2.o(.ARM.Collect$$libinit$$0000001B)
    .ARM.Collect$$libinit$$0000001D          0x080001aa   Section        0  libinit2.o(.ARM.Collect$$libinit$$0000001D)
    .ARM.Collect$$libinit$$0000001F          0x080001aa   Section        0  libinit2.o(.ARM.Collect$$libinit$$0000001F)
    .ARM.Collect$$libinit$$00000021          0x080001aa   Section        0  libinit2.o(.ARM.Collect$$libinit$$00000021)
    .ARM.Collect$$libinit$$00000023          0x080001aa   Section        0  libinit2.o(.ARM.Collect$$libinit$$00000023)
    .ARM.Collect$$libinit$$0000002A          0x080001aa   Section        0  libinit2.o(.ARM.Collect$$libinit$$0000002A)
    .ARM.Collect$$libinit$$0000002C          0x080001aa   Section        0  libinit2.o(.ARM.Collect$$libinit$$0000002C)
    .ARM.Collect$$libinit$$0000002E          0x080001aa   Section        0  libinit2.o(.ARM.Collect$$libinit$$0000002E)
    .ARM.Collect$$libinit$$00000030          0x080001aa   Section        0  libinit2.o(.ARM.Collect$$libinit$$00000030)
    .ARM.Collect$$libinit$$00000031          0x080001aa   Section        2  libinit2.o(.ARM.Collect$$libinit$$00000031)
    .ARM.Collect$$libshutdown$$00000000      0x080001ac   Section        2  libshutdown.o(.ARM.Collect$$libshutdown$$00000000)
    .ARM.Collect$$libshutdown$$00000003      0x080001ae   Section        0  libshutdown2.o(.ARM.Collect$$libshutdown$$00000003)
    .ARM.Collect$$libshutdown$$00000006      0x080001ae   Section        0  libshutdown2.o(.ARM.Collect$$libshutdown$$00000006)
    .ARM.Collect$$libshutdown$$00000009      0x080001ae   Section        0  libshutdown2.o(.ARM.Collect$$libshutdown$$00000009)
    .ARM.Collect$$libshutdown$$0000000B      0x080001ae   Section        0  libshutdown2.o(.ARM.Collect$$libshutdown$$0000000B)
    .ARM.Collect$$libshutdown$$0000000E      0x080001ae   Section        0  libshutdown2.o(.ARM.Collect$$libshutdown$$0000000E)
    .ARM.Collect$$libshutdown$$0000000F      0x080001ae   Section        2  libshutdown2.o(.ARM.Collect$$libshutdown$$0000000F)
    .ARM.Collect$$rtentry$$00000000          0x080001b0   Section        0  rtentry.o(.ARM.Collect$$rtentry$$00000000)
    .ARM.Collect$$rtentry$$00000002          0x080001b0   Section        0  rtentry2.o(.ARM.Collect$$rtentry$$00000002)
    .ARM.Collect$$rtentry$$00000004          0x080001b0   Section        6  rtentry4.o(.ARM.Collect$$rtentry$$00000004)
    .ARM.Collect$$rtentry$$00000009          0x080001b6   Section        0  rtentry2.o(.ARM.Collect$$rtentry$$00000009)
    .ARM.Collect$$rtentry$$0000000A          0x080001b6   Section        4  rtentry2.o(.ARM.Collect$$rtentry$$0000000A)
    .ARM.Collect$$rtentry$$0000000C          0x080001ba   Section        0  rtentry2.o(.ARM.Collect$$rtentry$$0000000C)
    .ARM.Collect$$rtentry$$0000000D          0x080001ba   Section        8  rtentry2.o(.ARM.Collect$$rtentry$$0000000D)
    .ARM.Collect$$rtexit$$00000000           0x080001c2   Section        2  rtexit.o(.ARM.Collect$$rtexit$$00000000)
    .ARM.Collect$$rtexit$$00000002           0x080001c4   Section        0  rtexit2.o(.ARM.Collect$$rtexit$$00000002)
    .ARM.Collect$$rtexit$$00000003           0x080001c4   Section        4  rtexit2.o(.ARM.Collect$$rtexit$$00000003)
    .ARM.Collect$$rtexit$$00000004           0x080001c8   Section        6  rtexit2.o(.ARM.Collect$$rtexit$$00000004)
    .text                                    0x080001ce   Section        0  24cxx.o(.text)
    .text                                    0x0800030c   Section        0  adc.o(.text)
    .text                                    0x080003cc   Section        0  delay.o(.text)
    .text                                    0x08000434   Section        0  fault.o(.text)
    .text                                    0x08000464   Section        0  iic.o(.text)
    .text                                    0x080006ec   Section        0  key.o(.text)
    .text                                    0x080007e0   Section        0  main.o(.text)
    .text                                    0x080008bc   Section        0  menu.o(.text)
    .text                                    0x08000c38   Section        0  menu_sub.o(.text)
    .text                                    0x08001f40   Section        0  modbus.o(.text)
    .text                                    0x08002140   Section        0  rtc.o(.text)
    .text                                    0x0800247c   Section        0  stm32f10x_it.o(.text)
    .text                                    0x08002490   Section        0  syspr.o(.text)
    .text                                    0x080025ec   Section        0  system_stm32f10x.o(.text)
    SetSysClockTo72                          0x080025ed   Thumb Code   166  system_stm32f10x.o(.text)
    SetSysClock                              0x08002693   Thumb Code     2  system_stm32f10x.o(.text)
    .text                                    0x08002760   Section        0  systeminit.o(.text)
    .text                                    0x08002830   Section        0  timer.o(.text)
    .text                                    0x080029bc   Section        0  usart3.o(.text)
    .text                                    0x08002ac4   Section        0  usart.o(.text)
    .text                                    0x08002d90   Section       64  startup_stm32f10x_md.o(.text)
    .text                                    0x08002dd0   Section        0  misc.o(.text)
    .text                                    0x08002e88   Section        0  stm32f10x_adc.o(.text)
    .text                                    0x08003218   Section        0  stm32f10x_bkp.o(.text)
    .text                                    0x080032b4   Section        0  stm32f10x_gpio.o(.text)
    .text                                    0x0800354c   Section        0  stm32f10x_pwr.o(.text)
    .text                                    0x080035fc   Section        0  stm32f10x_rcc.o(.text)
    .text                                    0x080038f4   Section        0  stm32f10x_rtc.o(.text)
    .text                                    0x08003a08   Section        0  stm32f10x_tim.o(.text)
    TI4_Config                               0x08003e71   Thumb Code   102  stm32f10x_tim.o(.text)
    TI3_Config                               0x08003ee7   Thumb Code    98  stm32f10x_tim.o(.text)
    TI2_Config                               0x08003f61   Thumb Code   102  stm32f10x_tim.o(.text)
    TI1_Config                               0x08003fd7   Thumb Code    94  stm32f10x_tim.o(.text)
    .text                                    0x08004634   Section        0  stm32f10x_usart.o(.text)
    .text                                    0x080049d0   Section        0  lcd_display.o(.text)
    .text                                    0x08004d30   Section      100  rt_memcpy_w.o(.text)
    .text                                    0x08004d94   Section        0  heapauxi.o(.text)
    .text                                    0x08004d9a   Section       74  sys_stackheap_outer.o(.text)
    .text                                    0x08004de4   Section        0  exit.o(.text)
    .text                                    0x08004df0   Section        8  libspace.o(.text)
    .text                                    0x08004df8   Section        0  sys_exit.o(.text)
    .text                                    0x08004e04   Section        2  use_no_semi.o(.text)
    .text                                    0x08004e06   Section        0  indicate_semi.o(.text)
    .constdata                               0x08004e08   Section       21  menu_sub.o(.constdata)
    .constdata                               0x08004e1d   Section      512  modbus.o(.constdata)
    .constdata                               0x0800501d   Section       24  rtc.o(.constdata)
    .constdata                               0x08005035   Section     9695  ziku.o(.constdata)
    .data                                    0x20000000   Section        4  adc.o(.data)
    .data                                    0x20000004   Section        8  delay.o(.data)
    fac_us                                   0x20000004   Data           1  delay.o(.data)
    fac_ms                                   0x20000008   Data           4  delay.o(.data)
    .data                                    0x2000000c   Section        1  fault.o(.data)
    .data                                    0x2000000d   Section       23  key.o(.data)
    Num_KeyDown                              0x20000010   Data           1  key.o(.data)
    OutputNum                                0x20000011   Data           1  key.o(.data)
    PBOut                                    0x20000012   Data           1  key.o(.data)
    .data                                    0x20000024   Section        1  key.o(.data)
    .data                                    0x20000025   Section        1  key.o(.data)
    .data                                    0x20000028   Section    13274  menu.o(.data)
    .data                                    0x20003402   Section      121  menu.o(.data)
    .data                                    0x2000347b   Section        1  menu.o(.data)
    .data                                    0x2000347c   Section        1  menu.o(.data)
    .data                                    0x2000347d   Section        1  menu.o(.data)
    .data                                    0x2000347e   Section        5  menu.o(.data)
    .data                                    0x20003483   Section        5  menu.o(.data)
    .data                                    0x20003488   Section        1  menu.o(.data)
    .data                                    0x2000348c   Section        4  menu.o(.data)
    .data                                    0x20003490   Section        1  menu.o(.data)
    .data                                    0x20003491   Section        1  menu.o(.data)
    .data                                    0x20003494   Section       24  menu_sub.o(.data)
    .data                                    0x200034ac   Section       24  menu_sub.o(.data)
    flag_flash                               0x200034ad   Data           1  menu_sub.o(.data)
    test                                     0x200034ae   Data           1  menu_sub.o(.data)
    Flag_FirstSetPrData                      0x200034af   Data           1  menu_sub.o(.data)
    flag_shinning                            0x200034b0   Data           1  menu_sub.o(.data)
    counter                                  0x200034b1   Data           1  menu_sub.o(.data)
    flag_firstin                             0x200034b2   Data           1  menu_sub.o(.data)
    counter                                  0x200034b3   Data           1  menu_sub.o(.data)
    flag_firstin                             0x200034b4   Data           1  menu_sub.o(.data)
    KeyIn                                    0x200034bc   Data           4  menu_sub.o(.data)
    KeyIn                                    0x200034c0   Data           4  menu_sub.o(.data)
    .data                                    0x200034c4   Section        4  modbus.o(.data)
    .data                                    0x200034c8   Section        4  rtc.o(.data)
    daycnt                                   0x200034c8   Data           4  rtc.o(.data)
    .data                                    0x200034cc   Section      629  syspr.o(.data)
    .data                                    0x20003744   Section        4  syspr.o(.data)
    .data                                    0x20003748   Section        4  syspr.o(.data)
    .data                                    0x2000374c   Section        4  syspr.o(.data)
    .data                                    0x20003750   Section        4  syspr.o(.data)
    .data                                    0x20003754   Section        4  syspr.o(.data)
    .data                                    0x20003758   Section        4  syspr.o(.data)
    .data                                    0x2000375c   Section      252  syspr.o(.data)
    .data                                    0x20003858   Section        4  syspr.o(.data)
    .data                                    0x2000385c   Section        4  syspr.o(.data)
    .data                                    0x20003860   Section        4  syspr.o(.data)
    .data                                    0x20003864   Section        4  syspr.o(.data)
    .data                                    0x20003868   Section        4  syspr.o(.data)
    .data                                    0x2000386c   Section       20  system_stm32f10x.o(.data)
    .data                                    0x20003880   Section       10  timer.o(.data)
    trigger_485                              0x20003882   Data           1  timer.o(.data)
    counter_100ms                            0x20003884   Data           2  timer.o(.data)
    counter_50ms                             0x20003886   Data           2  timer.o(.data)
    counter_5s                               0x20003888   Data           2  timer.o(.data)
    .data                                    0x2000388a   Section        1  usart3.o(.data)
    .data                                    0x2000388c   Section       20  usart.o(.data)
    .data                                    0x200038a0   Section        1  usart.o(.data)
    .data                                    0x200038a1   Section        1  usart.o(.data)
    .data                                    0x200038a2   Section        1  usart.o(.data)
    .data                                    0x200038a3   Section        1  usart.o(.data)
    .data                                    0x200038a4   Section        4  usart.o(.data)
    .data                                    0x200038a8   Section       20  stm32f10x_rcc.o(.data)
    ADCPrescTable                            0x200038a8   Data           4  stm32f10x_rcc.o(.data)
    APBAHBPrescTable                         0x200038ac   Data          16  stm32f10x_rcc.o(.data)
    .data                                    0x200038bc   Section        4  lcd_display.o(.data)
    .data                                    0x200038c0   Section        6  lcd_display.o(.data)
    .bss                                     0x200038c8   Section       16  key.o(.bss)
    KeyCount                                 0x200038c8   Data          16  key.o(.bss)
    .bss                                     0x200038d8   Section      400  modbus.o(.bss)
    .bss                                     0x20003a68   Section       12  rtc.o(.bss)
    .bss                                     0x20003a74   Section      252  syspr.o(.bss)
    .bss                                     0x20003b70   Section       64  usart3.o(.bss)
    .bss                                     0x20003bb0   Section      256  usart.o(.bss)
    .bss                                     0x20003cb0   Section      121  lcd_display.o(.bss)
    .bss                                     0x20003d2c   Section       96  libspace.o(.bss)
    HEAP                                     0x20003d90   Section      512  startup_stm32f10x_md.o(HEAP)
    Heap_Mem                                 0x20003d90   Data         512  startup_stm32f10x_md.o(HEAP)
    STACK                                    0x20003f90   Section     1024  startup_stm32f10x_md.o(STACK)
    Stack_Mem                                0x20003f90   Data        1024  startup_stm32f10x_md.o(STACK)
    __initial_sp                             0x20004390   Data           0  startup_stm32f10x_md.o(STACK)

    Global Symbols

    Symbol Name                              Value     Ov Type        Size  Object(Section)

    BuildAttributes$$THM_ISAv4$P$D$K$B$S$PE$A:L22UL41UL21$X:L11$S22US41US21$IEEE1$IW$USESV6$~STKCKD$USESV7$~SHL$OSPACE$ROPI$EBA8$UX$STANDARDLIB$REQ8$PRES8$EABIv2 0x00000000   Number         0  anon$$obj.o ABSOLUTE
    __ARM_use_no_argv                        0x00000000   Number         0  main.o ABSOLUTE
    __ARM_exceptions_init                     - Undefined Weak Reference
    __alloca_initialize                       - Undefined Weak Reference
    __cpp_initialize__aeabi_                  - Undefined Weak Reference
    __cxa_finalize                            - Undefined Weak Reference
    __rt_locale                               - Undefined Weak Reference
    __sigvec_lookup                           - Undefined Weak Reference
    _atexit_init                              - Undefined Weak Reference
    _call_atexit_fns                          - Undefined Weak Reference
    _clock_init                               - Undefined Weak Reference
    _fp_trap_init                             - Undefined Weak Reference
    _fp_trap_shutdown                         - Undefined Weak Reference
    _get_lc_collate                           - Undefined Weak Reference
    _get_lc_ctype                             - Undefined Weak Reference
    _get_lc_monetary                          - Undefined Weak Reference
    _get_lc_numeric                           - Undefined Weak Reference
    _get_lc_time                              - Undefined Weak Reference
    _getenv_init                              - Undefined Weak Reference
    _handle_redirection                       - Undefined Weak Reference
    _init_alloc                               - Undefined Weak Reference
    _init_user_alloc                          - Undefined Weak Reference
    _initio                                   - Undefined Weak Reference
    _rand_init                                - Undefined Weak Reference
    _signal_finish                            - Undefined Weak Reference
    _signal_init                              - Undefined Weak Reference
    _terminate_alloc                          - Undefined Weak Reference
    _terminate_user_alloc                     - Undefined Weak Reference
    _terminateio                              - Undefined Weak Reference
    __Vectors_Size                           0x000000ec   Number         0  startup_stm32f10x_md.o ABSOLUTE
    __Vectors                                0x08000000   Data           4  startup_stm32f10x_md.o(RESET)
    __Vectors_End                            0x080000ec   Data           0  startup_stm32f10x_md.o(RESET)
    __main                                   0x080000ed   Thumb Code     8  __main.o(!!!main)
    __scatterload                            0x080000f5   Thumb Code     0  __scatter.o(!!!scatter)
    __scatterload_rt2                        0x080000f5   Thumb Code    44  __scatter.o(!!!scatter)
    __scatterload_rt2_thumb_only             0x080000f5   Thumb Code     0  __scatter.o(!!!scatter)
    __scatterload_null                       0x08000103   Thumb Code     0  __scatter.o(!!!scatter)
    __decompress                             0x08000129   Thumb Code   100  __dclz77c.o(!!dclz77c)
    __decompress2                            0x08000129   Thumb Code     0  __dclz77c.o(!!dclz77c)
    __scatterload_zeroinit                   0x0800018d   Thumb Code    28  __scatter_zi.o(!!handler_zi)
    __rt_lib_init                            0x080001a9   Thumb Code     0  libinit.o(.ARM.Collect$$libinit$$00000000)
    __rt_lib_init_alloca_1                   0x080001ab   Thumb Code     0  libinit2.o(.ARM.Collect$$libinit$$0000002C)
    __rt_lib_init_argv_1                     0x080001ab   Thumb Code     0  libinit2.o(.ARM.Collect$$libinit$$0000002A)
    __rt_lib_init_atexit_1                   0x080001ab   Thumb Code     0  libinit2.o(.ARM.Collect$$libinit$$00000019)
    __rt_lib_init_clock_1                    0x080001ab   Thumb Code     0  libinit2.o(.ARM.Collect$$libinit$$0000001F)
    __rt_lib_init_cpp_1                      0x080001ab   Thumb Code     0  libinit2.o(.ARM.Collect$$libinit$$00000030)
    __rt_lib_init_exceptions_1               0x080001ab   Thumb Code     0  libinit2.o(.ARM.Collect$$libinit$$0000002E)
    __rt_lib_init_fp_1                       0x080001ab   Thumb Code     0  libinit2.o(.ARM.Collect$$libinit$$00000002)
    __rt_lib_init_fp_trap_1                  0x080001ab   Thumb Code     0  libinit2.o(.ARM.Collect$$libinit$$0000001D)
    __rt_lib_init_getenv_1                   0x080001ab   Thumb Code     0  libinit2.o(.ARM.Collect$$libinit$$00000021)
    __rt_lib_init_heap_1                     0x080001ab   Thumb Code     0  libinit2.o(.ARM.Collect$$libinit$$00000008)
    __rt_lib_init_lc_collate_1               0x080001ab   Thumb Code     0  libinit2.o(.ARM.Collect$$libinit$$0000000F)
    __rt_lib_init_lc_ctype_1                 0x080001ab   Thumb Code     0  libinit2.o(.ARM.Collect$$libinit$$00000011)
    __rt_lib_init_lc_monetary_1              0x080001ab   Thumb Code     0  libinit2.o(.ARM.Collect$$libinit$$00000013)
    __rt_lib_init_lc_numeric_1               0x080001ab   Thumb Code     0  libinit2.o(.ARM.Collect$$libinit$$00000015)
    __rt_lib_init_lc_time_1                  0x080001ab   Thumb Code     0  libinit2.o(.ARM.Collect$$libinit$$00000017)
    __rt_lib_init_rand_1                     0x080001ab   Thumb Code     0  libinit2.o(.ARM.Collect$$libinit$$0000000C)
    __rt_lib_init_return                     0x080001ab   Thumb Code     0  libinit2.o(.ARM.Collect$$libinit$$00000031)
    __rt_lib_init_signal_1                   0x080001ab   Thumb Code     0  libinit2.o(.ARM.Collect$$libinit$$0000001B)
    __rt_lib_init_stdio_1                    0x080001ab   Thumb Code     0  libinit2.o(.ARM.Collect$$libinit$$00000023)
    __rt_lib_init_user_alloc_1               0x080001ab   Thumb Code     0  libinit2.o(.ARM.Collect$$libinit$$0000000A)
    __rt_lib_shutdown                        0x080001ad   Thumb Code     0  libshutdown.o(.ARM.Collect$$libshutdown$$00000000)
    __rt_lib_shutdown_fp_trap_1              0x080001af   Thumb Code     0  libshutdown2.o(.ARM.Collect$$libshutdown$$00000006)
    __rt_lib_shutdown_heap_1                 0x080001af   Thumb Code     0  libshutdown2.o(.ARM.Collect$$libshutdown$$0000000E)
    __rt_lib_shutdown_return                 0x080001af   Thumb Code     0  libshutdown2.o(.ARM.Collect$$libshutdown$$0000000F)
    __rt_lib_shutdown_signal_1               0x080001af   Thumb Code     0  libshutdown2.o(.ARM.Collect$$libshutdown$$00000009)
    __rt_lib_shutdown_stdio_1                0x080001af   Thumb Code     0  libshutdown2.o(.ARM.Collect$$libshutdown$$00000003)
    __rt_lib_shutdown_user_alloc_1           0x080001af   Thumb Code     0  libshutdown2.o(.ARM.Collect$$libshutdown$$0000000B)
    __rt_entry                               0x080001b1   Thumb Code     0  rtentry.o(.ARM.Collect$$rtentry$$00000000)
    __rt_entry_presh_1                       0x080001b1   Thumb Code     0  rtentry2.o(.ARM.Collect$$rtentry$$00000002)
    __rt_entry_sh                            0x080001b1   Thumb Code     0  rtentry4.o(.ARM.Collect$$rtentry$$00000004)
    __rt_entry_li                            0x080001b7   Thumb Code     0  rtentry2.o(.ARM.Collect$$rtentry$$0000000A)
    __rt_entry_postsh_1                      0x080001b7   Thumb Code     0  rtentry2.o(.ARM.Collect$$rtentry$$00000009)
    __rt_entry_main                          0x080001bb   Thumb Code     0  rtentry2.o(.ARM.Collect$$rtentry$$0000000D)
    __rt_entry_postli_1                      0x080001bb   Thumb Code     0  rtentry2.o(.ARM.Collect$$rtentry$$0000000C)
    __rt_exit                                0x080001c3   Thumb Code     0  rtexit.o(.ARM.Collect$$rtexit$$00000000)
    __rt_exit_ls                             0x080001c5   Thumb Code     0  rtexit2.o(.ARM.Collect$$rtexit$$00000003)
    __rt_exit_prels_1                        0x080001c5   Thumb Code     0  rtexit2.o(.ARM.Collect$$rtexit$$00000002)
    __rt_exit_exit                           0x080001c9   Thumb Code     0  rtexit2.o(.ARM.Collect$$rtexit$$00000004)
    AT24CXX_Init                             0x080001cf   Thumb Code     4  24cxx.o(.text)
    AT24CXX_ReadOneByte                      0x080001d3   Thumb Code    70  24cxx.o(.text)
    AT24CXX_WriteOneByte                     0x08000219   Thumb Code    66  24cxx.o(.text)
    AT24CXX_WriteLenByte                     0x0800025b   Thumb Code    40  24cxx.o(.text)
    AT24CXX_ReadLenByte                      0x08000283   Thumb Code    38  24cxx.o(.text)
    AT24CXX_Check                            0x080002a9   Thumb Code    42  24cxx.o(.text)
    AT24CXX_Read                             0x080002d3   Thumb Code    30  24cxx.o(.text)
    AT24CXX_Write                            0x080002f1   Thumb Code    28  24cxx.o(.text)
    Adc_Init                                 0x0800030d   Thumb Code   132  adc.o(.text)
    Get_Adc                                  0x08000391   Thumb Code    48  adc.o(.text)
    delay_init                               0x080003cd   Thumb Code    28  delay.o(.text)
    delay_ms                                 0x080003e9   Thumb Code    36  delay.o(.text)
    delay_us                                 0x0800040d   Thumb Code    36  delay.o(.text)
    Fault_Init                               0x08000435   Thumb Code     8  fault.o(.text)
    Fault                                    0x0800043d   Thumb Code    30  fault.o(.text)
    IIC_Init                                 0x08000465   Thumb Code    46  iic.o(.text)
    IIC_Start2                               0x08000493   Thumb Code    48  iic.o(.text)
    IIC_Start                                0x080004c3   Thumb Code    62  iic.o(.text)
    IIC_Stop2                                0x08000501   Thumb Code    50  iic.o(.text)
    IIC_Stop                                 0x08000533   Thumb Code    70  iic.o(.text)
    IIC_Wait_Ack                             0x08000579   Thumb Code    78  iic.o(.text)
    IIC_Ack                                  0x080005c7   Thumb Code    48  iic.o(.text)
    IIC_NAck                                 0x080005f7   Thumb Code    48  iic.o(.text)
    IIC_Send_Byte                            0x08000627   Thumb Code    86  iic.o(.text)
    IIC_Read_Byte                            0x0800067d   Thumb Code   100  iic.o(.text)
    KeyScan                                  0x080006ed   Thumb Code   226  key.o(.text)
    main                                     0x080007e1   Thumb Code   182  main.o(.text)
    sendtobuff                               0x080008bd   Thumb Code    36  menu.o(.text)
    sendtobuff2                              0x080008e1   Thumb Code    40  menu.o(.text)
    search                                   0x08000909   Thumb Code    56  menu.o(.text)
    Lcd_MenuIndexCalculate                   0x08000941   Thumb Code   158  menu.o(.text)
    Lcd_MenuPro                              0x080009df   Thumb Code   570  menu.o(.text)
    ClearDisBuff                             0x08000c39   Thumb Code    18  menu_sub.o(.text)
    Menu_SoftwareVersion                     0x08000c4b   Thumb Code    86  menu_sub.o(.text)
    Menu_FaultRecord                         0x08000ca1   Thumb Code     2  menu_sub.o(.text)
    M_999                                    0x08000ca3   Thumb Code    50  menu_sub.o(.text)
    M_11                                     0x08000cd5   Thumb Code   182  menu_sub.o(.text)
    M_12                                     0x08000d8b   Thumb Code    88  menu_sub.o(.text)
    M_13                                     0x08000de3   Thumb Code     2  menu_sub.o(.text)
    M_14                                     0x08000de5   Thumb Code   138  menu_sub.o(.text)
    M_15                                     0x08000e6f   Thumb Code   196  menu_sub.o(.text)
    M_16                                     0x08000f33   Thumb Code    50  menu_sub.o(.text)
    Menu_SetCalendar                         0x08000f65   Thumb Code   732  menu_sub.o(.text)
    Menu_UserPrPro                           0x08001241   Thumb Code   638  menu_sub.o(.text)
    Menu_UserPrDis                           0x080014bf   Thumb Code  1300  menu_sub.o(.text)
    Menu_FactoryPrPro                        0x080019d3   Thumb Code     2  menu_sub.o(.text)
    Menu_DebugPrPro                          0x080019d5   Thumb Code     2  menu_sub.o(.text)
    Menu_FaultRecordPro                      0x080019d7   Thumb Code     2  menu_sub.o(.text)
    Menu_UserPasswordPro                     0x080019d9   Thumb Code     2  menu_sub.o(.text)
    Password_Check                           0x080019db   Thumb Code   722  menu_sub.o(.text)
    Password_Set                             0x08001cad   Thumb Code   434  menu_sub.o(.text)
    Password_Show                            0x08001e5f   Thumb Code   146  menu_sub.o(.text)
    crc16                                    0x08001f41   Thumb Code    36  modbus.o(.text)
    beginSend                                0x08001f65   Thumb Code    14  modbus.o(.text)
    getRegisterVal                           0x08001f73   Thumb Code    14  modbus.o(.text)
    readRegisters                            0x08001f81   Thumb Code    96  modbus.o(.text)
    setRegisterVal                           0x08001fe1   Thumb Code    12  modbus.o(.text)
    presetMultipleRegisters                  0x08001fed   Thumb Code    98  modbus.o(.text)
    presetSingleRegister                     0x0800204f   Thumb Code    70  modbus.o(.text)
    checkComm0Modbus                         0x08002095   Thumb Code   146  modbus.o(.text)
    RTC_NVIC_Config                          0x08002141   Thumb Code    32  rtc.o(.text)
    RTC_Get_Week                             0x08002161   Thumb Code    68  rtc.o(.text)
    Is_Leap_Year                             0x080021a5   Thumb Code    46  rtc.o(.text)
    RTC_Get                                  0x080021d3   Thumb Code   194  rtc.o(.text)
    RTC_Set                                  0x08002295   Thumb Code   192  rtc.o(.text)
    RTC_Init                                 0x08002355   Thumb Code   184  rtc.o(.text)
    RTC_IRQHandler                           0x0800240d   Thumb Code    48  rtc.o(.text)
    str_cmpx                                 0x0800243d   Thumb Code    34  rtc.o(.text)
    NMI_Handler                              0x0800247d   Thumb Code     2  stm32f10x_it.o(.text)
    HardFault_Handler                        0x0800247f   Thumb Code     2  stm32f10x_it.o(.text)
    MemManage_Handler                        0x08002481   Thumb Code     2  stm32f10x_it.o(.text)
    BusFault_Handler                         0x08002483   Thumb Code     2  stm32f10x_it.o(.text)
    UsageFault_Handler                       0x08002485   Thumb Code     2  stm32f10x_it.o(.text)
    SVC_Handler                              0x08002487   Thumb Code     2  stm32f10x_it.o(.text)
    DebugMon_Handler                         0x08002489   Thumb Code     2  stm32f10x_it.o(.text)
    PendSV_Handler                           0x0800248b   Thumb Code     2  stm32f10x_it.o(.text)
    SysTick_Handler                          0x0800248d   Thumb Code     2  stm32f10x_it.o(.text)
    init_eeprom                              0x08002491   Thumb Code   168  syspr.o(.text)
    init_SoftWareVison                       0x08002539   Thumb Code    22  syspr.o(.text)
    SysPrInit                                0x0800254f   Thumb Code    60  syspr.o(.text)
    SysPrProcessing                          0x0800258b   Thumb Code    74  syspr.o(.text)
    SystemInit                               0x08002695   Thumb Code    64  system_stm32f10x.o(.text)
    SystemCoreClockUpdate                    0x080026d5   Thumb Code   106  system_stm32f10x.o(.text)
    GPIOInit                                 0x08002761   Thumb Code   158  systeminit.o(.text)
    NVIC_Configuration                       0x08002831   Thumb Code    58  timer.o(.text)
    Timerx_Init                              0x0800286b   Thumb Code    66  timer.o(.text)
    Test_MainPage                            0x080028ad   Thumb Code    22  timer.o(.text)
    Test_UserPr                              0x080028c3   Thumb Code     2  timer.o(.text)
    TIM3_IRQHandler                          0x080028c5   Thumb Code   194  timer.o(.text)
    uart_init3                               0x080029bd   Thumb Code   150  usart3.o(.text)
    USART3_IRQHandler                        0x08002a53   Thumb Code    92  usart3.o(.text)
    UART_Configuration                       0x08002ac5   Thumb Code   140  usart.o(.text)
    USART1_IRQHandler                        0x08002b51   Thumb Code   162  usart.o(.text)
    usart_ReadRegister                       0x08002bf3   Thumb Code    92  usart.o(.text)
    usart_WriteRegister                      0x08002c4f   Thumb Code    92  usart.o(.text)
    RunMBS                                   0x08002cab   Thumb Code   194  usart.o(.text)
    Reset_Handler                            0x08002d91   Thumb Code     8  startup_stm32f10x_md.o(.text)
    ADC1_2_IRQHandler                        0x08002dab   Thumb Code     0  startup_stm32f10x_md.o(.text)
    CAN1_RX1_IRQHandler                      0x08002dab   Thumb Code     0  startup_stm32f10x_md.o(.text)
    CAN1_SCE_IRQHandler                      0x08002dab   Thumb Code     0  startup_stm32f10x_md.o(.text)
    DMA1_Channel1_IRQHandler                 0x08002dab   Thumb Code     0  startup_stm32f10x_md.o(.text)
    DMA1_Channel2_IRQHandler                 0x08002dab   Thumb Code     0  startup_stm32f10x_md.o(.text)
    DMA1_Channel3_IRQHandler                 0x08002dab   Thumb Code     0  startup_stm32f10x_md.o(.text)
    DMA1_Channel4_IRQHandler                 0x08002dab   Thumb Code     0  startup_stm32f10x_md.o(.text)
    DMA1_Channel5_IRQHandler                 0x08002dab   Thumb Code     0  startup_stm32f10x_md.o(.text)
    DMA1_Channel6_IRQHandler                 0x08002dab   Thumb Code     0  startup_stm32f10x_md.o(.text)
    DMA1_Channel7_IRQHandler                 0x08002dab   Thumb Code     0  startup_stm32f10x_md.o(.text)
    EXTI0_IRQHandler                         0x08002dab   Thumb Code     0  startup_stm32f10x_md.o(.text)
    EXTI15_10_IRQHandler                     0x08002dab   Thumb Code     0  startup_stm32f10x_md.o(.text)
    EXTI1_IRQHandler                         0x08002dab   Thumb Code     0  startup_stm32f10x_md.o(.text)
    EXTI2_IRQHandler                         0x08002dab   Thumb Code     0  startup_stm32f10x_md.o(.text)
    EXTI3_IRQHandler                         0x08002dab   Thumb Code     0  startup_stm32f10x_md.o(.text)
    EXTI4_IRQHandler                         0x08002dab   Thumb Code     0  startup_stm32f10x_md.o(.text)
    EXTI9_5_IRQHandler                       0x08002dab   Thumb Code     0  startup_stm32f10x_md.o(.text)
    FLASH_IRQHandler                         0x08002dab   Thumb Code     0  startup_stm32f10x_md.o(.text)
    I2C1_ER_IRQHandler                       0x08002dab   Thumb Code     0  startup_stm32f10x_md.o(.text)
    I2C1_EV_IRQHandler                       0x08002dab   Thumb Code     0  startup_stm32f10x_md.o(.text)
    I2C2_ER_IRQHandler                       0x08002dab   Thumb Code     0  startup_stm32f10x_md.o(.text)
    I2C2_EV_IRQHandler                       0x08002dab   Thumb Code     0  startup_stm32f10x_md.o(.text)
    PVD_IRQHandler                           0x08002dab   Thumb Code     0  startup_stm32f10x_md.o(.text)
    RCC_IRQHandler                           0x08002dab   Thumb Code     0  startup_stm32f10x_md.o(.text)
    RTCAlarm_IRQHandler                      0x08002dab   Thumb Code     0  startup_stm32f10x_md.o(.text)
    SPI1_IRQHandler                          0x08002dab   Thumb Code     0  startup_stm32f10x_md.o(.text)
    SPI2_IRQHandler                          0x08002dab   Thumb Code     0  startup_stm32f10x_md.o(.text)
    TAMPER_IRQHandler                        0x08002dab   Thumb Code     0  startup_stm32f10x_md.o(.text)
    TIM1_BRK_IRQHandler                      0x08002dab   Thumb Code     0  startup_stm32f10x_md.o(.text)
    TIM1_CC_IRQHandler                       0x08002dab   Thumb Code     0  startup_stm32f10x_md.o(.text)
    TIM1_TRG_COM_IRQHandler                  0x08002dab   Thumb Code     0  startup_stm32f10x_md.o(.text)
    TIM1_UP_IRQHandler                       0x08002dab   Thumb Code     0  startup_stm32f10x_md.o(.text)
    TIM2_IRQHandler                          0x08002dab   Thumb Code     0  startup_stm32f10x_md.o(.text)
    TIM4_IRQHandler                          0x08002dab   Thumb Code     0  startup_stm32f10x_md.o(.text)
    USART2_IRQHandler                        0x08002dab   Thumb Code     0  startup_stm32f10x_md.o(.text)
    USBWakeUp_IRQHandler                     0x08002dab   Thumb Code     0  startup_stm32f10x_md.o(.text)
    USB_HP_CAN1_TX_IRQHandler                0x08002dab   Thumb Code     0  startup_stm32f10x_md.o(.text)
    USB_LP_CAN1_RX0_IRQHandler               0x08002dab   Thumb Code     0  startup_stm32f10x_md.o(.text)
    WWDG_IRQHandler                          0x08002dab   Thumb Code     0  startup_stm32f10x_md.o(.text)
    __user_initial_stackheap                 0x08002dad   Thumb Code     0  startup_stm32f10x_md.o(.text)
    NVIC_PriorityGroupConfig                 0x08002dd1   Thumb Code    10  misc.o(.text)
    NVIC_Init                                0x08002ddb   Thumb Code    92  misc.o(.text)
    NVIC_SetVectorTable                      0x08002e37   Thumb Code    14  misc.o(.text)
    NVIC_SystemLPConfig                      0x08002e45   Thumb Code    24  misc.o(.text)
    SysTick_CLKSourceConfig                  0x08002e5d   Thumb Code    28  misc.o(.text)
    ADC_DeInit                               0x08002e89   Thumb Code    88  stm32f10x_adc.o(.text)
    ADC_Init                                 0x08002ee1   Thumb Code    62  stm32f10x_adc.o(.text)
    ADC_StructInit                           0x08002f1f   Thumb Code    18  stm32f10x_adc.o(.text)
    ADC_Cmd                                  0x08002f31   Thumb Code    24  stm32f10x_adc.o(.text)
    ADC_DMACmd                               0x08002f49   Thumb Code    24  stm32f10x_adc.o(.text)
    ADC_ITConfig                             0x08002f61   Thumb Code    22  stm32f10x_adc.o(.text)
    ADC_ResetCalibration                     0x08002f77   Thumb Code    10  stm32f10x_adc.o(.text)
    ADC_GetResetCalibrationStatus            0x08002f81   Thumb Code    16  stm32f10x_adc.o(.text)
    ADC_StartCalibration                     0x08002f91   Thumb Code    10  stm32f10x_adc.o(.text)
    ADC_GetCalibrationStatus                 0x08002f9b   Thumb Code    16  stm32f10x_adc.o(.text)
    ADC_SoftwareStartConvCmd                 0x08002fab   Thumb Code    24  stm32f10x_adc.o(.text)
    ADC_GetSoftwareStartConvStatus           0x08002fc3   Thumb Code    16  stm32f10x_adc.o(.text)
    ADC_DiscModeChannelCountConfig           0x08002fd3   Thumb Code    16  stm32f10x_adc.o(.text)
    ADC_DiscModeCmd                          0x08002fe3   Thumb Code    24  stm32f10x_adc.o(.text)
    ADC_RegularChannelConfig                 0x08002ffb   Thumb Code   116  stm32f10x_adc.o(.text)
    ADC_ExternalTrigConvCmd                  0x0800306f   Thumb Code    24  stm32f10x_adc.o(.text)
    ADC_GetConversionValue                   0x08003087   Thumb Code     6  stm32f10x_adc.o(.text)
    ADC_GetDualModeConversionValue           0x0800308d   Thumb Code     8  stm32f10x_adc.o(.text)
    ADC_AutoInjectedConvCmd                  0x08003095   Thumb Code    24  stm32f10x_adc.o(.text)
    ADC_InjectedDiscModeCmd                  0x080030ad   Thumb Code    24  stm32f10x_adc.o(.text)
    ADC_ExternalTrigInjectedConvConfig       0x080030c5   Thumb Code    12  stm32f10x_adc.o(.text)
    ADC_ExternalTrigInjectedConvCmd          0x080030d1   Thumb Code    24  stm32f10x_adc.o(.text)
    ADC_SoftwareStartInjectedConvCmd         0x080030e9   Thumb Code    24  stm32f10x_adc.o(.text)
    ADC_GetSoftwareStartInjectedConvCmdStatus 0x08003101   Thumb Code    16  stm32f10x_adc.o(.text)
    ADC_InjectedChannelConfig                0x08003111   Thumb Code    74  stm32f10x_adc.o(.text)
    ADC_InjectedSequencerLengthConfig        0x0800315b   Thumb Code    16  stm32f10x_adc.o(.text)
    ADC_SetInjectedOffset                    0x0800316b   Thumb Code    16  stm32f10x_adc.o(.text)
    ADC_GetInjectedConversionValue           0x0800317b   Thumb Code    20  stm32f10x_adc.o(.text)
    ADC_AnalogWatchdogCmd                    0x0800318f   Thumb Code    12  stm32f10x_adc.o(.text)
    ADC_AnalogWatchdogThresholdsConfig       0x0800319b   Thumb Code     6  stm32f10x_adc.o(.text)
    ADC_AnalogWatchdogSingleChannelConfig    0x080031a1   Thumb Code    12  stm32f10x_adc.o(.text)
    ADC_TempSensorVrefintCmd                 0x080031ad   Thumb Code    28  stm32f10x_adc.o(.text)
    ADC_GetFlagStatus                        0x080031c9   Thumb Code    14  stm32f10x_adc.o(.text)
    ADC_ClearFlag                            0x080031d7   Thumb Code     6  stm32f10x_adc.o(.text)
    ADC_GetITStatus                          0x080031dd   Thumb Code    28  stm32f10x_adc.o(.text)
    ADC_ClearITPendingBit                    0x080031f9   Thumb Code     8  stm32f10x_adc.o(.text)
    BKP_DeInit                               0x08003219   Thumb Code    18  stm32f10x_bkp.o(.text)
    BKP_TamperPinLevelConfig                 0x0800322b   Thumb Code     6  stm32f10x_bkp.o(.text)
    BKP_TamperPinCmd                         0x08003231   Thumb Code     8  stm32f10x_bkp.o(.text)
    BKP_ITConfig                             0x08003239   Thumb Code     8  stm32f10x_bkp.o(.text)
    BKP_RTCOutputConfig                      0x08003241   Thumb Code    14  stm32f10x_bkp.o(.text)
    BKP_SetRTCCalibrationValue               0x0800324f   Thumb Code    14  stm32f10x_bkp.o(.text)
    BKP_WriteBackupRegister                  0x0800325d   Thumb Code    16  stm32f10x_bkp.o(.text)
    BKP_ReadBackupRegister                   0x0800326d   Thumb Code    16  stm32f10x_bkp.o(.text)
    BKP_GetFlagStatus                        0x0800327d   Thumb Code    10  stm32f10x_bkp.o(.text)
    BKP_ClearFlag                            0x08003287   Thumb Code    14  stm32f10x_bkp.o(.text)
    BKP_GetITStatus                          0x08003295   Thumb Code    10  stm32f10x_bkp.o(.text)
    BKP_ClearITPendingBit                    0x0800329f   Thumb Code    14  stm32f10x_bkp.o(.text)
    GPIO_DeInit                              0x080032b5   Thumb Code   188  stm32f10x_gpio.o(.text)
    GPIO_AFIODeInit                          0x08003371   Thumb Code    22  stm32f10x_gpio.o(.text)
    GPIO_Init                                0x08003387   Thumb Code   162  stm32f10x_gpio.o(.text)
    GPIO_StructInit                          0x08003429   Thumb Code    16  stm32f10x_gpio.o(.text)
    GPIO_ReadInputDataBit                    0x08003439   Thumb Code    14  stm32f10x_gpio.o(.text)
    GPIO_ReadInputData                       0x08003447   Thumb Code     6  stm32f10x_gpio.o(.text)
    GPIO_ReadOutputDataBit                   0x0800344d   Thumb Code    14  stm32f10x_gpio.o(.text)
    GPIO_ReadOutputData                      0x0800345b   Thumb Code     6  stm32f10x_gpio.o(.text)
    GPIO_SetBits                             0x08003461   Thumb Code     4  stm32f10x_gpio.o(.text)
    GPIO_ResetBits                           0x08003465   Thumb Code     4  stm32f10x_gpio.o(.text)
    GPIO_WriteBit                            0x08003469   Thumb Code    12  stm32f10x_gpio.o(.text)
    GPIO_Write                               0x08003475   Thumb Code     4  stm32f10x_gpio.o(.text)
    GPIO_PinLockConfig                       0x08003479   Thumb Code    16  stm32f10x_gpio.o(.text)
    GPIO_EventOutputConfig                   0x08003489   Thumb Code    22  stm32f10x_gpio.o(.text)
    GPIO_EventOutputCmd                      0x0800349f   Thumb Code     6  stm32f10x_gpio.o(.text)
    GPIO_PinRemapConfig                      0x080034a5   Thumb Code    86  stm32f10x_gpio.o(.text)
    GPIO_EXTILineConfig                      0x080034fb   Thumb Code    34  stm32f10x_gpio.o(.text)
    GPIO_ETH_MediaInterfaceConfig            0x0800351d   Thumb Code     6  stm32f10x_gpio.o(.text)
    PWR_DeInit                               0x0800354d   Thumb Code    24  stm32f10x_pwr.o(.text)
    PWR_BackupAccessCmd                      0x08003565   Thumb Code     6  stm32f10x_pwr.o(.text)
    PWR_PVDCmd                               0x0800356b   Thumb Code     6  stm32f10x_pwr.o(.text)
    PWR_PVDLevelConfig                       0x08003571   Thumb Code    14  stm32f10x_pwr.o(.text)
    PWR_WakeUpPinCmd                         0x0800357f   Thumb Code     6  stm32f10x_pwr.o(.text)
    PWR_EnterSTOPMode                        0x08003585   Thumb Code    42  stm32f10x_pwr.o(.text)
    PWR_EnterSTANDBYMode                     0x080035af   Thumb Code    32  stm32f10x_pwr.o(.text)
    PWR_GetFlagStatus                        0x080035cf   Thumb Code    16  stm32f10x_pwr.o(.text)
    PWR_ClearFlag                            0x080035df   Thumb Code    12  stm32f10x_pwr.o(.text)
    RCC_DeInit                               0x080035fd   Thumb Code    50  stm32f10x_rcc.o(.text)
    RCC_HSEConfig                            0x0800362f   Thumb Code    50  stm32f10x_rcc.o(.text)
    RCC_GetFlagStatus                        0x08003661   Thumb Code    42  stm32f10x_rcc.o(.text)
    RCC_WaitForHSEStartUp                    0x0800368b   Thumb Code    48  stm32f10x_rcc.o(.text)
    RCC_AdjustHSICalibrationValue            0x080036bb   Thumb Code    16  stm32f10x_rcc.o(.text)
    RCC_HSICmd                               0x080036cb   Thumb Code     6  stm32f10x_rcc.o(.text)
    RCC_PLLConfig                            0x080036d1   Thumb Code    16  stm32f10x_rcc.o(.text)
    RCC_PLLCmd                               0x080036e1   Thumb Code     6  stm32f10x_rcc.o(.text)
    RCC_SYSCLKConfig                         0x080036e7   Thumb Code    14  stm32f10x_rcc.o(.text)
    RCC_GetSYSCLKSource                      0x080036f5   Thumb Code    10  stm32f10x_rcc.o(.text)
    RCC_HCLKConfig                           0x080036ff   Thumb Code    14  stm32f10x_rcc.o(.text)
    RCC_PCLK1Config                          0x0800370d   Thumb Code    14  stm32f10x_rcc.o(.text)
    RCC_PCLK2Config                          0x0800371b   Thumb Code    16  stm32f10x_rcc.o(.text)
    RCC_ITConfig                             0x0800372b   Thumb Code    22  stm32f10x_rcc.o(.text)
    RCC_USBCLKConfig                         0x08003741   Thumb Code     6  stm32f10x_rcc.o(.text)
    RCC_ADCCLKConfig                         0x08003747   Thumb Code    14  stm32f10x_rcc.o(.text)
    RCC_LSEConfig                            0x08003755   Thumb Code    34  stm32f10x_rcc.o(.text)
    RCC_LSICmd                               0x08003777   Thumb Code     6  stm32f10x_rcc.o(.text)
    RCC_RTCCLKConfig                         0x0800377d   Thumb Code    10  stm32f10x_rcc.o(.text)
    RCC_RTCCLKCmd                            0x08003787   Thumb Code     8  stm32f10x_rcc.o(.text)
    RCC_GetClocksFreq                        0x0800378f   Thumb Code   154  stm32f10x_rcc.o(.text)
    RCC_AHBPeriphClockCmd                    0x08003829   Thumb Code    22  stm32f10x_rcc.o(.text)
    RCC_APB2PeriphClockCmd                   0x0800383f   Thumb Code    22  stm32f10x_rcc.o(.text)
    RCC_APB1PeriphClockCmd                   0x08003855   Thumb Code    22  stm32f10x_rcc.o(.text)
    RCC_APB2PeriphResetCmd                   0x0800386b   Thumb Code    22  stm32f10x_rcc.o(.text)
    RCC_APB1PeriphResetCmd                   0x08003881   Thumb Code    22  stm32f10x_rcc.o(.text)
    RCC_BackupResetCmd                       0x08003897   Thumb Code     8  stm32f10x_rcc.o(.text)
    RCC_ClockSecuritySystemCmd               0x0800389f   Thumb Code     6  stm32f10x_rcc.o(.text)
    RCC_MCOConfig                            0x080038a5   Thumb Code     6  stm32f10x_rcc.o(.text)
    RCC_ClearFlag                            0x080038ab   Thumb Code    12  stm32f10x_rcc.o(.text)
    RCC_GetITStatus                          0x080038b7   Thumb Code    16  stm32f10x_rcc.o(.text)
    RCC_ClearITPendingBit                    0x080038c7   Thumb Code     6  stm32f10x_rcc.o(.text)
    RTC_ITConfig                             0x080038f5   Thumb Code    22  stm32f10x_rtc.o(.text)
    RTC_EnterConfigMode                      0x0800390b   Thumb Code    14  stm32f10x_rtc.o(.text)
    RTC_ExitConfigMode                       0x08003919   Thumb Code    14  stm32f10x_rtc.o(.text)
    RTC_GetCounter                           0x08003927   Thumb Code    18  stm32f10x_rtc.o(.text)
    RTC_SetCounter                           0x08003939   Thumb Code    26  stm32f10x_rtc.o(.text)
    RTC_SetPrescaler                         0x08003953   Thumb Code    28  stm32f10x_rtc.o(.text)
    RTC_SetAlarm                             0x0800396f   Thumb Code    26  stm32f10x_rtc.o(.text)
    RTC_GetDivider                           0x08003989   Thumb Code    20  stm32f10x_rtc.o(.text)
    RTC_WaitForLastTask                      0x0800399d   Thumb Code    12  stm32f10x_rtc.o(.text)
    RTC_WaitForSynchro                       0x080039a9   Thumb Code    20  stm32f10x_rtc.o(.text)
    RTC_GetFlagStatus                        0x080039bd   Thumb Code    18  stm32f10x_rtc.o(.text)
    RTC_ClearFlag                            0x080039cf   Thumb Code    12  stm32f10x_rtc.o(.text)
    RTC_GetITStatus                          0x080039db   Thumb Code    28  stm32f10x_rtc.o(.text)
    RTC_ClearITPendingBit                    0x080039f7   Thumb Code    12  stm32f10x_rtc.o(.text)
    TIM_DeInit                               0x08003a09   Thumb Code   464  stm32f10x_tim.o(.text)
    TIM_TimeBaseInit                         0x08003bd9   Thumb Code   114  stm32f10x_tim.o(.text)
    TIM_OC1Init                              0x08003c4b   Thumb Code   114  stm32f10x_tim.o(.text)
    TIM_OC2Init                              0x08003cbd   Thumb Code   128  stm32f10x_tim.o(.text)
    TIM_OC3Init                              0x08003d3d   Thumb Code   124  stm32f10x_tim.o(.text)
    TIM_OC4Init                              0x08003db9   Thumb Code   160  stm32f10x_tim.o(.text)
    TIM_SetIC4Prescaler                      0x08003e59   Thumb Code    24  stm32f10x_tim.o(.text)
    TIM_SetIC3Prescaler                      0x08003ed7   Thumb Code    16  stm32f10x_tim.o(.text)
    TIM_SetIC2Prescaler                      0x08003f49   Thumb Code    24  stm32f10x_tim.o(.text)
    TIM_SetIC1Prescaler                      0x08003fc7   Thumb Code    16  stm32f10x_tim.o(.text)
    TIM_ICInit                               0x08004035   Thumb Code   114  stm32f10x_tim.o(.text)
    TIM_PWMIConfig                           0x080040a7   Thumb Code   106  stm32f10x_tim.o(.text)
    TIM_BDTRConfig                           0x08004111   Thumb Code    34  stm32f10x_tim.o(.text)
    TIM_TimeBaseStructInit                   0x08004133   Thumb Code    18  stm32f10x_tim.o(.text)
    TIM_OCStructInit                         0x08004145   Thumb Code    20  stm32f10x_tim.o(.text)
    TIM_ICStructInit                         0x08004159   Thumb Code    16  stm32f10x_tim.o(.text)
    TIM_BDTRStructInit                       0x08004169   Thumb Code    18  stm32f10x_tim.o(.text)
    TIM_Cmd                                  0x0800417b   Thumb Code    24  stm32f10x_tim.o(.text)
    TIM_CtrlPWMOutputs                       0x08004193   Thumb Code    28  stm32f10x_tim.o(.text)
    TIM_ITConfig                             0x080041af   Thumb Code    20  stm32f10x_tim.o(.text)
    TIM_GenerateEvent                        0x080041c3   Thumb Code     4  stm32f10x_tim.o(.text)
    TIM_DMAConfig                            0x080041c7   Thumb Code     8  stm32f10x_tim.o(.text)
    TIM_DMACmd                               0x080041cf   Thumb Code    20  stm32f10x_tim.o(.text)
    TIM_InternalClockConfig                  0x080041e3   Thumb Code    10  stm32f10x_tim.o(.text)
    TIM_SelectInputTrigger                   0x080041ed   Thumb Code    12  stm32f10x_tim.o(.text)
    TIM_ITRxExternalClockConfig              0x080041f9   Thumb Code    20  stm32f10x_tim.o(.text)
    TIM_TIxExternalClockConfig               0x0800420d   Thumb Code    48  stm32f10x_tim.o(.text)
    TIM_ETRConfig                            0x0800423d   Thumb Code    24  stm32f10x_tim.o(.text)
    TIM_ETRClockMode1Config                  0x08004255   Thumb Code    52  stm32f10x_tim.o(.text)
    TIM_ETRClockMode2Config                  0x08004289   Thumb Code    20  stm32f10x_tim.o(.text)
    TIM_PrescalerConfig                      0x0800429d   Thumb Code     6  stm32f10x_tim.o(.text)
    TIM_CounterModeConfig                    0x080042a3   Thumb Code    12  stm32f10x_tim.o(.text)
    TIM_EncoderInterfaceConfig               0x080042af   Thumb Code    50  stm32f10x_tim.o(.text)
    TIM_ForcedOC1Config                      0x080042e1   Thumb Code    12  stm32f10x_tim.o(.text)
    TIM_ForcedOC2Config                      0x080042ed   Thumb Code    20  stm32f10x_tim.o(.text)
    TIM_ForcedOC3Config                      0x08004301   Thumb Code    12  stm32f10x_tim.o(.text)
    TIM_ForcedOC4Config                      0x0800430d   Thumb Code    20  stm32f10x_tim.o(.text)
    TIM_ARRPreloadConfig                     0x08004321   Thumb Code    24  stm32f10x_tim.o(.text)
    TIM_SelectCOM                            0x08004339   Thumb Code    24  stm32f10x_tim.o(.text)
    TIM_SelectCCDMA                          0x08004351   Thumb Code    24  stm32f10x_tim.o(.text)
    TIM_CCPreloadControl                     0x08004369   Thumb Code    24  stm32f10x_tim.o(.text)
    TIM_OC1PreloadConfig                     0x08004381   Thumb Code    12  stm32f10x_tim.o(.text)
    TIM_OC2PreloadConfig                     0x0800438d   Thumb Code    20  stm32f10x_tim.o(.text)
    TIM_OC3PreloadConfig                     0x080043a1   Thumb Code    12  stm32f10x_tim.o(.text)
    TIM_OC4PreloadConfig                     0x080043ad   Thumb Code    20  stm32f10x_tim.o(.text)
    TIM_OC1FastConfig                        0x080043c1   Thumb Code    12  stm32f10x_tim.o(.text)
    TIM_OC2FastConfig                        0x080043cd   Thumb Code    20  stm32f10x_tim.o(.text)
    TIM_OC3FastConfig                        0x080043e1   Thumb Code    12  stm32f10x_tim.o(.text)
    TIM_OC4FastConfig                        0x080043ed   Thumb Code    20  stm32f10x_tim.o(.text)
    TIM_ClearOC1Ref                          0x08004401   Thumb Code    12  stm32f10x_tim.o(.text)
    TIM_ClearOC2Ref                          0x0800440d   Thumb Code    20  stm32f10x_tim.o(.text)
    TIM_ClearOC3Ref                          0x08004421   Thumb Code    12  stm32f10x_tim.o(.text)
    TIM_ClearOC4Ref                          0x0800442d   Thumb Code    20  stm32f10x_tim.o(.text)
    TIM_OC1PolarityConfig                    0x08004441   Thumb Code    12  stm32f10x_tim.o(.text)
    TIM_OC1NPolarityConfig                   0x0800444d   Thumb Code    12  stm32f10x_tim.o(.text)
    TIM_OC2PolarityConfig                    0x08004459   Thumb Code    20  stm32f10x_tim.o(.text)
    TIM_OC2NPolarityConfig                   0x0800446d   Thumb Code    20  stm32f10x_tim.o(.text)
    TIM_OC3PolarityConfig                    0x08004481   Thumb Code    20  stm32f10x_tim.o(.text)
    TIM_OC3NPolarityConfig                   0x08004495   Thumb Code    20  stm32f10x_tim.o(.text)
    TIM_OC4PolarityConfig                    0x080044a9   Thumb Code    20  stm32f10x_tim.o(.text)
    TIM_CCxCmd                               0x080044bd   Thumb Code    22  stm32f10x_tim.o(.text)
    TIM_CCxNCmd                              0x080044d3   Thumb Code    22  stm32f10x_tim.o(.text)
    TIM_SelectOCxM                           0x080044e9   Thumb Code    76  stm32f10x_tim.o(.text)
    TIM_UpdateDisableConfig                  0x08004535   Thumb Code    24  stm32f10x_tim.o(.text)
    TIM_UpdateRequestConfig                  0x0800454d   Thumb Code    24  stm32f10x_tim.o(.text)
    TIM_SelectHallSensor                     0x08004565   Thumb Code    24  stm32f10x_tim.o(.text)
    TIM_SelectOnePulseMode                   0x0800457d   Thumb Code    16  stm32f10x_tim.o(.text)
    TIM_SelectOutputTrigger                  0x0800458d   Thumb Code    16  stm32f10x_tim.o(.text)
    TIM_SelectSlaveMode                      0x0800459d   Thumb Code    16  stm32f10x_tim.o(.text)
    TIM_SelectMasterSlaveMode                0x080045ad   Thumb Code    16  stm32f10x_tim.o(.text)
    TIM_SetCounter                           0x080045bd   Thumb Code     4  stm32f10x_tim.o(.text)
    TIM_SetAutoreload                        0x080045c1   Thumb Code     4  stm32f10x_tim.o(.text)
    TIM_SetCompare1                          0x080045c5   Thumb Code     4  stm32f10x_tim.o(.text)
    TIM_SetCompare2                          0x080045c9   Thumb Code     4  stm32f10x_tim.o(.text)
    TIM_SetCompare3                          0x080045cd   Thumb Code     4  stm32f10x_tim.o(.text)
    TIM_SetCompare4                          0x080045d1   Thumb Code     6  stm32f10x_tim.o(.text)
    TIM_SetClockDivision                     0x080045d7   Thumb Code    16  stm32f10x_tim.o(.text)
    TIM_GetCapture1                          0x080045e7   Thumb Code     4  stm32f10x_tim.o(.text)
    TIM_GetCapture2                          0x080045eb   Thumb Code     4  stm32f10x_tim.o(.text)
    TIM_GetCapture3                          0x080045ef   Thumb Code     4  stm32f10x_tim.o(.text)
    TIM_GetCapture4                          0x080045f3   Thumb Code     6  stm32f10x_tim.o(.text)
    TIM_GetCounter                           0x080045f9   Thumb Code     4  stm32f10x_tim.o(.text)
    TIM_GetPrescaler                         0x080045fd   Thumb Code     4  stm32f10x_tim.o(.text)
    TIM_GetFlagStatus                        0x08004601   Thumb Code    14  stm32f10x_tim.o(.text)
    TIM_ClearFlag                            0x0800460f   Thumb Code     6  stm32f10x_tim.o(.text)
    TIM_GetITStatus                          0x08004615   Thumb Code    24  stm32f10x_tim.o(.text)
    TIM_ClearITPendingBit                    0x0800462d   Thumb Code     6  stm32f10x_tim.o(.text)
    USART_DeInit                             0x08004635   Thumb Code   144  stm32f10x_usart.o(.text)
    USART_Init                               0x080046c5   Thumb Code   182  stm32f10x_usart.o(.text)
    USART_StructInit                         0x0800477b   Thumb Code    22  stm32f10x_usart.o(.text)
    USART_ClockInit                          0x08004791   Thumb Code    30  stm32f10x_usart.o(.text)
    USART_ClockStructInit                    0x080047af   Thumb Code    12  stm32f10x_usart.o(.text)
    USART_Cmd                                0x080047bb   Thumb Code    24  stm32f10x_usart.o(.text)
    USART_ITConfig                           0x080047d3   Thumb Code    54  stm32f10x_usart.o(.text)
    USART_DMACmd                             0x08004809   Thumb Code    20  stm32f10x_usart.o(.text)
    USART_SetAddress                         0x0800481d   Thumb Code    16  stm32f10x_usart.o(.text)
    USART_WakeUpConfig                       0x0800482d   Thumb Code    16  stm32f10x_usart.o(.text)
    USART_ReceiverWakeUpCmd                  0x0800483d   Thumb Code    24  stm32f10x_usart.o(.text)
    USART_LINBreakDetectLengthConfig         0x08004855   Thumb Code    16  stm32f10x_usart.o(.text)
    USART_LINCmd                             0x08004865   Thumb Code    24  stm32f10x_usart.o(.text)
    USART_SendData                           0x0800487d   Thumb Code     8  stm32f10x_usart.o(.text)
    USART_ReceiveData                        0x08004885   Thumb Code     8  stm32f10x_usart.o(.text)
    USART_SendBreak                          0x0800488d   Thumb Code    10  stm32f10x_usart.o(.text)
    USART_SetGuardTime                       0x08004897   Thumb Code    16  stm32f10x_usart.o(.text)
    USART_SetPrescaler                       0x080048a7   Thumb Code    16  stm32f10x_usart.o(.text)
    USART_SmartCardCmd                       0x080048b7   Thumb Code    24  stm32f10x_usart.o(.text)
    USART_SmartCardNACKCmd                   0x080048cf   Thumb Code    24  stm32f10x_usart.o(.text)
    USART_HalfDuplexCmd                      0x080048e7   Thumb Code    24  stm32f10x_usart.o(.text)
    USART_OverSampling8Cmd                   0x080048ff   Thumb Code    24  stm32f10x_usart.o(.text)
    USART_OneBitMethodCmd                    0x08004917   Thumb Code    24  stm32f10x_usart.o(.text)
    USART_IrDAConfig                         0x0800492f   Thumb Code    16  stm32f10x_usart.o(.text)
    USART_IrDACmd                            0x0800493f   Thumb Code    24  stm32f10x_usart.o(.text)
    USART_GetFlagStatus                      0x08004957   Thumb Code    14  stm32f10x_usart.o(.text)
    USART_ClearFlag                          0x08004965   Thumb Code     8  stm32f10x_usart.o(.text)
    USART_GetITStatus                        0x0800496d   Thumb Code    64  stm32f10x_usart.o(.text)
    USART_ClearITPendingBit                  0x080049ad   Thumb Code    16  stm32f10x_usart.o(.text)
    wait                                     0x080049d1   Thumb Code    12  lcd_display.o(.text)
    check_sta01                              0x080049dd   Thumb Code    66  lcd_display.o(.text)
    write_data                               0x08004a1f   Thumb Code    54  lcd_display.o(.text)
    write_com                                0x08004a55   Thumb Code    54  lcd_display.o(.text)
    write_reg                                0x08004a8b   Thumb Code    24  lcd_display.o(.text)
    init_LCD                                 0x08004aa3   Thumb Code    38  lcd_display.o(.text)
    init_sap1024                             0x08004ac9   Thumb Code    74  lcd_display.o(.text)
    lcd_WordSearch                           0x08004b13   Thumb Code    42  lcd_display.o(.text)
    lcd_ByteSearch                           0x08004b3d   Thumb Code    34  lcd_display.o(.text)
    lcd_wru16                                0x08004b5f   Thumb Code   140  lcd_display.o(.text)
    lcd_wru8                                 0x08004beb   Thumb Code   102  lcd_display.o(.text)
    lcd_wrstring                             0x08004c51   Thumb Code    86  lcd_display.o(.text)
    hex_to_asc_b                             0x08004ca7   Thumb Code    32  lcd_display.o(.text)
    hex_to_asc                               0x08004cc7   Thumb Code    80  lcd_display.o(.text)
    __aeabi_memcpy4                          0x08004d31   Thumb Code     0  rt_memcpy_w.o(.text)
    __aeabi_memcpy8                          0x08004d31   Thumb Code     0  rt_memcpy_w.o(.text)
    __rt_memcpy_w                            0x08004d31   Thumb Code   100  rt_memcpy_w.o(.text)
    _memcpy_lastbytes_aligned                0x08004d79   Thumb Code     0  rt_memcpy_w.o(.text)
    __use_two_region_memory                  0x08004d95   Thumb Code     2  heapauxi.o(.text)
    __rt_heap_escrow$2region                 0x08004d97   Thumb Code     2  heapauxi.o(.text)
    __rt_heap_expand$2region                 0x08004d99   Thumb Code     2  heapauxi.o(.text)
    __user_setup_stackheap                   0x08004d9b   Thumb Code    74  sys_stackheap_outer.o(.text)
    exit                                     0x08004de5   Thumb Code    12  exit.o(.text)
    __user_libspace                          0x08004df1   Thumb Code     8  libspace.o(.text)
    __user_perproc_libspace                  0x08004df1   Thumb Code     0  libspace.o(.text)
    __user_perthread_libspace                0x08004df1   Thumb Code     0  libspace.o(.text)
    _sys_exit                                0x08004df9   Thumb Code     8  sys_exit.o(.text)
    __I$use$semihosting                      0x08004e05   Thumb Code     0  use_no_semi.o(.text)
    __use_no_semihosting_swi                 0x08004e05   Thumb Code     2  use_no_semi.o(.text)
    __semihosting_library_function           0x08004e07   Thumb Code     0  indicate_semi.o(.text)
    auchCRCHi                                0x08004e1d   Data         256  modbus.o(.constdata)
    auchCRCLo                                0x08004f1d   Data         256  modbus.o(.constdata)
    table_week                               0x0800501d   Data          12  rtc.o(.constdata)
    mon_table                                0x08005029   Data          12  rtc.o(.constdata)
    hanzi                                    0x08005035   Data        9695  ziku.o(.constdata)
    Region$$Table$$Base                      0x08007614   Number         0  anon$$obj.o(Region$$Table)
    Region$$Table$$Limit                     0x08007634   Number         0  anon$$obj.o(Region$$Table)
    Adc_BatteryVoltag                        0x20000000   Data           4  adc.o(.data)
    FaultCode                                0x2000000c   Data           1  fault.o(.data)
    KeyVal                                   0x2000000d   Data           1  key.o(.data)
    KeyAct                                   0x2000000e   Data           1  key.o(.data)
    KeyCmd                                   0x2000000f   Data           1  key.o(.data)
    InData                                   0x20000013   Data          17  key.o(.data)
    flag_5sKeyNoAct                          0x20000024   Data           1  key.o(.data)
    KeyVal_Set                               0x20000025   Data           1  key.o(.data)
    UserPrIndex                              0x20000028   Data           4  menu.o(.data)
    MenuIndex                                0x2000002c   Data           4  menu.o(.data)
    MenuIndex_Z                              0x20000030   Data           4  menu.o(.data)
    Counter_DisBuff                          0x20000034   Data           4  menu.o(.data)
    CheckOk                                  0x20000038   Data           6  menu.o(.data)
    Tab_MenuNum                              0x20000040   Data         424  menu.o(.data)
    Tab_MenuData                             0x200001e8   Data       12826  menu.o(.data)
    ResetMenu                                0x20003402   Data         121  menu.o(.data)
    Flag_PrSetting                           0x2000347b   Data           1  menu.o(.data)
    Counter_KeyIn                            0x2000347c   Data           1  menu.o(.data)
    UserPrNum                                0x2000347d   Data           1  menu.o(.data)
    Data_KeyIn_Dis                           0x2000347e   Data           5  menu.o(.data)
    Data_KeyIn                               0x20003483   Data           5  menu.o(.data)
    Flag_FirstInSetPrPage                    0x20003488   Data           1  menu.o(.data)
    UserPrData                               0x2000348c   Data           4  menu.o(.data)
    UserPrData_H                             0x20003490   Data           1  menu.o(.data)
    UserPrData_L                             0x20003491   Data           1  menu.o(.data)
    RunPrFunTable                            0x20003494   Data          24  menu_sub.o(.data)
    data_min                                 0x200034ac   Data           1  menu_sub.o(.data)
    data_max                                 0x200034b8   Data           4  menu_sub.o(.data)
    localAddr                                0x200034c4   Data           1  modbus.o(.data)
    sendCount                                0x200034c5   Data           1  modbus.o(.data)
    receCount                                0x200034c6   Data           1  modbus.o(.data)
    sendPosi                                 0x200034c7   Data           1  modbus.o(.data)
    PrInitData                               0x200034cc   Data           1  syspr.o(.data)
    UserPr                                   0x200034d0   Data         504  syspr.o(.data)
    eepromFault                              0x200036c8   Data         121  syspr.o(.data)
    Pr_Ia_Motor                              0x20003744   Data           4  syspr.o(.data)
    Pr_Ib_Motor                              0x20003748   Data           4  syspr.o(.data)
    Pr_Ic_Motor                              0x2000374c   Data           4  syspr.o(.data)
    Pr_Ia_Fun                                0x20003750   Data           4  syspr.o(.data)
    Pr_Ib_Fun                                0x20003754   Data           4  syspr.o(.data)
    Pr_Ic_Fun                                0x20003758   Data           4  syspr.o(.data)
    Tab_UserPr                               0x2000375c   Data         252  syspr.o(.data)
    TestPr                                   0x20003858   Data           4  syspr.o(.data)
    AirPressure                              0x2000385c   Data           4  syspr.o(.data)
    AirTemp                                  0x20003860   Data           4  syspr.o(.data)
    RunState                                 0x20003864   Data           4  syspr.o(.data)
    Power                                    0x20003868   Data           4  syspr.o(.data)
    SystemCoreClock                          0x2000386c   Data           4  system_stm32f10x.o(.data)
    AHBPrescTable                            0x20003870   Data          16  system_stm32f10x.o(.data)
    flag_50ms                                0x20003880   Data           1  timer.o(.data)
    flag_100ms                               0x20003881   Data           1  timer.o(.data)
    USART_RX_STA3                            0x2000388a   Data           1  usart3.o(.data)
    b485Send                                 0x2000388c   Data           1  usart.o(.data)
    counter_rd485fbk_error                   0x2000388d   Data           1  usart.o(.data)
    flag_rd485fbk_error                      0x2000388e   Data           1  usart.o(.data)
    flag_wr485fbk_finish                     0x2000388f   Data           1  usart.o(.data)
    data_rd485fbk                            0x20003890   Data           1  usart.o(.data)
    add_wr485fbk                             0x20003891   Data           1  usart.o(.data)
    data_wr485fbk                            0x20003892   Data           1  usart.o(.data)
    flag_reading                             0x20003893   Data           1  usart.o(.data)
    counter_485wr_fbk_error1                 0x20003894   Data           4  usart.o(.data)
    counter_485wr_fbk_error2                 0x20003898   Data           4  usart.o(.data)
    crcData                                  0x2000389c   Data           4  usart.o(.data)
    add_rd485                                0x200038a0   Data           1  usart.o(.data)
    add_wr485                                0x200038a1   Data           1  usart.o(.data)
    data_wr485                               0x200038a2   Data           1  usart.o(.data)
    flag_wr485_begin                         0x200038a3   Data           1  usart.o(.data)
    counter_WaitWr485fbk                     0x200038a4   Data           4  usart.o(.data)
    lcd_grHome                               0x200038bc   Data           4  lcd_display.o(.data)
    aa                                       0x200038c0   Data           6  lcd_display.o(.data)
    MBS_HoldRegs                             0x200038d8   Data         400  modbus.o(.bss)
    timer                                    0x20003a68   Data          12  rtc.o(.bss)
    Tab_DefaultPr                            0x20003a74   Data         252  syspr.o(.bss)
    USART_RX_BUF3                            0x20003b70   Data          64  usart3.o(.bss)
    sendBuf                                  0x20003bb0   Data         128  usart.o(.bss)
    receBuf                                  0x20003c30   Data         128  usart.o(.bss)
    DisBuff                                  0x20003cb0   Data         121  lcd_display.o(.bss)
    __libspace_start                         0x20003d2c   Data          96  libspace.o(.bss)
    __temporary_stack_top$libspace           0x20003d8c   Data           0  libspace.o(.bss)



==============================================================================

Memory Map of the image

  Image Entry point : 0x08002d91

  Load Region LR_1 (Base: 0x08000000, Size: 0x0000aefc, Max: 0xffffffff, ABSOLUTE, COMPRESSED[0x00008150])

    Execution Region ER_RO (Base: 0x08000000, Size: 0x00007634, Max: 0xffffffff, ABSOLUTE)

    Base Addr    Size         Type   Attr      Idx    E Section Name        Object

    0x08000000   0x000000ec   Data   RO          784    RESET               startup_stm32f10x_md.o
    0x080000ec   0x00000008   Code   RO         1307  * !!!main             c_w.l(__main.o)
    0x080000f4   0x00000034   Code   RO         1463    !!!scatter          c_w.l(__scatter.o)
    0x08000128   0x00000064   Code   RO         1461    !!dclz77c           c_w.l(__dclz77c.o)
    0x0800018c   0x0000001c   Code   RO         1465    !!handler_zi        c_w.l(__scatter_zi.o)
    0x080001a8   0x00000002   Code   RO         1334    .ARM.Collect$$libinit$$00000000  c_w.l(libinit.o)
    0x080001aa   0x00000000   Code   RO         1341    .ARM.Collect$$libinit$$00000002  c_w.l(libinit2.o)
    0x080001aa   0x00000000   Code   RO         1344    .ARM.Collect$$libinit$$00000008  c_w.l(libinit2.o)
    0x080001aa   0x00000000   Code   RO         1346    .ARM.Collect$$libinit$$0000000A  c_w.l(libinit2.o)
    0x080001aa   0x00000000   Code   RO         1348    .ARM.Collect$$libinit$$0000000C  c_w.l(libinit2.o)
    0x080001aa   0x00000000   Code   RO         1351    .ARM.Collect$$libinit$$0000000F  c_w.l(libinit2.o)
    0x080001aa   0x00000000   Code   RO         1353    .ARM.Collect$$libinit$$00000011  c_w.l(libinit2.o)
    0x080001aa   0x00000000   Code   RO         1355    .ARM.Collect$$libinit$$00000013  c_w.l(libinit2.o)
    0x080001aa   0x00000000   Code   RO         1357    .ARM.Collect$$libinit$$00000015  c_w.l(libinit2.o)
    0x080001aa   0x00000000   Code   RO         1359    .ARM.Collect$$libinit$$00000017  c_w.l(libinit2.o)
    0x080001aa   0x00000000   Code   RO         1361    .ARM.Collect$$libinit$$00000019  c_w.l(libinit2.o)
    0x080001aa   0x00000000   Code   RO         1363    .ARM.Collect$$libinit$$0000001B  c_w.l(libinit2.o)
    0x080001aa   0x00000000   Code   RO         1365    .ARM.Collect$$libinit$$0000001D  c_w.l(libinit2.o)
    0x080001aa   0x00000000   Code   RO         1367    .ARM.Collect$$libinit$$0000001F  c_w.l(libinit2.o)
    0x080001aa   0x00000000   Code   RO         1369    .ARM.Collect$$libinit$$00000021  c_w.l(libinit2.o)
    0x080001aa   0x00000000   Code   RO         1371    .ARM.Collect$$libinit$$00000023  c_w.l(libinit2.o)
    0x080001aa   0x00000000   Code   RO         1375    .ARM.Collect$$libinit$$0000002A  c_w.l(libinit2.o)
    0x080001aa   0x00000000   Code   RO         1377    .ARM.Collect$$libinit$$0000002C  c_w.l(libinit2.o)
    0x080001aa   0x00000000   Code   RO         1379    .ARM.Collect$$libinit$$0000002E  c_w.l(libinit2.o)
    0x080001aa   0x00000000   Code   RO         1381    .ARM.Collect$$libinit$$00000030  c_w.l(libinit2.o)
    0x080001aa   0x00000002   Code   RO         1382    .ARM.Collect$$libinit$$00000031  c_w.l(libinit2.o)
    0x080001ac   0x00000002   Code   RO         1402    .ARM.Collect$$libshutdown$$00000000  c_w.l(libshutdown.o)
    0x080001ae   0x00000000   Code   RO         1416    .ARM.Collect$$libshutdown$$00000003  c_w.l(libshutdown2.o)
    0x080001ae   0x00000000   Code   RO         1419    .ARM.Collect$$libshutdown$$00000006  c_w.l(libshutdown2.o)
    0x080001ae   0x00000000   Code   RO         1422    .ARM.Collect$$libshutdown$$00000009  c_w.l(libshutdown2.o)
    0x080001ae   0x00000000   Code   RO         1424    .ARM.Collect$$libshutdown$$0000000B  c_w.l(libshutdown2.o)
    0x080001ae   0x00000000   Code   RO         1427    .ARM.Collect$$libshutdown$$0000000E  c_w.l(libshutdown2.o)
    0x080001ae   0x00000002   Code   RO         1428    .ARM.Collect$$libshutdown$$0000000F  c_w.l(libshutdown2.o)
    0x080001b0   0x00000000   Code   RO         1309    .ARM.Collect$$rtentry$$00000000  c_w.l(rtentry.o)
    0x080001b0   0x00000000   Code   RO         1311    .ARM.Collect$$rtentry$$00000002  c_w.l(rtentry2.o)
    0x080001b0   0x00000006   Code   RO         1323    .ARM.Collect$$rtentry$$00000004  c_w.l(rtentry4.o)
    0x080001b6   0x00000000   Code   RO         1313    .ARM.Collect$$rtentry$$00000009  c_w.l(rtentry2.o)
    0x080001b6   0x00000004   Code   RO         1314    .ARM.Collect$$rtentry$$0000000A  c_w.l(rtentry2.o)
    0x080001ba   0x00000000   Code   RO         1316    .ARM.Collect$$rtentry$$0000000C  c_w.l(rtentry2.o)
    0x080001ba   0x00000008   Code   RO         1317    .ARM.Collect$$rtentry$$0000000D  c_w.l(rtentry2.o)
    0x080001c2   0x00000002   Code   RO         1338    .ARM.Collect$$rtexit$$00000000  c_w.l(rtexit.o)
    0x080001c4   0x00000000   Code   RO         1384    .ARM.Collect$$rtexit$$00000002  c_w.l(rtexit2.o)
    0x080001c4   0x00000004   Code   RO         1385    .ARM.Collect$$rtexit$$00000003  c_w.l(rtexit2.o)
    0x080001c8   0x00000006   Code   RO         1386    .ARM.Collect$$rtexit$$00000004  c_w.l(rtexit2.o)
    0x080001ce   0x0000013e   Code   RO            3    .text               24cxx.o
    0x0800030c   0x000000c0   Code   RO          130    .text               adc.o
    0x080003cc   0x00000068   Code   RO          205    .text               delay.o
    0x08000434   0x00000030   Code   RO          227    .text               fault.o
    0x08000464   0x00000288   Code   RO          257    .text               iic.o
    0x080006ec   0x000000f4   Code   RO          310    .text               key.o
    0x080007e0   0x000000dc   Code   RO          362    .text               main.o
    0x080008bc   0x0000037c   Code   RO          398    .text               menu.o
    0x08000c38   0x00001308   Code   RO          444    .text               menu_sub.o
    0x08001f40   0x00000200   Code   RO          473    .text               modbus.o
    0x08002140   0x0000033c   Code   RO          501    .text               rtc.o
    0x0800247c   0x00000012   Code   RO          529    .text               stm32f10x_it.o
    0x0800248e   0x00000002   PAD
    0x08002490   0x0000015c   Code   RO          552    .text               syspr.o
    0x080025ec   0x00000174   Code   RO          596    .text               system_stm32f10x.o
    0x08002760   0x000000d0   Code   RO          636    .text               systeminit.o
    0x08002830   0x0000018c   Code   RO          656    .text               timer.o
    0x080029bc   0x00000108   Code   RO          695    .text               usart3.o
    0x08002ac4   0x000002cc   Code   RO          722    .text               usart.o
    0x08002d90   0x00000040   Code   RO          785  * .text               startup_stm32f10x_md.o
    0x08002dd0   0x000000b8   Code   RO          801    .text               misc.o
    0x08002e88   0x00000390   Code   RO          821    .text               stm32f10x_adc.o
    0x08003218   0x0000009c   Code   RO          841    .text               stm32f10x_bkp.o
    0x080032b4   0x00000298   Code   RO         1041    .text               stm32f10x_gpio.o
    0x0800354c   0x000000b0   Code   RO         1101    .text               stm32f10x_pwr.o
    0x080035fc   0x000002f8   Code   RO         1121    .text               stm32f10x_rcc.o
    0x080038f4   0x00000114   Code   RO         1143    .text               stm32f10x_rtc.o
    0x08003a08   0x00000c2a   Code   RO         1203    .text               stm32f10x_tim.o
    0x08004632   0x00000002   PAD
    0x08004634   0x0000039c   Code   RO         1223    .text               stm32f10x_usart.o
    0x080049d0   0x00000360   Code   RO         1263    .text               LCD_display.lib(lcd_display.o)
    0x08004d30   0x00000064   Code   RO         1303    .text               c_w.l(rt_memcpy_w.o)
    0x08004d94   0x00000006   Code   RO         1305    .text               c_w.l(heapauxi.o)
    0x08004d9a   0x0000004a   Code   RO         1325    .text               c_w.l(sys_stackheap_outer.o)
    0x08004de4   0x0000000c   Code   RO         1327    .text               c_w.l(exit.o)
    0x08004df0   0x00000008   Code   RO         1335    .text               c_w.l(libspace.o)
    0x08004df8   0x0000000c   Code   RO         1394    .text               c_w.l(sys_exit.o)
    0x08004e04   0x00000002   Code   RO         1405    .text               c_w.l(use_no_semi.o)
    0x08004e06   0x00000000   Code   RO         1407    .text               c_w.l(indicate_semi.o)
    0x08004e06   0x00000002   PAD
    0x08004e08   0x00000015   Data   RO          445    .constdata          menu_sub.o
    0x08004e1d   0x00000200   Data   RO          475    .constdata          modbus.o
    0x0800501d   0x00000018   Data   RO          503    .constdata          rtc.o
    0x08005035   0x000025df   Data   RO          764    .constdata          ziku.o
    0x08007614   0x00000020   Data   RO         1459    Region$$Table       anon$$obj.o


    Execution Region ER_RW (Base: 0x20000000, Size: 0x000038c8, Max: 0xffffffff, ABSOLUTE, COMPRESSED[0x00000b1c])

    Base Addr    Size         Type   Attr      Idx    E Section Name        Object

    0x20000000   0x00000004   Data   RW          131    .data               adc.o
    0x20000004   0x00000008   Data   RW          206    .data               delay.o
    0x2000000c   0x00000001   Data   RW          228    .data               fault.o
    0x2000000d   0x00000017   Data   RW          312    .data               key.o
    0x20000024   0x00000001   Data   RW          313    .data               key.o
    0x20000025   0x00000001   Data   RW          314    .data               key.o
    0x20000026   0x00000002   PAD
    0x20000028   0x000033da   Data   RW          399    .data               menu.o
    0x20003402   0x00000079   Data   RW          400    .data               menu.o
    0x2000347b   0x00000001   Data   RW          401    .data               menu.o
    0x2000347c   0x00000001   Data   RW          402    .data               menu.o
    0x2000347d   0x00000001   Data   RW          403    .data               menu.o
    0x2000347e   0x00000005   Data   RW          404    .data               menu.o
    0x20003483   0x00000005   Data   RW          405    .data               menu.o
    0x20003488   0x00000001   Data   RW          406    .data               menu.o
    0x20003489   0x00000003   PAD
    0x2000348c   0x00000004   Data   RW          407    .data               menu.o
    0x20003490   0x00000001   Data   RW          408    .data               menu.o
    0x20003491   0x00000001   Data   RW          409    .data               menu.o
    0x20003492   0x00000002   PAD
    0x20003494   0x00000018   Data   RW          446    .data               menu_sub.o
    0x200034ac   0x00000018   Data   RW          447    .data               menu_sub.o
    0x200034c4   0x00000004   Data   RW          476    .data               modbus.o
    0x200034c8   0x00000004   Data   RW          504    .data               rtc.o
    0x200034cc   0x00000275   Data   RW          554    .data               syspr.o
    0x20003741   0x00000003   PAD
    0x20003744   0x00000004   Data   RW          555    .data               syspr.o
    0x20003748   0x00000004   Data   RW          556    .data               syspr.o
    0x2000374c   0x00000004   Data   RW          557    .data               syspr.o
    0x20003750   0x00000004   Data   RW          558    .data               syspr.o
    0x20003754   0x00000004   Data   RW          559    .data               syspr.o
    0x20003758   0x00000004   Data   RW          560    .data               syspr.o
    0x2000375c   0x000000fc   Data   RW          566    .data               syspr.o
    0x20003858   0x00000004   Data   RW          567    .data               syspr.o
    0x2000385c   0x00000004   Data   RW          568    .data               syspr.o
    0x20003860   0x00000004   Data   RW          569    .data               syspr.o
    0x20003864   0x00000004   Data   RW          570    .data               syspr.o
    0x20003868   0x00000004   Data   RW          571    .data               syspr.o
    0x2000386c   0x00000014   Data   RW          597    .data               system_stm32f10x.o
    0x20003880   0x0000000a   Data   RW          657    .data               timer.o
    0x2000388a   0x00000001   Data   RW          697    .data               usart3.o
    0x2000388b   0x00000001   PAD
    0x2000388c   0x00000014   Data   RW          724    .data               usart.o
    0x200038a0   0x00000001   Data   RW          728    .data               usart.o
    0x200038a1   0x00000001   Data   RW          730    .data               usart.o
    0x200038a2   0x00000001   Data   RW          731    .data               usart.o
    0x200038a3   0x00000001   Data   RW          733    .data               usart.o
    0x200038a4   0x00000004   Data   RW          734    .data               usart.o
    0x200038a8   0x00000014   Data   RW         1122    .data               stm32f10x_rcc.o
    0x200038bc   0x00000004   Data   RW         1268    .data               LCD_display.lib(lcd_display.o)
    0x200038c0   0x00000006   Data   RW         1274    .data               LCD_display.lib(lcd_display.o)


    Execution Region ER_ZI (Base: 0x200038c8, Size: 0x00000ac8, Max: 0xffffffff, ABSOLUTE)

    Base Addr    Size         Type   Attr      Idx    E Section Name        Object

    0x200038c8   0x00000010   Zero   RW          311    .bss                key.o
    0x200038d8   0x00000190   Zero   RW          474    .bss                modbus.o
    0x20003a68   0x0000000c   Zero   RW          502    .bss                rtc.o
    0x20003a74   0x000000fc   Zero   RW          553    .bss                syspr.o
    0x20003b70   0x00000040   Zero   RW          696    .bss                usart3.o
    0x20003bb0   0x00000100   Zero   RW          723    .bss                usart.o
    0x20003cb0   0x00000079   Zero   RW         1264    .bss                LCD_display.lib(lcd_display.o)
    0x20003d29   0x00000003   PAD
    0x20003d2c   0x00000060   Zero   RW         1336    .bss                c_w.l(libspace.o)
    0x20003d8c   0x00000004   PAD
    0x20003d90   0x00000200   Zero   RW          783    HEAP                startup_stm32f10x_md.o
    0x20003f90   0x00000400   Zero   RW          782    STACK               startup_stm32f10x_md.o


==============================================================================

Image component sizes


      Code (inc. data)   RO Data    RW Data    ZI Data      Debug   Object Name

       318          0          0          0          0     261822   24cxx.o
       192         12          0          4          0        851   adc.o
       104          4          0          8          0       1007   delay.o
        48         10          0          1          0        651   fault.o
       648         12          0          0          0       2185   iic.o
       244         36          0         25         16       1463   key.o
       220         38          0          0          0       1029   main.o
       892         32          0      13415          0       3748   menu.o
      4872        684         21         48          0       7188   menu_sub.o
       184         16          0          0          0       1841   misc.o
       512         26        512          4        400       3942   modbus.o
       828         30         24          4         12       4038   rtc.o
        64         26        236          0       1536        740   startup_stm32f10x_md.o
       912         24          0          0          0      11649   stm32f10x_adc.o
       156          8          0          0          0       3324   stm32f10x_bkp.o
       664         42          0          0          0       6089   stm32f10x_gpio.o
        18          0          0          0          0       1126   stm32f10x_it.o
       176         18          0          0          0       1887   stm32f10x_pwr.o
       760         40          0         20          0       9160   stm32f10x_rcc.o
       276          6          0          0          0       2698   stm32f10x_rtc.o
      3114         84          0          0          0      24868   stm32f10x_tim.o
       924         20          0          0          0       9036   stm32f10x_usart.o
       348         24          0        925        252       3080   syspr.o
       372         34          0         20          0       1683   system_stm32f10x.o
       208         50          0          0          0        455   systeminit.o
       396         54          0         10          0       1633   timer.o
       716         36          0         28        256       3820   usart.o
       264         22          0          1         64       1453   usart3.o
         0          0       9695          0          0        468   ziku.o

    ----------------------------------------------------------------------
     18434       1388      10520      14524       2536     372934   Object Totals
         0          0         32          0          0          0   (incl. Generated)
         4          0          0         11          0          0   (incl. Padding)

    ----------------------------------------------------------------------

      Code (inc. data)   RO Data    RW Data    ZI Data      Debug   Library Member Name

       864         26          0         10        121       6105   lcd_display.o
       100          0          0          0          0          0   __dclz77c.o
         8          0          0          0          0         68   __main.o
        52          8          0          0          0          0   __scatter.o
        28          0          0          0          0          0   __scatter_zi.o
        12          0          0          0          0         72   exit.o
         6          0          0          0          0        152   heapauxi.o
         0          0          0          0          0          0   indicate_semi.o
         2          0          0          0          0          0   libinit.o
         2          0          0          0          0          0   libinit2.o
         2          0          0          0          0          0   libshutdown.o
         2          0          0          0          0          0   libshutdown2.o
         8          4          0          0         96         68   libspace.o
       100          0          0          0          0         80   rt_memcpy_w.o
         0          0          0          0          0          0   rtentry.o
        12          0          0          0          0          0   rtentry2.o
         6          0          0          0          0          0   rtentry4.o
         2          0          0          0          0          0   rtexit.o
        10          0          0          0          0          0   rtexit2.o
        12          4          0          0          0         68   sys_exit.o
        74          0          0          0          0         80   sys_stackheap_outer.o
         2          0          0          0          0         68   use_no_semi.o

    ----------------------------------------------------------------------
      1306         42          0         12        224       6761   Library Totals
         2          0          0          2          7          0   (incl. Padding)

    ----------------------------------------------------------------------

      Code (inc. data)   RO Data    RW Data    ZI Data      Debug   Library Name

       864         26          0         10        121       6105   LCD_display.lib
       440         16          0          0         96        656   c_w.l

    ----------------------------------------------------------------------
      1306         42          0         12        224       6761   Library Totals

    ----------------------------------------------------------------------

==============================================================================


      Code (inc. data)   RO Data    RW Data    ZI Data      Debug   

     19740       1430      10520      14536       2760     376471   Grand Totals
     19740       1430      10520       2844       2760     376471   ELF Image Totals (compressed)
     19740       1430      10520       2844          0          0   ROM Totals

==============================================================================

    Total RO  Size (Code + RO Data)                30260 (  29.55kB)
    Total RW  Size (RW Data + ZI Data)             17296 (  16.89kB)
    Total ROM Size (Code + RO Data + RW Data)      33104 (  32.33kB)

==============================================================================

