Product: MDK-ARM Standard 5.10
Component: ARM Compiler 5.04 update 1 (build 49)
Tool: armlink [5040049]

==============================================================================

Section Cross References

    main.o(.text) refers to system_stm32f10x.o(.text) for SystemInit
    main.o(.text) refers to delay.o(.text) for delay_init
    main.o(.text) refers to systeminit.o(.text) for GPIOInit
    main.o(.text) refers to lcd_display.o(.text) for init_LCD
    main.o(.text) refers to 24cxx.o(.text) for AT24CXX_Init
    main.o(.text) refers to syspr.o(.text) for SysPrInit
    main.o(.text) refers to menu.o(.text) for sendtobuff
    main.o(.text) refers to timer.o(.text) for Timerx_Init
    main.o(.text) refers to menu.o(.data) for MenuIndex
    main.o(.text) refers to lcd_display.o(.bss) for DisBuff
    main.o(.text) refers to timer.o(.data) for flag_InitFinish
    main.o(.text) refers to main.o(.data) for j
    timer.o(.text) refers to misc.o(.text) for NVIC_Init
    timer.o(.text) refers to stm32f10x_rcc.o(.text) for RCC_APB1PeriphClockCmd
    timer.o(.text) refers to stm32f10x_tim.o(.text) for TIM_TimeBaseInit
    timer.o(.text) refers to key.o(.text) for KeyScan
    timer.o(.text) refers to timer.o(.data) for temp_tab
    timer.o(.text) refers to menu.o(.data) for passdisp
    timer.o(.text) refers to key.o(.data) for flag_5sKeyNoAct
    usart.o(.text) refers to stm32f10x_rcc.o(.text) for RCC_APB2PeriphClockCmd
    usart.o(.text) refers to stm32f10x_gpio.o(.text) for GPIO_Init
    usart.o(.text) refers to misc.o(.text) for NVIC_Init
    usart.o(.text) refers to stm32f10x_usart.o(.text) for USART_Init
    usart.o(.text) refers to delay.o(.text) for delay
    usart.o(.text) refers to crc.o(.text) for crc16
    usart.o(.text) refers to usart.o(.data) for sendPosi
    usart.o(.text) refers to usart.o(.bss) for receBuf
    usart.o(.text) refers to timer.o(.data) for counter_rd_ok
    syspr.o(.text) refers to 24cxx.o(.text) for AT24CXX_WriteOneByte
    syspr.o(.text) refers to lcd_display.o(.text) for lcd_wrstring
    syspr.o(.text) refers to syspr.o(.constdata) for P01_parameter
    syspr.o(.text) refers to menu.o(.bss) for Code_I
    syspr.o(.text) refers to menu.o(.data) for passportdata_buffer
    syspr.o(.text) refers to syspr.o(.data) for eepromFault
    iic.o(.text) refers to stm32f10x_rcc.o(.text) for RCC_APB2PeriphClockCmd
    iic.o(.text) refers to stm32f10x_gpio.o(.text) for GPIO_Init
    iic.o(.text) refers to delay.o(.text) for delay_us
    24cxx.o(.text) refers to iic.o(.text) for IIC_Init
    24cxx.o(.text) refers to delay.o(.text) for delay_ms
    delay.o(.text) refers to misc.o(.text) for SysTick_CLKSourceConfig
    delay.o(.text) refers to delay.o(.data) for fac_us
    rtc.o(.text) refers to misc.o(.text) for NVIC_Init
    rtc.o(.text) refers to stm32f10x_rtc.o(.text) for RTC_WaitForLastTask
    rtc.o(.text) refers to stm32f10x_rcc.o(.text) for RCC_APB1PeriphClockCmd
    rtc.o(.text) refers to stm32f10x_pwr.o(.text) for PWR_BackupAccessCmd
    rtc.o(.text) refers to stm32f10x_bkp.o(.text) for BKP_ReadBackupRegister
    rtc.o(.text) refers to delay.o(.text) for delay_ms
    rtc.o(.text) refers to rtc.o(.constdata) for table_week
    rtc.o(.text) refers to rtc.o(.data) for daycnt
    rtc.o(.text) refers to rtc.o(.bss) for timer
    menu.o(.text) refers to 24cxx.o(.text) for AT24CXX_WriteOneByte
    menu.o(.text) refers to menu.o(.data) for Counter_DisBuff
    menu.o(.text) refers to lcd_display.o(.bss) for DisBuff
    menu.o(.text) refers to key.o(.data) for KeyVal
    menu.o(.text) refers to menu.o(.bss) for Code_I
    menu.o(.text) refers to lcd_display.o(.text) for lcd_wrstring
    menu.o(.text) refers to menu_sub.o(.text) for ClearDisBuff
    menu.o(.text) refers to strncpy.o(.text) for strncpy
    menu.o(.text) refers to lcd_display.o(.data) for aa
    menu.o(.data) refers to menu.o(.text) for lcd_menu_one
    adc.o(.text) refers to stm32f10x_rcc.o(.text) for RCC_APB2PeriphClockCmd
    adc.o(.text) refers to stm32f10x_gpio.o(.text) for GPIO_Init
    adc.o(.text) refers to stm32f10x_adc.o(.text) for ADC_DeInit
    adc.o(.text) refers to adc.o(.data) for Adc_BatteryVoltag
    interrupt_init.o(.text) refers to misc.o(.text) for NVIC_Init
    menu_sub.o(.text) refers to 24cxx.o(.text) for AT24CXX_ReadOneByte
    menu_sub.o(.text) refers to lcd_display.o(.text) for hex_to_asc
    menu_sub.o(.text) refers to menu.o(.text) for sendtobuff_n
    menu_sub.o(.text) refers to rt_memcpy_w.o(.text) for __aeabi_memcpy4
    menu_sub.o(.text) refers to lcd_display.o(.bss) for DisBuff
    menu_sub.o(.text) refers to menu.o(.data) for UserPrData_L
    menu_sub.o(.text) refers to timer.o(.data) for counter_rd
    menu_sub.o(.text) refers to menu_sub.o(.data) for test
    menu_sub.o(.text) refers to rtc.o(.bss) for timer
    menu_sub.o(.text) refers to menu_sub.o(.constdata) for .constdata
[...]
    .ARM.Collect$$libinit$$00000015          0x080001aa   Section        0  libinit2.o(.ARM.Collect$$libinit$$00000015)
    .ARM.Collect$$libinit$$00000017          0x080001aa   Section        0  libinit2.o(.ARM.Collect$$libinit$$00000017)
    .ARM.Collect$$libinit$$00000019          0x080001aa   Section        0  libinit2.o(.ARM.Collect$$libinit$$00000019)
    .ARM.Collect$$libinit$$0000001B          0x080001aa   Section        0  libinit2.o(.ARM.Collect$$libinit$$0000001B)
    .ARM.Collect$$libinit$$0000001D          0x080001aa   Section        0  libinit2.o(.ARM.Collect$$libinit$$0000001D)
    .ARM.Collect$$libinit$$0000001F          0x080001aa   Section        0  libinit2.o(.ARM.Collect$$libinit$$0000001F)
    .ARM.Collect$$libinit$$00000021          0x080001aa   Section        0  libinit2.o(.ARM.Collect$$libinit$$00000021)
    .ARM.Collect$$libinit$$00000023          0x080001aa   Section        0  libinit2.o(.ARM.Collect$$libinit$$00000023)
    .ARM.Collect$$libinit$$0000002A          0x080001aa   Section        0  libinit2.o(.ARM.Collect$$libinit$$0000002A)
    .ARM.Collect$$libinit$$0000002C          0x080001aa   Section        0  libinit2.o(.ARM.Collect$$libinit$$0000002C)
    .ARM.Collect$$libinit$$0000002E          0x080001aa   Section        0  libinit2.o(.ARM.Collect$$libinit$$0000002E)
    .ARM.Collect$$libinit$$00000030          0x080001aa   Section        0  libinit2.o(.ARM.Collect$$libinit$$00000030)
    .ARM.Collect$$libinit$$00000031          0x080001aa   Section        2  libinit2.o(.ARM.Collect$$libinit$$00000031)
    .ARM.Collect$$libshutdown$$00000000      0x080001ac   Section        2  libshutdown.o(.ARM.Collect$$libshutdown$$00000000)
    .ARM.Collect$$libshutdown$$00000003      0x080001ae   Section        0  libshutdown2.o(.ARM.Collect$$libshutdown$$00000003)
    .ARM.Collect$$libshutdown$$00000006      0x080001ae   Section        0  libshutdown2.o(.ARM.Collect$$libshutdown$$00000006)
    .ARM.Collect$$libshutdown$$00000009      0x080001ae   Section        0  libshutdown2.o(.ARM.Collect$$libshutdown$$00000009)
    .ARM.Collect$$libshutdown$$0000000B      0x080001ae   Section        0  libshutdown2.o(.ARM.Collect$$libshutdown$$0000000B)
    .ARM.Collect$$libshutdown$$0000000E      0x080001ae   Section        0  libshutdown2.o(.ARM.Collect$$libshutdown$$0000000E)
    .ARM.Collect$$libshutdown$$0000000F      0x080001ae   Section        2  libshutdown2.o(.ARM.Collect$$libshutdown$$0000000F)
    .ARM.Collect$$rtentry$$00000000          0x080001b0   Section        0  rtentry.o(.ARM.Collect$$rtentry$$00000000)
    .ARM.Collect$$rtentry$$00000002          0x080001b0   Section        0  rtentry2.o(.ARM.Collect$$rtentry$$00000002)
    .ARM.Collect$$rtentry$$00000004          0x080001b0   Section        6  rtentry4.o(.ARM.Collect$$rtentry$$00000004)
    .ARM.Collect$$rtentry$$00000009          0x080001b6   Section        0  rtentry2.o(.ARM.Collect$$rtentry$$00000009)
    .ARM.Collect$$rtentry$$0000000A          0x080001b6   Section        4  rtentry2.o(.ARM.Collect$$rtentry$$0000000A)
    .ARM.Collect$$rtentry$$0000000C          0x080001ba   Section        0  rtentry2.o(.ARM.Collect$$rtentry$$0000000C)
    .ARM.Collect$$rtentry$$0000000D          0x080001ba   Section        8  rtentry2.o(.ARM.Collect$$rtentry$$0000000D)
    .ARM.Collect$$rtexit$$00000000           0x080001c2   Section        2  rtexit.o(.ARM.Collect$$rtexit$$00000000)
    .ARM.Collect$$rtexit$$00000002           0x080001c4   Section        0  rtexit2.o(.ARM.Collect$$rtexit$$00000002)
    .ARM.Collect$$rtexit$$00000003           0x080001c4   Section        4  rtexit2.o(.ARM.Collect$$rtexit$$00000003)
    .ARM.Collect$$rtexit$$00000004           0x080001c8   Section        6  rtexit2.o(.ARM.Collect$$rtexit$$00000004)
    .text                                    0x080001d0   Section        0  main.o(.text)
    .text                                    0x08000278   Section        0  systeminit.o(.text)
    .text                                    0x08000370   Section        0  timer.o(.text)
    .text                                    0x08000578   Section        0  usart.o(.text)
    .text                                    0x08000a64   Section        0  syspr.o(.text)
    .text                                    0x08000b68   Section        0  iic.o(.text)
    .text                                    0x08000e6c   Section        0  24cxx.o(.text)
    .text                                    0x08000fe0   Section        0  delay.o(.text)
    .text                                    0x08001098   Section        0  rtc.o(.text)
    .text                                    0x08001468   Section        0  menu.o(.text)
    .text                                    0x08004934   Section        0  menu_sub.o(.text)
    .text                                    0x08004e3c   Section        0  key.o(.text)
    .text                                    0x0800501c   Section        0  crc.o(.text)
    .text                                    0x08005054   Section        0  lcd_display.o(.text)
    .text                                    0x08005690   Section        0  misc.o(.text)
    .text                                    0x0800576c   Section        0  stm32f10x_rcc.o(.text)
    .text                                    0x08005b10   Section        0  stm32f10x_rtc.o(.text)
    .text                                    0x08005c58   Section        0  stm32f10x_tim.o(.text)
    TI4_Config                               0x080060ff   Thumb Code   130  stm32f10x_tim.o(.text)
    TI3_Config                               0x08006193   Thumb Code   122  stm32f10x_tim.o(.text)
    TI2_Config                               0x08006227   Thumb Code   130  stm32f10x_tim.o(.text)
    TI1_Config                               0x080062bb   Thumb Code   108  stm32f10x_tim.o(.text)
    .text                                    0x08006a74   Section        0  stm32f10x_usart.o(.text)
    .text                                    0x08006e7c   Section        0  stm32f10x_bkp.o(.text)
    .text                                    0x08006f40   Section        0  stm32f10x_pwr.o(.text)
    .text                                    0x0800700c   Section        0  stm32f10x_gpio.o(.text)
    .text                                    0x08007368   Section       64  startup_stm32f10x_md.o(.text)
    .text                                    0x080073a8   Section        0  system_stm32f10x.o(.text)
    SetSysClockTo72                          0x080073a9   Thumb Code   214  system_stm32f10x.o(.text)
    SetSysClock                              0x0800747f   Thumb Code     8  system_stm32f10x.o(.text)
    .text                                    0x08007588   Section        0  stm32f10x_it.o(.text)
    .text                                    0x080075a2   Section      100  rt_memcpy_w.o(.text)
    .text                                    0x08007606   Section       86  strncpy.o(.text)
    .text                                    0x0800765c   Section        0  heapauxi.o(.text)
    .text                                    0x08007662   Section       68  rt_memclr.o(.text)
    .text                                    0x080076a6   Section       78  rt_memclr_w.o(.text)
    .text                                    0x080076f4   Section       74  sys_stackheap_outer.o(.text)
    .text                                    0x0800773e   Section        0  exit.o(.text)
    .text                                    0x0800774c   Section        8  libspace.o(.text)
    .text                                    0x08007754   Section        0  sys_exit.o(.text)
    .text                                    0x08007760   Section        2  use_no_semi.o(.text)
    .constdata                               0x08007762   Section      136  syspr.o(.constdata)
    .text                                    0x08007762   Section        0  indicate_semi.o(.text)
    .constdata                               0x080077ea   Section    11235  ziku.o(.constdata)
    .constdata                               0x0800a3cd   Section       24  rtc.o(.constdata)
    .constdata                               0x0800a3e8   Section       21  menu_sub.o(.constdata)
    .constdata                               0x0800a3fd   Section      512  crc.o(.constdata)
    .data                                    0x20000000   Section        1  main.o(.data)
    j                                        0x20000000   Data           1  main.o(.data)
    .data                                    0x20000004   Section      426  timer.o(.data)
    counter_1s                               0x200001a2   Data           2  timer.o(.data)
    counter_5s                               0x200001a4   Data           2  timer.o(.data)
    counter_shining                          0x200001a8   Data           4  timer.o(.data)
    counter_fault_500ms                      0x200001ac   Data           2  timer.o(.data)
    .data                                    0x200001b0   Section       18  usart.o(.data)
    .data                                    0x200001c4   Section      153  syspr.o(.data)
    .data                                    0x2000025e   Section        4  delay.o(.data)
    fac_us                                   0x2000025e   Data           1  delay.o(.data)
    fac_ms                                   0x20000260   Data           2  delay.o(.data)
    .data                                    0x20000262   Section        2  rtc.o(.data)
    daycnt                                   0x20000262   Data           2  rtc.o(.data)
    .data                                    0x20000264   Section     4866  menu.o(.data)
    .data                                    0x20001566   Section        2  adc.o(.data)
    .data                                    0x20001568   Section        1  menu_sub.o(.data)
    test                                     0x20001568   Data           1  menu_sub.o(.data)
    .data                                    0x20001569   Section       43  key.o(.data)
    OutputNum                                0x20001590   Data           1  key.o(.data)
    PBOut                                    0x20001591   Data           1  key.o(.data)
    Num_KeyDown                              0x20001592   Data           1  key.o(.data)
    KeyVal_temp                              0x20001593   Data           1  key.o(.data)
    .data                                    0x20001594   Section       23  lcd_display.o(.data)
    .data                                    0x200015ab   Section       20  stm32f10x_rcc.o(.data)
    APBAHBPrescTable                         0x200015ab   Data          16  stm32f10x_rcc.o(.data)
    ADCPrescTable                            0x200015bb   Data           4  stm32f10x_rcc.o(.data)
    .data                                    0x200015c0   Section       20  system_stm32f10x.o(.data)
    .bss                                     0x200015d4   Section     1500  usart.o(.bss)
    .bss                                     0x20001bb0   Section       10  rtc.o(.bss)
    .bss                                     0x20001bba   Section      136  menu.o(.bss)
    .bss                                     0x20001c42   Section       17  key.o(.bss)
    KeyCount                                 0x20001c42   Data          17  key.o(.bss)
    .bss                                     0x20001c53   Section      121  lcd_display.o(.bss)
    .bss                                     0x20001ccc   Section       96  libspace.o(.bss)
    HEAP                                     0x20001d30   Section      512  startup_stm32f10x_md.o(HEAP)
    Heap_Mem                                 0x20001d30   Data         512  startup_stm32f10x_md.o(HEAP)
    STACK                                    0x20001f30   Section     1024  startup_stm32f10x_md.o(STACK)
    Stack_Mem                                0x20001f30   Data        1024  startup_stm32f10x_md.o(STACK)
    __initial_sp                             0x20002330   Data           0  startup_stm32f10x_md.o(STACK)

    Global Symbols

    Symbol Name                              Value     Ov Type        Size  Object(Section)

    BuildAttributes$$THM_ISAv4$P$D$K$B$S$PE$A:L22UL41UL21$X:L11$S22US41US21$IEEE1$IW$USESV6$~STKCKD$USESV7$~SHL$OSPACE$ROPI$EBA8$UX$STANDARDLIB$REQ8$PRES8$EABIv2 0x00000000   Number         0  anon$$obj.o ABSOLUTE
    __ARM_use_no_argv                        0x00000000   Number         0  main.o ABSOLUTE
    __ARM_exceptions_init                     - Undefined Weak Reference
    __alloca_initialize                       - Undefined Weak Reference
    __cpp_initialize__aeabi_                  - Undefined Weak Reference
    __cxa_finalize                            - Undefined Weak Reference
    __rt_locale                               - Undefined Weak Reference
    __sigvec_lookup                           - Undefined Weak Reference
    _atexit_init                              - Undefined Weak Reference
    _call_atexit_fns                          - Undefined Weak Reference
    _clock_init                               - Undefined Weak Reference
    _fp_trap_init                             - Undefined Weak Reference
    _fp_trap_shutdown                         - Undefined Weak Reference
    _get_lc_collate                           - Undefined Weak Reference
    _get_lc_ctype                             - Undefined Weak Reference
    _get_lc_monetary                          - Undefined Weak Reference
    _get_lc_numeric                           - Undefined Weak Reference
    _get_lc_time                              - Undefined Weak Reference
    _getenv_init                              - Undefined Weak Reference
    _handle_redirection                       - Undefined Weak Reference
    _init_alloc                               - Undefined Weak Reference
    _init_user_alloc                          - Undefined Weak Reference
    _initio                                   - Undefined Weak Reference
    _rand_init                                - Undefined Weak Reference
    _signal_finish                            - Undefined Weak Reference
    _signal_init                              - Undefined Weak Reference
    _terminate_alloc                          - Undefined Weak Reference
    _terminate_user_alloc                     - Undefined Weak Reference
    _terminateio                              - Undefined Weak Reference
    __Vectors_Size                           0x000000ec   Number         0  startup_stm32f10x_md.o ABSOLUTE
    __Vectors                                0x08000000   Data           4  startup_stm32f10x_md.o(RESET)
    __Vectors_End                            0x080000ec   Data           0  startup_stm32f10x_md.o(RESET)
    __main                                   0x080000ed   Thumb Code     8  __main.o(!!!main)
    __scatterload                            0x080000f5   Thumb Code     0  __scatter.o(!!!scatter)
    __scatterload_rt2                        0x080000f5   Thumb Code    44  __scatter.o(!!!scatter)
    __scatterload_rt2_thumb_only             0x080000f5   Thumb Code     0  __scatter.o(!!!scatter)
    __scatterload_null                       0x08000103   Thumb Code     0  __scatter.o(!!!scatter)
    __decompress                             0x08000129   Thumb Code   100  __dclz77c.o(!!dclz77c)
    __decompress2                            0x08000129   Thumb Code     0  __dclz77c.o(!!dclz77c)
    __scatterload_zeroinit                   0x0800018d   Thumb Code    28  __scatter_zi.o(!!handler_zi)
    __rt_lib_init                            0x080001a9   Thumb Code     0  libinit.o(.ARM.Collect$$libinit$$00000000)
    __rt_lib_init_alloca_1                   0x080001ab   Thumb Code     0  libinit2.o(.ARM.Collect$$libinit$$0000002C)
    __rt_lib_init_argv_1                     0x080001ab   Thumb Code     0  libinit2.o(.ARM.Collect$$libinit$$0000002A)
    __rt_lib_init_atexit_1                   0x080001ab   Thumb Code     0  libinit2.o(.ARM.Collect$$libinit$$00000019)
    __rt_lib_init_clock_1                    0x080001ab   Thumb Code     0  libinit2.o(.ARM.Collect$$libinit$$0000001F)
    __rt_lib_init_cpp_1                      0x080001ab   Thumb Code     0  libinit2.o(.ARM.Collect$$libinit$$00000030)
    __rt_lib_init_exceptions_1               0x080001ab   Thumb Code     0  libinit2.o(.ARM.Collect$$libinit$$0000002E)
    __rt_lib_init_fp_1                       0x080001ab   Thumb Code     0  libinit2.o(.ARM.Collect$$libinit$$00000002)
    __rt_lib_init_fp_trap_1                  0x080001ab   Thumb Code     0  libinit2.o(.ARM.Collect$$libinit$$0000001D)
    __rt_lib_init_getenv_1                   0x080001ab   Thumb Code     0  libinit2.o(.ARM.Collect$$libinit$$00000021)
    __rt_lib_init_heap_1                     0x080001ab   Thumb Code     0  libinit2.o(.ARM.Collect$$libinit$$00000008)
    __rt_lib_init_lc_collate_1               0x080001ab   Thumb Code     0  libinit2.o(.ARM.Collect$$libinit$$0000000F)
    __rt_lib_init_lc_ctype_1                 0x080001ab   Thumb Code     0  libinit2.o(.ARM.Collect$$libinit$$00000011)
    __rt_lib_init_lc_monetary_1              0x080001ab   Thumb Code     0  libinit2.o(.ARM.Collect$$libinit$$00000013)
    __rt_lib_init_lc_numeric_1               0x080001ab   Thumb Code     0  libinit2.o(.ARM.Collect$$libinit$$00000015)
    __rt_lib_init_lc_time_1                  0x080001ab   Thumb Code     0  libinit2.o(.ARM.Collect$$libinit$$00000017)
    __rt_lib_init_rand_1                     0x080001ab   Thumb Code     0  libinit2.o(.ARM.Collect$$libinit$$0000000C)
    __rt_lib_init_return                     0x080001ab   Thumb Code     0  libinit2.o(.ARM.Collect$$libinit$$00000031)
    __rt_lib_init_signal_1                   0x080001ab   Thumb Code     0  libinit2.o(.ARM.Collect$$libinit$$0000001B)
    __rt_lib_init_stdio_1                    0x080001ab   Thumb Code     0  libinit2.o(.ARM.Collect$$libinit$$00000023)
    __rt_lib_init_user_alloc_1               0x080001ab   Thumb Code     0  libinit2.o(.ARM.Collect$$libinit$$0000000A)
    __rt_lib_shutdown                        0x080001ad   Thumb Code     0  libshutdown.o(.ARM.Collect$$libshutdown$$00000000)
    __rt_lib_shutdown_fp_trap_1              0x080001af   Thumb Code     0  libshutdown2.o(.ARM.Collect$$libshutdown$$00000006)
    __rt_lib_shutdown_heap_1                 0x080001af   Thumb Code     0  libshutdown2.o(.ARM.Collect$$libshutdown$$0000000E)
    __rt_lib_shutdown_return                 0x080001af   Thumb Code     0  libshutdown2.o(.ARM.Collect$$libshutdown$$0000000F)
    __rt_lib_shutdown_signal_1               0x080001af   Thumb Code     0  libshutdown2.o(.ARM.Collect$$libshutdown$$00000009)
    __rt_lib_shutdown_stdio_1                0x080001af   Thumb Code     0  libshutdown2.o(.ARM.Collect$$libshutdown$$00000003)
    __rt_lib_shutdown_user_alloc_1           0x080001af   Thumb Code     0  libshutdown2.o(.ARM.Collect$$libshutdown$$0000000B)
    __rt_entry                               0x080001b1   Thumb Code     0  rtentry.o(.ARM.Collect$$rtentry$$00000000)
    __rt_entry_presh_1                       0x080001b1   Thumb Code     0  rtentry2.o(.ARM.Collect$$rtentry$$00000002)
    __rt_entry_sh                            0x080001b1   Thumb Code     0  rtentry4.o(.ARM.Collect$$rtentry$$00000004)
    __rt_entry_li                            0x080001b7   Thumb Code     0  rtentry2.o(.ARM.Collect$$rtentry$$0000000A)
    __rt_entry_postsh_1                      0x080001b7   Thumb Code     0  rtentry2.o(.ARM.Collect$$rtentry$$00000009)
    __rt_entry_main                          0x080001bb   Thumb Code     0  rtentry2.o(.ARM.Collect$$rtentry$$0000000D)
    __rt_entry_postli_1                      0x080001bb   Thumb Code     0  rtentry2.o(.ARM.Collect$$rtentry$$0000000C)
    __rt_exit                                0x080001c3   Thumb Code     0  rtexit.o(.ARM.Collect$$rtexit$$00000000)
    __rt_exit_ls                             0x080001c5   Thumb Code     0  rtexit2.o(.ARM.Collect$$rtexit$$00000003)
    __rt_exit_prels_1                        0x080001c5   Thumb Code     0  rtexit2.o(.ARM.Collect$$rtexit$$00000002)
    __rt_exit_exit                           0x080001c9   Thumb Code     0  rtexit2.o(.ARM.Collect$$rtexit$$00000004)
    Get_SerialNum                            0x080001d1   Thumb Code    24  main.o(.text)
    main                                     0x080001e9   Thumb Code   120  main.o(.text)
    GPIOInit                                 0x08000279   Thumb Code   208  systeminit.o(.text)
    SearchTemp                               0x08000371   Thumb Code    74  timer.o(.text)
    NVIC_Configuration                       0x080003bb   Thumb Code    60  timer.o(.text)
    Timerx_Init                              0x080003f7   Thumb Code    68  timer.o(.text)
    TIM3_IRQHandler                          0x0800043b   Thumb Code   258  timer.o(.text)
    usart_config                             0x08000579   Thumb Code   192  usart.o(.text)
    USART1_IRQHandler                        0x08000639   Thumb Code   196  usart.o(.text)
    usart_ReadRegister                       0x080006fd   Thumb Code   110  usart.o(.text)
    usart_WriteRegister                      0x0800076b   Thumb Code   110  usart.o(.text)
    usart_WriteMultipleRegister              0x080007d9   Thumb Code   198  usart.o(.text)
    modbus_dataUnpack_host                   0x0800089f   Thumb Code   424  usart.o(.text)
    RecoverFactoryPr                         0x08000a65   Thumb Code    78  syspr.o(.text)
    init_SoftWareVison                       0x08000ab3   Thumb Code    20  syspr.o(.text)
    init_userPr                              0x08000ac7   Thumb Code    66  syspr.o(.text)
    SysPrInit                                0x08000b09   Thumb Code    70  syspr.o(.text)
    IIC_Init                                 0x08000b69   Thumb Code    50  iic.o(.text)
    IIC_Start2                               0x08000b9b   Thumb Code    68  iic.o(.text)
    IIC_Start                                0x08000bdf   Thumb Code    84  iic.o(.text)
    IIC_Stop2                                0x08000c33   Thumb Code    62  iic.o(.text)
    IIC_Stop                                 0x08000c71   Thumb Code    90  iic.o(.text)
    IIC_Wait_Ack                             0x08000ccb   Thumb Code    86  iic.o(.text)
    IIC_Ack                                  0x08000d21   Thumb Code    66  iic.o(.text)
    IIC_NAck                                 0x08000d63   Thumb Code    66  iic.o(.text)
    IIC_Send_Byte                            0x08000da5   Thumb Code    90  iic.o(.text)
    IIC_Read_Byte                            0x08000dff   Thumb Code    98  iic.o(.text)
    AT24CXX_Init                             0x08000e6d   Thumb Code     8  24cxx.o(.text)
    AT24CXX_ReadOneByte                      0x08000e75   Thumb Code    84  24cxx.o(.text)
    AT24CXX_WriteOneByte                     0x08000ec9   Thumb Code    76  24cxx.o(.text)
    AT24CXX_WriteLenByte                     0x08000f15   Thumb Code    42  24cxx.o(.text)
    AT24CXX_ReadLenByte                      0x08000f3f   Thumb Code    44  24cxx.o(.text)
    AT24CXX_Check                            0x08000f6b   Thumb Code    46  24cxx.o(.text)
    AT24CXX_Read                             0x08000f99   Thumb Code    34  24cxx.o(.text)
    AT24CXX_Write                            0x08000fbb   Thumb Code    36  24cxx.o(.text)
    delay_init                               0x08000fe1   Thumb Code    52  delay.o(.text)
    delay_ms                                 0x08001015   Thumb Code    56  delay.o(.text)
    delay_us                                 0x0800104d   Thumb Code    56  delay.o(.text)
    delay                                    0x08001085   Thumb Code    10  delay.o(.text)
    RTC_NVIC_Config                          0x08001099   Thumb Code    34  rtc.o(.text)
    RTC_Get_Week                             0x080010bb   Thumb Code   116  rtc.o(.text)
    Is_Leap_Year                             0x0800112f   Thumb Code    58  rtc.o(.text)
    RTC_Get                                  0x08001169   Thumb Code   246  rtc.o(.text)
    RTC_Set                                  0x0800125f   Thumb Code   186  rtc.o(.text)
    RTC_Init                                 0x08001319   Thumb Code   186  rtc.o(.text)
    RTC_IRQHandler                           0x080013d3   Thumb Code    82  rtc.o(.text)
    str_cmpx                                 0x08001425   Thumb Code    36  rtc.o(.text)
    sendtobuff                               0x08001469   Thumb Code    46  menu.o(.text)
    sendtobuff_n                             0x08001497   Thumb Code    50  menu.o(.text)
    search                                   0x080014c9   Thumb Code    70  menu.o(.text)
    Lcd_MenuIndexCalculate                   0x0800150f   Thumb Code     2  menu.o(.text)
    Lcd_MenuPro                              0x08001511   Thumb Code     2  menu.o(.text)
    Lcd_KEYPro                               0x08001513   Thumb Code  4550  menu.o(.text)
    menu_fault_dis                           0x080026d9   Thumb Code     2  menu.o(.text)
    lcd_instancy_stop_menu                   0x080026db   Thumb Code     2  menu.o(.text)
    lcd_shake_stop_menu                      0x080026dd   Thumb Code     2  menu.o(.text)
    lcd_wash_complete_menu                   0x080026df   Thumb Code     2  menu.o(.text)
    menu_fault_page                          0x080026e1   Thumb Code     2  menu.o(.text)
    kp_menucur                               0x080026e3   Thumb Code    62  menu.o(.text)
    lcd_lastline                             0x08002721   Thumb Code   158  menu.o(.text)
    main_set_menu                            0x080027bf   Thumb Code   196  menu.o(.text)
    menu_second_page                         0x08002883   Thumb Code   438  menu.o(.text)
    menu_first_page                          0x08002a39   Thumb Code    72  menu.o(.text)
    disphex_asc_be                           0x08002a81   Thumb Code    42  menu.o(.text)
    disphex_asc_le                           0x08002aab   Thumb Code    62  menu.o(.text)
    lcd_mainmenu                             0x08002ae9   Thumb Code   320  menu.o(.text)
    LCDDisplay                               0x08002c29   Thumb Code   152  menu.o(.text)
    lcd_menu_one                             0x08002cc1   Thumb Code   976  menu.o(.text)
    lcd_menu_two                             0x08003091   Thumb Code   662  menu.o(.text)
    lcd_menu_three                           0x08003327   Thumb Code   502  menu.o(.text)
    lcd_menu_four                            0x0800351d   Thumb Code   450  menu.o(.text)
    lcd_menu_five                            0x080036df   Thumb Code   268  menu.o(.text)
    lcd_menu_six                             0x080037eb   Thumb Code   792  menu.o(.text)
    lcd_menu_seven                           0x08003b03   Thumb Code   310  menu.o(.text)
    lcd_menu_eight                           0x08003c39   Thumb Code   316  menu.o(.text)
    lcd_menu_nine                            0x08003d75   Thumb Code   530  menu.o(.text)
    lcd_menu_ten                             0x08003f87   Thumb Code   520  menu.o(.text)
    lcd_menu_eleven                          0x0800418f   Thumb Code   468  menu.o(.text)
    lcd_menu_twelve                          0x08004363   Thumb Code   358  menu.o(.text)
    lcd_menu_thirteen                        0x080044c9   Thumb Code   210  menu.o(.text)
    lcd_menu_fourteen                        0x0800459b   Thumb Code   536  menu.o(.text)
    lcd_menu_fifteen                         0x080047b3   Thumb Code   172  menu.o(.text)
    lcd_menu_sixteen                         0x0800485f   Thumb Code   172  menu.o(.text)
    menu_set_program                         0x0800490b   Thumb Code     2  menu.o(.text)
    menu_save_data                           0x0800490d   Thumb Code     2  menu.o(.text)
    ClearDisBuff                             0x08004935   Thumb Code    22  menu_sub.o(.text)
    Menu_SoftwareVersion                     0x0800494b   Thumb Code    90  menu_sub.o(.text)
    Menu_FaultRecord                         0x080049a5   Thumb Code     2  menu_sub.o(.text)
    M_999                                    0x080049a7   Thumb Code   206  menu_sub.o(.text)
    M_11                                     0x08004a75   Thumb Code   272  menu_sub.o(.text)
    M_12                                     0x08004b85   Thumb Code   110  menu_sub.o(.text)
    M_13                                     0x08004bf3   Thumb Code     2  menu_sub.o(.text)
    M_14                                     0x08004bf5   Thumb Code   144  menu_sub.o(.text)
    M_15                                     0x08004c85   Thumb Code   354  menu_sub.o(.text)
    M_16                                     0x08004de7   Thumb Code    54  menu_sub.o(.text)
    Menu_SetCalendar                         0x08004e1d   Thumb Code     2  menu_sub.o(.text)
    Menu_UserPrPro                           0x08004e1f   Thumb Code     2  menu_sub.o(.text)
    Menu_UserPrDis                           0x08004e21   Thumb Code     2  menu_sub.o(.text)
    Menu_FactoryPrPro                        0x08004e23   Thumb Code     2  menu_sub.o(.text)
    Menu_DebugPrPro                          0x08004e25   Thumb Code     2  menu_sub.o(.text)
    Menu_FaultRecordPro                      0x08004e27   Thumb Code     2  menu_sub.o(.text)
    Menu_UserPasswordPro                     0x08004e29   Thumb Code     2  menu_sub.o(.text)
    Password_Check                           0x08004e2b   Thumb Code     2  menu_sub.o(.text)
    Password_Set                             0x08004e2d   Thumb Code     2  menu_sub.o(.text)
    Password_Show                            0x08004e2f   Thumb Code     2  menu_sub.o(.text)
    KeyScan                                  0x08004e3d   Thumb Code   424  key.o(.text)
    crc16                                    0x0800501d   Thumb Code    48  crc.o(.text)
    wait                                     0x08005055   Thumb Code    12  lcd_display.o(.text)
    check_sta01                              0x08005061   Thumb Code    80  lcd_display.o(.text)
    check_sta3                               0x080050b1   Thumb Code    80  lcd_display.o(.text)
    write_data                               0x08005101   Thumb Code    68  lcd_display.o(.text)
    write_com                                0x08005145   Thumb Code    68  lcd_display.o(.text)
    write_reg                                0x08005189   Thumb Code    28  lcd_display.o(.text)
    init_LCD                                 0x080051a5   Thumb Code    52  lcd_display.o(.text)
    init_sap1024                             0x080051d9   Thumb Code    76  lcd_display.o(.text)
    lcd_WordSearch                           0x08005225   Thumb Code    50  lcd_display.o(.text)
    lcd_ByteSearch                           0x08005257   Thumb Code    42  lcd_display.o(.text)
    lcd_wru16                                0x08005281   Thumb Code   254  lcd_display.o(.text)
    lcd_wru8                                 0x0800537f   Thumb Code   156  lcd_display.o(.text)
    lcd_wrstring                             0x0800541b   Thumb Code   120  lcd_display.o(.text)
    lcd_wrpicture                            0x08005493   Thumb Code   132  lcd_display.o(.text)
    lcd_drawpane                             0x08005517   Thumb Code   110  lcd_display.o(.text)
    hex_to_asc_b                             0x08005585   Thumb Code    42  lcd_display.o(.text)
    hex_to_asc                               0x080055af   Thumb Code   104  lcd_display.o(.text)
    lcd_wrstring_num                         0x08005617   Thumb Code   114  lcd_display.o(.text)
    NVIC_PriorityGroupConfig                 0x08005691   Thumb Code    10  misc.o(.text)
    NVIC_Init                                0x0800569b   Thumb Code   100  misc.o(.text)
    NVIC_SetVectorTable                      0x080056ff   Thumb Code    14  misc.o(.text)
    NVIC_SystemLPConfig                      0x0800570d   Thumb Code    34  misc.o(.text)
    SysTick_CLKSourceConfig                  0x0800572f   Thumb Code    40  misc.o(.text)
    RCC_DeInit                               0x0800576d   Thumb Code    64  stm32f10x_rcc.o(.text)
    RCC_HSEConfig                            0x080057ad   Thumb Code    70  stm32f10x_rcc.o(.text)
    RCC_GetFlagStatus                        0x080057f3   Thumb Code    56  stm32f10x_rcc.o(.text)
    RCC_WaitForHSEStartUp                    0x0800582b   Thumb Code    56  stm32f10x_rcc.o(.text)
    RCC_AdjustHSICalibrationValue            0x08005863   Thumb Code    20  stm32f10x_rcc.o(.text)
    RCC_HSICmd                               0x08005877   Thumb Code     6  stm32f10x_rcc.o(.text)
    RCC_PLLConfig                            0x0800587d   Thumb Code    24  stm32f10x_rcc.o(.text)
    RCC_PLLCmd                               0x08005895   Thumb Code     6  stm32f10x_rcc.o(.text)
    RCC_SYSCLKConfig                         0x0800589b   Thumb Code    18  stm32f10x_rcc.o(.text)
    RCC_GetSYSCLKSource                      0x080058ad   Thumb Code    10  stm32f10x_rcc.o(.text)
    RCC_HCLKConfig                           0x080058b7   Thumb Code    18  stm32f10x_rcc.o(.text)
    RCC_PCLK1Config                          0x080058c9   Thumb Code    18  stm32f10x_rcc.o(.text)
    RCC_PCLK2Config                          0x080058db   Thumb Code    20  stm32f10x_rcc.o(.text)
    RCC_ITConfig                             0x080058ef   Thumb Code    26  stm32f10x_rcc.o(.text)
    RCC_USBCLKConfig                         0x08005909   Thumb Code     8  stm32f10x_rcc.o(.text)
    RCC_ADCCLKConfig                         0x08005911   Thumb Code    18  stm32f10x_rcc.o(.text)
    RCC_LSEConfig                            0x08005923   Thumb Code    50  stm32f10x_rcc.o(.text)
    RCC_LSICmd                               0x08005955   Thumb Code     6  stm32f10x_rcc.o(.text)
    RCC_RTCCLKConfig                         0x0800595b   Thumb Code    12  stm32f10x_rcc.o(.text)
    RCC_RTCCLKCmd                            0x08005967   Thumb Code     8  stm32f10x_rcc.o(.text)
    RCC_GetClocksFreq                        0x0800596f   Thumb Code   192  stm32f10x_rcc.o(.text)
    RCC_AHBPeriphClockCmd                    0x08005a2f   Thumb Code    26  stm32f10x_rcc.o(.text)
    RCC_APB2PeriphClockCmd                   0x08005a49   Thumb Code    26  stm32f10x_rcc.o(.text)
    RCC_APB1PeriphClockCmd                   0x08005a63   Thumb Code    26  stm32f10x_rcc.o(.text)
    RCC_APB2PeriphResetCmd                   0x08005a7d   Thumb Code    26  stm32f10x_rcc.o(.text)
    RCC_APB1PeriphResetCmd                   0x08005a97   Thumb Code    26  stm32f10x_rcc.o(.text)
    RCC_BackupResetCmd                       0x08005ab1   Thumb Code     8  stm32f10x_rcc.o(.text)
    RCC_ClockSecuritySystemCmd               0x08005ab9   Thumb Code     6  stm32f10x_rcc.o(.text)
    RCC_MCOConfig                            0x08005abf   Thumb Code     6  stm32f10x_rcc.o(.text)
    RCC_ClearFlag                            0x08005ac5   Thumb Code    14  stm32f10x_rcc.o(.text)
    RCC_GetITStatus                          0x08005ad3   Thumb Code    20  stm32f10x_rcc.o(.text)
    RCC_ClearITPendingBit                    0x08005ae7   Thumb Code     6  stm32f10x_rcc.o(.text)
    RTC_ITConfig                             0x08005b11   Thumb Code    26  stm32f10x_rtc.o(.text)
    RTC_EnterConfigMode                      0x08005b2b   Thumb Code    18  stm32f10x_rtc.o(.text)
    RTC_ExitConfigMode                       0x08005b3d   Thumb Code    20  stm32f10x_rtc.o(.text)
    RTC_GetCounter                           0x08005b51   Thumb Code    18  stm32f10x_rtc.o(.text)
    RTC_SetCounter                           0x08005b63   Thumb Code    26  stm32f10x_rtc.o(.text)
    RTC_SetPrescaler                         0x08005b7d   Thumb Code    28  stm32f10x_rtc.o(.text)
    RTC_SetAlarm                             0x08005b99   Thumb Code    26  stm32f10x_rtc.o(.text)
    RTC_GetDivider                           0x08005bb3   Thumb Code    22  stm32f10x_rtc.o(.text)
    RTC_WaitForLastTask                      0x08005bc9   Thumb Code    18  stm32f10x_rtc.o(.text)
    RTC_WaitForSynchro                       0x08005bdb   Thumb Code    36  stm32f10x_rtc.o(.text)
    RTC_GetFlagStatus                        0x08005bff   Thumb Code    22  stm32f10x_rtc.o(.text)
    RTC_ClearFlag                            0x08005c15   Thumb Code    16  stm32f10x_rtc.o(.text)
    RTC_GetITStatus                          0x08005c25   Thumb Code    32  stm32f10x_rtc.o(.text)
    RTC_ClearITPendingBit                    0x08005c45   Thumb Code    16  stm32f10x_rtc.o(.text)
    TIM_DeInit                               0x08005c59   Thumb Code   424  stm32f10x_tim.o(.text)
    TIM_TimeBaseInit                         0x08005e01   Thumb Code   122  stm32f10x_tim.o(.text)
    TIM_OC1Init                              0x08005e7b   Thumb Code   132  stm32f10x_tim.o(.text)
    TIM_OC2Init                              0x08005eff   Thumb Code   154  stm32f10x_tim.o(.text)
    TIM_OC3Init                              0x08005f99   Thumb Code   150  stm32f10x_tim.o(.text)
    TIM_OC4Init                              0x0800602f   Thumb Code   182  stm32f10x_tim.o(.text)
    TIM_SetIC4Prescaler                      0x080060e5   Thumb Code    26  stm32f10x_tim.o(.text)
    TIM_SetIC3Prescaler                      0x08006181   Thumb Code    18  stm32f10x_tim.o(.text)
    TIM_SetIC2Prescaler                      0x0800620d   Thumb Code    26  stm32f10x_tim.o(.text)
    TIM_SetIC1Prescaler                      0x080062a9   Thumb Code    18  stm32f10x_tim.o(.text)
    TIM_ICInit                               0x08006327   Thumb Code   150  stm32f10x_tim.o(.text)
    TIM_PWMIConfig                           0x080063bd   Thumb Code   124  stm32f10x_tim.o(.text)
    TIM_BDTRConfig                           0x08006439   Thumb Code    32  stm32f10x_tim.o(.text)
    TIM_TimeBaseStructInit                   0x08006459   Thumb Code    18  stm32f10x_tim.o(.text)
    TIM_OCStructInit                         0x0800646b   Thumb Code    20  stm32f10x_tim.o(.text)
    TIM_ICStructInit                         0x0800647f   Thumb Code    18  stm32f10x_tim.o(.text)
    TIM_BDTRStructInit                       0x08006491   Thumb Code    40  stm32f10x_tim.o(.text)
    TIM_Cmd                                  0x080064b9   Thumb Code    24  stm32f10x_tim.o(.text)
    TIM_CtrlPWMOutputs                       0x080064d1   Thumb Code    30  stm32f10x_tim.o(.text)
    TIM_ITConfig                             0x080064ef   Thumb Code    18  stm32f10x_tim.o(.text)
    TIM_GenerateEvent                        0x08006501   Thumb Code     4  stm32f10x_tim.o(.text)
    TIM_DMAConfig                            0x08006505   Thumb Code    10  stm32f10x_tim.o(.text)
    TIM_DMACmd                               0x0800650f   Thumb Code    18  stm32f10x_tim.o(.text)
    TIM_InternalClockConfig                  0x08006521   Thumb Code    12  stm32f10x_tim.o(.text)
    TIM_SelectInputTrigger                   0x0800652d   Thumb Code    18  stm32f10x_tim.o(.text)
    TIM_ITRxExternalClockConfig              0x0800653f   Thumb Code    24  stm32f10x_tim.o(.text)
    TIM_TIxExternalClockConfig               0x08006557   Thumb Code    62  stm32f10x_tim.o(.text)
    TIM_ETRConfig                            0x08006595   Thumb Code    28  stm32f10x_tim.o(.text)
    TIM_ETRClockMode1Config                  0x080065b1   Thumb Code    54  stm32f10x_tim.o(.text)
    TIM_ETRClockMode2Config                  0x080065e7   Thumb Code    32  stm32f10x_tim.o(.text)
    TIM_PrescalerConfig                      0x08006607   Thumb Code     6  stm32f10x_tim.o(.text)
    TIM_CounterModeConfig                    0x0800660d   Thumb Code    18  stm32f10x_tim.o(.text)
    TIM_EncoderInterfaceConfig               0x0800661f   Thumb Code    66  stm32f10x_tim.o(.text)
    TIM_ForcedOC1Config                      0x08006661   Thumb Code    18  stm32f10x_tim.o(.text)
    TIM_ForcedOC2Config                      0x08006673   Thumb Code    26  stm32f10x_tim.o(.text)
    TIM_ForcedOC3Config                      0x0800668d   Thumb Code    18  stm32f10x_tim.o(.text)
    TIM_ForcedOC4Config                      0x0800669f   Thumb Code    26  stm32f10x_tim.o(.text)
    TIM_ARRPreloadConfig                     0x080066b9   Thumb Code    24  stm32f10x_tim.o(.text)
    TIM_SelectCOM                            0x080066d1   Thumb Code    24  stm32f10x_tim.o(.text)
    TIM_SelectCCDMA                          0x080066e9   Thumb Code    24  stm32f10x_tim.o(.text)
    TIM_CCPreloadControl                     0x08006701   Thumb Code    24  stm32f10x_tim.o(.text)
    TIM_OC1PreloadConfig                     0x08006719   Thumb Code    18  stm32f10x_tim.o(.text)
    TIM_OC2PreloadConfig                     0x0800672b   Thumb Code    26  stm32f10x_tim.o(.text)
    TIM_OC3PreloadConfig                     0x08006745   Thumb Code    18  stm32f10x_tim.o(.text)
    TIM_OC4PreloadConfig                     0x08006757   Thumb Code    26  stm32f10x_tim.o(.text)
    TIM_OC1FastConfig                        0x08006771   Thumb Code    18  stm32f10x_tim.o(.text)
    TIM_OC2FastConfig                        0x08006783   Thumb Code    26  stm32f10x_tim.o(.text)
    TIM_OC3FastConfig                        0x0800679d   Thumb Code    18  stm32f10x_tim.o(.text)
    TIM_OC4FastConfig                        0x080067af   Thumb Code    26  stm32f10x_tim.o(.text)
    TIM_ClearOC1Ref                          0x080067c9   Thumb Code    18  stm32f10x_tim.o(.text)
    TIM_ClearOC2Ref                          0x080067db   Thumb Code    24  stm32f10x_tim.o(.text)
    TIM_ClearOC3Ref                          0x080067f3   Thumb Code    18  stm32f10x_tim.o(.text)
    TIM_ClearOC4Ref                          0x08006805   Thumb Code    24  stm32f10x_tim.o(.text)
    TIM_OC1PolarityConfig                    0x0800681d   Thumb Code    18  stm32f10x_tim.o(.text)
    TIM_OC1NPolarityConfig                   0x0800682f   Thumb Code    18  stm32f10x_tim.o(.text)
    TIM_OC2PolarityConfig                    0x08006841   Thumb Code    26  stm32f10x_tim.o(.text)
    TIM_OC2NPolarityConfig                   0x0800685b   Thumb Code    26  stm32f10x_tim.o(.text)
    TIM_OC3PolarityConfig                    0x08006875   Thumb Code    26  stm32f10x_tim.o(.text)
    TIM_OC3NPolarityConfig                   0x0800688f   Thumb Code    26  stm32f10x_tim.o(.text)
    TIM_OC4PolarityConfig                    0x080068a9   Thumb Code    26  stm32f10x_tim.o(.text)
    TIM_CCxCmd                               0x080068c3   Thumb Code    30  stm32f10x_tim.o(.text)
    TIM_CCxNCmd                              0x080068e1   Thumb Code    30  stm32f10x_tim.o(.text)
    TIM_SelectOCxM                           0x080068ff   Thumb Code    82  stm32f10x_tim.o(.text)
    TIM_UpdateDisableConfig                  0x08006951   Thumb Code    24  stm32f10x_tim.o(.text)
    TIM_UpdateRequestConfig                  0x08006969   Thumb Code    24  stm32f10x_tim.o(.text)
    TIM_SelectHallSensor                     0x08006981   Thumb Code    24  stm32f10x_tim.o(.text)
    TIM_SelectOnePulseMode                   0x08006999   Thumb Code    18  stm32f10x_tim.o(.text)
    TIM_SelectOutputTrigger                  0x080069ab   Thumb Code    18  stm32f10x_tim.o(.text)
    TIM_SelectSlaveMode                      0x080069bd   Thumb Code    18  stm32f10x_tim.o(.text)
    TIM_SelectMasterSlaveMode                0x080069cf   Thumb Code    18  stm32f10x_tim.o(.text)
    TIM_SetCounter                           0x080069e1   Thumb Code     4  stm32f10x_tim.o(.text)
    TIM_SetAutoreload                        0x080069e5   Thumb Code     4  stm32f10x_tim.o(.text)
    TIM_SetCompare1                          0x080069e9   Thumb Code     4  stm32f10x_tim.o(.text)
    TIM_SetCompare2                          0x080069ed   Thumb Code     4  stm32f10x_tim.o(.text)
    TIM_SetCompare3                          0x080069f1   Thumb Code     4  stm32f10x_tim.o(.text)
    TIM_SetCompare4                          0x080069f5   Thumb Code     6  stm32f10x_tim.o(.text)
    TIM_SetClockDivision                     0x080069fb   Thumb Code    18  stm32f10x_tim.o(.text)
    TIM_GetCapture1                          0x08006a0d   Thumb Code     6  stm32f10x_tim.o(.text)
    TIM_GetCapture2                          0x08006a13   Thumb Code     6  stm32f10x_tim.o(.text)
    TIM_GetCapture3                          0x08006a19   Thumb Code     6  stm32f10x_tim.o(.text)
    TIM_GetCapture4                          0x08006a1f   Thumb Code     8  stm32f10x_tim.o(.text)
    TIM_GetCounter                           0x08006a27   Thumb Code     6  stm32f10x_tim.o(.text)
    TIM_GetPrescaler                         0x08006a2d   Thumb Code     6  stm32f10x_tim.o(.text)
    TIM_GetFlagStatus                        0x08006a33   Thumb Code    18  stm32f10x_tim.o(.text)
    TIM_ClearFlag                            0x08006a45   Thumb Code     6  stm32f10x_tim.o(.text)
    TIM_GetITStatus                          0x08006a4b   Thumb Code    34  stm32f10x_tim.o(.text)
    TIM_ClearITPendingBit                    0x08006a6d   Thumb Code     6  stm32f10x_tim.o(.text)
    USART_DeInit                             0x08006a75   Thumb Code   134  stm32f10x_usart.o(.text)
    USART_Init                               0x08006afb   Thumb Code   210  stm32f10x_usart.o(.text)
    USART_StructInit                         0x08006bcd   Thumb Code    24  stm32f10x_usart.o(.text)
    USART_ClockInit                          0x08006be5   Thumb Code    34  stm32f10x_usart.o(.text)
    USART_ClockStructInit                    0x08006c07   Thumb Code    12  stm32f10x_usart.o(.text)
    USART_Cmd                                0x08006c13   Thumb Code    24  stm32f10x_usart.o(.text)
    USART_ITConfig                           0x08006c2b   Thumb Code    74  stm32f10x_usart.o(.text)
    USART_DMACmd                             0x08006c75   Thumb Code    18  stm32f10x_usart.o(.text)
    USART_SetAddress                         0x08006c87   Thumb Code    18  stm32f10x_usart.o(.text)
    USART_WakeUpConfig                       0x08006c99   Thumb Code    18  stm32f10x_usart.o(.text)
    USART_ReceiverWakeUpCmd                  0x08006cab   Thumb Code    24  stm32f10x_usart.o(.text)
    USART_LINBreakDetectLengthConfig         0x08006cc3   Thumb Code    18  stm32f10x_usart.o(.text)
    USART_LINCmd                             0x08006cd5   Thumb Code    24  stm32f10x_usart.o(.text)
    USART_SendData                           0x08006ced   Thumb Code     8  stm32f10x_usart.o(.text)
    USART_ReceiveData                        0x08006cf5   Thumb Code    10  stm32f10x_usart.o(.text)
    USART_SendBreak                          0x08006cff   Thumb Code    10  stm32f10x_usart.o(.text)
    USART_SetGuardTime                       0x08006d09   Thumb Code    16  stm32f10x_usart.o(.text)
    USART_SetPrescaler                       0x08006d19   Thumb Code    16  stm32f10x_usart.o(.text)
    USART_SmartCardCmd                       0x08006d29   Thumb Code    24  stm32f10x_usart.o(.text)
    USART_SmartCardNACKCmd                   0x08006d41   Thumb Code    24  stm32f10x_usart.o(.text)
    USART_HalfDuplexCmd                      0x08006d59   Thumb Code    24  stm32f10x_usart.o(.text)
    USART_OverSampling8Cmd                   0x08006d71   Thumb Code    22  stm32f10x_usart.o(.text)
    USART_OneBitMethodCmd                    0x08006d87   Thumb Code    24  stm32f10x_usart.o(.text)
    USART_IrDAConfig                         0x08006d9f   Thumb Code    18  stm32f10x_usart.o(.text)
    USART_IrDACmd                            0x08006db1   Thumb Code    24  stm32f10x_usart.o(.text)
    USART_GetFlagStatus                      0x08006dc9   Thumb Code    26  stm32f10x_usart.o(.text)
    USART_ClearFlag                          0x08006de3   Thumb Code    18  stm32f10x_usart.o(.text)
    USART_GetITStatus                        0x08006df5   Thumb Code    84  stm32f10x_usart.o(.text)
    USART_ClearITPendingBit                  0x08006e49   Thumb Code    52  stm32f10x_usart.o(.text)
    BKP_DeInit                               0x08006e7d   Thumb Code    16  stm32f10x_bkp.o(.text)
    BKP_TamperPinLevelConfig                 0x08006e8d   Thumb Code     6  stm32f10x_bkp.o(.text)
    BKP_TamperPinCmd                         0x08006e93   Thumb Code     8  stm32f10x_bkp.o(.text)
    BKP_ITConfig                             0x08006e9b   Thumb Code     8  stm32f10x_bkp.o(.text)
    BKP_RTCOutputConfig                      0x08006ea3   Thumb Code    22  stm32f10x_bkp.o(.text)
    BKP_SetRTCCalibrationValue               0x08006eb9   Thumb Code    22  stm32f10x_bkp.o(.text)
    BKP_WriteBackupRegister                  0x08006ecf   Thumb Code    24  stm32f10x_bkp.o(.text)
    BKP_ReadBackupRegister                   0x08006ee7   Thumb Code    26  stm32f10x_bkp.o(.text)
    BKP_GetFlagStatus                        0x08006f01   Thumb Code    10  stm32f10x_bkp.o(.text)
    BKP_ClearFlag                            0x08006f0b   Thumb Code    18  stm32f10x_bkp.o(.text)
    BKP_GetITStatus                          0x08006f1d   Thumb Code    10  stm32f10x_bkp.o(.text)
    BKP_ClearITPendingBit                    0x08006f27   Thumb Code    18  stm32f10x_bkp.o(.text)
    PWR_DeInit                               0x08006f41   Thumb Code    22  stm32f10x_pwr.o(.text)
    PWR_BackupAccessCmd                      0x08006f57   Thumb Code     6  stm32f10x_pwr.o(.text)
    PWR_PVDCmd                               0x08006f5d   Thumb Code     6  stm32f10x_pwr.o(.text)
    PWR_PVDLevelConfig                       0x08006f63   Thumb Code    18  stm32f10x_pwr.o(.text)
    PWR_WakeUpPinCmd                         0x08006f75   Thumb Code     8  stm32f10x_pwr.o(.text)
    PWR_EnterSTOPMode                        0x08006f7d   Thumb Code    54  stm32f10x_pwr.o(.text)
    PWR_EnterSTANDBYMode                     0x08006fb3   Thumb Code    42  stm32f10x_pwr.o(.text)
    PWR_GetFlagStatus                        0x08006fdd   Thumb Code    20  stm32f10x_pwr.o(.text)
    PWR_ClearFlag                            0x08006ff1   Thumb Code    14  stm32f10x_pwr.o(.text)
    GPIO_DeInit                              0x0800700d   Thumb Code   172  stm32f10x_gpio.o(.text)
    GPIO_AFIODeInit                          0x080070b9   Thumb Code    20  stm32f10x_gpio.o(.text)
    GPIO_Init                                0x080070cd   Thumb Code   278  stm32f10x_gpio.o(.text)
    GPIO_StructInit                          0x080071e3   Thumb Code    16  stm32f10x_gpio.o(.text)
    GPIO_ReadInputDataBit                    0x080071f3   Thumb Code    18  stm32f10x_gpio.o(.text)
    GPIO_ReadInputData                       0x08007205   Thumb Code     8  stm32f10x_gpio.o(.text)
    GPIO_ReadOutputDataBit                   0x0800720d   Thumb Code    18  stm32f10x_gpio.o(.text)
    GPIO_ReadOutputData                      0x0800721f   Thumb Code     8  stm32f10x_gpio.o(.text)
    GPIO_SetBits                             0x08007227   Thumb Code     4  stm32f10x_gpio.o(.text)
    GPIO_ResetBits                           0x0800722b   Thumb Code     4  stm32f10x_gpio.o(.text)
    GPIO_WriteBit                            0x0800722f   Thumb Code    10  stm32f10x_gpio.o(.text)
    GPIO_Write                               0x08007239   Thumb Code     4  stm32f10x_gpio.o(.text)
    GPIO_PinLockConfig                       0x0800723d   Thumb Code    18  stm32f10x_gpio.o(.text)
    GPIO_EventOutputConfig                   0x0800724f   Thumb Code    26  stm32f10x_gpio.o(.text)
    GPIO_EventOutputCmd                      0x08007269   Thumb Code     6  stm32f10x_gpio.o(.text)
    GPIO_PinRemapConfig                      0x0800726f   Thumb Code   138  stm32f10x_gpio.o(.text)
    GPIO_EXTILineConfig                      0x080072f9   Thumb Code    66  stm32f10x_gpio.o(.text)
    GPIO_ETH_MediaInterfaceConfig            0x0800733b   Thumb Code     8  stm32f10x_gpio.o(.text)
    Reset_Handler                            0x08007369   Thumb Code     8  startup_stm32f10x_md.o(.text)
    ADC1_2_IRQHandler                        0x08007383   Thumb Code     0  startup_stm32f10x_md.o(.text)
    CAN1_RX1_IRQHandler                      0x08007383   Thumb Code     0  startup_stm32f10x_md.o(.text)
    CAN1_SCE_IRQHandler                      0x08007383   Thumb Code     0  startup_stm32f10x_md.o(.text)
    DMA1_Channel1_IRQHandler                 0x08007383   Thumb Code     0  startup_stm32f10x_md.o(.text)
    DMA1_Channel2_IRQHandler                 0x08007383   Thumb Code     0  startup_stm32f10x_md.o(.text)
    DMA1_Channel3_IRQHandler                 0x08007383   Thumb Code     0  startup_stm32f10x_md.o(.text)
    DMA1_Channel4_IRQHandler                 0x08007383   Thumb Code     0  startup_stm32f10x_md.o(.text)
    DMA1_Channel5_IRQHandler                 0x08007383   Thumb Code     0  startup_stm32f10x_md.o(.text)
    DMA1_Channel6_IRQHandler                 0x08007383   Thumb Code     0  startup_stm32f10x_md.o(.text)
    DMA1_Channel7_IRQHandler                 0x08007383   Thumb Code     0  startup_stm32f10x_md.o(.text)
    EXTI0_IRQHandler                         0x08007383   Thumb Code     0  startup_stm32f10x_md.o(.text)
    EXTI15_10_IRQHandler                     0x08007383   Thumb Code     0  startup_stm32f10x_md.o(.text)
    EXTI1_IRQHandler                         0x08007383   Thumb Code     0  startup_stm32f10x_md.o(.text)
    EXTI2_IRQHandler                         0x08007383   Thumb Code     0  startup_stm32f10x_md.o(.text)
    EXTI3_IRQHandler                         0x08007383   Thumb Code     0  startup_stm32f10x_md.o(.text)
    EXTI4_IRQHandler                         0x08007383   Thumb Code     0  startup_stm32f10x_md.o(.text)
    EXTI9_5_IRQHandler                       0x08007383   Thumb Code     0  startup_stm32f10x_md.o(.text)
    FLASH_IRQHandler                         0x08007383   Thumb Code     0  startup_stm32f10x_md.o(.text)
    I2C1_ER_IRQHandler                       0x08007383   Thumb Code     0  startup_stm32f10x_md.o(.text)
    I2C1_EV_IRQHandler                       0x08007383   Thumb Code     0  startup_stm32f10x_md.o(.text)
    I2C2_ER_IRQHandler                       0x08007383   Thumb Code     0  startup_stm32f10x_md.o(.text)
    I2C2_EV_IRQHandler                       0x08007383   Thumb Code     0  startup_stm32f10x_md.o(.text)
    PVD_IRQHandler                           0x08007383   Thumb Code     0  startup_stm32f10x_md.o(.text)
    RCC_IRQHandler                           0x08007383   Thumb Code     0  startup_stm32f10x_md.o(.text)
    RTCAlarm_IRQHandler                      0x08007383   Thumb Code     0  startup_stm32f10x_md.o(.text)
    SPI1_IRQHandler                          0x08007383   Thumb Code     0  startup_stm32f10x_md.o(.text)
    SPI2_IRQHandler                          0x08007383   Thumb Code     0  startup_stm32f10x_md.o(.text)
    TAMPER_IRQHandler                        0x08007383   Thumb Code     0  startup_stm32f10x_md.o(.text)
    TIM1_BRK_IRQHandler                      0x08007383   Thumb Code     0  startup_stm32f10x_md.o(.text)
    TIM1_CC_IRQHandler                       0x08007383   Thumb Code     0  startup_stm32f10x_md.o(.text)
    TIM1_TRG_COM_IRQHandler                  0x08007383   Thumb Code     0  startup_stm32f10x_md.o(.text)
    TIM1_UP_IRQHandler                       0x08007383   Thumb Code     0  startup_stm32f10x_md.o(.text)
    TIM2_IRQHandler                          0x08007383   Thumb Code     0  startup_stm32f10x_md.o(.text)
    TIM4_IRQHandler                          0x08007383   Thumb Code     0  startup_stm32f10x_md.o(.text)
    USART2_IRQHandler                        0x08007383   Thumb Code     0  startup_stm32f10x_md.o(.text)
    USART3_IRQHandler                        0x08007383   Thumb Code     0  startup_stm32f10x_md.o(.text)
    USBWakeUp_IRQHandler                     0x08007383   Thumb Code     0  startup_stm32f10x_md.o(.text)
    USB_HP_CAN1_TX_IRQHandler                0x08007383   Thumb Code     0  startup_stm32f10x_md.o(.text)
    USB_LP_CAN1_RX0_IRQHandler               0x08007383   Thumb Code     0  startup_stm32f10x_md.o(.text)
    WWDG_IRQHandler                          0x08007383   Thumb Code     0  startup_stm32f10x_md.o(.text)
    __user_initial_stackheap                 0x08007385   Thumb Code     0  startup_stm32f10x_md.o(.text)
    SystemInit                               0x08007487   Thumb Code    78  system_stm32f10x.o(.text)
    SystemCoreClockUpdate                    0x080074d5   Thumb Code   142  system_stm32f10x.o(.text)
    NMI_Handler                              0x08007589   Thumb Code     2  stm32f10x_it.o(.text)
    HardFault_Handler                        0x0800758b   Thumb Code     4  stm32f10x_it.o(.text)
    MemManage_Handler                        0x0800758f   Thumb Code     4  stm32f10x_it.o(.text)
    BusFault_Handler                         0x08007593   Thumb Code     4  stm32f10x_it.o(.text)
    UsageFault_Handler                       0x08007597   Thumb Code     4  stm32f10x_it.o(.text)
    SVC_Handler                              0x0800759b   Thumb Code     2  stm32f10x_it.o(.text)
    DebugMon_Handler                         0x0800759d   Thumb Code     2  stm32f10x_it.o(.text)
    PendSV_Handler                           0x0800759f   Thumb Code     2  stm32f10x_it.o(.text)
    SysTick_Handler                          0x080075a1   Thumb Code     2  stm32f10x_it.o(.text)
    __aeabi_memcpy4                          0x080075a3   Thumb Code     0  rt_memcpy_w.o(.text)
    __aeabi_memcpy8                          0x080075a3   Thumb Code     0  rt_memcpy_w.o(.text)
    __rt_memcpy_w                            0x080075a3   Thumb Code   100  rt_memcpy_w.o(.text)
    _memcpy_lastbytes_aligned                0x080075eb   Thumb Code     0  rt_memcpy_w.o(.text)
    strncpy                                  0x08007607   Thumb Code    86  strncpy.o(.text)
    __use_two_region_memory                  0x0800765d   Thumb Code     2  heapauxi.o(.text)
    __rt_heap_escrow$2region                 0x0800765f   Thumb Code     2  heapauxi.o(.text)
    __rt_heap_expand$2region                 0x08007661   Thumb Code     2  heapauxi.o(.text)
    __aeabi_memclr                           0x08007663   Thumb Code     0  rt_memclr.o(.text)
    __rt_memclr                              0x08007663   Thumb Code    68  rt_memclr.o(.text)
    _memset                                  0x08007667   Thumb Code     0  rt_memclr.o(.text)
    __aeabi_memclr4                          0x080076a7   Thumb Code     0  rt_memclr_w.o(.text)
    __aeabi_memclr8                          0x080076a7   Thumb Code     0  rt_memclr_w.o(.text)
    __rt_memclr_w                            0x080076a7   Thumb Code    78  rt_memclr_w.o(.text)
    _memset_w                                0x080076ab   Thumb Code     0  rt_memclr_w.o(.text)
    __user_setup_stackheap                   0x080076f5   Thumb Code    74  sys_stackheap_outer.o(.text)
    exit                                     0x0800773f   Thumb Code    12  exit.o(.text)
    __user_libspace                          0x0800774d   Thumb Code     8  libspace.o(.text)
    __user_perproc_libspace                  0x0800774d   Thumb Code     0  libspace.o(.text)
    __user_perthread_libspace                0x0800774d   Thumb Code     0  libspace.o(.text)
    _sys_exit                                0x08007755   Thumb Code     8  sys_exit.o(.text)
    __I$use$semihosting                      0x08007761   Thumb Code     0  use_no_semi.o(.text)
    __use_no_semihosting_swi                 0x08007761   Thumb Code     2  use_no_semi.o(.text)
    P01_parameter                            0x08007762   Data         136  syspr.o(.constdata)
    __semihosting_library_function           0x08007763   Thumb Code     0  indicate_semi.o(.text)
    hanzi                                    0x080077ea   Data       11235  ziku.o(.constdata)
    table_week                               0x0800a3cd   Data          12  rtc.o(.constdata)
    mon_table                                0x0800a3d9   Data          12  rtc.o(.constdata)
    auchCRCHi                                0x0800a3fd   Data         256  crc.o(.constdata)
    auchCRCLo                                0x0800a4fd   Data         256  crc.o(.constdata)
    Region$$Table$$Base                      0x0800a600   Number         0  anon$$obj.o(Region$$Table)
    Region$$Table$$Limit                     0x0800a620   Number         0  anon$$obj.o(Region$$Table)
    ad_ps1                                   0x20000004   Data           2  timer.o(.data)
    ad_ps2                                   0x20000006   Data           2  timer.o(.data)
    ad_temp1                                 0x20000008   Data           2  timer.o(.data)
    ad_temp2                                 0x2000000a   Data           2  timer.o(.data)
    ad_motor_ia                              0x2000000c   Data           2  timer.o(.data)
    ad_motor_ib                              0x2000000e   Data           2  timer.o(.data)
    ad_motor_ic                              0x20000010   Data           2  timer.o(.data)
    ad_fun_ia                                0x20000012   Data           2  timer.o(.data)
    ad_fun_ib                                0x20000014   Data           2  timer.o(.data)
    ad_fun_ic                                0x20000016   Data           2  timer.o(.data)
    ad_ua                                    0x20000018   Data           2  timer.o(.data)
    ad_ub                                    0x2000001a   Data           2  timer.o(.data)
    ad_uc                                    0x2000001c   Data           2  timer.o(.data)
    dis_ad_ps1                               0x2000001e   Data           2  timer.o(.data)
    dis_ad_temp1                             0x20000020   Data           2  timer.o(.data)
    dis_ad_motor_ia                          0x20000022   Data           2  timer.o(.data)
    dis_ad_motor_ib                          0x20000024   Data           2  timer.o(.data)
    dis_ad_motor_ic                          0x20000026   Data           2  timer.o(.data)
    dis_ad_fun_ia                            0x20000028   Data           2  timer.o(.data)
    dis_ad_fun_ib                            0x2000002a   Data           2  timer.o(.data)
    dis_ad_fun_ic                            0x2000002c   Data           2  timer.o(.data)
    dis_ad_ua                                0x2000002e   Data           2  timer.o(.data)
    dis_ad_ub                                0x20000030   Data           2  timer.o(.data)
    dis_ad_uc                                0x20000032   Data           2  timer.o(.data)
    flag_fun_ia_fu                           0x20000034   Data           1  timer.o(.data)
    flag_fun_ib_fu                           0x20000035   Data           1  timer.o(.data)
    flag_motor_ia_fu                         0x20000036   Data           1  timer.o(.data)
    flag_motor_ib_fu                         0x20000037   Data           1  timer.o(.data)
    flag_fault                               0x20000038   Data           1  timer.o(.data)
    flag_FaultFlash                          0x20000039   Data           1  timer.o(.data)
    flag_buzz                                0x2000003a   Data           1  timer.o(.data)
    flag_buzz_2                              0x2000003b   Data           1  timer.o(.data)
    flag_warning                             0x2000003c   Data           1  timer.o(.data)
    flag_holding                             0x2000003d   Data           1  timer.o(.data)
    flag_200ms_rd                            0x2000003e   Data           1  timer.o(.data)
    flag_200ms_wr                            0x2000003f   Data           1  timer.o(.data)
    flag_300ms_WrSysPr                       0x20000040   Data           1  timer.o(.data)
    flag_500ms                               0x20000041   Data           1  timer.o(.data)
    flag_1s                                  0x20000042   Data           1  timer.o(.data)
    flag_5s                                  0x20000043   Data           1  timer.o(.data)
    flag_shining                             0x20000044   Data           1  timer.o(.data)
    flag_InitFinish                          0x20000045   Data           1  timer.o(.data)
    flag_usart_read_error                    0x20000046   Data           1  timer.o(.data)
    flag_usart2_read_error                   0x20000047   Data           1  timer.o(.data)
    counter_rd                               0x20000048   Data           4  timer.o(.data)
    counter_rd_ok                            0x2000004c   Data           4  timer.o(.data)
    counter_wr                               0x20000050   Data           4  timer.o(.data)
    counter_wr_ok                            0x20000054   Data           4  timer.o(.data)
    time_1s_sleep                            0x20000058   Data           2  timer.o(.data)
    flag_reading                             0x2000005a   Data           1  timer.o(.data)
    temp_tab                                 0x2000005c   Data         322  timer.o(.data)
    HmiCmd_Run                               0x2000019e   Data           1  timer.o(.data)
    counter_1s                               0x200001a0   Data           2  timer.o(.data)
    localAddr                                0x200001b0   Data           1  usart.o(.data)
    sendCount                                0x200001b1   Data           1  usart.o(.data)
    receCount                                0x200001b2   Data           1  usart.o(.data)
    sendPosi                                 0x200001b3   Data           1  usart.o(.data)
    flag_writing_0x06                        0x200001b4   Data           1  usart.o(.data)
    flag_writing_0x10                        0x200001b5   Data           1  usart.o(.data)
    counter_crc_error1                       0x200001b8   Data           4  usart.o(.data)
    counter_crc_error2                       0x200001bc   Data           4  usart.o(.data)
    flag_error_usart                         0x200001c0   Data           1  usart.o(.data)
    counter_error_usart                      0x200001c1   Data           1  usart.o(.data)
    state_motor                              0x200001c4   Data           4  syspr.o(.data)
    fs_out                                   0x200001c8   Data           4  syspr.o(.data)
    current_out                              0x200001cc   Data           4  syspr.o(.data)
    power_out                                0x200001d0   Data           4  syspr.o(.data)
    state_AccDec                             0x200001d4   Data           4  syspr.o(.data)
    ps1_set                                  0x200001d8   Data           4  syspr.o(.data)
    ps1_kp                                   0x200001dc   Data           4  syspr.o(.data)
    ps1_ki                                   0x200001e0   Data           4  syspr.o(.data)
    eepromFault                              0x200001e4   Data         121  syspr.o(.data)
    Tab_MenuNum                              0x20000264   Data         212  menu.o(.data)
    Tab_unit                                 0x20000338   Data          42  menu.o(.data)
    ResetMenu                                0x20000362   Data         121  menu.o(.data)
    disresetmenu                             0x200003db   Data         121  menu.o(.data)
    dispMainMenu                             0x20000454   Data         121  menu.o(.data)
    dispSetMenu                              0x200004cd   Data         121  menu.o(.data)
    disMenu                                  0x20000546   Data         121  menu.o(.data)
    dismodeMenu                              0x200005bf   Data         121  menu.o(.data)
    dismmMenu                                0x20000638   Data         121  menu.o(.data)
    dis_main_menu                            0x200006b1   Data         481  menu.o(.data)
    dis_sub_menu_one                         0x20000892   Data         181  menu.o(.data)
    dis_sub_menu_two                         0x20000947   Data         151  menu.o(.data)
    dis_sub_menu_three                       0x200009de   Data         151  menu.o(.data)
    dis_sub_menu_four                        0x20000a75   Data         211  menu.o(.data)
    dis_sub_menu_five                        0x20000b48   Data          61  menu.o(.data)
    dis_sub_menu_six                         0x20000b85   Data         241  menu.o(.data)
    dis_sub_menu_seven                       0x20000c76   Data         181  menu.o(.data)
    dis_sub_menu_eight                       0x20000d2b   Data          91  menu.o(.data)
    dis_sub_menu_nine                        0x20000d86   Data         211  menu.o(.data)
    dis_sub_menu_ten                         0x20000e59   Data         211  menu.o(.data)
    dis_sub_menu_eleven                      0x20000f2c   Data         151  menu.o(.data)
    dis_sub_menu_twelve                      0x20000fc3   Data         121  menu.o(.data)
    dis_sub_menu_thirteen                    0x2000103c   Data          91  menu.o(.data)
    dis_sub_menu_fourteen                    0x20001097   Data         241  menu.o(.data)
    dis_sub_menu_fifteen                     0x20001188   Data         121  menu.o(.data)
    dis_sub_menu_sixteen                     0x20001201   Data         121  menu.o(.data)
    save_data_menu                           0x2000127a   Data         121  menu.o(.data)
    fault_dis_menu                           0x200012f3   Data         121  menu.o(.data)
    wash_complete_menu                       0x2000136c   Data         121  menu.o(.data)
    shake_stop_menu                          0x200013e5   Data         121  menu.o(.data)
    instancy_stop_menu                       0x2000145e   Data         121  menu.o(.data)
    flag_prSetting                           0x200014d7   Data           1  menu.o(.data)
    Counter_KeyIn                            0x200014d8   Data           1  menu.o(.data)
    UserPrNum                                0x200014d9   Data           1  menu.o(.data)
    Data_KeyIn_Dis                           0x200014da   Data           5  menu.o(.data)
    Data_KeyIn                               0x200014df   Data           5  menu.o(.data)
    UserPrIndex                              0x200014e4   Data           2  menu.o(.data)
    flag_firstInSetPrPage                    0x200014e6   Data           1  menu.o(.data)
    UserPrData                               0x200014e8   Data           2  menu.o(.data)
    UserPrData_H                             0x200014ea   Data           1  menu.o(.data)
    UserPrData_L                             0x200014eb   Data           1  menu.o(.data)
    MenuIndex                                0x200014ec   Data           2  menu.o(.data)
    CheckState                               0x200014ee   Data           1  menu.o(.data)
    CheckOk                                  0x200014ef   Data           6  menu.o(.data)
    DispMod_Old                              0x200014f5   Data           1  menu.o(.data)
    passportdata                             0x200014f6   Data           6  menu.o(.data)
    passportdata_buffer                      0x200014fc   Data           6  menu.o(.data)
    RunPrFunTable                            0x20001504   Data          64  menu.o(.data)
    _new_page                                0x20001544   Data           1  menu.o(.data)
    _bit_set                                 0x20001545   Data           1  menu.o(.data)
    fact_liquid_height                       0x20001546   Data           1  menu.o(.data)
    auto_run_mode                            0x20001547   Data           1  menu.o(.data)
    _read_data                               0x20001548   Data           1  menu.o(.data)
    _read_function                           0x20001549   Data           1  menu.o(.data)
    lcd_maxcur                               0x2000154a   Data           1  menu.o(.data)
    run_state                                0x2000154b   Data           1  menu.o(.data)
    _manual_mode                             0x2000154c   Data           1  menu.o(.data)
    _enable_display                          0x2000154d   Data           1  menu.o(.data)
    fact_temp                                0x2000154e   Data           1  menu.o(.data)
    set_temp                                 0x2000154f   Data           1  menu.o(.data)
    lcd_cpage                                0x20001550   Data           1  menu.o(.data)
    lcd_cpage_old                            0x20001551   Data           1  menu.o(.data)
    Menu                                     0x20001552   Data           1  menu.o(.data)
    DispMod                                  0x20001553   Data           1  menu.o(.data)
    passdisp                                 0x20001554   Data           6  menu.o(.data)
    dismenu                                  0x2000155a   Data           5  menu.o(.data)
    MenuIndex_Z                              0x20001560   Data           2  menu.o(.data)
    Counter_DisBuff                          0x20001562   Data           2  menu.o(.data)
    offset_Counter                           0x20001564   Data           2  menu.o(.data)
    Adc_BatteryVoltag                        0x20001566   Data           2  adc.o(.data)
    KeyVal                                   0x20001569   Data           1  key.o(.data)
    KeyAct                                   0x2000156a   Data           1  key.o(.data)
    KeyCmd                                   0x2000156b   Data           1  key.o(.data)
    KeyBuzz                                  0x2000156c   Data           1  key.o(.data)
    flag_5sKeyNoAct                          0x2000156d   Data           1  key.o(.data)
    InData                                   0x2000156e   Data          17  key.o(.data)
    KeyModify                                0x2000157f   Data          17  key.o(.data)
    lcdadress                                0x20001594   Data           4  lcd_display.o(.data)
    lcdh                                     0x20001598   Data           1  lcd_display.o(.data)
    lcdl                                     0x20001599   Data           1  lcd_display.o(.data)
    lcd_grHome                               0x2000159c   Data           4  lcd_display.o(.data)
    gewei                                    0x200015a0   Data           1  lcd_display.o(.data)
    shiwei                                   0x200015a1   Data           1  lcd_display.o(.data)
    baiwei                                   0x200015a2   Data           1  lcd_display.o(.data)
    qianwei                                  0x200015a3   Data           1  lcd_display.o(.data)
    wanwei                                   0x200015a4   Data           1  lcd_display.o(.data)
    aa                                       0x200015a5   Data           6  lcd_display.o(.data)
    SystemCoreClock                          0x200015c0   Data           4  system_stm32f10x.o(.data)
    AHBPrescTable                            0x200015c4   Data          16  system_stm32f10x.o(.data)
    sendBuf                                  0x200015d4   Data         250  usart.o(.bss)
    receBuf                                  0x200016ce   Data         250  usart.o(.bss)
    MBS_HoldRegs                             0x200017c8   Data         500  usart.o(.bss)
    modbus_check                             0x200019bc   Data         500  usart.o(.bss)
    timer                                    0x20001bb0   Data          10  rtc.o(.bss)
    Code_I                                   0x20001bba   Data         136  menu.o(.bss)
    DisBuff                                  0x20001c53   Data         121  lcd_display.o(.bss)
    __libspace_start                         0x20001ccc   Data          96  libspace.o(.bss)
    __temporary_stack_top$libspace           0x20001d2c   Data           0  libspace.o(.bss)



==============================================================================

Memory Map of the image

  Image Entry point : 0x08007369

  Load Region LR_1 (Base: 0x08000000, Size: 0x0000bbf4, Max: 0xffffffff, ABSOLUTE, COMPRESSED[0x0000ade8])

    Execution Region ER_RO (Base: 0x08000000, Size: 0x0000a620, Max: 0xffffffff, ABSOLUTE)

    Base Addr    Size         Type   Attr      Idx    E Section Name        Object

    0x08000000   0x000000ec   Data   RO          906    RESET               startup_stm32f10x_md.o
    0x080000ec   0x00000008   Code   RO          994  * !!!main             c_w.l(__main.o)
    0x080000f4   0x00000034   Code   RO         1154    !!!scatter          c_w.l(__scatter.o)
    0x08000128   0x00000064   Code   RO         1152    !!dclz77c           c_w.l(__dclz77c.o)
    0x0800018c   0x0000001c   Code   RO         1156    !!handler_zi        c_w.l(__scatter_zi.o)
    0x080001a8   0x00000002   Code   RO         1025    .ARM.Collect$$libinit$$00000000  c_w.l(libinit.o)
    0x080001aa   0x00000000   Code   RO         1032    .ARM.Collect$$libinit$$00000002  c_w.l(libinit2.o)
    0x080001aa   0x00000000   Code   RO         1035    .ARM.Collect$$libinit$$00000008  c_w.l(libinit2.o)
    0x080001aa   0x00000000   Code   RO         1037    .ARM.Collect$$libinit$$0000000A  c_w.l(libinit2.o)
    0x080001aa   0x00000000   Code   RO         1039    .ARM.Collect$$libinit$$0000000C  c_w.l(libinit2.o)
    0x080001aa   0x00000000   Code   RO         1042    .ARM.Collect$$libinit$$0000000F  c_w.l(libinit2.o)
    0x080001aa   0x00000000   Code   RO         1044    .ARM.Collect$$libinit$$00000011  c_w.l(libinit2.o)
    0x080001aa   0x00000000   Code   RO         1046    .ARM.Collect$$libinit$$00000013  c_w.l(libinit2.o)
    0x080001aa   0x00000000   Code   RO         1048    .ARM.Collect$$libinit$$00000015  c_w.l(libinit2.o)
    0x080001aa   0x00000000   Code   RO         1050    .ARM.Collect$$libinit$$00000017  c_w.l(libinit2.o)
    0x080001aa   0x00000000   Code   RO         1052    .ARM.Collect$$libinit$$00000019  c_w.l(libinit2.o)
    0x080001aa   0x00000000   Code   RO         1054    .ARM.Collect$$libinit$$0000001B  c_w.l(libinit2.o)
    0x080001aa   0x00000000   Code   RO         1056    .ARM.Collect$$libinit$$0000001D  c_w.l(libinit2.o)
    0x080001aa   0x00000000   Code   RO         1058    .ARM.Collect$$libinit$$0000001F  c_w.l(libinit2.o)
    0x080001aa   0x00000000   Code   RO         1060    .ARM.Collect$$libinit$$00000021  c_w.l(libinit2.o)
    0x080001aa   0x00000000   Code   RO         1062    .ARM.Collect$$libinit$$00000023  c_w.l(libinit2.o)
    0x080001aa   0x00000000   Code   RO         1066    .ARM.Collect$$libinit$$0000002A  c_w.l(libinit2.o)
    0x080001aa   0x00000000   Code   RO         1068    .ARM.Collect$$libinit$$0000002C  c_w.l(libinit2.o)
    0x080001aa   0x00000000   Code   RO         1070    .ARM.Collect$$libinit$$0000002E  c_w.l(libinit2.o)
    0x080001aa   0x00000000   Code   RO         1072    .ARM.Collect$$libinit$$00000030  c_w.l(libinit2.o)
    0x080001aa   0x00000002   Code   RO         1073    .ARM.Collect$$libinit$$00000031  c_w.l(libinit2.o)
    0x080001ac   0x00000002   Code   RO         1093    .ARM.Collect$$libshutdown$$00000000  c_w.l(libshutdown.o)
    0x080001ae   0x00000000   Code   RO         1107    .ARM.Collect$$libshutdown$$00000003  c_w.l(libshutdown2.o)
    0x080001ae   0x00000000   Code   RO         1110    .ARM.Collect$$libshutdown$$00000006  c_w.l(libshutdown2.o)
    0x080001ae   0x00000000   Code   RO         1113    .ARM.Collect$$libshutdown$$00000009  c_w.l(libshutdown2.o)
    0x080001ae   0x00000000   Code   RO         1115    .ARM.Collect$$libshutdown$$0000000B  c_w.l(libshutdown2.o)
    0x080001ae   0x00000000   Code   RO         1118    .ARM.Collect$$libshutdown$$0000000E  c_w.l(libshutdown2.o)
    0x080001ae   0x00000002   Code   RO         1119    .ARM.Collect$$libshutdown$$0000000F  c_w.l(libshutdown2.o)
    0x080001b0   0x00000000   Code   RO          996    .ARM.Collect$$rtentry$$00000000  c_w.l(rtentry.o)
    0x080001b0   0x00000000   Code   RO         1000    .ARM.Collect$$rtentry$$00000002  c_w.l(rtentry2.o)
    0x080001b0   0x00000006   Code   RO         1012    .ARM.Collect$$rtentry$$00000004  c_w.l(rtentry4.o)
    0x080001b6   0x00000000   Code   RO         1002    .ARM.Collect$$rtentry$$00000009  c_w.l(rtentry2.o)
    0x080001b6   0x00000004   Code   RO         1003    .ARM.Collect$$rtentry$$0000000A  c_w.l(rtentry2.o)
    0x080001ba   0x00000000   Code   RO         1005    .ARM.Collect$$rtentry$$0000000C  c_w.l(rtentry2.o)
    0x080001ba   0x00000008   Code   RO         1006    .ARM.Collect$$rtentry$$0000000D  c_w.l(rtentry2.o)
    0x080001c2   0x00000002   Code   RO         1029    .ARM.Collect$$rtexit$$00000000  c_w.l(rtexit.o)
    0x080001c4   0x00000000   Code   RO         1075    .ARM.Collect$$rtexit$$00000002  c_w.l(rtexit2.o)
    0x080001c4   0x00000004   Code   RO         1076    .ARM.Collect$$rtexit$$00000003  c_w.l(rtexit2.o)
    0x080001c8   0x00000006   Code   RO         1077    .ARM.Collect$$rtexit$$00000004  c_w.l(rtexit2.o)
    0x080001ce   0x00000002   PAD
    0x080001d0   0x000000a8   Code   RO            3    .text               main.o
    0x08000278   0x000000f8   Code   RO          190    .text               systeminit.o
    0x08000370   0x00000208   Code   RO          210    .text               timer.o
    0x08000578   0x000004ec   Code   RO          248    .text               usart.o
    0x08000a64   0x00000104   Code   RO          280    .text               syspr.o
    0x08000b68   0x00000304   Code   RO          308    .text               iic.o
    0x08000e6c   0x00000172   Code   RO          328    .text               24cxx.o
    0x08000fde   0x00000002   PAD
    0x08000fe0   0x000000b8   Code   RO          348    .text               delay.o
    0x08001098   0x000003d0   Code   RO          390    .text               rtc.o
    0x08001468   0x000034cc   Code   RO          422    .text               menu.o
    0x08004934   0x00000508   Code   RO          520    .text               menu_sub.o
    0x08004e3c   0x000001e0   Code   RO          550    .text               key.o
    0x0800501c   0x00000038   Code   RO          577    .text               crc.o
    0x08005054   0x0000063c   Code   RO          647    .text               lcd_display.o
    0x08005690   0x000000dc   Code   RO          704    .text               misc.o
    0x0800576c   0x000003a4   Code   RO          744    .text               stm32f10x_rcc.o
    0x08005b10   0x00000148   Code   RO          766    .text               stm32f10x_rtc.o
    0x08005c58   0x00000e1a   Code   RO          786    .text               stm32f10x_tim.o
    0x08006a72   0x00000002   PAD
    0x08006a74   0x00000408   Code   RO          806    .text               stm32f10x_usart.o
    0x08006e7c   0x000000c4   Code   RO          826    .text               stm32f10x_bkp.o
    0x08006f40   0x000000cc   Code   RO          846    .text               stm32f10x_pwr.o
    0x0800700c   0x0000035c   Code   RO          866    .text               stm32f10x_gpio.o
    0x08007368   0x00000040   Code   RO          907  * .text               startup_stm32f10x_md.o
    0x080073a8   0x000001e0   Code   RO          913    .text               system_stm32f10x.o
    0x08007588   0x0000001a   Code   RO          961    .text               stm32f10x_it.o
    0x080075a2   0x00000064   Code   RO          988    .text               c_w.l(rt_memcpy_w.o)
    0x08007606   0x00000056   Code   RO          990    .text               c_w.l(strncpy.o)
    0x0800765c   0x00000006   Code   RO          992    .text               c_w.l(heapauxi.o)
    0x08007662   0x00000044   Code   RO          997    .text               c_w.l(rt_memclr.o)
    0x080076a6   0x0000004e   Code   RO         1014    .text               c_w.l(rt_memclr_w.o)
    0x080076f4   0x0000004a   Code   RO         1016    .text               c_w.l(sys_stackheap_outer.o)
    0x0800773e   0x0000000c   Code   RO         1018    .text               c_w.l(exit.o)
    0x0800774a   0x00000002   PAD
    0x0800774c   0x00000008   Code   RO         1026    .text               c_w.l(libspace.o)
    0x08007754   0x0000000c   Code   RO         1085    .text               c_w.l(sys_exit.o)
    0x08007760   0x00000002   Code   RO         1096    .text               c_w.l(use_no_semi.o)
    0x08007762   0x00000000   Code   RO         1098    .text               c_w.l(indicate_semi.o)
    0x08007762   0x00000088   Data   RO          281    .constdata          syspr.o
    0x080077ea   0x00002be3   Data   RO          370    .constdata          ziku.o
    0x0800a3cd   0x00000018   Data   RO          392    .constdata          rtc.o
    0x0800a3e5   0x00000003   PAD
    0x0800a3e8   0x00000015   Data   RO          521    .constdata          menu_sub.o
    0x0800a3fd   0x00000200   Data   RO          578    .constdata          crc.o
    0x0800a5fd   0x00000003   PAD
    0x0800a600   0x00000020   Data   RO         1150    Region$$Table       anon$$obj.o


    Execution Region ER_RW (Base: 0x20000000, Size: 0x000015d4, Max: 0xffffffff, ABSOLUTE, COMPRESSED[0x000007c8])

    Base Addr    Size         Type   Attr      Idx    E Section Name        Object

    0x20000000   0x00000001   Data   RW            5    .data               main.o
    0x20000001   0x00000003   PAD
    0x20000004   0x000001aa   Data   RW          211    .data               timer.o
    0x200001ae   0x00000002   PAD
    0x200001b0   0x00000012   Data   RW          250    .data               usart.o
    0x200001c2   0x00000002   PAD
    0x200001c4   0x00000099   Data   RW          282    .data               syspr.o
    0x2000025d   0x00000001   PAD
    0x2000025e   0x00000004   Data   RW          349    .data               delay.o
    0x20000262   0x00000002   Data   RW          393    .data               rtc.o
    0x20000264   0x00001302   Data   RW          424    .data               menu.o
    0x20001566   0x00000002   Data   RW          467    .data               adc.o
    0x20001568   0x00000001   Data   RW          522    .data               menu_sub.o
    0x20001569   0x0000002b   Data   RW          552    .data               key.o
    0x20001594   0x00000017   Data   RW          649    .data               lcd_display.o
    0x200015ab   0x00000014   Data   RW          745    .data               stm32f10x_rcc.o
    0x200015bf   0x00000001   PAD
    0x200015c0   0x00000014   Data   RW          914    .data               system_stm32f10x.o


    Execution Region ER_ZI (Base: 0x200015d4, Size: 0x00000d5c, Max: 0xffffffff, ABSOLUTE)

    Base Addr    Size         Type   Attr      Idx    E Section Name        Object

    0x200015d4   0x000005dc   Zero   RW          249    .bss                usart.o
    0x20001bb0   0x0000000a   Zero   RW          391    .bss                rtc.o
    0x20001bba   0x00000088   Zero   RW          423    .bss                menu.o
    0x20001c42   0x00000011   Zero   RW          551    .bss                key.o
    0x20001c53   0x00000079   Zero   RW          648    .bss                lcd_display.o
    0x20001ccc   0x00000060   Zero   RW         1027    .bss                c_w.l(libspace.o)
    0x20001d2c   0x00000004   PAD
    0x20001d30   0x00000200   Zero   RW          905    HEAP                startup_stm32f10x_md.o
    0x20001f30   0x00000400   Zero   RW          904    STACK               startup_stm32f10x_md.o


==============================================================================

Image component sizes


      Code (inc. data)   RO Data    RW Data    ZI Data      Debug   Object Name

       370          0          0          0          0       2614   24cxx.o
         0          0          0          2          0        220   adc.o
        56          8        512          0          0       1150   crc.o
       184         10          0          4          0       1201   delay.o
       772         12          0          0          0       2125   iic.o
       480         74          0         43         17       1658   key.o
      1596         36          0         23        121       7319   lcd_display.o
       168         24          0          1          0     251773   main.o
     13516        860          0       4866        136      19721   menu.o
      1288        156         21          1          0       3313   menu_sub.o
       220         22          0          0          0       1741   misc.o
       976         32         24          2         10       3810   rtc.o
        64         26        236          0       1536        784   startup_stm32f10x_md.o
       196          8          0          0          0       3404   stm32f10x_bkp.o
       860         38          0          0          0       5581   stm32f10x_gpio.o
        26          0          0          0          0       1178   stm32f10x_it.o
       204         14          0          0          0       1887   stm32f10x_pwr.o
       932         36          0         20          0       8728   stm32f10x_rcc.o
       328          4          0          0          0       2642   stm32f10x_rtc.o
      3610         88          0          0          0      22068   stm32f10x_tim.o
      1032         22          0          0          0       8312   stm32f10x_usart.o
       260         26        136        153          0       2859   syspr.o
       480         38          0         20          0       1731   system_stm32f10x.o
       248         40          0          0          0        491   systeminit.o
       520         60          0        426          0       5532   timer.o
      1260         86          0         18       1500       3629   usart.o
         0          0      11235          0          0        548   ziku.o

    ----------------------------------------------------------------------
     29650       1720      12202       5588       3320     366019   Object Totals
         0          0         32          0          0          0   (incl. Generated)
         4          0          6          9          0          0   (incl. Padding)

    ----------------------------------------------------------------------

      Code (inc. data)   RO Data    RW Data    ZI Data      Debug   Library Member Name

       100          0          0          0          0          0   __dclz77c.o
         8          0          0          0          0         68   __main.o
        52          8          0          0          0          0   __scatter.o
        28          0          0          0          0          0   __scatter_zi.o
        12          0          0          0          0         72   exit.o
         6          0          0          0          0        152   heapauxi.o
         0          0          0          0          0          0   indicate_semi.o
         2          0          0          0          0          0   libinit.o
         2          0          0          0          0          0   libinit2.o
         2          0          0          0          0          0   libshutdown.o
         2          0          0          0          0          0   libshutdown2.o
         8          4          0          0         96         68   libspace.o
        68          0          0          0          0         68   rt_memclr.o
        78          0          0          0          0         80   rt_memclr_w.o
       100          0          0          0          0         80   rt_memcpy_w.o
         0          0          0          0          0          0   rtentry.o
        12          0          0          0          0          0   rtentry2.o
         6          0          0          0          0          0   rtentry4.o
         2          0          0          0          0          0   rtexit.o
        10          0          0          0          0          0   rtexit2.o
        86          0          0          0          0         76   strncpy.o
        12          4          0          0          0         68   sys_exit.o
        74          0          0          0          0         80   sys_stackheap_outer.o
         2          0          0          0          0         68   use_no_semi.o

    ----------------------------------------------------------------------
       676         16          0          0        100        880   Library Totals
         4          0          0          0          4          0   (incl. Padding)

    ----------------------------------------------------------------------

      Code (inc. data)   RO Data    RW Data    ZI Data      Debug   Library Name

       672         16          0          0         96        880   c_w.l

    ----------------------------------------------------------------------
       676         16          0          0        100        880   Library Totals

    ----------------------------------------------------------------------

==============================================================================


      Code (inc. data)   RO Data    RW Data    ZI Data      Debug   

     30326       1736      12202       5588       3420     364243   Grand Totals
     30326       1736      12202       1992       3420     364243   ELF Image Totals (compressed)
     30326       1736      12202       1992          0          0   ROM Totals

==============================================================================

    Total RO  Size (Code + RO Data)                42528 (  41.53kB)
    Total RW  Size (RW Data + ZI Data)              9008 (   8.80kB)
    Total ROM Size (Code + RO Data + RW Data)      44520 (  43.48kB)

==============================================================================

