Component: ARM Compiler 5.05 update 1 (build 106) Tool: armlink [4d0efa]

==============================================================================

Section Cross References

    menu.o(.text) refers to lcd_display.o(.text) for lcd_wrstring
    menu.o(.text) refers to 24cxx.o(.text) for AT24CXX_WriteOneByte
    menu.o(.text) refers to delay.o(.text) for delay
    menu.o(.text) refers to lcd_display.o(.bss) for DisBuff
    menu.o(.text) refers to menu.o(.data) for Counter_DisBuff
    menu.o(.text) refers to key.o(.data) for KeyVal
    menu.o(.text) refers to menu.o(.bss) for passdisp
    menu.o(.text) refers to main.o(.data) for auto_run_mode
    menu.o(.text) refers to syspr.o(.text) for RecoverFactoryPr
    menu.o(.text) refers to datahandle.o(.data) for fact_liquid_height
    menu.o(.text) refers to struct_comm.o(.data) for wash_1
    menu.o(.text) refers to strncpy.o(.text) for strncpy
    menu.o(.text) refers to lcd_display.o(.data) for aa
    menu.o(.text) refers to usart.o(.data) for flag_error_usart
    menu.o(.data) refers to menu.o(.text) for lcd_menu_one
    main.o(.text) refers to system_stm32f10x.o(.text) for SystemInit
    main.o(.text) refers to delay.o(.text) for delay_init
    main.o(.text) refers to systeminit.o(.text) for GPIOInit
    main.o(.text) refers to lcd_display.o(.text) for init_LCD
    main.o(.text) refers to 24cxx.o(.text) for AT24CXX_Init
    main.o(.text) refers to syspr.o(.text) for SysPrInit
    main.o(.text) refers to usart.o(.text) for usart_config
    main.o(.text) refers to menu.o(.text) for sendtobuff
    main.o(.text) refers to timer.o(.text) for Timerx_Init
    main.o(.text) refers to buzz.o(.text) for sub_buzz
    main.o(.text) refers to main.o(.data) for main_cycle_1s_timer
    main.o(.text) refers to menu.o(.data) for disresetmenu
    main.o(.text) refers to lcd_display.o(.bss) for DisBuff
    main.o(.text) refers to usart.o(.bss) for sendBuf
    main.o(.text) refers to usart.o(.data) for flag_writing_0x06
    main.o(.text) refers to timer.o(.data) for flag_2s_WrSysPr
    timer.o(.text) refers to misc.o(.text) for NVIC_Init
    timer.o(.text) refers to stm32f10x_rcc.o(.text) for RCC_APB1PeriphClockCmd
    timer.o(.text) refers to stm32f10x_tim.o(.text) for TIM_TimeBaseInit
    timer.o(.text) refers to key.o(.text) for KeyScan
    timer.o(.text) refers to usart.o(.text) for modbus_dataUnpack_host
    timer.o(.text) refers to struct_comm.o(.text) for putCommSend
    timer.o(.text) refers to datahandle.o(.text) for sub_InputStates
    timer.o(.text) refers to timer.o(.data) for flag_InitFinish
    timer.o(.text) refers to menu.o(.bss) for passdisp
    timer.o(.text) refers to menu.o(.data) for buzzer_timer
    timer.o(.text) refers to key.o(.data) for KeyAct
    timer.o(.text) refers to usart.o(.data) for flag_writing_0x06
    timer.o(.text) refers to main.o(.data) for usart3_flag_fault_clear
    timer.o(.text) refers to struct_comm.o(.data) for structCommSend
    timer.o(.text) refers to usart.o(.bss) for MBS_HoldRegs
    timer.o(.text) refers to systemword.o(.data) for glFaultWord
    usart.o(.text) refers to stm32f10x_rcc.o(.text) for RCC_APB2PeriphClockCmd
    usart.o(.text) refers to stm32f10x_gpio.o(.text) for GPIO_Init
    usart.o(.text) refers to misc.o(.text) for NVIC_Init
    usart.o(.text) refers to stm32f10x_usart.o(.text) for USART_Init
    usart.o(.text) refers to delay.o(.text) for delay
    usart.o(.text) refers to crc.o(.text) for crc16
    usart.o(.text) refers to usart.o(.data) for sendPosi
    usart.o(.text) refers to usart.o(.bss) for receBuf
    usart.o(.text) refers to timer.o(.data) for counter_rd_err
    usart.o(.text) refers to main.o(.data) for usart3_flag_fault_clear
    syspr.o(.text) refers to 24cxx.o(.text) for AT24CXX_WriteOneByte
    syspr.o(.text) refers to lcd_display.o(.text) for lcd_wrstring
    syspr.o(.text) refers to syspr.o(.constdata) for P01_parameter
    syspr.o(.text) refers to syspr.o(.bss) for PP_parameter
    syspr.o(.text) refers to menu.o(.bss) for Code_I
    syspr.o(.text) refers to main.o(.data) for auto_run_mode
    syspr.o(.text) refers to menu.o(.data) for passportdata_buffer
    syspr.o(.text) refers to syspr.o(.data) for eepromFault
    iic.o(.text) refers to stm32f10x_rcc.o(.text) for RCC_APB2PeriphClockCmd
    iic.o(.text) refers to stm32f10x_gpio.o(.text) for GPIO_Init
    iic.o(.text) refers to delay.o(.text) for delay_us
    24cxx.o(.text) refers to iic.o(.text) for IIC_Init
    24cxx.o(.text) refers to delay.o(.text) for delay_ms
    delay.o(.text) refers to misc.o(.text) for SysTick_CLKSourceConfig
    delay.o(.text) refers to delay.o(.data) for fac_us
    rtc.o(.text) refers to misc.o(.text) for NVIC_Init
    rtc.o(.text) refers to stm32f10x_rtc.o(.text) for RTC_WaitForLastTask
    rtc.o(.text) refers to stm32f10x_rcc.o(.text) for RCC_APB1PeriphClockCmd
[...]
    __decompress2                            0x08000129   Thumb Code     0  __dclz77c.o(!!dclz77c)
    __scatterload_zeroinit                   0x0800018d   Thumb Code    28  __scatter_zi.o(!!handler_zi)
    __rt_lib_init                            0x080001a9   Thumb Code     0  libinit.o(.ARM.Collect$$libinit$$00000000)
    __rt_lib_init_alloca_1                   0x080001ab   Thumb Code     0  libinit2.o(.ARM.Collect$$libinit$$0000002E)
    __rt_lib_init_argv_1                     0x080001ab   Thumb Code     0  libinit2.o(.ARM.Collect$$libinit$$0000002C)
    __rt_lib_init_atexit_1                   0x080001ab   Thumb Code     0  libinit2.o(.ARM.Collect$$libinit$$0000001B)
    __rt_lib_init_clock_1                    0x080001ab   Thumb Code     0  libinit2.o(.ARM.Collect$$libinit$$00000021)
    __rt_lib_init_cpp_1                      0x080001ab   Thumb Code     0  libinit2.o(.ARM.Collect$$libinit$$00000032)
    __rt_lib_init_exceptions_1               0x080001ab   Thumb Code     0  libinit2.o(.ARM.Collect$$libinit$$00000030)
    __rt_lib_init_fp_1                       0x080001ab   Thumb Code     0  libinit2.o(.ARM.Collect$$libinit$$00000002)
    __rt_lib_init_fp_trap_1                  0x080001ab   Thumb Code     0  libinit2.o(.ARM.Collect$$libinit$$0000001F)
    __rt_lib_init_getenv_1                   0x080001ab   Thumb Code     0  libinit2.o(.ARM.Collect$$libinit$$00000023)
    __rt_lib_init_heap_1                     0x080001ab   Thumb Code     0  libinit2.o(.ARM.Collect$$libinit$$0000000A)
    __rt_lib_init_lc_collate_1               0x080001ab   Thumb Code     0  libinit2.o(.ARM.Collect$$libinit$$00000011)
    __rt_lib_init_lc_ctype_1                 0x080001ab   Thumb Code     0  libinit2.o(.ARM.Collect$$libinit$$00000013)
    __rt_lib_init_lc_monetary_1              0x080001ab   Thumb Code     0  libinit2.o(.ARM.Collect$$libinit$$00000015)
    __rt_lib_init_lc_numeric_1               0x080001ab   Thumb Code     0  libinit2.o(.ARM.Collect$$libinit$$00000017)
    __rt_lib_init_lc_time_1                  0x080001ab   Thumb Code     0  libinit2.o(.ARM.Collect$$libinit$$00000019)
    __rt_lib_init_preinit_1                  0x080001ab   Thumb Code     0  libinit2.o(.ARM.Collect$$libinit$$00000004)
    __rt_lib_init_rand_1                     0x080001ab   Thumb Code     0  libinit2.o(.ARM.Collect$$libinit$$0000000E)
    __rt_lib_init_return                     0x080001ab   Thumb Code     0  libinit2.o(.ARM.Collect$$libinit$$00000033)
    __rt_lib_init_signal_1                   0x080001ab   Thumb Code     0  libinit2.o(.ARM.Collect$$libinit$$0000001D)
    __rt_lib_init_stdio_1                    0x080001ab   Thumb Code     0  libinit2.o(.ARM.Collect$$libinit$$00000025)
    __rt_lib_init_user_alloc_1               0x080001ab   Thumb Code     0  libinit2.o(.ARM.Collect$$libinit$$0000000C)
    __rt_lib_shutdown                        0x080001ad   Thumb Code     0  libshutdown.o(.ARM.Collect$$libshutdown$$00000000)
    __rt_lib_shutdown_fp_trap_1              0x080001af   Thumb Code     0  libshutdown2.o(.ARM.Collect$$libshutdown$$00000006)
    __rt_lib_shutdown_heap_1                 0x080001af   Thumb Code     0  libshutdown2.o(.ARM.Collect$$libshutdown$$0000000E)
    __rt_lib_shutdown_return                 0x080001af   Thumb Code     0  libshutdown2.o(.ARM.Collect$$libshutdown$$0000000F)
    __rt_lib_shutdown_signal_1               0x080001af   Thumb Code     0  libshutdown2.o(.ARM.Collect$$libshutdown$$00000009)
    __rt_lib_shutdown_stdio_1                0x080001af   Thumb Code     0  libshutdown2.o(.ARM.Collect$$libshutdown$$00000003)
    __rt_lib_shutdown_user_alloc_1           0x080001af   Thumb Code     0  libshutdown2.o(.ARM.Collect$$libshutdown$$0000000B)
    __rt_entry                               0x080001b1   Thumb Code     0  __rtentry.o(.ARM.Collect$$rtentry$$00000000)
    __rt_entry_presh_1                       0x080001b1   Thumb Code     0  __rtentry2.o(.ARM.Collect$$rtentry$$00000002)
    __rt_entry_sh                            0x080001b1   Thumb Code     0  __rtentry4.o(.ARM.Collect$$rtentry$$00000004)
    __rt_entry_li                            0x080001b7   Thumb Code     0  __rtentry2.o(.ARM.Collect$$rtentry$$0000000A)
    __rt_entry_postsh_1                      0x080001b7   Thumb Code     0  __rtentry2.o(.ARM.Collect$$rtentry$$00000009)
    __rt_entry_main                          0x080001bb   Thumb Code     0  __rtentry2.o(.ARM.Collect$$rtentry$$0000000D)
    __rt_entry_postli_1                      0x080001bb   Thumb Code     0  __rtentry2.o(.ARM.Collect$$rtentry$$0000000C)
    __rt_exit                                0x080001c3   Thumb Code     0  rtexit.o(.ARM.Collect$$rtexit$$00000000)
    __rt_exit_ls                             0x080001c5   Thumb Code     0  rtexit2.o(.ARM.Collect$$rtexit$$00000003)
    __rt_exit_prels_1                        0x080001c5   Thumb Code     0  rtexit2.o(.ARM.Collect$$rtexit$$00000002)
    __rt_exit_exit                           0x080001c9   Thumb Code     0  rtexit2.o(.ARM.Collect$$rtexit$$00000004)
    ClearDisBuff                             0x080001d1   Thumb Code    22  menu.o(.text)
    sendtobuff                               0x080001e7   Thumb Code    46  menu.o(.text)
    key_menu_fault_dis_handler               0x08000215   Thumb Code   226  menu.o(.text)
    key_instancy_stop_menu_handler           0x080002f7   Thumb Code    40  menu.o(.text)
    key_shake_stop_menu_handler              0x0800031f   Thumb Code    40  menu.o(.text)
    key_wash_complete_menu_handler           0x08000347   Thumb Code    40  menu.o(.text)
    key_menu_save_data_handler               0x0800036f   Thumb Code   280  menu.o(.text)
    key_menu_set_program_handler             0x08000487   Thumb Code  2702  menu.o(.text)
    key_menu_fault_page_handler              0x08000f15   Thumb Code   358  menu.o(.text)
    key_lcd_menu_sixteen_handler             0x0800107b   Thumb Code   224  menu.o(.text)
    key_lcd_menu_fifteen_handler             0x0800115b   Thumb Code   224  menu.o(.text)
    key_lcd_menu_fourteen_handler            0x0800123b   Thumb Code  1100  menu.o(.text)
    key_lcd_menu_thirteen_handler            0x08001687   Thumb Code   372  menu.o(.text)
    key_lcd_menu_twelve_handler              0x080017fb   Thumb Code   548  menu.o(.text)
    key_lcd_menu_eleven_handler              0x08001a1f   Thumb Code   682  menu.o(.text)
    key_lcd_menu_ten_handler                 0x08001cc9   Thumb Code   776  menu.o(.text)
    key_lcd_menu_nine_handler                0x08001fd1   Thumb Code   934  menu.o(.text)
    key_lcd_menu_eight_handler               0x08002377   Thumb Code   640  menu.o(.text)
    key_lcd_menu_seven_handler               0x080025f7   Thumb Code   598  menu.o(.text)
    key_lcd_menu_six_handler                 0x0800284d   Thumb Code   770  menu.o(.text)
    key_lcd_menu_five_handler                0x08002b4f   Thumb Code   336  menu.o(.text)
    key_lcd_menu_four_handler                0x08002c9f   Thumb Code   336  menu.o(.text)
    key_lcd_menu_three_handler               0x08002def   Thumb Code   730  menu.o(.text)
    key_lcd_menu_two_handler                 0x080030c9   Thumb Code   522  menu.o(.text)
    key_lcd_menu_one_handler                 0x080032d3   Thumb Code   992  menu.o(.text)
    key_main_set_menu_handler                0x080036b3   Thumb Code   464  menu.o(.text)
    key_menu_second_page_handler             0x08003883   Thumb Code   662  menu.o(.text)
    key_menu_first_page_handler              0x08003b19   Thumb Code   454  menu.o(.text)
    key_mainmenu_handler                     0x08003cdf   Thumb Code  7616  menu.o(.text)
    Lcd_KEYPro                               0x08005a9f   Thumb Code   512  menu.o(.text)
    menu_handshake_dis                       0x08005c9f   Thumb Code    52  menu.o(.text)
    disphex_asc_be                           0x08005cd3   Thumb Code    42  menu.o(.text)
    disphex_asc_le                           0x08005cfd   Thumb Code    62  menu.o(.text)
    menu_fault_dis                           0x08005d3b   Thumb Code   996  menu.o(.text)
    lcd_instancy_stop_menu                   0x0800611f   Thumb Code     2  menu.o(.text)
    lcd_shake_stop_menu                      0x08006121   Thumb Code     2  menu.o(.text)
    lcd_wash_complete_menu                   0x08006123   Thumb Code     2  menu.o(.text)
    menu_save_data                           0x08006125   Thumb Code    58  menu.o(.text)
    lcd_lastline                             0x0800615f   Thumb Code   158  menu.o(.text)
    menu_set_program                         0x080061fd   Thumb Code  1618  menu.o(.text)
    kp_menucur                               0x0800684f   Thumb Code    64  menu.o(.text)
    menu_fault_page                          0x0800688f   Thumb Code   924  menu.o(.text)
    main_set_menu                            0x08006c2b   Thumb Code   196  menu.o(.text)
    menu_second_page                         0x08006cef   Thumb Code  1016  menu.o(.text)
    menu_first_page                          0x080070e7   Thumb Code    72  menu.o(.text)
    lcd_mainmenu                             0x0800712f   Thumb Code  2800  menu.o(.text)
    LCDDisplay                               0x08007c1f   Thumb Code   178  menu.o(.text)
    lcd_menu_one                             0x08007cd1   Thumb Code  1008  menu.o(.text)
    lcd_menu_two                             0x080080c1   Thumb Code   642  menu.o(.text)
    lcd_menu_three                           0x08008343   Thumb Code   498  menu.o(.text)
    lcd_menu_four                            0x08008535   Thumb Code   408  menu.o(.text)
    lcd_menu_five                            0x080086cd   Thumb Code   260  menu.o(.text)
    lcd_menu_six                             0x080087d1   Thumb Code   810  menu.o(.text)
    lcd_menu_seven                           0x08008afb   Thumb Code   394  menu.o(.text)
    lcd_menu_eight                           0x08008c85   Thumb Code   430  menu.o(.text)
    lcd_menu_nine                            0x08008e33   Thumb Code   774  menu.o(.text)
    lcd_menu_ten                             0x08009139   Thumb Code   794  menu.o(.text)
    lcd_menu_eleven                          0x08009453   Thumb Code   626  menu.o(.text)
    lcd_menu_twelve                          0x080096c5   Thumb Code   564  menu.o(.text)
    lcd_menu_thirteen                        0x080098f9   Thumb Code   284  menu.o(.text)
    lcd_menu_fourteen                        0x08009a15   Thumb Code   804  menu.o(.text)
    lcd_menu_fifteen                         0x08009d39   Thumb Code   180  menu.o(.text)
    lcd_menu_sixteen                         0x08009ded   Thumb Code   180  menu.o(.text)
    course_auto_manual_mode                  0x08009ea1   Thumb Code  3992  menu.o(.text)
    main_program_pro                         0x0800ae39   Thumb Code  2970  menu.o(.text)
    Auto_WashPro                             0x0800b9d3   Thumb Code   826  menu.o(.text)
    handshake_pro                            0x0800bd0d   Thumb Code    28  menu.o(.text)
    fault_dis_pro                            0x0800bd29   Thumb Code  1084  menu.o(.text)
    ini_data                                 0x0800c1dd   Thumb Code    54  main.o(.text)
    main                                     0x0800c213   Thumb Code   242  main.o(.text)
    GPIOInit                                 0x0800c34d   Thumb Code   208  systeminit.o(.text)
    NVIC_Configuration                       0x0800c445   Thumb Code    60  timer.o(.text)
    Timerx_Init                              0x0800c481   Thumb Code    68  timer.o(.text)
    TIM3_IRQHandler                          0x0800c4c5   Thumb Code  1188  timer.o(.text)
    usart_config                             0x0800c979   Thumb Code   192  usart.o(.text)
    USART1_IRQHandler                        0x0800ca39   Thumb Code   156  usart.o(.text)
    usart_ReadRegister                       0x0800cad5   Thumb Code   110  usart.o(.text)
    usart_WriteRegister                      0x0800cb43   Thumb Code   110  usart.o(.text)
    usart_WriteMultipleRegister              0x0800cbb1   Thumb Code   198  usart.o(.text)
    modbus_dataUnpack_host                   0x0800cc77   Thumb Code   844  usart.o(.text)
    RecoverFactoryPr                         0x0800d019   Thumb Code    92  syspr.o(.text)
    Init_Procedure                           0x0800d075   Thumb Code   264  syspr.o(.text)
    init_SoftWareVison                       0x0800d17d   Thumb Code     2  syspr.o(.text)
    init_userPr                              0x0800d17f   Thumb Code   152  syspr.o(.text)
    SysPrInit                                0x0800d217   Thumb Code    70  syspr.o(.text)
    IIC_Init                                 0x0800d299   Thumb Code    50  iic.o(.text)
    IIC_Start2                               0x0800d2cb   Thumb Code    68  iic.o(.text)
    IIC_Start                                0x0800d30f   Thumb Code    84  iic.o(.text)
    IIC_Stop2                                0x0800d363   Thumb Code    62  iic.o(.text)
    IIC_Stop                                 0x0800d3a1   Thumb Code    90  iic.o(.text)
    IIC_Wait_Ack                             0x0800d3fb   Thumb Code    86  iic.o(.text)
    IIC_Ack                                  0x0800d451   Thumb Code    66  iic.o(.text)
    IIC_NAck                                 0x0800d493   Thumb Code    66  iic.o(.text)
    IIC_Send_Byte                            0x0800d4d5   Thumb Code    90  iic.o(.text)
    IIC_Read_Byte                            0x0800d52f   Thumb Code    98  iic.o(.text)
    AT24CXX_Init                             0x0800d59d   Thumb Code     8  24cxx.o(.text)
    AT24CXX_ReadOneByte                      0x0800d5a5   Thumb Code    84  24cxx.o(.text)
    AT24CXX_WriteOneByte                     0x0800d5f9   Thumb Code    76  24cxx.o(.text)
    AT24CXX_WriteLenByte                     0x0800d645   Thumb Code    42  24cxx.o(.text)
    AT24CXX_ReadLenByte                      0x0800d66f   Thumb Code    44  24cxx.o(.text)
    AT24CXX_Check                            0x0800d69b   Thumb Code    52  24cxx.o(.text)
    AT24CXX_Read                             0x0800d6cf   Thumb Code    34  24cxx.o(.text)
    AT24CXX_Write                            0x0800d6f1   Thumb Code    36  24cxx.o(.text)
    delay_init                               0x0800d715   Thumb Code    52  delay.o(.text)
    delay_ms                                 0x0800d749   Thumb Code    56  delay.o(.text)
    delay_us                                 0x0800d781   Thumb Code    56  delay.o(.text)
    delay                                    0x0800d7b9   Thumb Code    10  delay.o(.text)
    RTC_NVIC_Config                          0x0800d7cd   Thumb Code    34  rtc.o(.text)
    RTC_Get_Week                             0x0800d7ef   Thumb Code   116  rtc.o(.text)
    Is_Leap_Year                             0x0800d863   Thumb Code    58  rtc.o(.text)
    RTC_Get                                  0x0800d89d   Thumb Code   246  rtc.o(.text)
    RTC_Set                                  0x0800d993   Thumb Code   186  rtc.o(.text)
    RTC_Init                                 0x0800da4d   Thumb Code   186  rtc.o(.text)
    RTC_IRQHandler                           0x0800db07   Thumb Code    82  rtc.o(.text)
    str_cmpx                                 0x0800db59   Thumb Code    36  rtc.o(.text)
    KeyScan                                  0x0800db9d   Thumb Code   444  key.o(.text)
    crc16                                    0x0800dd95   Thumb Code    48  crc.o(.text)
    wait                                     0x0800ddcd   Thumb Code    12  lcd_display.o(.text)
    check_sta01                              0x0800ddd9   Thumb Code    80  lcd_display.o(.text)
    check_sta3                               0x0800de29   Thumb Code    80  lcd_display.o(.text)
    write_data                               0x0800de79   Thumb Code    68  lcd_display.o(.text)
    write_com                                0x0800debd   Thumb Code    68  lcd_display.o(.text)
    write_reg                                0x0800df01   Thumb Code    28  lcd_display.o(.text)
    init_LCD                                 0x0800df1d   Thumb Code    50  lcd_display.o(.text)
    init_sap1024                             0x0800df4f   Thumb Code    76  lcd_display.o(.text)
    lcd_WordSearch                           0x0800df9b   Thumb Code    50  lcd_display.o(.text)
    lcd_ByteSearch                           0x0800dfcd   Thumb Code    42  lcd_display.o(.text)
    lcd_wru16                                0x0800dff7   Thumb Code   254  lcd_display.o(.text)
    lcd_wru8                                 0x0800e0f5   Thumb Code   156  lcd_display.o(.text)
    lcd_wrstring                             0x0800e191   Thumb Code   122  lcd_display.o(.text)
    lcd_wrpicture                            0x0800e20b   Thumb Code   132  lcd_display.o(.text)
    lcd_drawpane                             0x0800e28f   Thumb Code   110  lcd_display.o(.text)
    hex_to_asc_b                             0x0800e2fd   Thumb Code    42  lcd_display.o(.text)
    hex_to_asc                               0x0800e327   Thumb Code   104  lcd_display.o(.text)
    lcd_wrstring_num                         0x0800e38f   Thumb Code   114  lcd_display.o(.text)
    sub_buzz                                 0x0800e409   Thumb Code   566  buzz.o(.text)
    get_T_from_R                             0x0800e65d   Thumb Code   210  datahandle.o(.text)
    sub_DataHandle                           0x0800e72f   Thumb Code   156  datahandle.o(.text)
    sub_InputStates                          0x0800e7cb   Thumb Code   166  datahandle.o(.text)
    putCommSend                              0x0800e8cd   Thumb Code   306  struct_comm.o(.text)
    NVIC_PriorityGroupConfig                 0x0800ea3d   Thumb Code    10  misc.o(.text)
    NVIC_Init                                0x0800ea47   Thumb Code   100  misc.o(.text)
    NVIC_SetVectorTable                      0x0800eaab   Thumb Code    14  misc.o(.text)
    NVIC_SystemLPConfig                      0x0800eab9   Thumb Code    34  misc.o(.text)
    SysTick_CLKSourceConfig                  0x0800eadb   Thumb Code    40  misc.o(.text)
    RCC_DeInit                               0x0800eb19   Thumb Code    64  stm32f10x_rcc.o(.text)
    RCC_HSEConfig                            0x0800eb59   Thumb Code    70  stm32f10x_rcc.o(.text)
    RCC_GetFlagStatus                        0x0800eb9f   Thumb Code    56  stm32f10x_rcc.o(.text)
    RCC_WaitForHSEStartUp                    0x0800ebd7   Thumb Code    56  stm32f10x_rcc.o(.text)
    RCC_AdjustHSICalibrationValue            0x0800ec0f   Thumb Code    20  stm32f10x_rcc.o(.text)
    RCC_HSICmd                               0x0800ec23   Thumb Code     6  stm32f10x_rcc.o(.text)
    RCC_PLLConfig                            0x0800ec29   Thumb Code    24  stm32f10x_rcc.o(.text)
    RCC_PLLCmd                               0x0800ec41   Thumb Code     6  stm32f10x_rcc.o(.text)
    RCC_SYSCLKConfig                         0x0800ec47   Thumb Code    18  stm32f10x_rcc.o(.text)
    RCC_GetSYSCLKSource                      0x0800ec59   Thumb Code    10  stm32f10x_rcc.o(.text)
    RCC_HCLKConfig                           0x0800ec63   Thumb Code    18  stm32f10x_rcc.o(.text)
    RCC_PCLK1Config                          0x0800ec75   Thumb Code    18  stm32f10x_rcc.o(.text)
    RCC_PCLK2Config                          0x0800ec87   Thumb Code    20  stm32f10x_rcc.o(.text)
    RCC_ITConfig                             0x0800ec9b   Thumb Code    26  stm32f10x_rcc.o(.text)
    RCC_USBCLKConfig                         0x0800ecb5   Thumb Code     8  stm32f10x_rcc.o(.text)
    RCC_ADCCLKConfig                         0x0800ecbd   Thumb Code    18  stm32f10x_rcc.o(.text)
    RCC_LSEConfig                            0x0800eccf   Thumb Code    50  stm32f10x_rcc.o(.text)
    RCC_LSICmd                               0x0800ed01   Thumb Code     6  stm32f10x_rcc.o(.text)
    RCC_RTCCLKConfig                         0x0800ed07   Thumb Code    12  stm32f10x_rcc.o(.text)
    RCC_RTCCLKCmd                            0x0800ed13   Thumb Code     8  stm32f10x_rcc.o(.text)
    RCC_GetClocksFreq                        0x0800ed1b   Thumb Code   192  stm32f10x_rcc.o(.text)
    RCC_AHBPeriphClockCmd                    0x0800eddb   Thumb Code    26  stm32f10x_rcc.o(.text)
    RCC_APB2PeriphClockCmd                   0x0800edf5   Thumb Code    26  stm32f10x_rcc.o(.text)
    RCC_APB1PeriphClockCmd                   0x0800ee0f   Thumb Code    26  stm32f10x_rcc.o(.text)
    RCC_APB2PeriphResetCmd                   0x0800ee29   Thumb Code    26  stm32f10x_rcc.o(.text)
    RCC_APB1PeriphResetCmd                   0x0800ee43   Thumb Code    26  stm32f10x_rcc.o(.text)
    RCC_BackupResetCmd                       0x0800ee5d   Thumb Code     8  stm32f10x_rcc.o(.text)
    RCC_ClockSecuritySystemCmd               0x0800ee65   Thumb Code     6  stm32f10x_rcc.o(.text)
    RCC_MCOConfig                            0x0800ee6b   Thumb Code     6  stm32f10x_rcc.o(.text)
    RCC_ClearFlag                            0x0800ee71   Thumb Code    14  stm32f10x_rcc.o(.text)
    RCC_GetITStatus                          0x0800ee7f   Thumb Code    20  stm32f10x_rcc.o(.text)
    RCC_ClearITPendingBit                    0x0800ee93   Thumb Code     6  stm32f10x_rcc.o(.text)
    RTC_ITConfig                             0x0800eebd   Thumb Code    26  stm32f10x_rtc.o(.text)
    RTC_EnterConfigMode                      0x0800eed7   Thumb Code    18  stm32f10x_rtc.o(.text)
    RTC_ExitConfigMode                       0x0800eee9   Thumb Code    20  stm32f10x_rtc.o(.text)
    RTC_GetCounter                           0x0800eefd   Thumb Code    18  stm32f10x_rtc.o(.text)
    RTC_SetCounter                           0x0800ef0f   Thumb Code    26  stm32f10x_rtc.o(.text)
    RTC_SetPrescaler                         0x0800ef29   Thumb Code    28  stm32f10x_rtc.o(.text)
    RTC_SetAlarm                             0x0800ef45   Thumb Code    26  stm32f10x_rtc.o(.text)
    RTC_GetDivider                           0x0800ef5f   Thumb Code    22  stm32f10x_rtc.o(.text)
    RTC_WaitForLastTask                      0x0800ef75   Thumb Code    18  stm32f10x_rtc.o(.text)
    RTC_WaitForSynchro                       0x0800ef87   Thumb Code    36  stm32f10x_rtc.o(.text)
    RTC_GetFlagStatus                        0x0800efab   Thumb Code    22  stm32f10x_rtc.o(.text)
    RTC_ClearFlag                            0x0800efc1   Thumb Code    16  stm32f10x_rtc.o(.text)
    RTC_GetITStatus                          0x0800efd1   Thumb Code    32  stm32f10x_rtc.o(.text)
    RTC_ClearITPendingBit                    0x0800eff1   Thumb Code    16  stm32f10x_rtc.o(.text)
    TIM_DeInit                               0x0800f005   Thumb Code   424  stm32f10x_tim.o(.text)
    TIM_TimeBaseInit                         0x0800f1ad   Thumb Code   122  stm32f10x_tim.o(.text)
    TIM_OC1Init                              0x0800f227   Thumb Code   132  stm32f10x_tim.o(.text)
    TIM_OC2Init                              0x0800f2ab   Thumb Code   154  stm32f10x_tim.o(.text)
    TIM_OC3Init                              0x0800f345   Thumb Code   150  stm32f10x_tim.o(.text)
    TIM_OC4Init                              0x0800f3db   Thumb Code   182  stm32f10x_tim.o(.text)
    TIM_SetIC4Prescaler                      0x0800f491   Thumb Code    26  stm32f10x_tim.o(.text)
    TIM_SetIC3Prescaler                      0x0800f52d   Thumb Code    18  stm32f10x_tim.o(.text)
    TIM_SetIC2Prescaler                      0x0800f5b9   Thumb Code    26  stm32f10x_tim.o(.text)
    TIM_SetIC1Prescaler                      0x0800f655   Thumb Code    18  stm32f10x_tim.o(.text)
    TIM_ICInit                               0x0800f6d3   Thumb Code   150  stm32f10x_tim.o(.text)
    TIM_PWMIConfig                           0x0800f769   Thumb Code   124  stm32f10x_tim.o(.text)
    TIM_BDTRConfig                           0x0800f7e5   Thumb Code    32  stm32f10x_tim.o(.text)
    TIM_TimeBaseStructInit                   0x0800f805   Thumb Code    18  stm32f10x_tim.o(.text)
    TIM_OCStructInit                         0x0800f817   Thumb Code    20  stm32f10x_tim.o(.text)
    TIM_ICStructInit                         0x0800f82b   Thumb Code    18  stm32f10x_tim.o(.text)
    TIM_BDTRStructInit                       0x0800f83d   Thumb Code    40  stm32f10x_tim.o(.text)
    TIM_Cmd                                  0x0800f865   Thumb Code    24  stm32f10x_tim.o(.text)
    TIM_CtrlPWMOutputs                       0x0800f87d   Thumb Code    30  stm32f10x_tim.o(.text)
    TIM_ITConfig                             0x0800f89b   Thumb Code    18  stm32f10x_tim.o(.text)
    TIM_GenerateEvent                        0x0800f8ad   Thumb Code     4  stm32f10x_tim.o(.text)
    TIM_DMAConfig                            0x0800f8b1   Thumb Code    10  stm32f10x_tim.o(.text)
    TIM_DMACmd                               0x0800f8bb   Thumb Code    18  stm32f10x_tim.o(.text)
    TIM_InternalClockConfig                  0x0800f8cd   Thumb Code    12  stm32f10x_tim.o(.text)
    TIM_SelectInputTrigger                   0x0800f8d9   Thumb Code    18  stm32f10x_tim.o(.text)
    TIM_ITRxExternalClockConfig              0x0800f8eb   Thumb Code    24  stm32f10x_tim.o(.text)
    TIM_TIxExternalClockConfig               0x0800f903   Thumb Code    62  stm32f10x_tim.o(.text)
    TIM_ETRConfig                            0x0800f941   Thumb Code    28  stm32f10x_tim.o(.text)
    TIM_ETRClockMode1Config                  0x0800f95d   Thumb Code    54  stm32f10x_tim.o(.text)
    TIM_ETRClockMode2Config                  0x0800f993   Thumb Code    32  stm32f10x_tim.o(.text)
    TIM_PrescalerConfig                      0x0800f9b3   Thumb Code     6  stm32f10x_tim.o(.text)
    TIM_CounterModeConfig                    0x0800f9b9   Thumb Code    18  stm32f10x_tim.o(.text)
    TIM_EncoderInterfaceConfig               0x0800f9cb   Thumb Code    66  stm32f10x_tim.o(.text)
    TIM_ForcedOC1Config                      0x0800fa0d   Thumb Code    18  stm32f10x_tim.o(.text)
    TIM_ForcedOC2Config                      0x0800fa1f   Thumb Code    26  stm32f10x_tim.o(.text)
    TIM_ForcedOC3Config                      0x0800fa39   Thumb Code    18  stm32f10x_tim.o(.text)
    TIM_ForcedOC4Config                      0x0800fa4b   Thumb Code    26  stm32f10x_tim.o(.text)
    TIM_ARRPreloadConfig                     0x0800fa65   Thumb Code    24  stm32f10x_tim.o(.text)
    TIM_SelectCOM                            0x0800fa7d   Thumb Code    24  stm32f10x_tim.o(.text)
    TIM_SelectCCDMA                          0x0800fa95   Thumb Code    24  stm32f10x_tim.o(.text)
    TIM_CCPreloadControl                     0x0800faad   Thumb Code    24  stm32f10x_tim.o(.text)
    TIM_OC1PreloadConfig                     0x0800fac5   Thumb Code    18  stm32f10x_tim.o(.text)
    TIM_OC2PreloadConfig                     0x0800fad7   Thumb Code    26  stm32f10x_tim.o(.text)
    TIM_OC3PreloadConfig                     0x0800faf1   Thumb Code    18  stm32f10x_tim.o(.text)
    TIM_OC4PreloadConfig                     0x0800fb03   Thumb Code    26  stm32f10x_tim.o(.text)
    TIM_OC1FastConfig                        0x0800fb1d   Thumb Code    18  stm32f10x_tim.o(.text)
    TIM_OC2FastConfig                        0x0800fb2f   Thumb Code    26  stm32f10x_tim.o(.text)
    TIM_OC3FastConfig                        0x0800fb49   Thumb Code    18  stm32f10x_tim.o(.text)
    TIM_OC4FastConfig                        0x0800fb5b   Thumb Code    26  stm32f10x_tim.o(.text)
    TIM_ClearOC1Ref                          0x0800fb75   Thumb Code    18  stm32f10x_tim.o(.text)
    TIM_ClearOC2Ref                          0x0800fb87   Thumb Code    24  stm32f10x_tim.o(.text)
    TIM_ClearOC3Ref                          0x0800fb9f   Thumb Code    18  stm32f10x_tim.o(.text)
    TIM_ClearOC4Ref                          0x0800fbb1   Thumb Code    24  stm32f10x_tim.o(.text)
    TIM_OC1PolarityConfig                    0x0800fbc9   Thumb Code    18  stm32f10x_tim.o(.text)
    TIM_OC1NPolarityConfig                   0x0800fbdb   Thumb Code    18  stm32f10x_tim.o(.text)
    TIM_OC2PolarityConfig                    0x0800fbed   Thumb Code    26  stm32f10x_tim.o(.text)
    TIM_OC2NPolarityConfig                   0x0800fc07   Thumb Code    26  stm32f10x_tim.o(.text)
    TIM_OC3PolarityConfig                    0x0800fc21   Thumb Code    26  stm32f10x_tim.o(.text)
    TIM_OC3NPolarityConfig                   0x0800fc3b   Thumb Code    26  stm32f10x_tim.o(.text)
    TIM_OC4PolarityConfig                    0x0800fc55   Thumb Code    26  stm32f10x_tim.o(.text)
    TIM_CCxCmd                               0x0800fc6f   Thumb Code    30  stm32f10x_tim.o(.text)
    TIM_CCxNCmd                              0x0800fc8d   Thumb Code    30  stm32f10x_tim.o(.text)
    TIM_SelectOCxM                           0x0800fcab   Thumb Code    82  stm32f10x_tim.o(.text)
    TIM_UpdateDisableConfig                  0x0800fcfd   Thumb Code    24  stm32f10x_tim.o(.text)
    TIM_UpdateRequestConfig                  0x0800fd15   Thumb Code    24  stm32f10x_tim.o(.text)
    TIM_SelectHallSensor                     0x0800fd2d   Thumb Code    24  stm32f10x_tim.o(.text)
    TIM_SelectOnePulseMode                   0x0800fd45   Thumb Code    18  stm32f10x_tim.o(.text)
    TIM_SelectOutputTrigger                  0x0800fd57   Thumb Code    18  stm32f10x_tim.o(.text)
    TIM_SelectSlaveMode                      0x0800fd69   Thumb Code    18  stm32f10x_tim.o(.text)
    TIM_SelectMasterSlaveMode                0x0800fd7b   Thumb Code    18  stm32f10x_tim.o(.text)
    TIM_SetCounter                           0x0800fd8d   Thumb Code     4  stm32f10x_tim.o(.text)
    TIM_SetAutoreload                        0x0800fd91   Thumb Code     4  stm32f10x_tim.o(.text)
    TIM_SetCompare1                          0x0800fd95   Thumb Code     4  stm32f10x_tim.o(.text)
    TIM_SetCompare2                          0x0800fd99   Thumb Code     4  stm32f10x_tim.o(.text)
    TIM_SetCompare3                          0x0800fd9d   Thumb Code     4  stm32f10x_tim.o(.text)
    TIM_SetCompare4                          0x0800fda1   Thumb Code     6  stm32f10x_tim.o(.text)
    TIM_SetClockDivision                     0x0800fda7   Thumb Code    18  stm32f10x_tim.o(.text)
    TIM_GetCapture1                          0x0800fdb9   Thumb Code     6  stm32f10x_tim.o(.text)
    TIM_GetCapture2                          0x0800fdbf   Thumb Code     6  stm32f10x_tim.o(.text)
    TIM_GetCapture3                          0x0800fdc5   Thumb Code     6  stm32f10x_tim.o(.text)
    TIM_GetCapture4                          0x0800fdcb   Thumb Code     8  stm32f10x_tim.o(.text)
    TIM_GetCounter                           0x0800fdd3   Thumb Code     6  stm32f10x_tim.o(.text)
    TIM_GetPrescaler                         0x0800fdd9   Thumb Code     6  stm32f10x_tim.o(.text)
    TIM_GetFlagStatus                        0x0800fddf   Thumb Code    18  stm32f10x_tim.o(.text)
    TIM_ClearFlag                            0x0800fdf1   Thumb Code     6  stm32f10x_tim.o(.text)
    TIM_GetITStatus                          0x0800fdf7   Thumb Code    34  stm32f10x_tim.o(.text)
    TIM_ClearITPendingBit                    0x0800fe19   Thumb Code     6  stm32f10x_tim.o(.text)
    USART_DeInit                             0x0800fe21   Thumb Code   134  stm32f10x_usart.o(.text)
    USART_Init                               0x0800fea7   Thumb Code   210  stm32f10x_usart.o(.text)
    USART_StructInit                         0x0800ff79   Thumb Code    24  stm32f10x_usart.o(.text)
    USART_ClockInit                          0x0800ff91   Thumb Code    34  stm32f10x_usart.o(.text)
    USART_ClockStructInit                    0x0800ffb3   Thumb Code    12  stm32f10x_usart.o(.text)
    USART_Cmd                                0x0800ffbf   Thumb Code    24  stm32f10x_usart.o(.text)
    USART_ITConfig                           0x0800ffd7   Thumb Code    74  stm32f10x_usart.o(.text)
    USART_DMACmd                             0x08010021   Thumb Code    18  stm32f10x_usart.o(.text)
    USART_SetAddress                         0x08010033   Thumb Code    18  stm32f10x_usart.o(.text)
    USART_WakeUpConfig                       0x08010045   Thumb Code    18  stm32f10x_usart.o(.text)
    USART_ReceiverWakeUpCmd                  0x08010057   Thumb Code    24  stm32f10x_usart.o(.text)
    USART_LINBreakDetectLengthConfig         0x0801006f   Thumb Code    18  stm32f10x_usart.o(.text)
    USART_LINCmd                             0x08010081   Thumb Code    24  stm32f10x_usart.o(.text)
    USART_SendData                           0x08010099   Thumb Code     8  stm32f10x_usart.o(.text)
    USART_ReceiveData                        0x080100a1   Thumb Code    10  stm32f10x_usart.o(.text)
    USART_SendBreak                          0x080100ab   Thumb Code    10  stm32f10x_usart.o(.text)
    USART_SetGuardTime                       0x080100b5   Thumb Code    16  stm32f10x_usart.o(.text)
    USART_SetPrescaler                       0x080100c5   Thumb Code    16  stm32f10x_usart.o(.text)
    USART_SmartCardCmd                       0x080100d5   Thumb Code    24  stm32f10x_usart.o(.text)
    USART_SmartCardNACKCmd                   0x080100ed   Thumb Code    24  stm32f10x_usart.o(.text)
    USART_HalfDuplexCmd                      0x08010105   Thumb Code    24  stm32f10x_usart.o(.text)
    USART_OverSampling8Cmd                   0x0801011d   Thumb Code    22  stm32f10x_usart.o(.text)
    USART_OneBitMethodCmd                    0x08010133   Thumb Code    24  stm32f10x_usart.o(.text)
    USART_IrDAConfig                         0x0801014b   Thumb Code    18  stm32f10x_usart.o(.text)
    USART_IrDACmd                            0x0801015d   Thumb Code    24  stm32f10x_usart.o(.text)
    USART_GetFlagStatus                      0x08010175   Thumb Code    26  stm32f10x_usart.o(.text)
    USART_ClearFlag                          0x0801018f   Thumb Code    18  stm32f10x_usart.o(.text)
    USART_GetITStatus                        0x080101a1   Thumb Code    84  stm32f10x_usart.o(.text)
    USART_ClearITPendingBit                  0x080101f5   Thumb Code    52  stm32f10x_usart.o(.text)
    BKP_DeInit                               0x08010229   Thumb Code    16  stm32f10x_bkp.o(.text)
    BKP_TamperPinLevelConfig                 0x08010239   Thumb Code     6  stm32f10x_bkp.o(.text)
    BKP_TamperPinCmd                         0x0801023f   Thumb Code     8  stm32f10x_bkp.o(.text)
    BKP_ITConfig                             0x08010247   Thumb Code     8  stm32f10x_bkp.o(.text)
    BKP_RTCOutputConfig                      0x0801024f   Thumb Code    22  stm32f10x_bkp.o(.text)
    BKP_SetRTCCalibrationValue               0x08010265   Thumb Code    22  stm32f10x_bkp.o(.text)
    BKP_WriteBackupRegister                  0x0801027b   Thumb Code    24  stm32f10x_bkp.o(.text)
    BKP_ReadBackupRegister                   0x08010293   Thumb Code    26  stm32f10x_bkp.o(.text)
    BKP_GetFlagStatus                        0x080102ad   Thumb Code    10  stm32f10x_bkp.o(.text)
    BKP_ClearFlag                            0x080102b7   Thumb Code    18  stm32f10x_bkp.o(.text)
    BKP_GetITStatus                          0x080102c9   Thumb Code    10  stm32f10x_bkp.o(.text)
    BKP_ClearITPendingBit                    0x080102d3   Thumb Code    18  stm32f10x_bkp.o(.text)
    PWR_DeInit                               0x080102ed   Thumb Code    22  stm32f10x_pwr.o(.text)
    PWR_BackupAccessCmd                      0x08010303   Thumb Code     6  stm32f10x_pwr.o(.text)
    PWR_PVDCmd                               0x08010309   Thumb Code     6  stm32f10x_pwr.o(.text)
    PWR_PVDLevelConfig                       0x0801030f   Thumb Code    18  stm32f10x_pwr.o(.text)
    PWR_WakeUpPinCmd                         0x08010321   Thumb Code     8  stm32f10x_pwr.o(.text)
    PWR_EnterSTOPMode                        0x08010329   Thumb Code    54  stm32f10x_pwr.o(.text)
    PWR_EnterSTANDBYMode                     0x0801035f   Thumb Code    42  stm32f10x_pwr.o(.text)
    PWR_GetFlagStatus                        0x08010389   Thumb Code    20  stm32f10x_pwr.o(.text)
    PWR_ClearFlag                            0x0801039d   Thumb Code    14  stm32f10x_pwr.o(.text)
    GPIO_DeInit                              0x080103b9   Thumb Code   172  stm32f10x_gpio.o(.text)
    GPIO_AFIODeInit                          0x08010465   Thumb Code    20  stm32f10x_gpio.o(.text)
    GPIO_Init                                0x08010479   Thumb Code   278  stm32f10x_gpio.o(.text)
    GPIO_StructInit                          0x0801058f   Thumb Code    16  stm32f10x_gpio.o(.text)
    GPIO_ReadInputDataBit                    0x0801059f   Thumb Code    18  stm32f10x_gpio.o(.text)
    GPIO_ReadInputData                       0x080105b1   Thumb Code     8  stm32f10x_gpio.o(.text)
    GPIO_ReadOutputDataBit                   0x080105b9   Thumb Code    18  stm32f10x_gpio.o(.text)
    GPIO_ReadOutputData                      0x080105cb   Thumb Code     8  stm32f10x_gpio.o(.text)
    GPIO_SetBits                             0x080105d3   Thumb Code     4  stm32f10x_gpio.o(.text)
    GPIO_ResetBits                           0x080105d7   Thumb Code     4  stm32f10x_gpio.o(.text)
    GPIO_WriteBit                            0x080105db   Thumb Code    10  stm32f10x_gpio.o(.text)
    GPIO_Write                               0x080105e5   Thumb Code     4  stm32f10x_gpio.o(.text)
    GPIO_PinLockConfig                       0x080105e9   Thumb Code    18  stm32f10x_gpio.o(.text)
    GPIO_EventOutputConfig                   0x080105fb   Thumb Code    26  stm32f10x_gpio.o(.text)
    GPIO_EventOutputCmd                      0x08010615   Thumb Code     6  stm32f10x_gpio.o(.text)
    GPIO_PinRemapConfig                      0x0801061b   Thumb Code   138  stm32f10x_gpio.o(.text)
    GPIO_EXTILineConfig                      0x080106a5   Thumb Code    66  stm32f10x_gpio.o(.text)
    GPIO_ETH_MediaInterfaceConfig            0x080106e7   Thumb Code     8  stm32f10x_gpio.o(.text)
    Reset_Handler                            0x08010715   Thumb Code     8  startup_stm32f10x_md.o(.text)
    ADC1_2_IRQHandler                        0x0801072f   Thumb Code     0  startup_stm32f10x_md.o(.text)
    CAN1_RX1_IRQHandler                      0x0801072f   Thumb Code     0  startup_stm32f10x_md.o(.text)
    CAN1_SCE_IRQHandler                      0x0801072f   Thumb Code     0  startup_stm32f10x_md.o(.text)
    DMA1_Channel1_IRQHandler                 0x0801072f   Thumb Code     0  startup_stm32f10x_md.o(.text)
    DMA1_Channel2_IRQHandler                 0x0801072f   Thumb Code     0  startup_stm32f10x_md.o(.text)
    DMA1_Channel3_IRQHandler                 0x0801072f   Thumb Code     0  startup_stm32f10x_md.o(.text)
    DMA1_Channel4_IRQHandler                 0x0801072f   Thumb Code     0  startup_stm32f10x_md.o(.text)
    DMA1_Channel5_IRQHandler                 0x0801072f   Thumb Code     0  startup_stm32f10x_md.o(.text)
    DMA1_Channel6_IRQHandler                 0x0801072f   Thumb Code     0  startup_stm32f10x_md.o(.text)
    DMA1_Channel7_IRQHandler                 0x0801072f   Thumb Code     0  startup_stm32f10x_md.o(.text)
    EXTI0_IRQHandler                         0x0801072f   Thumb Code     0  startup_stm32f10x_md.o(.text)
    EXTI15_10_IRQHandler                     0x0801072f   Thumb Code     0  startup_stm32f10x_md.o(.text)
    EXTI1_IRQHandler                         0x0801072f   Thumb Code     0  startup_stm32f10x_md.o(.text)
    EXTI2_IRQHandler                         0x0801072f   Thumb Code     0  startup_stm32f10x_md.o(.text)
    EXTI3_IRQHandler                         0x0801072f   Thumb Code     0  startup_stm32f10x_md.o(.text)
    EXTI4_IRQHandler                         0x0801072f   Thumb Code     0  startup_stm32f10x_md.o(.text)
    EXTI9_5_IRQHandler                       0x0801072f   Thumb Code     0  startup_stm32f10x_md.o(.text)
    FLASH_IRQHandler                         0x0801072f   Thumb Code     0  startup_stm32f10x_md.o(.text)
    I2C1_ER_IRQHandler                       0x0801072f   Thumb Code     0  startup_stm32f10x_md.o(.text)
    I2C1_EV_IRQHandler                       0x0801072f   Thumb Code     0  startup_stm32f10x_md.o(.text)
    I2C2_ER_IRQHandler                       0x0801072f   Thumb Code     0  startup_stm32f10x_md.o(.text)
    I2C2_EV_IRQHandler                       0x0801072f   Thumb Code     0  startup_stm32f10x_md.o(.text)
    PVD_IRQHandler                           0x0801072f   Thumb Code     0  startup_stm32f10x_md.o(.text)
    RCC_IRQHandler                           0x0801072f   Thumb Code     0  startup_stm32f10x_md.o(.text)
    RTCAlarm_IRQHandler                      0x0801072f   Thumb Code     0  startup_stm32f10x_md.o(.text)
    SPI1_IRQHandler                          0x0801072f   Thumb Code     0  startup_stm32f10x_md.o(.text)
    SPI2_IRQHandler                          0x0801072f   Thumb Code     0  startup_stm32f10x_md.o(.text)
    TAMPER_IRQHandler                        0x0801072f   Thumb Code     0  startup_stm32f10x_md.o(.text)
    TIM1_BRK_IRQHandler                      0x0801072f   Thumb Code     0  startup_stm32f10x_md.o(.text)
    TIM1_CC_IRQHandler                       0x0801072f   Thumb Code     0  startup_stm32f10x_md.o(.text)
    TIM1_TRG_COM_IRQHandler                  0x0801072f   Thumb Code     0  startup_stm32f10x_md.o(.text)
    TIM1_UP_IRQHandler                       0x0801072f   Thumb Code     0  startup_stm32f10x_md.o(.text)
    TIM2_IRQHandler                          0x0801072f   Thumb Code     0  startup_stm32f10x_md.o(.text)
    TIM4_IRQHandler                          0x0801072f   Thumb Code     0  startup_stm32f10x_md.o(.text)
    USART2_IRQHandler                        0x0801072f   Thumb Code     0  startup_stm32f10x_md.o(.text)
    USART3_IRQHandler                        0x0801072f   Thumb Code     0  startup_stm32f10x_md.o(.text)
    USBWakeUp_IRQHandler                     0x0801072f   Thumb Code     0  startup_stm32f10x_md.o(.text)
    USB_HP_CAN1_TX_IRQHandler                0x0801072f   Thumb Code     0  startup_stm32f10x_md.o(.text)
    USB_LP_CAN1_RX0_IRQHandler               0x0801072f   Thumb Code     0  startup_stm32f10x_md.o(.text)
    WWDG_IRQHandler                          0x0801072f   Thumb Code     0  startup_stm32f10x_md.o(.text)
    __user_initial_stackheap                 0x08010731   Thumb Code     0  startup_stm32f10x_md.o(.text)
    SystemInit                               0x08010833   Thumb Code    78  system_stm32f10x.o(.text)
    SystemCoreClockUpdate                    0x08010881   Thumb Code   142  system_stm32f10x.o(.text)
    NMI_Handler                              0x08010935   Thumb Code     2  stm32f10x_it.o(.text)
    HardFault_Handler                        0x08010937   Thumb Code     4  stm32f10x_it.o(.text)
    MemManage_Handler                        0x0801093b   Thumb Code     4  stm32f10x_it.o(.text)
    BusFault_Handler                         0x0801093f   Thumb Code     4  stm32f10x_it.o(.text)
    UsageFault_Handler                       0x08010943   Thumb Code     4  stm32f10x_it.o(.text)
    SVC_Handler                              0x08010947   Thumb Code     2  stm32f10x_it.o(.text)
    DebugMon_Handler                         0x08010949   Thumb Code     2  stm32f10x_it.o(.text)
    PendSV_Handler                           0x0801094b   Thumb Code     2  stm32f10x_it.o(.text)
    SysTick_Handler                          0x0801094d   Thumb Code     2  stm32f10x_it.o(.text)
    strncpy                                  0x0801094f   Thumb Code    86  strncpy.o(.text)
    __use_two_region_memory                  0x080109a5   Thumb Code     2  heapauxi.o(.text)
    __rt_heap_escrow$2region                 0x080109a7   Thumb Code     2  heapauxi.o(.text)
    __rt_heap_expand$2region                 0x080109a9   Thumb Code     2  heapauxi.o(.text)
    __aeabi_memclr                           0x080109ab   Thumb Code     0  rt_memclr.o(.text)
    __rt_memclr                              0x080109ab   Thumb Code    68  rt_memclr.o(.text)
    _memset                                  0x080109af   Thumb Code     0  rt_memclr.o(.text)
    __aeabi_memclr4                          0x080109ef   Thumb Code     0  rt_memclr_w.o(.text)
    __aeabi_memclr8                          0x080109ef   Thumb Code     0  rt_memclr_w.o(.text)
    __rt_memclr_w                            0x080109ef   Thumb Code    78  rt_memclr_w.o(.text)
    _memset_w                                0x080109f3   Thumb Code     0  rt_memclr_w.o(.text)
    __user_setup_stackheap                   0x08010a3d   Thumb Code    74  sys_stackheap_outer.o(.text)
    exit                                     0x08010a87   Thumb Code    12  exit.o(.text)
    __user_libspace                          0x08010a95   Thumb Code     8  libspace.o(.text)
    __user_perproc_libspace                  0x08010a95   Thumb Code     0  libspace.o(.text)
    __user_perthread_libspace                0x08010a95   Thumb Code     0  libspace.o(.text)
    _sys_exit                                0x08010a9d   Thumb Code     8  sys_exit.o(.text)
    __I$use$semihosting                      0x08010aa9   Thumb Code     0  use_no_semi.o(.text)
    __use_no_semihosting_swi                 0x08010aa9   Thumb Code     2  use_no_semi.o(.text)
    __semihosting_library_function           0x08010aab   Thumb Code     0  indicate_semi.o(.text)
    __aeabi_fadd                             0x08010aad   Thumb Code     0  faddsub_clz.o(x$fpl$fadd)
    _fadd                                    0x08010aad   Thumb Code   196  faddsub_clz.o(x$fpl$fadd)
    __fpl_fcmp_Inf                           0x08010b71   Thumb Code    24  fcmpi.o(x$fpl$fcmpinf)
    __aeabi_fdiv                             0x08010b89   Thumb Code     0  fdiv.o(x$fpl$fdiv)
    _fdiv                                    0x08010b89   Thumb Code   384  fdiv.o(x$fpl$fdiv)
    __aeabi_cfcmpeq                          0x08010d0d   Thumb Code     0  feqf.o(x$fpl$feqf)
    _fcmpeq                                  0x08010d0d   Thumb Code   104  feqf.o(x$fpl$feqf)
    __aeabi_i2f                              0x08010d75   Thumb Code     0  fflt_clz.o(x$fpl$fflt)
    _fflt                                    0x08010d75   Thumb Code    48  fflt_clz.o(x$fpl$fflt)
    __aeabi_ui2f                             0x08010da5   Thumb Code     0  fflt_clz.o(x$fpl$ffltu)
    _ffltu                                   0x08010da5   Thumb Code    38  fflt_clz.o(x$fpl$ffltu)
    __aeabi_cfcmple                          0x08010dcd   Thumb Code     0  fleqf.o(x$fpl$fleqf)
    _fcmple                                  0x08010dcd   Thumb Code   104  fleqf.o(x$fpl$fleqf)
    __fpl_fcmple_InfNaN                      0x08010e1f   Thumb Code     0  fleqf.o(x$fpl$fleqf)
    __aeabi_fmul                             0x08010e35   Thumb Code     0  fmul.o(x$fpl$fmul)
    _fmul                                    0x08010e35   Thumb Code   258  fmul.o(x$fpl$fmul)
    __fpl_fnaninf                            0x08010f37   Thumb Code   140  fnaninf.o(x$fpl$fnaninf)
    __fpl_fretinf                            0x08010fc3   Thumb Code    10  fretinf.o(x$fpl$fretinf)
    __aeabi_cfrcmple                         0x08010fcd   Thumb Code     0  frleqf.o(x$fpl$frleqf)
    _frcmple                                 0x08010fcd   Thumb Code    98  frleqf.o(x$fpl$frleqf)
    __aeabi_frsub                            0x0801102f   Thumb Code     0  faddsub_clz.o(x$fpl$frsb)
    _frsb                                    0x0801102f   Thumb Code    20  faddsub_clz.o(x$fpl$frsb)
    __aeabi_fsub                             0x08011045   Thumb Code     0  faddsub_clz.o(x$fpl$fsub)
    _fsub                                    0x08011045   Thumb Code   234  faddsub_clz.o(x$fpl$fsub)
    __I$use$fp                               0x0801112e   Number         0  usenofp.o(x$fpl$usenofp)
    program_one                              0x0801112e   Data         200  syspr.o(.constdata)
    program_two                              0x080111f6   Data         200  syspr.o(.constdata)
    program_three                            0x080112be   Data         200  syspr.o(.constdata)
    program_four                             0x08011386   Data         200  syspr.o(.constdata)
    program_five                             0x0801144e   Data         200  syspr.o(.constdata)
    P01_parameter                            0x08011516   Data         136  syspr.o(.constdata)
    hanzi                                    0x0801159e   Data       11830  ziku.o(.constdata)
    table_week                               0x080143d4   Data          12  rtc.o(.constdata)
    mon_table                                0x080143e0   Data          12  rtc.o(.constdata)
    auchCRCHi                                0x080143ec   Data         256  crc.o(.constdata)
    auchCRCLo                                0x080144ec   Data         256  crc.o(.constdata)
    Region$$Table$$Base                      0x080145ec   Number         0  anon$$obj.o(Region$$Table)
    Region$$Table$$Limit                     0x0801460c   Number         0  anon$$obj.o(Region$$Table)
    _manual_mode                             0x20000000   Data           1  menu.o(.data)
    run_state                                0x20000001   Data           1  menu.o(.data)
    run_frequency                            0x20000004   Data           4  menu.o(.data)
    acce_time                                0x20000008   Data           4  menu.o(.data)
    dece_time                                0x2000000c   Data           4  menu.o(.data)
    set_liquid_height                        0x20000010   Data           1  menu.o(.data)
    _1s_timer                                0x20000011   Data           1  menu.o(.data)
    flag_read_Inv                            0x20000012   Data           1  menu.o(.data)
    _key_pro_ok_2                            0x20000013   Data           1  menu.o(.data)
    set_num                                  0x20000014   Data           1  menu.o(.data)
    set_num_timer                            0x20000015   Data           1  menu.o(.data)
    wash_run_time                            0x20000016   Data           1  menu.o(.data)
    wash_stop_time                           0x20000017   Data           1  menu.o(.data)
    auto_mode_s                              0x20000018   Data           1  menu.o(.data)
    auto_mode_m                              0x20000019   Data           1  menu.o(.data)
    soap_liquid_num                          0x2000001a   Data           1  menu.o(.data)
    dehydration_num                          0x2000001b   Data           1  menu.o(.data)
    data_group2                              0x2000001c   Data           4  menu.o(.data)
    program_step_num                         0x20000020   Data           1  menu.o(.data)
    soap_liquid_time                         0x20000021   Data           1  menu.o(.data)
    tell_stop_num                            0x20000022   Data           1  menu.o(.data)
    new_fault                                0x20000023   Data           1  menu.o(.data)
    commun_interval                          0x20000024   Data           1  menu.o(.data)
    wash_provide_timer                       0x20000025   Data           1  menu.o(.data)
    single_wash_have_water_time              0x20000026   Data           1  menu.o(.data)
    single_wash_drain_time                   0x20000027   Data           1  menu.o(.data)
    single_wash_complete_delay_time          0x20000028   Data           1  menu.o(.data)
    single_wash_complete_skid                0x20000029   Data           1  menu.o(.data)
    dehydration_provide_timer                0x2000002a   Data           1  menu.o(.data)
    middle_dehydration_settle_timer          0x2000002b   Data           1  menu.o(.data)
    middle_dehydration_max_run_timer         0x2000002c   Data           4  menu.o(.data)
    high_dehydration_max_run_timer           0x20000030   Data           4  menu.o(.data)
    middle_dehydration_stop_wait_timer       0x20000034   Data           1  menu.o(.data)
    high_dehydration_stop_wait_timer         0x20000035   Data           1  menu.o(.data)
    middle_dehydration_stop_skid_time        0x20000036   Data           1  menu.o(.data)
    high_dehydration_stop_skid_time          0x20000037   Data           1  menu.o(.data)
    trans_num                                0x20000038   Data           1  menu.o(.data)
    wait_trans_time                          0x20000039   Data           1  menu.o(.data)
    shake_num                                0x2000003a   Data           1  menu.o(.data)
    rxe_receive_timer                        0x2000003c   Data           4  menu.o(.data)
    ad_fault_num                             0x20000040   Data           4  menu.o(.data)
    buzzer_timer                             0x20000044   Data           1  menu.o(.data)
    buzzer_num                               0x20000045   Data           1  menu.o(.data)
    _buzzer_run                              0x20000046   Data           1  menu.o(.data)
    _tell_alarm                              0x20000047   Data           1  menu.o(.data)
    _tell_stop                               0x20000048   Data           1  menu.o(.data)
    step_num                                 0x20000049   Data           1  menu.o(.data)
    get_clothes_provide_timer                0x2000004a   Data           1  menu.o(.data)
    deasil_run_time                          0x2000004b   Data           1  menu.o(.data)
    deasil_stop_time                         0x2000004c   Data           1  menu.o(.data)
    anticlockwise_run_time                   0x2000004d   Data           1  menu.o(.data)
    anticlockwise_stop_time                  0x2000004e   Data           1  menu.o(.data)
    lcd_chosen_sub_step                      0x2000004f   Data           1  menu.o(.data)
    all_time_h                               0x20000050   Data           1  menu.o(.data)
    all_time_m                               0x20000051   Data           1  menu.o(.data)
    all_time_s                               0x20000052   Data           1  menu.o(.data)
    DATA1                                    0x20000053   Data           1  menu.o(.data)
    DATA2                                    0x20000054   Data           1  menu.o(.data)
    DATA3                                    0x20000055   Data           1  menu.o(.data)
    DATA4                                    0x20000056   Data           1  menu.o(.data)
    DATA5                                    0x20000057   Data           1  menu.o(.data)
    DATA6                                    0x20000058   Data           1  menu.o(.data)
    DATA7                                    0x20000059   Data           1  menu.o(.data)
    DATA8                                    0x2000005a   Data           1  menu.o(.data)
    DATA9                                    0x2000005b   Data           1  menu.o(.data)
    Tab_MenuNum                              0x2000005c   Data         212  menu.o(.data)
    Tab_unit                                 0x20000130   Data          42  menu.o(.data)
    ResetMenu                                0x2000015a   Data         121  menu.o(.data)
    disresetmenu                             0x200001d3   Data         121  menu.o(.data)
    handshakemenu                            0x2000024c   Data         121  menu.o(.data)
    dispMainMenu                             0x200002c5   Data         121  menu.o(.data)
    dispSetMenu                              0x2000033e   Data         121  menu.o(.data)
    disMenu                                  0x200003b7   Data         121  menu.o(.data)
    dismodeMenu                              0x20000430   Data         121  menu.o(.data)
    dismmMenu                                0x200004a9   Data         121  menu.o(.data)
    dis_main_menu                            0x20000522   Data         481  menu.o(.data)
    dis_sub_menu_one                         0x20000703   Data         181  menu.o(.data)
    dis_sub_menu_two                         0x200007b8   Data         151  menu.o(.data)
    dis_sub_menu_three                       0x2000084f   Data         151  menu.o(.data)
    dis_sub_menu_four                        0x200008e6   Data         211  menu.o(.data)
    dis_sub_menu_five                        0x200009b9   Data          61  menu.o(.data)
    dis_sub_menu_six                         0x200009f6   Data         241  menu.o(.data)
    dis_sub_menu_seven                       0x20000ae7   Data         181  menu.o(.data)
    dis_sub_menu_eight                       0x20000b9c   Data          91  menu.o(.data)
    dis_sub_menu_nine                        0x20000bf7   Data         211  menu.o(.data)
    dis_sub_menu_ten                         0x20000cca   Data         211  menu.o(.data)
    dis_sub_menu_eleven                      0x20000d9d   Data         151  menu.o(.data)
    dis_sub_menu_twelve                      0x20000e34   Data         121  menu.o(.data)
    dis_sub_menu_thirteen                    0x20000ead   Data          91  menu.o(.data)
    dis_sub_menu_fourteen                    0x20000f08   Data         241  menu.o(.data)
    dis_sub_menu_fifteen                     0x20000ff9   Data         121  menu.o(.data)
    dis_sub_menu_sixteen                     0x20001072   Data         121  menu.o(.data)
    save_data_menu                           0x200010eb   Data         121  menu.o(.data)
    fault_dis_menu                           0x20001164   Data         121  menu.o(.data)
    wash_complete_menu                       0x200011dd   Data         121  menu.o(.data)
    shake_stop_menu                          0x20001256   Data         121  menu.o(.data)
    instancy_stop_menu                       0x200012cf   Data         121  menu.o(.data)
    flag_prSetting                           0x20001348   Data           1  menu.o(.data)
    Counter_KeyIn                            0x20001349   Data           1  menu.o(.data)
    UserPrNum                                0x2000134a   Data           1  menu.o(.data)
    Data_KeyIn_Dis                           0x2000134b   Data           5  menu.o(.data)
    Data_KeyIn                               0x20001350   Data           5  menu.o(.data)
    UserPrIndex                              0x20001356   Data           2  menu.o(.data)
    flag_firstInSetPrPage                    0x20001358   Data           1  menu.o(.data)
    UserPrData                               0x2000135a   Data           2  menu.o(.data)
    UserPrData_H                             0x2000135c   Data           1  menu.o(.data)
    UserPrData_L                             0x2000135d   Data           1  menu.o(.data)
    MenuIndex                                0x2000135e   Data           2  menu.o(.data)
    CheckState                               0x20001360   Data           1  menu.o(.data)
    CheckOk                                  0x20001361   Data           6  menu.o(.data)
    DispMod_Old                              0x20001367   Data           1  menu.o(.data)
    passportdata                             0x20001368   Data           6  menu.o(.data)
    passportdata_buffer                      0x2000136e   Data           6  menu.o(.data)
    RunPrFunTable                            0x20001374   Data          64  menu.o(.data)
    _new_page                                0x200013b4   Data           1  menu.o(.data)
    _bit_set                                 0x200013b5   Data           1  menu.o(.data)
    _read_data                               0x200013b6   Data           1  menu.o(.data)
    _read_function                           0x200013b7   Data           1  menu.o(.data)
    lcd_maxcur                               0x200013b8   Data           1  menu.o(.data)
    _enable_display                          0x200013b9   Data           1  menu.o(.data)
    set_temp                                 0x200013ba   Data           1  menu.o(.data)
    lcd_cpage                                0x200013bb   Data           1  menu.o(.data)
    lcd_cpage_old                            0x200013bc   Data           1  menu.o(.data)
    Menu                                     0x200013bd   Data           1  menu.o(.data)
    DispMod                                  0x200013be   Data           1  menu.o(.data)
    dismenu                                  0x200013bf   Data           5  menu.o(.data)
    Counter_DisBuff                          0x200013c4   Data           2  menu.o(.data)
    fault_count_back                         0x200013c6   Data           1  menu.o(.data)
    main_cycle_1s_timer                      0x200013c8   Data           4  main.o(.data)
    flag_fault_display                       0x200013cc   Data           4  main.o(.data)
    _set_mode_symbol                         0x200013d0   Data           1  main.o(.data)
    _if_save_data                            0x200013d1   Data           1  main.o(.data)
    auto_run_mode                            0x200013d2   Data           1  main.o(.data)
    usart3_flag_fault_clear                  0x200013d3   Data           1  main.o(.data)
    _enable_commu_Inventer                   0x200013d4   Data           1  main.o(.data)
    _glitter_warm_led                        0x200013d5   Data           1  main.o(.data)
    _glitter_heat_led                        0x200013d6   Data           1  main.o(.data)
    _glitter_drain_led                       0x200013d7   Data           1  main.o(.data)
    _glitter_spin_led                        0x200013d8   Data           1  main.o(.data)
    _glitter_wash_led                        0x200013d9   Data           1  main.o(.data)
    _glitter_cold_led                        0x200013da   Data           1  main.o(.data)
    back_light_timer                         0x200013db   Data           1  main.o(.data)
    flag_err_handshake                       0x200013dc   Data           1  main.o(.data)
    ad_ps1                                   0x200013e0   Data           2  timer.o(.data)
    ad_ps2                                   0x200013e2   Data           2  timer.o(.data)
    ad_temp1                                 0x200013e4   Data           2  timer.o(.data)
    ad_temp2                                 0x200013e6   Data           2  timer.o(.data)
    dis_ad_ps1                               0x200013e8   Data           2  timer.o(.data)
    dis_ad_temp1                             0x200013ea   Data           2  timer.o(.data)
    flag_fault                               0x200013ec   Data           1  timer.o(.data)
    flag_FaultFlash                          0x200013ed   Data           1  timer.o(.data)
    flag_buzz_2                              0x200013ee   Data           1  timer.o(.data)
    flag_warning                             0x200013ef   Data           1  timer.o(.data)
    flag_holding                             0x200013f0   Data           1  timer.o(.data)
    flag_500ms_rd                            0x200013f1   Data           1  timer.o(.data)
    flag_1s_wr                               0x200013f2   Data           1  timer.o(.data)
    flag_wr_more                             0x200013f3   Data           1  timer.o(.data)
    flag_2s_WrSysPr                          0x200013f4   Data           1  timer.o(.data)
    flag_500ms                               0x200013f5   Data           1  timer.o(.data)
    flag_1s                                  0x200013f6   Data           1  timer.o(.data)
    flag_5s                                  0x200013f7   Data           1  timer.o(.data)
    flag_shining                             0x200013f8   Data           1  timer.o(.data)
    flag_InitFinish                          0x200013f9   Data           1  timer.o(.data)
    flag_usart_read_error                    0x200013fa   Data           1  timer.o(.data)
    counter_rd                               0x200013fc   Data           4  timer.o(.data)
    counter_rd_err                           0x20001400   Data           4  timer.o(.data)
    counter_wr06_err                         0x20001404   Data           4  timer.o(.data)
    counter_wr10_err                         0x20001408   Data           4  timer.o(.data)
    counter_wr                               0x2000140c   Data           4  timer.o(.data)
    counter_wr_handshake                     0x20001410   Data           4  timer.o(.data)
    counter_wr_ok                            0x20001414   Data           4  timer.o(.data)
    time_1s_sleep                            0x20001418   Data           2  timer.o(.data)
    counter_1s                               0x2000141a   Data           2  timer.o(.data)
    localAddr                                0x2000142c   Data           1  usart.o(.data)
    sendCount                                0x2000142d   Data           1  usart.o(.data)
    receCount                                0x2000142e   Data           1  usart.o(.data)
    sendPosi                                 0x2000142f   Data           1  usart.o(.data)
    flag_error_usart                         0x20001430   Data           1  usart.o(.data)
    flag_rw_elc_err                          0x20001431   Data           1  usart.o(.data)
    flag_usart2_read_error                   0x20001432   Data           1  usart.o(.data)
    flag_writing_0x06                        0x20001433   Data           1  usart.o(.data)
    flag_writing_0x10                        0x20001434   Data           1  usart.o(.data)
    flag_reading_0x03                        0x20001435   Data           1  usart.o(.data)
    readINV_handshake                        0x20001436   Data           1  usart.o(.data)
    flag_wr_fault                            0x20001437   Data           1  usart.o(.data)
    flag_wr10_fault                          0x20001438   Data           1  usart.o(.data)
    flag_rd03_fault                          0x20001439   Data           1  usart.o(.data)
    counter_crc_error1                       0x2000143c   Data           4  usart.o(.data)
    counter_crc_error2                       0x20001440   Data           4  usart.o(.data)
    counter_break_usart                      0x20001444   Data           1  usart.o(.data)
    counter_error_usart                      0x20001445   Data           1  usart.o(.data)
    aRXDBuffer                               0x20001446   Data          10  usart.o(.data)
    cnt                                      0x20001450   Data           1  usart.o(.data)
    eepromFault                              0x20001451   Data         121  syspr.o(.data)
    KeyVal                                   0x200014d0   Data           1  key.o(.data)
    KeyAct                                   0x200014d1   Data           1  key.o(.data)
    KeyCmd                                   0x200014d2   Data           1  key.o(.data)
    KeyBuzz                                  0x200014d3   Data           1  key.o(.data)
    scan_key_timer_6s                        0x200014d4   Data           1  key.o(.data)
    InData                                   0x200014d5   Data          17  key.o(.data)
    KeyModify                                0x200014e6   Data          17  key.o(.data)
    glSystemCmd                              0x200014fc   Data           2  systemword.o(.data)
    glFaultWord                              0x200014fe   Data           2  systemword.o(.data)
    lcdadress                                0x20001500   Data           4  lcd_display.o(.data)
    lcdh                                     0x20001504   Data           1  lcd_display.o(.data)
    lcdl                                     0x20001505   Data           1  lcd_display.o(.data)
    lcd_grHome                               0x20001508   Data           4  lcd_display.o(.data)
    gewei                                    0x2000150c   Data           1  lcd_display.o(.data)
    shiwei                                   0x2000150d   Data           1  lcd_display.o(.data)
    baiwei                                   0x2000150e   Data           1  lcd_display.o(.data)
    qianwei                                  0x2000150f   Data           1  lcd_display.o(.data)
    wanwei                                   0x20001510   Data           1  lcd_display.o(.data)
    aa                                       0x20001511   Data           6  lcd_display.o(.data)
    fact_temp                                0x20001518   Data           1  datahandle.o(.data)
    fact_liquid_height                       0x2000151a   Data           2  datahandle.o(.data)
    INVCurrent_command                       0x2000151c   Data           1  datahandle.o(.data)
    INVCurrent_state                         0x2000151d   Data           1  datahandle.o(.data)
    INVCurrent_fault                         0x2000151e   Data           1  datahandle.o(.data)
    INVRun_frequency                         0x20001520   Data           2  datahandle.o(.data)
    INVSet_frequency                         0x20001522   Data           2  datahandle.o(.data)
    INVBus_voltage                           0x20001524   Data           2  datahandle.o(.data)
    INVOutput_voltage                        0x20001526   Data           2  datahandle.o(.data)
    INVOutput_current                        0x20001528   Data           2  datahandle.o(.data)
    input_door_switch                        0x2000152a   Data           1  datahandle.o(.data)
    input_shake                              0x2000152b   Data           1  datahandle.o(.data)
    input_exigency_stop                      0x2000152c   Data           1  datahandle.o(.data)
    input_low_liquid                         0x2000152d   Data           1  datahandle.o(.data)
    input_middle_liquid                      0x2000152e   Data           1  datahandle.o(.data)
    input_high_liquid                        0x2000152f   Data           1  datahandle.o(.data)
    SystemState                              0x20001530   Data           2  datahandle.o(.data)
    T                                        0x20001532   Data         262  datahandle.o(.data)
    R                                        0x20001638   Data         524  datahandle.o(.data)
    structCommSend                           0x20001844   Data           2  struct_comm.o(.data)
    wash_1                                   0x20001846   Data           1  struct_comm.o(.data)
    wash_2                                   0x20001847   Data           1  struct_comm.o(.data)
    soap_liquid_3                            0x20001848   Data           1  struct_comm.o(.data)
    soap_liquid_2                            0x20001849   Data           1  struct_comm.o(.data)
    soap_liquid_1                            0x2000184a   Data           1  struct_comm.o(.data)
    cool_water                               0x2000184b   Data           1  struct_comm.o(.data)
    hot_water                                0x2000184c   Data           1  struct_comm.o(.data)
    calefaction                              0x2000184d   Data           1  struct_comm.o(.data)
    drain                                    0x2000184e   Data           1  struct_comm.o(.data)
    skid                                     0x2000184f   Data           1  struct_comm.o(.data)
    door_lock                                0x20001850   Data           1  struct_comm.o(.data)
    backup_one                               0x20001851   Data           1  struct_comm.o(.data)
    CommSend_All                             0x20001852   Data           2  struct_comm.o(.data)
    CommSend_All_old                         0x20001854   Data           2  struct_comm.o(.data)
    SystemCoreClock                          0x2000186c   Data           4  system_stm32f10x.o(.data)
    AHBPrescTable                            0x20001870   Data          16  system_stm32f10x.o(.data)
    mode_data                                0x20001880   Data         200  menu.o(.bss)
    mode_data_buffer                         0x20001948   Data         200  menu.o(.bss)
    fault                                    0x20001a10   Data          12  menu.o(.bss)
    passdisp                                 0x20001a1c   Data          11  menu.o(.bss)
    Code_I                                   0x20001a27   Data         136  menu.o(.bss)
    sendBuf                                  0x20001ab0   Data         250  usart.o(.bss)
    receBuf                                  0x20001baa   Data         250  usart.o(.bss)
    MBS_HoldRegs                             0x20001ca4   Data         500  usart.o(.bss)
    modbus_check                             0x20001e98   Data         500  usart.o(.bss)
    PP_parameter                             0x2000208c   Data         136  syspr.o(.bss)
    timer                                    0x20002114   Data          10  rtc.o(.bss)
    DisBuff                                  0x2000212f   Data         121  lcd_display.o(.bss)
    __libspace_start                         0x200021a8   Data          96  libspace.o(.bss)
    __temporary_stack_top$libspace           0x20002208   Data           0  libspace.o(.bss)



==============================================================================

Memory Map of the image

  Image Entry point : 0x08010715

  Load Region LR_1 (Base: 0x08000000, Size: 0x00015e8c, Max: 0xffffffff, ABSOLUTE, COMPRESSED[0x00014fa0])

    Execution Region ER_RO (Base: 0x08000000, Size: 0x0001460c, Max: 0xffffffff, ABSOLUTE)

    Base Addr    Size         Type   Attr      Idx    E Section Name        Object

    0x08000000   0x000000ec   Data   RO          957    RESET               startup_stm32f10x_md.o
    0x080000ec   0x00000008   Code   RO         1043  * !!!main             c_w.l(__main.o)
    0x080000f4   0x00000034   Code   RO         1236    !!!scatter          c_w.l(__scatter.o)
    0x08000128   0x00000064   Code   RO         1234    !!dclz77c           c_w.l(__dclz77c.o)
    0x0800018c   0x0000001c   Code   RO         1238    !!handler_zi        c_w.l(__scatter_zi.o)
    0x080001a8   0x00000002   Code   RO         1105    .ARM.Collect$$libinit$$00000000  c_w.l(libinit.o)
    0x080001aa   0x00000000   Code   RO         1112    .ARM.Collect$$libinit$$00000002  c_w.l(libinit2.o)
    0x080001aa   0x00000000   Code   RO         1114    .ARM.Collect$$libinit$$00000004  c_w.l(libinit2.o)
    0x080001aa   0x00000000   Code   RO         1117    .ARM.Collect$$libinit$$0000000A  c_w.l(libinit2.o)
    0x080001aa   0x00000000   Code   RO         1119    .ARM.Collect$$libinit$$0000000C  c_w.l(libinit2.o)
    0x080001aa   0x00000000   Code   RO         1121    .ARM.Collect$$libinit$$0000000E  c_w.l(libinit2.o)
    0x080001aa   0x00000000   Code   RO         1124    .ARM.Collect$$libinit$$00000011  c_w.l(libinit2.o)
    0x080001aa   0x00000000   Code   RO         1126    .ARM.Collect$$libinit$$00000013  c_w.l(libinit2.o)
    0x080001aa   0x00000000   Code   RO         1128    .ARM.Collect$$libinit$$00000015  c_w.l(libinit2.o)
    0x080001aa   0x00000000   Code   RO         1130    .ARM.Collect$$libinit$$00000017  c_w.l(libinit2.o)
    0x080001aa   0x00000000   Code   RO         1132    .ARM.Collect$$libinit$$00000019  c_w.l(libinit2.o)
    0x080001aa   0x00000000   Code   RO         1134    .ARM.Collect$$libinit$$0000001B  c_w.l(libinit2.o)
    0x080001aa   0x00000000   Code   RO         1136    .ARM.Collect$$libinit$$0000001D  c_w.l(libinit2.o)
    0x080001aa   0x00000000   Code   RO         1138    .ARM.Collect$$libinit$$0000001F  c_w.l(libinit2.o)
    0x080001aa   0x00000000   Code   RO         1140    .ARM.Collect$$libinit$$00000021  c_w.l(libinit2.o)
    0x080001aa   0x00000000   Code   RO         1142    .ARM.Collect$$libinit$$00000023  c_w.l(libinit2.o)
    0x080001aa   0x00000000   Code   RO         1144    .ARM.Collect$$libinit$$00000025  c_w.l(libinit2.o)
    0x080001aa   0x00000000   Code   RO         1148    .ARM.Collect$$libinit$$0000002C  c_w.l(libinit2.o)
    0x080001aa   0x00000000   Code   RO         1150    .ARM.Collect$$libinit$$0000002E  c_w.l(libinit2.o)
    0x080001aa   0x00000000   Code   RO         1152    .ARM.Collect$$libinit$$00000030  c_w.l(libinit2.o)
    0x080001aa   0x00000000   Code   RO         1154    .ARM.Collect$$libinit$$00000032  c_w.l(libinit2.o)
    0x080001aa   0x00000002   Code   RO         1155    .ARM.Collect$$libinit$$00000033  c_w.l(libinit2.o)
    0x080001ac   0x00000002   Code   RO         1175    .ARM.Collect$$libshutdown$$00000000  c_w.l(libshutdown.o)
    0x080001ae   0x00000000   Code   RO         1189    .ARM.Collect$$libshutdown$$00000003  c_w.l(libshutdown2.o)
    0x080001ae   0x00000000   Code   RO         1192    .ARM.Collect$$libshutdown$$00000006  c_w.l(libshutdown2.o)
    0x080001ae   0x00000000   Code   RO         1195    .ARM.Collect$$libshutdown$$00000009  c_w.l(libshutdown2.o)
    0x080001ae   0x00000000   Code   RO         1197    .ARM.Collect$$libshutdown$$0000000B  c_w.l(libshutdown2.o)
    0x080001ae   0x00000000   Code   RO         1200    .ARM.Collect$$libshutdown$$0000000E  c_w.l(libshutdown2.o)
    0x080001ae   0x00000002   Code   RO         1201    .ARM.Collect$$libshutdown$$0000000F  c_w.l(libshutdown2.o)
    0x080001b0   0x00000000   Code   RO         1069    .ARM.Collect$$rtentry$$00000000  c_w.l(__rtentry.o)
    0x080001b0   0x00000000   Code   RO         1080    .ARM.Collect$$rtentry$$00000002  c_w.l(__rtentry2.o)
    0x080001b0   0x00000006   Code   RO         1092    .ARM.Collect$$rtentry$$00000004  c_w.l(__rtentry4.o)
    0x080001b6   0x00000000   Code   RO         1082    .ARM.Collect$$rtentry$$00000009  c_w.l(__rtentry2.o)
    0x080001b6   0x00000004   Code   RO         1083    .ARM.Collect$$rtentry$$0000000A  c_w.l(__rtentry2.o)
    0x080001ba   0x00000000   Code   RO         1085    .ARM.Collect$$rtentry$$0000000C  c_w.l(__rtentry2.o)
    0x080001ba   0x00000008   Code   RO         1086    .ARM.Collect$$rtentry$$0000000D  c_w.l(__rtentry2.o)
    0x080001c2   0x00000002   Code   RO         1109    .ARM.Collect$$rtexit$$00000000  c_w.l(rtexit.o)
    0x080001c4   0x00000000   Code   RO         1157    .ARM.Collect$$rtexit$$00000002  c_w.l(rtexit2.o)
    0x080001c4   0x00000004   Code   RO         1158    .ARM.Collect$$rtexit$$00000003  c_w.l(rtexit2.o)
    0x080001c8   0x00000006   Code   RO         1159    .ARM.Collect$$rtexit$$00000004  c_w.l(rtexit2.o)
    0x080001ce   0x00000002   PAD
    0x080001d0   0x0000c00c   Code   RO            3    .text               menu.o
    0x0800c1dc   0x00000170   Code   RO          186    .text               main.o
    0x0800c34c   0x000000f8   Code   RO          240    .text               systeminit.o
    0x0800c444   0x00000534   Code   RO          260    .text               timer.o
    0x0800c978   0x000006a0   Code   RO          299    .text               usart.o
    0x0800d018   0x00000280   Code   RO          331    .text               syspr.o
    0x0800d298   0x00000304   Code   RO          361    .text               iic.o
    0x0800d59c   0x00000178   Code   RO          381    .text               24cxx.o
    0x0800d714   0x000000b8   Code   RO          401    .text               delay.o
    0x0800d7cc   0x000003d0   Code   RO          443    .text               rtc.o
    0x0800db9c   0x000001f8   Code   RO          495    .text               key.o
    0x0800dd94   0x00000038   Code   RO          527    .text               crc.o
    0x0800ddcc   0x0000063c   Code   RO          584    .text               lcd_display.o
    0x0800e408   0x00000254   Code   RO          635    .text               buzz.o
    0x0800e65c   0x00000270   Code   RO          685    .text               datahandle.o
    0x0800e8cc   0x00000170   Code   RO          709    .text               struct_comm.o
    0x0800ea3c   0x000000dc   Code   RO          755    .text               misc.o
    0x0800eb18   0x000003a4   Code   RO          795    .text               stm32f10x_rcc.o
    0x0800eebc   0x00000148   Code   RO          817    .text               stm32f10x_rtc.o
    0x0800f004   0x00000e1a   Code   RO          837    .text               stm32f10x_tim.o
    0x0800fe1e   0x00000002   PAD
    0x0800fe20   0x00000408   Code   RO          857    .text               stm32f10x_usart.o
    0x08010228   0x000000c4   Code   RO          877    .text               stm32f10x_bkp.o
    0x080102ec   0x000000cc   Code   RO          897    .text               stm32f10x_pwr.o
    0x080103b8   0x0000035c   Code   RO          917    .text               stm32f10x_gpio.o
    0x08010714   0x00000040   Code   RO          958  * .text               startup_stm32f10x_md.o
    0x08010754   0x000001e0   Code   RO          964    .text               system_stm32f10x.o
    0x08010934   0x0000001a   Code   RO         1012    .text               stm32f10x_it.o
    0x0801094e   0x00000056   Code   RO         1039    .text               c_w.l(strncpy.o)
    0x080109a4   0x00000006   Code   RO         1041    .text               c_w.l(heapauxi.o)
    0x080109aa   0x00000044   Code   RO         1070    .text               c_w.l(rt_memclr.o)
    0x080109ee   0x0000004e   Code   RO         1094    .text               c_w.l(rt_memclr_w.o)
    0x08010a3c   0x0000004a   Code   RO         1096    .text               c_w.l(sys_stackheap_outer.o)
    0x08010a86   0x0000000c   Code   RO         1098    .text               c_w.l(exit.o)
    0x08010a92   0x00000002   PAD
    0x08010a94   0x00000008   Code   RO         1106    .text               c_w.l(libspace.o)
    0x08010a9c   0x0000000c   Code   RO         1167    .text               c_w.l(sys_exit.o)
    0x08010aa8   0x00000002   Code   RO         1178    .text               c_w.l(use_no_semi.o)
    0x08010aaa   0x00000000   Code   RO         1180    .text               c_w.l(indicate_semi.o)
    0x08010aaa   0x00000002   PAD
    0x08010aac   0x000000c4   Code   RO         1045    x$fpl$fadd          fz_ws.l(faddsub_clz.o)
    0x08010b70   0x00000018   Code   RO         1072    x$fpl$fcmpinf       fz_ws.l(fcmpi.o)
    0x08010b88   0x00000184   Code   RO         1052    x$fpl$fdiv          fz_ws.l(fdiv.o)
    0x08010d0c   0x00000068   Code   RO         1055    x$fpl$feqf          fz_ws.l(feqf.o)
    0x08010d74   0x00000030   Code   RO         1058    x$fpl$fflt          fz_ws.l(fflt_clz.o)
    0x08010da4   0x00000026   Code   RO         1057    x$fpl$ffltu         fz_ws.l(fflt_clz.o)
    0x08010dca   0x00000002   PAD
    0x08010dcc   0x00000068   Code   RO         1063    x$fpl$fleqf         fz_ws.l(fleqf.o)
    0x08010e34   0x00000102   Code   RO         1065    x$fpl$fmul          fz_ws.l(fmul.o)
    0x08010f36   0x0000008c   Code   RO         1074    x$fpl$fnaninf       fz_ws.l(fnaninf.o)
    0x08010fc2   0x0000000a   Code   RO         1076    x$fpl$fretinf       fz_ws.l(fretinf.o)
    0x08010fcc   0x00000062   Code   RO         1067    x$fpl$frleqf        fz_ws.l(frleqf.o)
    0x0801102e   0x00000014   Code   RO         1046    x$fpl$frsb          fz_ws.l(faddsub_clz.o)
    0x08011042   0x00000002   PAD
    0x08011044   0x000000ea   Code   RO         1047    x$fpl$fsub          fz_ws.l(faddsub_clz.o)
    0x0801112e   0x00000000   Code   RO         1078    x$fpl$usenofp       fz_ws.l(usenofp.o)
    0x0801112e   0x00000470   Data   RO          333    .constdata          syspr.o
    0x0801159e   0x00002e36   Data   RO          423    .constdata          ziku.o
    0x080143d4   0x00000018   Data   RO          445    .constdata          rtc.o
    0x080143ec   0x00000200   Data   RO          528    .constdata          crc.o
    0x080145ec   0x00000020   Data   RO         1232    Region$$Table       anon$$obj.o


    Execution Region ER_RW (Base: 0x20000000, Size: 0x00001880, Max: 0xffffffff, ABSOLUTE, COMPRESSED[0x00000994])

    Base Addr    Size         Type   Attr      Idx    E Section Name        Object

    0x20000000   0x000013c7   Data   RW            5    .data               menu.o
    0x200013c7   0x00000001   PAD
    0x200013c8   0x00000015   Data   RW          187    .data               main.o
    0x200013dd   0x00000003   PAD
    0x200013e0   0x0000004a   Data   RW          261    .data               timer.o
    0x2000142a   0x00000002   PAD
    0x2000142c   0x00000025   Data   RW          301    .data               usart.o
    0x20001451   0x00000079   Data   RW          334    .data               syspr.o
    0x200014ca   0x00000004   Data   RW          402    .data               delay.o
    0x200014ce   0x00000002   Data   RW          446    .data               rtc.o
    0x200014d0   0x0000002b   Data   RW          497    .data               key.o
    0x200014fb   0x00000001   PAD
    0x200014fc   0x00000004   Data   RW          551    .data               systemword.o
    0x20001500   0x00000017   Data   RW          586    .data               lcd_display.o
    0x20001517   0x00000001   PAD
    0x20001518   0x0000032c   Data   RW          686    .data               datahandle.o
    0x20001844   0x00000012   Data   RW          710    .data               struct_comm.o
    0x20001856   0x00000014   Data   RW          796    .data               stm32f10x_rcc.o
    0x2000186a   0x00000002   PAD
    0x2000186c   0x00000014   Data   RW          965    .data               system_stm32f10x.o


    Execution Region ER_ZI (Base: 0x20001880, Size: 0x00000f88, Max: 0xffffffff, ABSOLUTE)

    Base Addr    Size         Type   Attr      Idx    E Section Name        Object

    0x20001880   0x0000022f   Zero   RW            4    .bss                menu.o
    0x20001aaf   0x00000001   PAD
    0x20001ab0   0x000005dc   Zero   RW          300    .bss                usart.o
    0x2000208c   0x00000088   Zero   RW          332    .bss                syspr.o
    0x20002114   0x0000000a   Zero   RW          444    .bss                rtc.o
    0x2000211e   0x00000011   Zero   RW          496    .bss                key.o
    0x2000212f   0x00000079   Zero   RW          585    .bss                lcd_display.o
    0x200021a8   0x00000060   Zero   RW         1107    .bss                c_w.l(libspace.o)
    0x20002208   0x00000200   Zero   RW          956    HEAP                startup_stm32f10x_md.o
    0x20002408   0x00000400   Zero   RW          955    STACK               startup_stm32f10x_md.o


==============================================================================

Image component sizes


      Code (inc. data)   RO Data    RW Data    ZI Data      Debug   Object Name

       376          0          0          0          0       2630   24cxx.o
       596         38          0          0          0        827   buzz.o
        56          8        512          0          0       1174   crc.o
       624         92          0        812          0       3472   datahandle.o
       184         10          0          4          0       1217   delay.o
       772         12          0          0          0       2133   iic.o
       504         82          0         43         17       1973   key.o
      1596         38          0         23        121       7335   lcd_display.o
       368         72          0         21          0       1794   main.o
     49164       5338          0       5063        559     300691   menu.o
       220         22          0          0          0       1757   misc.o
       976         32         24          2         10       3842   rtc.o
        64         26        236          0       1536        792   startup_stm32f10x_md.o
       196          8          0          0          0       3420   stm32f10x_bkp.o
       860         38          0          0          0       5597   stm32f10x_gpio.o
        26          0          0          0          0       1186   stm32f10x_it.o
       204         14          0          0          0       1895   stm32f10x_pwr.o
       932         36          0         20          0       8752   stm32f10x_rcc.o
       328          4          0          0          0       2650   stm32f10x_rtc.o
      3610         88          0          0          0      22084   stm32f10x_tim.o
      1032         22          0          0          0       8328   stm32f10x_usart.o
       368         62          0         18          0       1966   struct_comm.o
       640         60       1136        121        136       3719   syspr.o
       480         38          0         20          0       1755   system_stm32f10x.o
       248         40          0          0          0        499   systeminit.o
         0          0          0          4          0        810   systemword.o
      1332        188          0         74          0       3215   timer.o
      1696        142          0         37       1500       4982   usart.o
         0          0      11830          0          0        564   ziku.o

    ----------------------------------------------------------------------
     67454       6510      13770       6272       3880     401059   Object Totals
         0          0         32          0          0          0   (incl. Generated)
         2          0          0         10          1          0   (incl. Padding)

    ----------------------------------------------------------------------

      Code (inc. data)   RO Data    RW Data    ZI Data      Debug   Library Member Name

       100          0          0          0          0          0   __dclz77c.o
         8          0          0          0          0         68   __main.o
         0          0          0          0          0          0   __rtentry.o
        12          0          0          0          0          0   __rtentry2.o
         6          0          0          0          0          0   __rtentry4.o
        52          8          0          0          0          0   __scatter.o
        28          0          0          0          0          0   __scatter_zi.o
        12          0          0          0          0         72   exit.o
         6          0          0          0          0        152   heapauxi.o
         0          0          0          0          0          0   indicate_semi.o
         2          0          0          0          0          0   libinit.o
         2          0          0          0          0          0   libinit2.o
         2          0          0          0          0          0   libshutdown.o
         2          0          0          0          0          0   libshutdown2.o
         8          4          0          0         96         68   libspace.o
        68          0          0          0          0         68   rt_memclr.o
        78          0          0          0          0         80   rt_memclr_w.o
         2          0          0          0          0          0   rtexit.o
        10          0          0          0          0          0   rtexit2.o
        86          0          0          0          0         76   strncpy.o
        12          4          0          0          0         68   sys_exit.o
        74          0          0          0          0         80   sys_stackheap_outer.o
         2          0          0          0          0         68   use_no_semi.o
       450          8          0          0          0        236   faddsub_clz.o
        24          0          0          0          0         68   fcmpi.o
       388         76          0          0          0         96   fdiv.o
       104          4          0          0          0         84   feqf.o
        86          0          0          0          0        136   fflt_clz.o
       104          4          0          0          0         84   fleqf.o
       258          4          0          0          0         84   fmul.o
       140          4          0          0          0         84   fnaninf.o
        10          0          0          0          0         68   fretinf.o
        98          0          0          0          0         68   frleqf.o
         0          0          0          0          0          0   usenofp.o

    ----------------------------------------------------------------------
      2244        116          0          0         96       1808   Library Totals
        10          0          0          0          0          0   (incl. Padding)

    ----------------------------------------------------------------------

      Code (inc. data)   RO Data    RW Data    ZI Data      Debug   Library Name

       572         16          0          0         96        800   c_w.l
      1662        100          0          0          0       1008   fz_ws.l

    ----------------------------------------------------------------------
      2244        116          0          0         96       1808   Library Totals

    ----------------------------------------------------------------------

==============================================================================


      Code (inc. data)   RO Data    RW Data    ZI Data      Debug   

     69698       6626      13770       6272       3976     399379   Grand Totals
     69698       6626      13770       2452       3976     399379   ELF Image Totals (compressed)
     69698       6626      13770       2452          0          0   ROM Totals

==============================================================================

    Total RO  Size (Code + RO Data)                83468 (  81.51kB)
    Total RW  Size (RW Data + ZI Data)             10248 (  10.01kB)
    Total ROM Size (Code + RO Data + RW Data)      85920 (  83.91kB)

==============================================================================

