<html>
<body>
<pre>
<h1>µVision Build Log</h1>
<h2>Project:</h2>
E:\armstm32\IWOP_HMI_20151105_OK1\Workspace\AirCompressorController_TTK_20140530.uvproj
Project File Date:  10/21/2015

<h2>Output:</h2>
Rebuild target 'Target 1'
compiling main.c...
compiling SystemInit.c...
compiling timer.c...
compiling usart.c...
compiling SysPr.c...
compiling IIC.c...
compiling 24CXX.c...
compiling delay.c...
compiling ziku.c...
compiling rtc.c...
compiling Menu.c...
compiling adc.c...
compiling Interrupt_Init.c...
compiling menu_sub.c...
compiling key.c...
compiling crc.c...
compiling pid.c...
compiling SystemWord.c...
compiling LCD_display.c...
compiling faultProcess.c...
compiling misc.c...
compiling stm32f10x_adc.c...
compiling stm32f10x_rcc.c...
compiling stm32f10x_rtc.c...
compiling stm32f10x_tim.c...
compiling stm32f10x_usart.c...
compiling stm32f10x_bkp.c...
compiling stm32f10x_pwr.c...
compiling stm32f10x_gpio.c...
compiling stm32f10x_sdio.c...
assembling startup_stm32f10x_md.s...
compiling system_stm32f10x.c...
compiling stm32f10x_it.c...
linking...
Program Size: Code=24566 RO-data=11506 RW-data=14600 ZI-data=3760  
FromELF: creating hex file...
"..\Output\IWOP_HMI_20151105_OK1.axf" - 0 Error(s), 0 Warning(s).
</pre>
</body>
</html>
