<!doctype html public "-//w3c//dtd html 4.0 transitional//en">
<html><head>
<title>Static Call Graph - [..\Output\IWOP_HMI_20151105_OK1.axf]</title></head>
<body><HR>
<H1>Static Call Graph for image ..\Output\IWOP_HMI_20151105_OK1.axf</H1><HR>
<BR><P>#&#060CALLGRAPH&#062# ARM Linker, 5040049: Last Updated: Wed Mar 23 13:56:53 2016
<BR><P>
<H3>Maximum Stack Usage =        164 bytes + Unknown(Functions without stacksize, Cycles, Untraceable Function Pointers)</H3><H3>
Call chain for Maximum Stack Depth:</H3>
lcd_menu_one &rArr; kp_menucur &rArr; lcd_wrstring &rArr; lcd_wru8 &rArr; write_reg &rArr; write_com &rArr; check_sta01
<P>
<H3>
Functions with no stack information
</H3><UL>
 <LI><a href="#[4c]">__user_initial_stackheap</a>
</UL>
</UL>
<P>
<H3>
Mutually Recursive functions
</H3> <LI><a href="#[2f]">ADC1_2_IRQHandler</a>&nbsp;&nbsp;&nbsp;&rArr;&nbsp;&nbsp;&nbsp;<a href="#[2f]">ADC1_2_IRQHandler</a><BR>
</UL>
<P>
<H3>
Function Pointers
</H3><UL>
 <LI><a href="#[2f]">ADC1_2_IRQHandler</a> from startup_stm32f10x_md.o(.text) referenced from startup_stm32f10x_md.o(RESET)
 <LI><a href="#[17]">BusFault_Handler</a> from stm32f10x_it.o(.text) referenced from startup_stm32f10x_md.o(RESET)
 <LI><a href="#[32]">CAN1_RX1_IRQHandler</a> from startup_stm32f10x_md.o(.text) referenced from startup_stm32f10x_md.o(RESET)
 <LI><a href="#[33]">CAN1_SCE_IRQHandler</a> from startup_stm32f10x_md.o(.text) referenced from startup_stm32f10x_md.o(RESET)
 <LI><a href="#[28]">DMA1_Channel1_IRQHandler</a> from startup_stm32f10x_md.o(.text) referenced from startup_stm32f10x_md.o(RESET)
 <LI><a href="#[29]">DMA1_Channel2_IRQHandler</a> from startup_stm32f10x_md.o(.text) referenced from startup_stm32f10x_md.o(RESET)
 <LI><a href="#[2a]">DMA1_Channel3_IRQHandler</a> from startup_stm32f10x_md.o(.text) referenced from startup_stm32f10x_md.o(RESET)
 <LI><a href="#[2b]">DMA1_Channel4_IRQHandler</a> from startup_stm32f10x_md.o(.text) referenced from startup_stm32f10x_md.o(RESET)
 <LI><a href="#[2c]">DMA1_Channel5_IRQHandler</a> from startup_stm32f10x_md.o(.text) referenced from startup_stm32f10x_md.o(RESET)
 <LI><a href="#[2d]">DMA1_Channel6_IRQHandler</a> from startup_stm32f10x_md.o(.text) referenced from startup_stm32f10x_md.o(RESET)
 <LI><a href="#[2e]">DMA1_Channel7_IRQHandler</a> from startup_stm32f10x_md.o(.text) referenced from startup_stm32f10x_md.o(RESET)
 <LI><a href="#[1a]">DebugMon_Handler</a> from stm32f10x_it.o(.text) referenced from startup_stm32f10x_md.o(RESET)
 <LI><a href="#[23]">EXTI0_IRQHandler</a> from startup_stm32f10x_md.o(.text) referenced from startup_stm32f10x_md.o(RESET)
 <LI><a href="#[45]">EXTI15_10_IRQHandler</a> from startup_stm32f10x_md.o(.text) referenced from startup_stm32f10x_md.o(RESET)
 <LI><a href="#[24]">EXTI1_IRQHandler</a> from startup_stm32f10x_md.o(.text) referenced from startup_stm32f10x_md.o(RESET)
 <LI><a href="#[25]">EXTI2_IRQHandler</a> from startup_stm32f10x_md.o(.text) referenced from startup_stm32f10x_md.o(RESET)
 <LI><a href="#[26]">EXTI3_IRQHandler</a> from startup_stm32f10x_md.o(.text) referenced from startup_stm32f10x_md.o(RESET)
 <LI><a href="#[27]">EXTI4_IRQHandler</a> from startup_stm32f10x_md.o(.text) referenced from startup_stm32f10x_md.o(RESET)
 <LI><a href="#[34]">EXTI9_5_IRQHandler</a> from startup_stm32f10x_md.o(.text) referenced from startup_stm32f10x_md.o(RESET)
 <LI><a href="#[21]">FLASH_IRQHandler</a> from startup_stm32f10x_md.o(.text) referenced from startup_stm32f10x_md.o(RESET)
 <LI><a href="#[15]">HardFault_Handler</a> from stm32f10x_it.o(.text) referenced from startup_stm32f10x_md.o(RESET)
 <LI><a href="#[3d]">I2C1_ER_IRQHandler</a> from startup_stm32f10x_md.o(.text) referenced from startup_stm32f10x_md.o(RESET)
 <LI><a href="#[3c]">I2C1_EV_IRQHandler</a> from startup_stm32f10x_md.o(.text) referenced from startup_stm32f10x_md.o(RESET)
 <LI><a href="#[3f]">I2C2_ER_IRQHandler</a> from startup_stm32f10x_md.o(.text) referenced from startup_stm32f10x_md.o(RESET)
 <LI><a href="#[3e]">I2C2_EV_IRQHandler</a> from startup_stm32f10x_md.o(.text) referenced from startup_stm32f10x_md.o(RESET)
 <LI><a href="#[16]">MemManage_Handler</a> from stm32f10x_it.o(.text) referenced from startup_stm32f10x_md.o(RESET)
 <LI><a href="#[14]">NMI_Handler</a> from stm32f10x_it.o(.text) referenced from startup_stm32f10x_md.o(RESET)
 <LI><a href="#[1e]">PVD_IRQHandler</a> from startup_stm32f10x_md.o(.text) referenced from startup_stm32f10x_md.o(RESET)
 <LI><a href="#[1b]">PendSV_Handler</a> from stm32f10x_it.o(.text) referenced from startup_stm32f10x_md.o(RESET)
 <LI><a href="#[22]">RCC_IRQHandler</a> from startup_stm32f10x_md.o(.text) referenced from startup_stm32f10x_md.o(RESET)
 <LI><a href="#[46]">RTCAlarm_IRQHandler</a> from startup_stm32f10x_md.o(.text) referenced from startup_stm32f10x_md.o(RESET)
 <LI><a href="#[20]">RTC_IRQHandler</a> from rtc.o(.text) referenced from startup_stm32f10x_md.o(RESET)
 <LI><a href="#[4a]">Reset_Handler</a> from startup_stm32f10x_md.o(.text) referenced from startup_stm32f10x_md.o(RESET)
 <LI><a href="#[40]">SPI1_IRQHandler</a> from startup_stm32f10x_md.o(.text) referenced from startup_stm32f10x_md.o(RESET)
 <LI><a href="#[41]">SPI2_IRQHandler</a> from startup_stm32f10x_md.o(.text) referenced from startup_stm32f10x_md.o(RESET)
 <LI><a href="#[19]">SVC_Handler</a> from stm32f10x_it.o(.text) referenced from startup_stm32f10x_md.o(RESET)
 <LI><a href="#[1c]">SysTick_Handler</a> from stm32f10x_it.o(.text) referenced from startup_stm32f10x_md.o(RESET)
 <LI><a href="#[48]">SystemInit</a> from system_stm32f10x.o(.text) referenced from startup_stm32f10x_md.o(.text)
 <LI><a href="#[1f]">TAMPER_IRQHandler</a> from startup_stm32f10x_md.o(.text) referenced from startup_stm32f10x_md.o(RESET)
 <LI><a href="#[35]">TIM1_BRK_IRQHandler</a> from startup_stm32f10x_md.o(.text) referenced from startup_stm32f10x_md.o(RESET)
 <LI><a href="#[38]">TIM1_CC_IRQHandler</a> from startup_stm32f10x_md.o(.text) referenced from startup_stm32f10x_md.o(RESET)
 <LI><a href="#[37]">TIM1_TRG_COM_IRQHandler</a> from startup_stm32f10x_md.o(.text) referenced from startup_stm32f10x_md.o(RESET)
 <LI><a href="#[36]">TIM1_UP_IRQHandler</a> from startup_stm32f10x_md.o(.text) referenced from startup_stm32f10x_md.o(RESET)
 <LI><a href="#[39]">TIM2_IRQHandler</a> from startup_stm32f10x_md.o(.text) referenced from startup_stm32f10x_md.o(RESET)
 <LI><a href="#[3a]">TIM3_IRQHandler</a> from timer.o(.text) referenced from startup_stm32f10x_md.o(RESET)
 <LI><a href="#[3b]">TIM4_IRQHandler</a> from startup_stm32f10x_md.o(.text) referenced from startup_stm32f10x_md.o(RESET)
 <LI><a href="#[42]">USART1_IRQHandler</a> from usart.o(.text) referenced from startup_stm32f10x_md.o(RESET)
 <LI><a href="#[43]">USART2_IRQHandler</a> from startup_stm32f10x_md.o(.text) referenced from startup_stm32f10x_md.o(RESET)
 <LI><a href="#[44]">USART3_IRQHandler</a> from startup_stm32f10x_md.o(.text) referenced from startup_stm32f10x_md.o(RESET)
 <LI><a href="#[47]">USBWakeUp_IRQHandler</a> from startup_stm32f10x_md.o(.text) referenced from startup_stm32f10x_md.o(RESET)
 <LI><a href="#[30]">USB_HP_CAN1_TX_IRQHandler</a> from startup_stm32f10x_md.o(.text) referenced from startup_stm32f10x_md.o(RESET)
 <LI><a href="#[31]">USB_LP_CAN1_RX0_IRQHandler</a> from startup_stm32f10x_md.o(.text) referenced from startup_stm32f10x_md.o(RESET)
 <LI><a href="#[18]">UsageFault_Handler</a> from stm32f10x_it.o(.text) referenced from startup_stm32f10x_md.o(RESET)
 <LI><a href="#[1d]">WWDG_IRQHandler</a> from startup_stm32f10x_md.o(.text) referenced from startup_stm32f10x_md.o(RESET)
 <LI><a href="#[4b]">__main</a> from __main.o(!!!main) referenced from startup_stm32f10x_md.o(.text)
 <LI><a href="#[a]">lcd_menu_eight</a> from menu.o(.text) referenced 2 times from menu.o(.data)
 <LI><a href="#[d]">lcd_menu_eleven</a> from menu.o(.text) referenced 2 times from menu.o(.data)
 <LI><a href="#[11]">lcd_menu_fifteen</a> from menu.o(.text) referenced 2 times from menu.o(.data)
 <LI><a href="#[7]">lcd_menu_five</a> from menu.o(.text) referenced 2 times from menu.o(.data)
 <LI><a href="#[6]">lcd_menu_four</a> from menu.o(.text) referenced 2 times from menu.o(.data)
 <LI><a href="#[10]">lcd_menu_fourteen</a> from menu.o(.text) referenced 2 times from menu.o(.data)
 <LI><a href="#[b]">lcd_menu_nine</a> from menu.o(.text) referenced 2 times from menu.o(.data)
 <LI><a href="#[3]">lcd_menu_one</a> from menu.o(.text) referenced 2 times from menu.o(.data)
 <LI><a href="#[9]">lcd_menu_seven</a> from menu.o(.text) referenced 2 times from menu.o(.data)
 <LI><a href="#[8]">lcd_menu_six</a> from menu.o(.text) referenced 2 times from menu.o(.data)
 <LI><a href="#[12]">lcd_menu_sixteen</a> from menu.o(.text) referenced 2 times from menu.o(.data)
 <LI><a href="#[c]">lcd_menu_ten</a> from menu.o(.text) referenced 2 times from menu.o(.data)
 <LI><a href="#[f]">lcd_menu_thirteen</a> from menu.o(.text) referenced 2 times from menu.o(.data)
 <LI><a href="#[5]">lcd_menu_three</a> from menu.o(.text) referenced 2 times from menu.o(.data)
 <LI><a href="#[e]">lcd_menu_twelve</a> from menu.o(.text) referenced 2 times from menu.o(.data)
 <LI><a href="#[4]">lcd_menu_two</a> from menu.o(.text) referenced 2 times from menu.o(.data)
</UL>
<P>
<H3>
Global Symbols
</H3>
<P><STRONG><a name="[4b]"></a>__main</STRONG> (Thumb, 8 bytes, Stack size 0 bytes, __main.o(!!!main))
<BR><BR>[Calls]<UL><LI><a href="#[4e]">&gt;&gt;</a>&nbsp;&nbsp;&nbsp;__rt_entry
<LI><a href="#[4d]">&gt;&gt;</a>&nbsp;&nbsp;&nbsp;__scatterload
</UL>

<P><STRONG><a name="[4d]"></a>__scatterload</STRONG> (Thumb, 0 bytes, Stack size unknown bytes, __scatter.o(!!!scatter))
<BR><BR>[Called By]<UL><LI><a href="#[4b]">&gt;&gt;</a>&nbsp;&nbsp;&nbsp;__main
</UL>

<P><STRONG><a name="[4f]"></a>__scatterload_rt2</STRONG> (Thumb, 44 bytes, Stack size unknown bytes, __scatter.o(!!!scatter), UNUSED)
<BR><BR>[Calls]<UL><LI><a href="#[4e]">&gt;&gt;</a>&nbsp;&nbsp;&nbsp;__rt_entry
</UL>

<P><STRONG><a name="[f4]"></a>__scatterload_rt2_thumb_only</STRONG> (Thumb, 0 bytes, Stack size unknown bytes, __scatter.o(!!!scatter), UNUSED)

<P><STRONG><a name="[f5]"></a>__scatterload_null</STRONG> (Thumb, 0 bytes, Stack size unknown bytes, __scatter.o(!!!scatter), UNUSED)

<P><STRONG><a name="[f6]"></a>__decompress</STRONG> (Thumb, 100 bytes, Stack size unknown bytes, __dclz77c.o(!!dclz77c), UNUSED)

<P><STRONG><a name="[f7]"></a>__decompress2</STRONG> (Thumb, 0 bytes, Stack size unknown bytes, __dclz77c.o(!!dclz77c), UNUSED)

<P><STRONG><a name="[f8]"></a>__scatterload_zeroinit</STRONG> (Thumb, 28 bytes, Stack size unknown bytes, __scatter_zi.o(!!handler_zi), UNUSED)

<P><STRONG><a name="[53]"></a>__rt_lib_init</STRONG> (Thumb, 0 bytes, Stack size unknown bytes, libinit.o(.ARM.Collect$$libinit$$00000000))
<BR><BR>[Called By]<UL><LI><a href="#[52]">&gt;&gt;</a>&nbsp;&nbsp;&nbsp;__rt_entry_li
</UL>

<P><STRONG><a name="[f9]"></a>__rt_lib_init_alloca_1</STRONG> (Thumb, 0 bytes, Stack size unknown bytes, libinit2.o(.ARM.Collect$$libinit$$0000002C))

<P><STRONG><a name="[fa]"></a>__rt_lib_init_argv_1</STRONG> (Thumb, 0 bytes, Stack size unknown bytes, libinit2.o(.ARM.Collect$$libinit$$0000002A))

<P><STRONG><a name="[fb]"></a>__rt_lib_init_atexit_1</STRONG> (Thumb, 0 bytes, Stack size unknown bytes, libinit2.o(.ARM.Collect$$libinit$$00000019))

<P><STRONG><a name="[fc]"></a>__rt_lib_init_clock_1</STRONG> (Thumb, 0 bytes, Stack size unknown bytes, libinit2.o(.ARM.Collect$$libinit$$0000001F))

<P><STRONG><a name="[fd]"></a>__rt_lib_init_cpp_1</STRONG> (Thumb, 0 bytes, Stack size unknown bytes, libinit2.o(.ARM.Collect$$libinit$$00000030))

<P><STRONG><a name="[fe]"></a>__rt_lib_init_exceptions_1</STRONG> (Thumb, 0 bytes, Stack size unknown bytes, libinit2.o(.ARM.Collect$$libinit$$0000002E))

<P><STRONG><a name="[ff]"></a>__rt_lib_init_fp_1</STRONG> (Thumb, 0 bytes, Stack size unknown bytes, libinit2.o(.ARM.Collect$$libinit$$00000002))

<P><STRONG><a name="[100]"></a>__rt_lib_init_fp_trap_1</STRONG> (Thumb, 0 bytes, Stack size unknown bytes, libinit2.o(.ARM.Collect$$libinit$$0000001D))

<P><STRONG><a name="[101]"></a>__rt_lib_init_getenv_1</STRONG> (Thumb, 0 bytes, Stack size unknown bytes, libinit2.o(.ARM.Collect$$libinit$$00000021))

<P><STRONG><a name="[102]"></a>__rt_lib_init_heap_1</STRONG> (Thumb, 0 bytes, Stack size unknown bytes, libinit2.o(.ARM.Collect$$libinit$$00000008))

<P><STRONG><a name="[103]"></a>__rt_lib_init_lc_collate_1</STRONG> (Thumb, 0 bytes, Stack size unknown bytes, libinit2.o(.ARM.Collect$$libinit$$0000000F))

<P><STRONG><a name="[104]"></a>__rt_lib_init_lc_ctype_1</STRONG> (Thumb, 0 bytes, Stack size unknown bytes, libinit2.o(.ARM.Collect$$libinit$$00000011))

<P><STRONG><a name="[105]"></a>__rt_lib_init_lc_monetary_1</STRONG> (Thumb, 0 bytes, Stack size unknown bytes, libinit2.o(.ARM.Collect$$libinit$$00000013))

<P><STRONG><a name="[106]"></a>__rt_lib_init_lc_numeric_1</STRONG> (Thumb, 0 bytes, Stack size unknown bytes, libinit2.o(.ARM.Collect$$libinit$$00000015))

<P><STRONG><a name="[107]"></a>__rt_lib_init_lc_time_1</STRONG> (Thumb, 0 bytes, Stack size unknown bytes, libinit2.o(.ARM.Collect$$libinit$$00000017))

<P><STRONG><a name="[108]"></a>__rt_lib_init_rand_1</STRONG> (Thumb, 0 bytes, Stack size unknown bytes, libinit2.o(.ARM.Collect$$libinit$$0000000C))

<P><STRONG><a name="[109]"></a>__rt_lib_init_return</STRONG> (Thumb, 0 bytes, Stack size unknown bytes, libinit2.o(.ARM.Collect$$libinit$$00000031))

<P><STRONG><a name="[10a]"></a>__rt_lib_init_signal_1</STRONG> (Thumb, 0 bytes, Stack size unknown bytes, libinit2.o(.ARM.Collect$$libinit$$0000001B))

<P><STRONG><a name="[10b]"></a>__rt_lib_init_stdio_1</STRONG> (Thumb, 0 bytes, Stack size unknown bytes, libinit2.o(.ARM.Collect$$libinit$$00000023))

<P><STRONG><a name="[10c]"></a>__rt_lib_init_user_alloc_1</STRONG> (Thumb, 0 bytes, Stack size unknown bytes, libinit2.o(.ARM.Collect$$libinit$$0000000A))

<P><STRONG><a name="[58]"></a>__rt_lib_shutdown</STRONG> (Thumb, 0 bytes, Stack size unknown bytes, libshutdown.o(.ARM.Collect$$libshutdown$$00000000))
<BR><BR>[Called By]<UL><LI><a href="#[57]">&gt;&gt;</a>&nbsp;&nbsp;&nbsp;__rt_exit_ls
</UL>

<P><STRONG><a name="[10d]"></a>__rt_lib_shutdown_fp_trap_1</STRONG> (Thumb, 0 bytes, Stack size unknown bytes, libshutdown2.o(.ARM.Collect$$libshutdown$$00000006))

<P><STRONG><a name="[10e]"></a>__rt_lib_shutdown_heap_1</STRONG> (Thumb, 0 bytes, Stack size unknown bytes, libshutdown2.o(.ARM.Collect$$libshutdown$$0000000E))

<P><STRONG><a name="[10f]"></a>__rt_lib_shutdown_return</STRONG> (Thumb, 0 bytes, Stack size unknown bytes, libshutdown2.o(.ARM.Collect$$libshutdown$$0000000F))

<P><STRONG><a name="[110]"></a>__rt_lib_shutdown_signal_1</STRONG> (Thumb, 0 bytes, Stack size unknown bytes, libshutdown2.o(.ARM.Collect$$libshutdown$$00000009))

<P><STRONG><a name="[111]"></a>__rt_lib_shutdown_stdio_1</STRONG> (Thumb, 0 bytes, Stack size unknown bytes, libshutdown2.o(.ARM.Collect$$libshutdown$$00000003))

<P><STRONG><a name="[112]"></a>__rt_lib_shutdown_user_alloc_1</STRONG> (Thumb, 0 bytes, Stack size unknown bytes, libshutdown2.o(.ARM.Collect$$libshutdown$$0000000B))

<P><STRONG><a name="[4e]"></a>__rt_entry</STRONG> (Thumb, 0 bytes, Stack size unknown bytes, rtentry.o(.ARM.Collect$$rtentry$$00000000))
<BR><BR>[Called By]<UL><LI><a href="#[4b]">&gt;&gt;</a>&nbsp;&nbsp;&nbsp;__main
<LI><a href="#[4f]">&gt;&gt;</a>&nbsp;&nbsp;&nbsp;__scatterload_rt2
</UL>

<P><STRONG><a name="[113]"></a>__rt_entry_presh_1</STRONG> (Thumb, 0 bytes, Stack size unknown bytes, rtentry2.o(.ARM.Collect$$rtentry$$00000002))

<P><STRONG><a name="[50]"></a>__rt_entry_sh</STRONG> (Thumb, 0 bytes, Stack size unknown bytes, rtentry4.o(.ARM.Collect$$rtentry$$00000004))
<BR><BR>[Stack]<UL><LI>Max Depth = 8 + Unknown Stack Size
<LI>Call Chain = __rt_entry_sh &rArr; __user_setup_stackheap
</UL>
<BR>[Calls]<UL><LI><a href="#[51]">&gt;&gt;</a>&nbsp;&nbsp;&nbsp;__user_setup_stackheap
</UL>

<P><STRONG><a name="[52]"></a>__rt_entry_li</STRONG> (Thumb, 0 bytes, Stack size unknown bytes, rtentry2.o(.ARM.Collect$$rtentry$$0000000A))
<BR><BR>[Calls]<UL><LI><a href="#[53]">&gt;&gt;</a>&nbsp;&nbsp;&nbsp;__rt_lib_init
</UL>

<P><STRONG><a name="[114]"></a>__rt_entry_postsh_1</STRONG> (Thumb, 0 bytes, Stack size unknown bytes, rtentry2.o(.ARM.Collect$$rtentry$$00000009))

<P><STRONG><a name="[54]"></a>__rt_entry_main</STRONG> (Thumb, 0 bytes, Stack size unknown bytes, rtentry2.o(.ARM.Collect$$rtentry$$0000000D))
<BR><BR>[Stack]<UL><LI>Max Depth = 164 + Unknown Stack Size
<LI>Call Chain = __rt_entry_main &rArr; main &rArr; LCDDisplay &rArr; main_set_menu &rArr; kp_menucur &rArr; lcd_wrstring &rArr; lcd_wru8 &rArr; write_reg &rArr; write_com &rArr; check_sta01
</UL>
<BR>[Calls]<UL><LI><a href="#[55]">&gt;&gt;</a>&nbsp;&nbsp;&nbsp;main
<LI><a href="#[56]">&gt;&gt;</a>&nbsp;&nbsp;&nbsp;exit
</UL>

<P><STRONG><a name="[115]"></a>__rt_entry_postli_1</STRONG> (Thumb, 0 bytes, Stack size unknown bytes, rtentry2.o(.ARM.Collect$$rtentry$$0000000C))

<P><STRONG><a name="[f3]"></a>__rt_exit</STRONG> (Thumb, 0 bytes, Stack size unknown bytes, rtexit.o(.ARM.Collect$$rtexit$$00000000))
<BR><BR>[Called By]<UL><LI><a href="#[56]">&gt;&gt;</a>&nbsp;&nbsp;&nbsp;exit
</UL>

<P><STRONG><a name="[57]"></a>__rt_exit_ls</STRONG> (Thumb, 0 bytes, Stack size unknown bytes, rtexit2.o(.ARM.Collect$$rtexit$$00000003))
<BR><BR>[Calls]<UL><LI><a href="#[58]">&gt;&gt;</a>&nbsp;&nbsp;&nbsp;__rt_lib_shutdown
</UL>

<P><STRONG><a name="[116]"></a>__rt_exit_prels_1</STRONG> (Thumb, 0 bytes, Stack size unknown bytes, rtexit2.o(.ARM.Collect$$rtexit$$00000002))

<P><STRONG><a name="[59]"></a>__rt_exit_exit</STRONG> (Thumb, 0 bytes, Stack size unknown bytes, rtexit2.o(.ARM.Collect$$rtexit$$00000004))
<BR><BR>[Calls]<UL><LI><a href="#[5a]">&gt;&gt;</a>&nbsp;&nbsp;&nbsp;_sys_exit
</UL>

<P><STRONG><a name="[117]"></a>Get_SerialNum</STRONG> (Thumb, 24 bytes, Stack size 0 bytes, main.o(.text), UNUSED)

<P><STRONG><a name="[55]"></a>main</STRONG> (Thumb, 120 bytes, Stack size 0 bytes, main.o(.text))
<BR><BR>[Stack]<UL><LI>Max Depth = 164<LI>Call Chain = main &rArr; LCDDisplay &rArr; main_set_menu &rArr; kp_menucur &rArr; lcd_wrstring &rArr; lcd_wru8 &rArr; write_reg &rArr; write_com &rArr; check_sta01
</UL>
<BR>[Calls]<UL><LI><a href="#[62]">&gt;&gt;</a>&nbsp;&nbsp;&nbsp;sendtobuff
<LI><a href="#[5f]">&gt;&gt;</a>&nbsp;&nbsp;&nbsp;lcd_wrstring
<LI><a href="#[5e]">&gt;&gt;</a>&nbsp;&nbsp;&nbsp;init_sap1024
<LI><a href="#[5d]">&gt;&gt;</a>&nbsp;&nbsp;&nbsp;init_LCD
<LI><a href="#[5b]">&gt;&gt;</a>&nbsp;&nbsp;&nbsp;delay_init
<LI><a href="#[63]">&gt;&gt;</a>&nbsp;&nbsp;&nbsp;Timerx_Init
<LI><a href="#[48]">&gt;&gt;</a>&nbsp;&nbsp;&nbsp;SystemInit
<LI><a href="#[61]">&gt;&gt;</a>&nbsp;&nbsp;&nbsp;SysPrInit
<LI><a href="#[64]">&gt;&gt;</a>&nbsp;&nbsp;&nbsp;NVIC_Configuration
<LI><a href="#[65]">&gt;&gt;</a>&nbsp;&nbsp;&nbsp;Lcd_KEYPro
<LI><a href="#[66]">&gt;&gt;</a>&nbsp;&nbsp;&nbsp;LCDDisplay
<LI><a href="#[5c]">&gt;&gt;</a>&nbsp;&nbsp;&nbsp;GPIOInit
<LI><a href="#[60]">&gt;&gt;</a>&nbsp;&nbsp;&nbsp;AT24CXX_Init
</UL>
<BR>[Called By]<UL><LI><a href="#[54]">&gt;&gt;</a>&nbsp;&nbsp;&nbsp;__rt_entry_main
</UL>

<P><STRONG><a name="[5c]"></a>GPIOInit</STRONG> (Thumb, 208 bytes, Stack size 0 bytes, systeminit.o(.text))
<BR><BR>[Called By]<UL><LI><a href="#[55]">&gt;&gt;</a>&nbsp;&nbsp;&nbsp;main
</UL>

<P><STRONG><a name="[118]"></a>SearchTemp</STRONG> (Thumb, 74 bytes, Stack size 8 bytes, timer.o(.text), UNUSED)

<P><STRONG><a name="[64]"></a>NVIC_Configuration</STRONG> (Thumb, 60 bytes, Stack size 8 bytes, timer.o(.text))
<BR><BR>[Stack]<UL><LI>Max Depth = 24<LI>Call Chain = NVIC_Configuration &rArr; NVIC_Init
</UL>
<BR>[Calls]<UL><LI><a href="#[67]">&gt;&gt;</a>&nbsp;&nbsp;&nbsp;NVIC_Init
</UL>
<BR>[Called By]<UL><LI><a href="#[55]">&gt;&gt;</a>&nbsp;&nbsp;&nbsp;main
</UL>

<P><STRONG><a name="[63]"></a>Timerx_Init</STRONG> (Thumb, 68 bytes, Stack size 24 bytes, timer.o(.text))
<BR><BR>[Stack]<UL><LI>Max Depth = 24<LI>Call Chain = Timerx_Init
</UL>
<BR>[Calls]<UL><LI><a href="#[69]">&gt;&gt;</a>&nbsp;&nbsp;&nbsp;TIM_TimeBaseInit
<LI><a href="#[6a]">&gt;&gt;</a>&nbsp;&nbsp;&nbsp;TIM_ITConfig
<LI><a href="#[6b]">&gt;&gt;</a>&nbsp;&nbsp;&nbsp;TIM_Cmd
<LI><a href="#[68]">&gt;&gt;</a>&nbsp;&nbsp;&nbsp;RCC_APB1PeriphClockCmd
</UL>
<BR>[Called By]<UL><LI><a href="#[55]">&gt;&gt;</a>&nbsp;&nbsp;&nbsp;main
</UL>

<P><STRONG><a name="[3a]"></a>TIM3_IRQHandler</STRONG> (Thumb, 258 bytes, Stack size 8 bytes, timer.o(.text))
<BR><BR>[Stack]<UL><LI>Max Depth = 24<LI>Call Chain = TIM3_IRQHandler &rArr; KeyScan
</UL>
<BR>[Calls]<UL><LI><a href="#[6c]">&gt;&gt;</a>&nbsp;&nbsp;&nbsp;TIM_GetITStatus
<LI><a href="#[6d]">&gt;&gt;</a>&nbsp;&nbsp;&nbsp;TIM_ClearITPendingBit
<LI><a href="#[6e]">&gt;&gt;</a>&nbsp;&nbsp;&nbsp;KeyScan
</UL>
<BR>[Address Reference Count : 1]<UL><LI> startup_stm32f10x_md.o(RESET)
</UL>
<P><STRONG><a name="[6f]"></a>usart_config</STRONG> (Thumb, 192 bytes, Stack size 32 bytes, usart.o(.text), UNUSED)
<BR><BR>[Calls]<UL><LI><a href="#[73]">&gt;&gt;</a>&nbsp;&nbsp;&nbsp;delay
<LI><a href="#[72]">&gt;&gt;</a>&nbsp;&nbsp;&nbsp;USART_Init
<LI><a href="#[74]">&gt;&gt;</a>&nbsp;&nbsp;&nbsp;USART_ITConfig
<LI><a href="#[75]">&gt;&gt;</a>&nbsp;&nbsp;&nbsp;USART_Cmd
<LI><a href="#[70]">&gt;&gt;</a>&nbsp;&nbsp;&nbsp;RCC_APB2PeriphClockCmd
<LI><a href="#[71]">&gt;&gt;</a>&nbsp;&nbsp;&nbsp;GPIO_Init
<LI><a href="#[67]">&gt;&gt;</a>&nbsp;&nbsp;&nbsp;NVIC_Init
</UL>

<P><STRONG><a name="[42]"></a>USART1_IRQHandler</STRONG> (Thumb, 196 bytes, Stack size 8 bytes, usart.o(.text))
<BR><BR>[Stack]<UL><LI>Max Depth = 28<LI>Call Chain = USART1_IRQHandler &rArr; USART_ITConfig
</UL>
<BR>[Calls]<UL><LI><a href="#[73]">&gt;&gt;</a>&nbsp;&nbsp;&nbsp;delay
<LI><a href="#[78]">&gt;&gt;</a>&nbsp;&nbsp;&nbsp;USART_SendData
<LI><a href="#[77]">&gt;&gt;</a>&nbsp;&nbsp;&nbsp;USART_ReceiveData
<LI><a href="#[74]">&gt;&gt;</a>&nbsp;&nbsp;&nbsp;USART_ITConfig
<LI><a href="#[76]">&gt;&gt;</a>&nbsp;&nbsp;&nbsp;USART_GetITStatus
</UL>
<BR>[Address Reference Count : 1]<UL><LI> startup_stm32f10x_md.o(RESET)
</UL>
<P><STRONG><a name="[79]"></a>usart_ReadRegister</STRONG> (Thumb, 110 bytes, Stack size 16 bytes, usart.o(.text), UNUSED)
<BR><BR>[Calls]<UL><LI><a href="#[73]">&gt;&gt;</a>&nbsp;&nbsp;&nbsp;delay
<LI><a href="#[7a]">&gt;&gt;</a>&nbsp;&nbsp;&nbsp;crc16
<LI><a href="#[74]">&gt;&gt;</a>&nbsp;&nbsp;&nbsp;USART_ITConfig
</UL>

<P><STRONG><a name="[7b]"></a>usart_WriteRegister</STRONG> (Thumb, 110 bytes, Stack size 16 bytes, usart.o(.text), UNUSED)
<BR><BR>[Calls]<UL><LI><a href="#[73]">&gt;&gt;</a>&nbsp;&nbsp;&nbsp;delay
<LI><a href="#[7a]">&gt;&gt;</a>&nbsp;&nbsp;&nbsp;crc16
<LI><a href="#[74]">&gt;&gt;</a>&nbsp;&nbsp;&nbsp;USART_ITConfig
</UL>

<P><STRONG><a name="[7c]"></a>usart_WriteMultipleRegister</STRONG> (Thumb, 198 bytes, Stack size 24 bytes, usart.o(.text), UNUSED)
<BR><BR>[Calls]<UL><LI><a href="#[73]">&gt;&gt;</a>&nbsp;&nbsp;&nbsp;delay
<LI><a href="#[7a]">&gt;&gt;</a>&nbsp;&nbsp;&nbsp;crc16
<LI><a href="#[74]">&gt;&gt;</a>&nbsp;&nbsp;&nbsp;USART_ITConfig
</UL>

<P><STRONG><a name="[7d]"></a>modbus_dataUnpack_host</STRONG> (Thumb, 424 bytes, Stack size 32 bytes, usart.o(.text), UNUSED)
<BR><BR>[Calls]<UL><LI><a href="#[7a]">&gt;&gt;</a>&nbsp;&nbsp;&nbsp;crc16
</UL>

<P><STRONG><a name="[7e]"></a>RecoverFactoryPr</STRONG> (Thumb, 78 bytes, Stack size 16 bytes, syspr.o(.text))
<BR><BR>[Stack]<UL><LI>Max Depth = 48<LI>Call Chain = RecoverFactoryPr &rArr; AT24CXX_WriteOneByte &rArr; IIC_Send_Byte
</UL>
<BR>[Calls]<UL><LI><a href="#[7f]">&gt;&gt;</a>&nbsp;&nbsp;&nbsp;AT24CXX_WriteOneByte
</UL>
<BR>[Called By]<UL><LI><a href="#[61]">&gt;&gt;</a>&nbsp;&nbsp;&nbsp;SysPrInit
</UL>

<P><STRONG><a name="[80]"></a>init_SoftWareVison</STRONG> (Thumb, 20 bytes, Stack size 8 bytes, syspr.o(.text), UNUSED)
<BR><BR>[Calls]<UL><LI><a href="#[7f]">&gt;&gt;</a>&nbsp;&nbsp;&nbsp;AT24CXX_WriteOneByte
</UL>

<P><STRONG><a name="[81]"></a>init_userPr</STRONG> (Thumb, 66 bytes, Stack size 16 bytes, syspr.o(.text))
<BR><BR>[Stack]<UL><LI>Max Depth = 56<LI>Call Chain = init_userPr &rArr; AT24CXX_ReadOneByte &rArr; IIC_Read_Byte &rArr; IIC_NAck
</UL>
<BR>[Calls]<UL><LI><a href="#[82]">&gt;&gt;</a>&nbsp;&nbsp;&nbsp;AT24CXX_ReadOneByte
</UL>
<BR>[Called By]<UL><LI><a href="#[61]">&gt;&gt;</a>&nbsp;&nbsp;&nbsp;SysPrInit
</UL>

<P><STRONG><a name="[61]"></a>SysPrInit</STRONG> (Thumb, 70 bytes, Stack size 16 bytes, syspr.o(.text))
<BR><BR>[Stack]<UL><LI>Max Depth = 132<LI>Call Chain = SysPrInit &rArr; lcd_wrstring &rArr; lcd_wru8 &rArr; write_reg &rArr; write_com &rArr; check_sta01
</UL>
<BR>[Calls]<UL><LI><a href="#[7f]">&gt;&gt;</a>&nbsp;&nbsp;&nbsp;AT24CXX_WriteOneByte
<LI><a href="#[82]">&gt;&gt;</a>&nbsp;&nbsp;&nbsp;AT24CXX_ReadOneByte
<LI><a href="#[81]">&gt;&gt;</a>&nbsp;&nbsp;&nbsp;init_userPr
<LI><a href="#[7e]">&gt;&gt;</a>&nbsp;&nbsp;&nbsp;RecoverFactoryPr
<LI><a href="#[5f]">&gt;&gt;</a>&nbsp;&nbsp;&nbsp;lcd_wrstring
</UL>
<BR>[Called By]<UL><LI><a href="#[55]">&gt;&gt;</a>&nbsp;&nbsp;&nbsp;main
</UL>

<P><STRONG><a name="[83]"></a>IIC_Init</STRONG> (Thumb, 50 bytes, Stack size 8 bytes, iic.o(.text))
<BR><BR>[Stack]<UL><LI>Max Depth = 32<LI>Call Chain = IIC_Init &rArr; GPIO_Init
</UL>
<BR>[Calls]<UL><LI><a href="#[70]">&gt;&gt;</a>&nbsp;&nbsp;&nbsp;RCC_APB2PeriphClockCmd
<LI><a href="#[71]">&gt;&gt;</a>&nbsp;&nbsp;&nbsp;GPIO_Init
</UL>
<BR>[Called By]<UL><LI><a href="#[60]">&gt;&gt;</a>&nbsp;&nbsp;&nbsp;AT24CXX_Init
</UL>

<P><STRONG><a name="[84]"></a>IIC_Start2</STRONG> (Thumb, 68 bytes, Stack size 8 bytes, iic.o(.text), UNUSED)
<BR><BR>[Calls]<UL><LI><a href="#[85]">&gt;&gt;</a>&nbsp;&nbsp;&nbsp;delay_us
</UL>

<P><STRONG><a name="[86]"></a>IIC_Start</STRONG> (Thumb, 84 bytes, Stack size 8 bytes, iic.o(.text))
<BR><BR>[Stack]<UL><LI>Max Depth = 8<LI>Call Chain = IIC_Start
</UL>
<BR>[Calls]<UL><LI><a href="#[85]">&gt;&gt;</a>&nbsp;&nbsp;&nbsp;delay_us
</UL>
<BR>[Called By]<UL><LI><a href="#[7f]">&gt;&gt;</a>&nbsp;&nbsp;&nbsp;AT24CXX_WriteOneByte
<LI><a href="#[82]">&gt;&gt;</a>&nbsp;&nbsp;&nbsp;AT24CXX_ReadOneByte
</UL>

<P><STRONG><a name="[87]"></a>IIC_Stop2</STRONG> (Thumb, 62 bytes, Stack size 8 bytes, iic.o(.text), UNUSED)
<BR><BR>[Calls]<UL><LI><a href="#[85]">&gt;&gt;</a>&nbsp;&nbsp;&nbsp;delay_us
</UL>

<P><STRONG><a name="[88]"></a>IIC_Stop</STRONG> (Thumb, 90 bytes, Stack size 8 bytes, iic.o(.text))
<BR><BR>[Stack]<UL><LI>Max Depth = 8<LI>Call Chain = IIC_Stop
</UL>
<BR>[Calls]<UL><LI><a href="#[85]">&gt;&gt;</a>&nbsp;&nbsp;&nbsp;delay_us
</UL>
<BR>[Called By]<UL><LI><a href="#[89]">&gt;&gt;</a>&nbsp;&nbsp;&nbsp;IIC_Wait_Ack
<LI><a href="#[7f]">&gt;&gt;</a>&nbsp;&nbsp;&nbsp;AT24CXX_WriteOneByte
<LI><a href="#[82]">&gt;&gt;</a>&nbsp;&nbsp;&nbsp;AT24CXX_ReadOneByte
</UL>

<P><STRONG><a name="[89]"></a>IIC_Wait_Ack</STRONG> (Thumb, 86 bytes, Stack size 8 bytes, iic.o(.text))
<BR><BR>[Stack]<UL><LI>Max Depth = 16<LI>Call Chain = IIC_Wait_Ack &rArr; IIC_Stop
</UL>
<BR>[Calls]<UL><LI><a href="#[85]">&gt;&gt;</a>&nbsp;&nbsp;&nbsp;delay_us
<LI><a href="#[88]">&gt;&gt;</a>&nbsp;&nbsp;&nbsp;IIC_Stop
</UL>
<BR>[Called By]<UL><LI><a href="#[7f]">&gt;&gt;</a>&nbsp;&nbsp;&nbsp;AT24CXX_WriteOneByte
<LI><a href="#[82]">&gt;&gt;</a>&nbsp;&nbsp;&nbsp;AT24CXX_ReadOneByte
</UL>

<P><STRONG><a name="[8a]"></a>IIC_Ack</STRONG> (Thumb, 66 bytes, Stack size 8 bytes, iic.o(.text))
<BR><BR>[Stack]<UL><LI>Max Depth = 8<LI>Call Chain = IIC_Ack
</UL>
<BR>[Calls]<UL><LI><a href="#[85]">&gt;&gt;</a>&nbsp;&nbsp;&nbsp;delay_us
</UL>
<BR>[Called By]<UL><LI><a href="#[8d]">&gt;&gt;</a>&nbsp;&nbsp;&nbsp;IIC_Read_Byte
</UL>

<P><STRONG><a name="[8b]"></a>IIC_NAck</STRONG> (Thumb, 66 bytes, Stack size 8 bytes, iic.o(.text))
<BR><BR>[Stack]<UL><LI>Max Depth = 8<LI>Call Chain = IIC_NAck
</UL>
<BR>[Calls]<UL><LI><a href="#[85]">&gt;&gt;</a>&nbsp;&nbsp;&nbsp;delay_us
</UL>
<BR>[Called By]<UL><LI><a href="#[8d]">&gt;&gt;</a>&nbsp;&nbsp;&nbsp;IIC_Read_Byte
</UL>

<P><STRONG><a name="[8c]"></a>IIC_Send_Byte</STRONG> (Thumb, 90 bytes, Stack size 16 bytes, iic.o(.text))
<BR><BR>[Stack]<UL><LI>Max Depth = 16<LI>Call Chain = IIC_Send_Byte
</UL>
<BR>[Calls]<UL><LI><a href="#[85]">&gt;&gt;</a>&nbsp;&nbsp;&nbsp;delay_us
</UL>
<BR>[Called By]<UL><LI><a href="#[7f]">&gt;&gt;</a>&nbsp;&nbsp;&nbsp;AT24CXX_WriteOneByte
<LI><a href="#[82]">&gt;&gt;</a>&nbsp;&nbsp;&nbsp;AT24CXX_ReadOneByte
</UL>

<P><STRONG><a name="[8d]"></a>IIC_Read_Byte</STRONG> (Thumb, 98 bytes, Stack size 16 bytes, iic.o(.text))
<BR><BR>[Stack]<UL><LI>Max Depth = 24<LI>Call Chain = IIC_Read_Byte &rArr; IIC_NAck
</UL>
<BR>[Calls]<UL><LI><a href="#[85]">&gt;&gt;</a>&nbsp;&nbsp;&nbsp;delay_us
<LI><a href="#[8b]">&gt;&gt;</a>&nbsp;&nbsp;&nbsp;IIC_NAck
<LI><a href="#[8a]">&gt;&gt;</a>&nbsp;&nbsp;&nbsp;IIC_Ack
</UL>
<BR>[Called By]<UL><LI><a href="#[82]">&gt;&gt;</a>&nbsp;&nbsp;&nbsp;AT24CXX_ReadOneByte
</UL>

<P><STRONG><a name="[60]"></a>AT24CXX_Init</STRONG> (Thumb, 8 bytes, Stack size 8 bytes, 24cxx.o(.text))
<BR><BR>[Stack]<UL><LI>Max Depth = 40<LI>Call Chain = AT24CXX_Init &rArr; IIC_Init &rArr; GPIO_Init
</UL>
<BR>[Calls]<UL><LI><a href="#[83]">&gt;&gt;</a>&nbsp;&nbsp;&nbsp;IIC_Init
</UL>
<BR>[Called By]<UL><LI><a href="#[55]">&gt;&gt;</a>&nbsp;&nbsp;&nbsp;main
</UL>

<P><STRONG><a name="[82]"></a>AT24CXX_ReadOneByte</STRONG> (Thumb, 84 bytes, Stack size 16 bytes, 24cxx.o(.text))
<BR><BR>[Stack]<UL><LI>Max Depth = 40<LI>Call Chain = AT24CXX_ReadOneByte &rArr; IIC_Read_Byte &rArr; IIC_NAck
</UL>
<BR>[Calls]<UL><LI><a href="#[8d]">&gt;&gt;</a>&nbsp;&nbsp;&nbsp;IIC_Read_Byte
<LI><a href="#[8c]">&gt;&gt;</a>&nbsp;&nbsp;&nbsp;IIC_Send_Byte
<LI><a href="#[89]">&gt;&gt;</a>&nbsp;&nbsp;&nbsp;IIC_Wait_Ack
<LI><a href="#[88]">&gt;&gt;</a>&nbsp;&nbsp;&nbsp;IIC_Stop
<LI><a href="#[86]">&gt;&gt;</a>&nbsp;&nbsp;&nbsp;IIC_Start
</UL>
<BR>[Called By]<UL><LI><a href="#[ba]">&gt;&gt;</a>&nbsp;&nbsp;&nbsp;Menu_SoftwareVersion
<LI><a href="#[92]">&gt;&gt;</a>&nbsp;&nbsp;&nbsp;AT24CXX_Read
<LI><a href="#[91]">&gt;&gt;</a>&nbsp;&nbsp;&nbsp;AT24CXX_Check
<LI><a href="#[90]">&gt;&gt;</a>&nbsp;&nbsp;&nbsp;AT24CXX_ReadLenByte
<LI><a href="#[81]">&gt;&gt;</a>&nbsp;&nbsp;&nbsp;init_userPr
<LI><a href="#[61]">&gt;&gt;</a>&nbsp;&nbsp;&nbsp;SysPrInit
</UL>

<P><STRONG><a name="[7f]"></a>AT24CXX_WriteOneByte</STRONG> (Thumb, 76 bytes, Stack size 16 bytes, 24cxx.o(.text))
<BR><BR>[Stack]<UL><LI>Max Depth = 32<LI>Call Chain = AT24CXX_WriteOneByte &rArr; IIC_Send_Byte
</UL>
<BR>[Calls]<UL><LI><a href="#[8e]">&gt;&gt;</a>&nbsp;&nbsp;&nbsp;delay_ms
<LI><a href="#[8c]">&gt;&gt;</a>&nbsp;&nbsp;&nbsp;IIC_Send_Byte
<LI><a href="#[89]">&gt;&gt;</a>&nbsp;&nbsp;&nbsp;IIC_Wait_Ack
<LI><a href="#[88]">&gt;&gt;</a>&nbsp;&nbsp;&nbsp;IIC_Stop
<LI><a href="#[86]">&gt;&gt;</a>&nbsp;&nbsp;&nbsp;IIC_Start
</UL>
<BR>[Called By]<UL><LI><a href="#[93]">&gt;&gt;</a>&nbsp;&nbsp;&nbsp;AT24CXX_Write
<LI><a href="#[91]">&gt;&gt;</a>&nbsp;&nbsp;&nbsp;AT24CXX_Check
<LI><a href="#[8f]">&gt;&gt;</a>&nbsp;&nbsp;&nbsp;AT24CXX_WriteLenByte
<LI><a href="#[80]">&gt;&gt;</a>&nbsp;&nbsp;&nbsp;init_SoftWareVison
<LI><a href="#[7e]">&gt;&gt;</a>&nbsp;&nbsp;&nbsp;RecoverFactoryPr
<LI><a href="#[61]">&gt;&gt;</a>&nbsp;&nbsp;&nbsp;SysPrInit
<LI><a href="#[65]">&gt;&gt;</a>&nbsp;&nbsp;&nbsp;Lcd_KEYPro
</UL>

<P><STRONG><a name="[8f]"></a>AT24CXX_WriteLenByte</STRONG> (Thumb, 42 bytes, Stack size 24 bytes, 24cxx.o(.text), UNUSED)
<BR><BR>[Calls]<UL><LI><a href="#[7f]">&gt;&gt;</a>&nbsp;&nbsp;&nbsp;AT24CXX_WriteOneByte
</UL>

<P><STRONG><a name="[90]"></a>AT24CXX_ReadLenByte</STRONG> (Thumb, 44 bytes, Stack size 24 bytes, 24cxx.o(.text), UNUSED)
<BR><BR>[Calls]<UL><LI><a href="#[82]">&gt;&gt;</a>&nbsp;&nbsp;&nbsp;AT24CXX_ReadOneByte
</UL>

<P><STRONG><a name="[91]"></a>AT24CXX_Check</STRONG> (Thumb, 46 bytes, Stack size 8 bytes, 24cxx.o(.text), UNUSED)
<BR><BR>[Calls]<UL><LI><a href="#[7f]">&gt;&gt;</a>&nbsp;&nbsp;&nbsp;AT24CXX_WriteOneByte
<LI><a href="#[82]">&gt;&gt;</a>&nbsp;&nbsp;&nbsp;AT24CXX_ReadOneByte
</UL>

<P><STRONG><a name="[92]"></a>AT24CXX_Read</STRONG> (Thumb, 34 bytes, Stack size 16 bytes, 24cxx.o(.text), UNUSED)
<BR><BR>[Calls]<UL><LI><a href="#[82]">&gt;&gt;</a>&nbsp;&nbsp;&nbsp;AT24CXX_ReadOneByte
</UL>

<P><STRONG><a name="[93]"></a>AT24CXX_Write</STRONG> (Thumb, 36 bytes, Stack size 16 bytes, 24cxx.o(.text), UNUSED)
<BR><BR>[Calls]<UL><LI><a href="#[7f]">&gt;&gt;</a>&nbsp;&nbsp;&nbsp;AT24CXX_WriteOneByte
</UL>

<P><STRONG><a name="[5b]"></a>delay_init</STRONG> (Thumb, 52 bytes, Stack size 8 bytes, delay.o(.text))
<BR><BR>[Stack]<UL><LI>Max Depth = 8<LI>Call Chain = delay_init
</UL>
<BR>[Calls]<UL><LI><a href="#[94]">&gt;&gt;</a>&nbsp;&nbsp;&nbsp;SysTick_CLKSourceConfig
</UL>
<BR>[Called By]<UL><LI><a href="#[55]">&gt;&gt;</a>&nbsp;&nbsp;&nbsp;main
</UL>

<P><STRONG><a name="[8e]"></a>delay_ms</STRONG> (Thumb, 56 bytes, Stack size 0 bytes, delay.o(.text))
<BR><BR>[Called By]<UL><LI><a href="#[9d]">&gt;&gt;</a>&nbsp;&nbsp;&nbsp;RTC_Init
<LI><a href="#[7f]">&gt;&gt;</a>&nbsp;&nbsp;&nbsp;AT24CXX_WriteOneByte
<LI><a href="#[5d]">&gt;&gt;</a>&nbsp;&nbsp;&nbsp;init_LCD
</UL>

<P><STRONG><a name="[85]"></a>delay_us</STRONG> (Thumb, 56 bytes, Stack size 0 bytes, delay.o(.text))
<BR><BR>[Called By]<UL><LI><a href="#[8d]">&gt;&gt;</a>&nbsp;&nbsp;&nbsp;IIC_Read_Byte
<LI><a href="#[8c]">&gt;&gt;</a>&nbsp;&nbsp;&nbsp;IIC_Send_Byte
<LI><a href="#[8b]">&gt;&gt;</a>&nbsp;&nbsp;&nbsp;IIC_NAck
<LI><a href="#[8a]">&gt;&gt;</a>&nbsp;&nbsp;&nbsp;IIC_Ack
<LI><a href="#[89]">&gt;&gt;</a>&nbsp;&nbsp;&nbsp;IIC_Wait_Ack
<LI><a href="#[88]">&gt;&gt;</a>&nbsp;&nbsp;&nbsp;IIC_Stop
<LI><a href="#[87]">&gt;&gt;</a>&nbsp;&nbsp;&nbsp;IIC_Stop2
<LI><a href="#[86]">&gt;&gt;</a>&nbsp;&nbsp;&nbsp;IIC_Start
<LI><a href="#[84]">&gt;&gt;</a>&nbsp;&nbsp;&nbsp;IIC_Start2
</UL>

<P><STRONG><a name="[73]"></a>delay</STRONG> (Thumb, 10 bytes, Stack size 0 bytes, delay.o(.text))
<BR><BR>[Called By]<UL><LI><a href="#[7c]">&gt;&gt;</a>&nbsp;&nbsp;&nbsp;usart_WriteMultipleRegister
<LI><a href="#[7b]">&gt;&gt;</a>&nbsp;&nbsp;&nbsp;usart_WriteRegister
<LI><a href="#[79]">&gt;&gt;</a>&nbsp;&nbsp;&nbsp;usart_ReadRegister
<LI><a href="#[42]">&gt;&gt;</a>&nbsp;&nbsp;&nbsp;USART1_IRQHandler
<LI><a href="#[6f]">&gt;&gt;</a>&nbsp;&nbsp;&nbsp;usart_config
</UL>

<P><STRONG><a name="[95]"></a>RTC_NVIC_Config</STRONG> (Thumb, 34 bytes, Stack size 8 bytes, rtc.o(.text), UNUSED)
<BR><BR>[Calls]<UL><LI><a href="#[67]">&gt;&gt;</a>&nbsp;&nbsp;&nbsp;NVIC_Init
</UL>
<BR>[Called By]<UL><LI><a href="#[9d]">&gt;&gt;</a>&nbsp;&nbsp;&nbsp;RTC_Init
</UL>

<P><STRONG><a name="[98]"></a>RTC_Get_Week</STRONG> (Thumb, 116 bytes, Stack size 20 bytes, rtc.o(.text))
<BR><BR>[Stack]<UL><LI>Max Depth = 20<LI>Call Chain = RTC_Get_Week
</UL>
<BR>[Called By]<UL><LI><a href="#[96]">&gt;&gt;</a>&nbsp;&nbsp;&nbsp;RTC_Get
</UL>

<P><STRONG><a name="[97]"></a>Is_Leap_Year</STRONG> (Thumb, 58 bytes, Stack size 0 bytes, rtc.o(.text))
<BR><BR>[Called By]<UL><LI><a href="#[99]">&gt;&gt;</a>&nbsp;&nbsp;&nbsp;RTC_Set
<LI><a href="#[96]">&gt;&gt;</a>&nbsp;&nbsp;&nbsp;RTC_Get
</UL>

<P><STRONG><a name="[96]"></a>RTC_Get</STRONG> (Thumb, 246 bytes, Stack size 16 bytes, rtc.o(.text))
<BR><BR>[Stack]<UL><LI>Max Depth = 36<LI>Call Chain = RTC_Get &rArr; RTC_Get_Week
</UL>
<BR>[Calls]<UL><LI><a href="#[97]">&gt;&gt;</a>&nbsp;&nbsp;&nbsp;Is_Leap_Year
<LI><a href="#[98]">&gt;&gt;</a>&nbsp;&nbsp;&nbsp;RTC_Get_Week
</UL>
<BR>[Called By]<UL><LI><a href="#[20]">&gt;&gt;</a>&nbsp;&nbsp;&nbsp;RTC_IRQHandler
<LI><a href="#[9d]">&gt;&gt;</a>&nbsp;&nbsp;&nbsp;RTC_Init
</UL>

<P><STRONG><a name="[99]"></a>RTC_Set</STRONG> (Thumb, 186 bytes, Stack size 40 bytes, rtc.o(.text), UNUSED)
<BR><BR>[Calls]<UL><LI><a href="#[9a]">&gt;&gt;</a>&nbsp;&nbsp;&nbsp;RTC_WaitForLastTask
<LI><a href="#[9b]">&gt;&gt;</a>&nbsp;&nbsp;&nbsp;RTC_SetCounter
<LI><a href="#[9c]">&gt;&gt;</a>&nbsp;&nbsp;&nbsp;PWR_BackupAccessCmd
<LI><a href="#[97]">&gt;&gt;</a>&nbsp;&nbsp;&nbsp;Is_Leap_Year
<LI><a href="#[68]">&gt;&gt;</a>&nbsp;&nbsp;&nbsp;RCC_APB1PeriphClockCmd
</UL>
<BR>[Called By]<UL><LI><a href="#[9d]">&gt;&gt;</a>&nbsp;&nbsp;&nbsp;RTC_Init
</UL>

<P><STRONG><a name="[9d]"></a>RTC_Init</STRONG> (Thumb, 186 bytes, Stack size 16 bytes, rtc.o(.text), UNUSED)
<BR><BR>[Calls]<UL><LI><a href="#[a4]">&gt;&gt;</a>&nbsp;&nbsp;&nbsp;RTC_WaitForSynchro
<LI><a href="#[9a]">&gt;&gt;</a>&nbsp;&nbsp;&nbsp;RTC_WaitForLastTask
<LI><a href="#[a6]">&gt;&gt;</a>&nbsp;&nbsp;&nbsp;RTC_SetPrescaler
<LI><a href="#[a5]">&gt;&gt;</a>&nbsp;&nbsp;&nbsp;RTC_ITConfig
<LI><a href="#[a2]">&gt;&gt;</a>&nbsp;&nbsp;&nbsp;RCC_RTCCLKConfig
<LI><a href="#[a3]">&gt;&gt;</a>&nbsp;&nbsp;&nbsp;RCC_RTCCLKCmd
<LI><a href="#[a0]">&gt;&gt;</a>&nbsp;&nbsp;&nbsp;RCC_LSEConfig
<LI><a href="#[a1]">&gt;&gt;</a>&nbsp;&nbsp;&nbsp;RCC_GetFlagStatus
<LI><a href="#[a8]">&gt;&gt;</a>&nbsp;&nbsp;&nbsp;RCC_ClearFlag
<LI><a href="#[9c]">&gt;&gt;</a>&nbsp;&nbsp;&nbsp;PWR_BackupAccessCmd
<LI><a href="#[a7]">&gt;&gt;</a>&nbsp;&nbsp;&nbsp;BKP_WriteBackupRegister
<LI><a href="#[9e]">&gt;&gt;</a>&nbsp;&nbsp;&nbsp;BKP_ReadBackupRegister
<LI><a href="#[9f]">&gt;&gt;</a>&nbsp;&nbsp;&nbsp;BKP_DeInit
<LI><a href="#[99]">&gt;&gt;</a>&nbsp;&nbsp;&nbsp;RTC_Set
<LI><a href="#[96]">&gt;&gt;</a>&nbsp;&nbsp;&nbsp;RTC_Get
<LI><a href="#[95]">&gt;&gt;</a>&nbsp;&nbsp;&nbsp;RTC_NVIC_Config
<LI><a href="#[8e]">&gt;&gt;</a>&nbsp;&nbsp;&nbsp;delay_ms
<LI><a href="#[68]">&gt;&gt;</a>&nbsp;&nbsp;&nbsp;RCC_APB1PeriphClockCmd
</UL>

<P><STRONG><a name="[20]"></a>RTC_IRQHandler</STRONG> (Thumb, 82 bytes, Stack size 4 bytes, rtc.o(.text))
<BR><BR>[Stack]<UL><LI>Max Depth = 40<LI>Call Chain = RTC_IRQHandler &rArr; RTC_Get &rArr; RTC_Get_Week
</UL>
<BR>[Calls]<UL><LI><a href="#[96]">&gt;&gt;</a>&nbsp;&nbsp;&nbsp;RTC_Get
</UL>
<BR>[Address Reference Count : 1]<UL><LI> startup_stm32f10x_md.o(RESET)
</UL>
<P><STRONG><a name="[119]"></a>str_cmpx</STRONG> (Thumb, 36 bytes, Stack size 16 bytes, rtc.o(.text), UNUSED)

<P><STRONG><a name="[62]"></a>sendtobuff</STRONG> (Thumb, 46 bytes, Stack size 12 bytes, menu.o(.text))
<BR><BR>[Stack]<UL><LI>Max Depth = 12<LI>Call Chain = sendtobuff
</UL>
<BR>[Called By]<UL><LI><a href="#[bd]">&gt;&gt;</a>&nbsp;&nbsp;&nbsp;M_11
<LI><a href="#[bc]">&gt;&gt;</a>&nbsp;&nbsp;&nbsp;M_999
<LI><a href="#[ba]">&gt;&gt;</a>&nbsp;&nbsp;&nbsp;Menu_SoftwareVersion
<LI><a href="#[9]">&gt;&gt;</a>&nbsp;&nbsp;&nbsp;lcd_menu_seven
<LI><a href="#[b3]">&gt;&gt;</a>&nbsp;&nbsp;&nbsp;lcd_mainmenu
<LI><a href="#[b0]">&gt;&gt;</a>&nbsp;&nbsp;&nbsp;menu_first_page
<LI><a href="#[ae]">&gt;&gt;</a>&nbsp;&nbsp;&nbsp;menu_second_page
<LI><a href="#[55]">&gt;&gt;</a>&nbsp;&nbsp;&nbsp;main
<LI><a href="#[c2]">&gt;&gt;</a>&nbsp;&nbsp;&nbsp;M_16
<LI><a href="#[c0]">&gt;&gt;</a>&nbsp;&nbsp;&nbsp;M_15
<LI><a href="#[bf]">&gt;&gt;</a>&nbsp;&nbsp;&nbsp;M_14
</UL>

<P><STRONG><a name="[b9]"></a>sendtobuff_n</STRONG> (Thumb, 50 bytes, Stack size 20 bytes, menu.o(.text))
<BR><BR>[Stack]<UL><LI>Max Depth = 20<LI>Call Chain = sendtobuff_n
</UL>
<BR>[Called By]<UL><LI><a href="#[be]">&gt;&gt;</a>&nbsp;&nbsp;&nbsp;M_12
<LI><a href="#[ba]">&gt;&gt;</a>&nbsp;&nbsp;&nbsp;Menu_SoftwareVersion
<LI><a href="#[10]">&gt;&gt;</a>&nbsp;&nbsp;&nbsp;lcd_menu_fourteen
<LI><a href="#[f]">&gt;&gt;</a>&nbsp;&nbsp;&nbsp;lcd_menu_thirteen
<LI><a href="#[e]">&gt;&gt;</a>&nbsp;&nbsp;&nbsp;lcd_menu_twelve
<LI><a href="#[d]">&gt;&gt;</a>&nbsp;&nbsp;&nbsp;lcd_menu_eleven
<LI><a href="#[c]">&gt;&gt;</a>&nbsp;&nbsp;&nbsp;lcd_menu_ten
<LI><a href="#[b]">&gt;&gt;</a>&nbsp;&nbsp;&nbsp;lcd_menu_nine
<LI><a href="#[a]">&gt;&gt;</a>&nbsp;&nbsp;&nbsp;lcd_menu_eight
<LI><a href="#[9]">&gt;&gt;</a>&nbsp;&nbsp;&nbsp;lcd_menu_seven
<LI><a href="#[c0]">&gt;&gt;</a>&nbsp;&nbsp;&nbsp;M_15
</UL>

<P><STRONG><a name="[11a]"></a>search</STRONG> (Thumb, 70 bytes, Stack size 20 bytes, menu.o(.text), UNUSED)

<P><STRONG><a name="[11b]"></a>Lcd_MenuIndexCalculate</STRONG> (Thumb, 2 bytes, Stack size 0 bytes, menu.o(.text), UNUSED)

<P><STRONG><a name="[11c]"></a>Lcd_MenuPro</STRONG> (Thumb, 2 bytes, Stack size 0 bytes, menu.o(.text), UNUSED)

<P><STRONG><a name="[65]"></a>Lcd_KEYPro</STRONG> (Thumb, 4550 bytes, Stack size 16 bytes, menu.o(.text))
<BR><BR>[Stack]<UL><LI>Max Depth = 48<LI>Call Chain = Lcd_KEYPro &rArr; AT24CXX_WriteOneByte &rArr; IIC_Send_Byte
</UL>
<BR>[Calls]<UL><LI><a href="#[7f]">&gt;&gt;</a>&nbsp;&nbsp;&nbsp;AT24CXX_WriteOneByte
</UL>
<BR>[Called By]<UL><LI><a href="#[55]">&gt;&gt;</a>&nbsp;&nbsp;&nbsp;main
</UL>

<P><STRONG><a name="[b8]"></a>menu_fault_dis</STRONG> (Thumb, 2 bytes, Stack size 0 bytes, menu.o(.text))
<BR><BR>[Called By]<UL><LI><a href="#[66]">&gt;&gt;</a>&nbsp;&nbsp;&nbsp;LCDDisplay
</UL>

<P><STRONG><a name="[b7]"></a>lcd_instancy_stop_menu</STRONG> (Thumb, 2 bytes, Stack size 0 bytes, menu.o(.text))
<BR><BR>[Called By]<UL><LI><a href="#[66]">&gt;&gt;</a>&nbsp;&nbsp;&nbsp;LCDDisplay
</UL>

<P><STRONG><a name="[b6]"></a>lcd_shake_stop_menu</STRONG> (Thumb, 2 bytes, Stack size 0 bytes, menu.o(.text))
<BR><BR>[Called By]<UL><LI><a href="#[66]">&gt;&gt;</a>&nbsp;&nbsp;&nbsp;LCDDisplay
</UL>

<P><STRONG><a name="[b5]"></a>lcd_wash_complete_menu</STRONG> (Thumb, 2 bytes, Stack size 0 bytes, menu.o(.text))
<BR><BR>[Called By]<UL><LI><a href="#[66]">&gt;&gt;</a>&nbsp;&nbsp;&nbsp;LCDDisplay
</UL>

<P><STRONG><a name="[b4]"></a>menu_fault_page</STRONG> (Thumb, 2 bytes, Stack size 0 bytes, menu.o(.text))
<BR><BR>[Called By]<UL><LI><a href="#[66]">&gt;&gt;</a>&nbsp;&nbsp;&nbsp;LCDDisplay
</UL>

<P><STRONG><a name="[a9]"></a>kp_menucur</STRONG> (Thumb, 62 bytes, Stack size 24 bytes, menu.o(.text))
<BR><BR>[Stack]<UL><LI>Max Depth = 140<LI>Call Chain = kp_menucur &rArr; lcd_wrstring &rArr; lcd_wru8 &rArr; write_reg &rArr; write_com &rArr; check_sta01
</UL>
<BR>[Calls]<UL><LI><a href="#[5f]">&gt;&gt;</a>&nbsp;&nbsp;&nbsp;lcd_wrstring
</UL>
<BR>[Called By]<UL><LI><a href="#[12]">&gt;&gt;</a>&nbsp;&nbsp;&nbsp;lcd_menu_sixteen
<LI><a href="#[11]">&gt;&gt;</a>&nbsp;&nbsp;&nbsp;lcd_menu_fifteen
<LI><a href="#[10]">&gt;&gt;</a>&nbsp;&nbsp;&nbsp;lcd_menu_fourteen
<LI><a href="#[f]">&gt;&gt;</a>&nbsp;&nbsp;&nbsp;lcd_menu_thirteen
<LI><a href="#[e]">&gt;&gt;</a>&nbsp;&nbsp;&nbsp;lcd_menu_twelve
<LI><a href="#[d]">&gt;&gt;</a>&nbsp;&nbsp;&nbsp;lcd_menu_eleven
<LI><a href="#[c]">&gt;&gt;</a>&nbsp;&nbsp;&nbsp;lcd_menu_ten
<LI><a href="#[b]">&gt;&gt;</a>&nbsp;&nbsp;&nbsp;lcd_menu_nine
<LI><a href="#[a]">&gt;&gt;</a>&nbsp;&nbsp;&nbsp;lcd_menu_eight
<LI><a href="#[9]">&gt;&gt;</a>&nbsp;&nbsp;&nbsp;lcd_menu_seven
<LI><a href="#[8]">&gt;&gt;</a>&nbsp;&nbsp;&nbsp;lcd_menu_six
<LI><a href="#[7]">&gt;&gt;</a>&nbsp;&nbsp;&nbsp;lcd_menu_five
<LI><a href="#[6]">&gt;&gt;</a>&nbsp;&nbsp;&nbsp;lcd_menu_four
<LI><a href="#[5]">&gt;&gt;</a>&nbsp;&nbsp;&nbsp;lcd_menu_three
<LI><a href="#[4]">&gt;&gt;</a>&nbsp;&nbsp;&nbsp;lcd_menu_two
<LI><a href="#[3]">&gt;&gt;</a>&nbsp;&nbsp;&nbsp;lcd_menu_one
<LI><a href="#[b0]">&gt;&gt;</a>&nbsp;&nbsp;&nbsp;menu_first_page
<LI><a href="#[ab]">&gt;&gt;</a>&nbsp;&nbsp;&nbsp;main_set_menu
</UL>

<P><STRONG><a name="[aa]"></a>lcd_lastline</STRONG> (Thumb, 158 bytes, Stack size 16 bytes, menu.o(.text))
<BR><BR>[Stack]<UL><LI>Max Depth = 132<LI>Call Chain = lcd_lastline &rArr; lcd_wrstring &rArr; lcd_wru8 &rArr; write_reg &rArr; write_com &rArr; check_sta01
</UL>
<BR>[Calls]<UL><LI><a href="#[5f]">&gt;&gt;</a>&nbsp;&nbsp;&nbsp;lcd_wrstring
</UL>
<BR>[Called By]<UL><LI><a href="#[12]">&gt;&gt;</a>&nbsp;&nbsp;&nbsp;lcd_menu_sixteen
<LI><a href="#[11]">&gt;&gt;</a>&nbsp;&nbsp;&nbsp;lcd_menu_fifteen
<LI><a href="#[10]">&gt;&gt;</a>&nbsp;&nbsp;&nbsp;lcd_menu_fourteen
<LI><a href="#[f]">&gt;&gt;</a>&nbsp;&nbsp;&nbsp;lcd_menu_thirteen
<LI><a href="#[e]">&gt;&gt;</a>&nbsp;&nbsp;&nbsp;lcd_menu_twelve
<LI><a href="#[d]">&gt;&gt;</a>&nbsp;&nbsp;&nbsp;lcd_menu_eleven
<LI><a href="#[c]">&gt;&gt;</a>&nbsp;&nbsp;&nbsp;lcd_menu_ten
<LI><a href="#[b]">&gt;&gt;</a>&nbsp;&nbsp;&nbsp;lcd_menu_nine
<LI><a href="#[a]">&gt;&gt;</a>&nbsp;&nbsp;&nbsp;lcd_menu_eight
<LI><a href="#[9]">&gt;&gt;</a>&nbsp;&nbsp;&nbsp;lcd_menu_seven
<LI><a href="#[8]">&gt;&gt;</a>&nbsp;&nbsp;&nbsp;lcd_menu_six
<LI><a href="#[7]">&gt;&gt;</a>&nbsp;&nbsp;&nbsp;lcd_menu_five
<LI><a href="#[6]">&gt;&gt;</a>&nbsp;&nbsp;&nbsp;lcd_menu_four
<LI><a href="#[5]">&gt;&gt;</a>&nbsp;&nbsp;&nbsp;lcd_menu_three
<LI><a href="#[4]">&gt;&gt;</a>&nbsp;&nbsp;&nbsp;lcd_menu_two
<LI><a href="#[3]">&gt;&gt;</a>&nbsp;&nbsp;&nbsp;lcd_menu_one
<LI><a href="#[ab]">&gt;&gt;</a>&nbsp;&nbsp;&nbsp;main_set_menu
</UL>

<P><STRONG><a name="[ab]"></a>main_set_menu</STRONG> (Thumb, 196 bytes, Stack size 16 bytes, menu.o(.text))
<BR><BR>[Stack]<UL><LI>Max Depth = 156<LI>Call Chain = main_set_menu &rArr; kp_menucur &rArr; lcd_wrstring &rArr; lcd_wru8 &rArr; write_reg &rArr; write_com &rArr; check_sta01
</UL>
<BR>[Calls]<UL><LI><a href="#[ac]">&gt;&gt;</a>&nbsp;&nbsp;&nbsp;ClearDisBuff
<LI><a href="#[aa]">&gt;&gt;</a>&nbsp;&nbsp;&nbsp;lcd_lastline
<LI><a href="#[a9]">&gt;&gt;</a>&nbsp;&nbsp;&nbsp;kp_menucur
<LI><a href="#[5f]">&gt;&gt;</a>&nbsp;&nbsp;&nbsp;lcd_wrstring
<LI><a href="#[ad]">&gt;&gt;</a>&nbsp;&nbsp;&nbsp;strncpy
</UL>
<BR>[Called By]<UL><LI><a href="#[66]">&gt;&gt;</a>&nbsp;&nbsp;&nbsp;LCDDisplay
</UL>

<P><STRONG><a name="[ae]"></a>menu_second_page</STRONG> (Thumb, 438 bytes, Stack size 8 bytes, menu.o(.text))
<BR><BR>[Stack]<UL><LI>Max Depth = 132<LI>Call Chain = menu_second_page &rArr; lcd_wrstring_num &rArr; lcd_wru8 &rArr; write_reg &rArr; write_com &rArr; check_sta01
</UL>
<BR>[Calls]<UL><LI><a href="#[af]">&gt;&gt;</a>&nbsp;&nbsp;&nbsp;lcd_wrstring_num
<LI><a href="#[62]">&gt;&gt;</a>&nbsp;&nbsp;&nbsp;sendtobuff
<LI><a href="#[5f]">&gt;&gt;</a>&nbsp;&nbsp;&nbsp;lcd_wrstring
</UL>
<BR>[Called By]<UL><LI><a href="#[66]">&gt;&gt;</a>&nbsp;&nbsp;&nbsp;LCDDisplay
</UL>

<P><STRONG><a name="[b0]"></a>menu_first_page</STRONG> (Thumb, 72 bytes, Stack size 8 bytes, menu.o(.text))
<BR><BR>[Stack]<UL><LI>Max Depth = 148<LI>Call Chain = menu_first_page &rArr; kp_menucur &rArr; lcd_wrstring &rArr; lcd_wru8 &rArr; write_reg &rArr; write_com &rArr; check_sta01
</UL>
<BR>[Calls]<UL><LI><a href="#[a9]">&gt;&gt;</a>&nbsp;&nbsp;&nbsp;kp_menucur
<LI><a href="#[62]">&gt;&gt;</a>&nbsp;&nbsp;&nbsp;sendtobuff
<LI><a href="#[5f]">&gt;&gt;</a>&nbsp;&nbsp;&nbsp;lcd_wrstring
</UL>
<BR>[Called By]<UL><LI><a href="#[66]">&gt;&gt;</a>&nbsp;&nbsp;&nbsp;LCDDisplay
</UL>

<P><STRONG><a name="[b2]"></a>disphex_asc_be</STRONG> (Thumb, 42 bytes, Stack size 16 bytes, menu.o(.text))
<BR><BR>[Stack]<UL><LI>Max Depth = 16<LI>Call Chain = disphex_asc_be
</UL>
<BR>[Called By]<UL><LI><a href="#[b1]">&gt;&gt;</a>&nbsp;&nbsp;&nbsp;disphex_asc_le
</UL>

<P><STRONG><a name="[b1]"></a>disphex_asc_le</STRONG> (Thumb, 62 bytes, Stack size 24 bytes, menu.o(.text))
<BR><BR>[Stack]<UL><LI>Max Depth = 40<LI>Call Chain = disphex_asc_le &rArr; disphex_asc_be
</UL>
<BR>[Calls]<UL><LI><a href="#[b2]">&gt;&gt;</a>&nbsp;&nbsp;&nbsp;disphex_asc_be
</UL>
<BR>[Called By]<UL><LI><a href="#[10]">&gt;&gt;</a>&nbsp;&nbsp;&nbsp;lcd_menu_fourteen
<LI><a href="#[f]">&gt;&gt;</a>&nbsp;&nbsp;&nbsp;lcd_menu_thirteen
<LI><a href="#[e]">&gt;&gt;</a>&nbsp;&nbsp;&nbsp;lcd_menu_twelve
<LI><a href="#[d]">&gt;&gt;</a>&nbsp;&nbsp;&nbsp;lcd_menu_eleven
<LI><a href="#[c]">&gt;&gt;</a>&nbsp;&nbsp;&nbsp;lcd_menu_ten
<LI><a href="#[b]">&gt;&gt;</a>&nbsp;&nbsp;&nbsp;lcd_menu_nine
<LI><a href="#[a]">&gt;&gt;</a>&nbsp;&nbsp;&nbsp;lcd_menu_eight
<LI><a href="#[9]">&gt;&gt;</a>&nbsp;&nbsp;&nbsp;lcd_menu_seven
<LI><a href="#[8]">&gt;&gt;</a>&nbsp;&nbsp;&nbsp;lcd_menu_six
<LI><a href="#[5]">&gt;&gt;</a>&nbsp;&nbsp;&nbsp;lcd_menu_three
<LI><a href="#[3]">&gt;&gt;</a>&nbsp;&nbsp;&nbsp;lcd_menu_one
<LI><a href="#[b3]">&gt;&gt;</a>&nbsp;&nbsp;&nbsp;lcd_mainmenu
</UL>

<P><STRONG><a name="[b3]"></a>lcd_mainmenu</STRONG> (Thumb, 320 bytes, Stack size 16 bytes, menu.o(.text))
<BR><BR>[Stack]<UL><LI>Max Depth = 140<LI>Call Chain = lcd_mainmenu &rArr; lcd_wrstring_num &rArr; lcd_wru8 &rArr; write_reg &rArr; write_com &rArr; check_sta01
</UL>
<BR>[Calls]<UL><LI><a href="#[af]">&gt;&gt;</a>&nbsp;&nbsp;&nbsp;lcd_wrstring_num
<LI><a href="#[b1]">&gt;&gt;</a>&nbsp;&nbsp;&nbsp;disphex_asc_le
<LI><a href="#[62]">&gt;&gt;</a>&nbsp;&nbsp;&nbsp;sendtobuff
<LI><a href="#[5f]">&gt;&gt;</a>&nbsp;&nbsp;&nbsp;lcd_wrstring
</UL>
<BR>[Called By]<UL><LI><a href="#[66]">&gt;&gt;</a>&nbsp;&nbsp;&nbsp;LCDDisplay
</UL>

<P><STRONG><a name="[66]"></a>LCDDisplay</STRONG> (Thumb, 152 bytes, Stack size 8 bytes, menu.o(.text))
<BR><BR>[Stack]<UL><LI>Max Depth = 164<LI>Call Chain = LCDDisplay &rArr; main_set_menu &rArr; kp_menucur &rArr; lcd_wrstring &rArr; lcd_wru8 &rArr; write_reg &rArr; write_com &rArr; check_sta01
</UL>
<BR>[Calls]<UL><LI><a href="#[b3]">&gt;&gt;</a>&nbsp;&nbsp;&nbsp;lcd_mainmenu
<LI><a href="#[b0]">&gt;&gt;</a>&nbsp;&nbsp;&nbsp;menu_first_page
<LI><a href="#[ae]">&gt;&gt;</a>&nbsp;&nbsp;&nbsp;menu_second_page
<LI><a href="#[ab]">&gt;&gt;</a>&nbsp;&nbsp;&nbsp;main_set_menu
<LI><a href="#[b4]">&gt;&gt;</a>&nbsp;&nbsp;&nbsp;menu_fault_page
<LI><a href="#[b5]">&gt;&gt;</a>&nbsp;&nbsp;&nbsp;lcd_wash_complete_menu
<LI><a href="#[b6]">&gt;&gt;</a>&nbsp;&nbsp;&nbsp;lcd_shake_stop_menu
<LI><a href="#[b7]">&gt;&gt;</a>&nbsp;&nbsp;&nbsp;lcd_instancy_stop_menu
<LI><a href="#[b8]">&gt;&gt;</a>&nbsp;&nbsp;&nbsp;menu_fault_dis
</UL>
<BR>[Called By]<UL><LI><a href="#[55]">&gt;&gt;</a>&nbsp;&nbsp;&nbsp;main
</UL>

<P><STRONG><a name="[3]"></a>lcd_menu_one</STRONG> (Thumb, 976 bytes, Stack size 24 bytes, menu.o(.text))
<BR><BR>[Stack]<UL><LI>Max Depth = 164<LI>Call Chain = lcd_menu_one &rArr; kp_menucur &rArr; lcd_wrstring &rArr; lcd_wru8 &rArr; write_reg &rArr; write_com &rArr; check_sta01
</UL>
<BR>[Calls]<UL><LI><a href="#[af]">&gt;&gt;</a>&nbsp;&nbsp;&nbsp;lcd_wrstring_num
<LI><a href="#[b1]">&gt;&gt;</a>&nbsp;&nbsp;&nbsp;disphex_asc_le
<LI><a href="#[aa]">&gt;&gt;</a>&nbsp;&nbsp;&nbsp;lcd_lastline
<LI><a href="#[a9]">&gt;&gt;</a>&nbsp;&nbsp;&nbsp;kp_menucur
<LI><a href="#[5f]">&gt;&gt;</a>&nbsp;&nbsp;&nbsp;lcd_wrstring
<LI><a href="#[ad]">&gt;&gt;</a>&nbsp;&nbsp;&nbsp;strncpy
</UL>
<BR>[Address Reference Count : 1]<UL><LI> menu.o(.data)
</UL>
<P><STRONG><a name="[4]"></a>lcd_menu_two</STRONG> (Thumb, 662 bytes, Stack size 16 bytes, menu.o(.text))
<BR><BR>[Stack]<UL><LI>Max Depth = 156<LI>Call Chain = lcd_menu_two &rArr; kp_menucur &rArr; lcd_wrstring &rArr; lcd_wru8 &rArr; write_reg &rArr; write_com &rArr; check_sta01
</UL>
<BR>[Calls]<UL><LI><a href="#[ac]">&gt;&gt;</a>&nbsp;&nbsp;&nbsp;ClearDisBuff
<LI><a href="#[aa]">&gt;&gt;</a>&nbsp;&nbsp;&nbsp;lcd_lastline
<LI><a href="#[a9]">&gt;&gt;</a>&nbsp;&nbsp;&nbsp;kp_menucur
<LI><a href="#[5f]">&gt;&gt;</a>&nbsp;&nbsp;&nbsp;lcd_wrstring
<LI><a href="#[ad]">&gt;&gt;</a>&nbsp;&nbsp;&nbsp;strncpy
</UL>
<BR>[Address Reference Count : 1]<UL><LI> menu.o(.data)
</UL>
<P><STRONG><a name="[5]"></a>lcd_menu_three</STRONG> (Thumb, 502 bytes, Stack size 16 bytes, menu.o(.text))
<BR><BR>[Stack]<UL><LI>Max Depth = 156<LI>Call Chain = lcd_menu_three &rArr; kp_menucur &rArr; lcd_wrstring &rArr; lcd_wru8 &rArr; write_reg &rArr; write_com &rArr; check_sta01
</UL>
<BR>[Calls]<UL><LI><a href="#[af]">&gt;&gt;</a>&nbsp;&nbsp;&nbsp;lcd_wrstring_num
<LI><a href="#[ac]">&gt;&gt;</a>&nbsp;&nbsp;&nbsp;ClearDisBuff
<LI><a href="#[b1]">&gt;&gt;</a>&nbsp;&nbsp;&nbsp;disphex_asc_le
<LI><a href="#[aa]">&gt;&gt;</a>&nbsp;&nbsp;&nbsp;lcd_lastline
<LI><a href="#[a9]">&gt;&gt;</a>&nbsp;&nbsp;&nbsp;kp_menucur
<LI><a href="#[5f]">&gt;&gt;</a>&nbsp;&nbsp;&nbsp;lcd_wrstring
<LI><a href="#[ad]">&gt;&gt;</a>&nbsp;&nbsp;&nbsp;strncpy
</UL>
<BR>[Address Reference Count : 1]<UL><LI> menu.o(.data)
</UL>
<P><STRONG><a name="[6]"></a>lcd_menu_four</STRONG> (Thumb, 450 bytes, Stack size 16 bytes, menu.o(.text))
<BR><BR>[Stack]<UL><LI>Max Depth = 156<LI>Call Chain = lcd_menu_four &rArr; kp_menucur &rArr; lcd_wrstring &rArr; lcd_wru8 &rArr; write_reg &rArr; write_com &rArr; check_sta01
</UL>
<BR>[Calls]<UL><LI><a href="#[ac]">&gt;&gt;</a>&nbsp;&nbsp;&nbsp;ClearDisBuff
<LI><a href="#[aa]">&gt;&gt;</a>&nbsp;&nbsp;&nbsp;lcd_lastline
<LI><a href="#[a9]">&gt;&gt;</a>&nbsp;&nbsp;&nbsp;kp_menucur
<LI><a href="#[5f]">&gt;&gt;</a>&nbsp;&nbsp;&nbsp;lcd_wrstring
<LI><a href="#[ad]">&gt;&gt;</a>&nbsp;&nbsp;&nbsp;strncpy
</UL>
<BR>[Address Reference Count : 1]<UL><LI> menu.o(.data)
</UL>
<P><STRONG><a name="[7]"></a>lcd_menu_five</STRONG> (Thumb, 268 bytes, Stack size 16 bytes, menu.o(.text))
<BR><BR>[Stack]<UL><LI>Max Depth = 156<LI>Call Chain = lcd_menu_five &rArr; kp_menucur &rArr; lcd_wrstring &rArr; lcd_wru8 &rArr; write_reg &rArr; write_com &rArr; check_sta01
</UL>
<BR>[Calls]<UL><LI><a href="#[ac]">&gt;&gt;</a>&nbsp;&nbsp;&nbsp;ClearDisBuff
<LI><a href="#[aa]">&gt;&gt;</a>&nbsp;&nbsp;&nbsp;lcd_lastline
<LI><a href="#[a9]">&gt;&gt;</a>&nbsp;&nbsp;&nbsp;kp_menucur
<LI><a href="#[5f]">&gt;&gt;</a>&nbsp;&nbsp;&nbsp;lcd_wrstring
<LI><a href="#[ad]">&gt;&gt;</a>&nbsp;&nbsp;&nbsp;strncpy
</UL>
<BR>[Address Reference Count : 1]<UL><LI> menu.o(.data)
</UL>
<P><STRONG><a name="[8]"></a>lcd_menu_six</STRONG> (Thumb, 792 bytes, Stack size 16 bytes, menu.o(.text))
<BR><BR>[Stack]<UL><LI>Max Depth = 156<LI>Call Chain = lcd_menu_six &rArr; kp_menucur &rArr; lcd_wrstring &rArr; lcd_wru8 &rArr; write_reg &rArr; write_com &rArr; check_sta01
</UL>
<BR>[Calls]<UL><LI><a href="#[af]">&gt;&gt;</a>&nbsp;&nbsp;&nbsp;lcd_wrstring_num
<LI><a href="#[ac]">&gt;&gt;</a>&nbsp;&nbsp;&nbsp;ClearDisBuff
<LI><a href="#[b1]">&gt;&gt;</a>&nbsp;&nbsp;&nbsp;disphex_asc_le
<LI><a href="#[aa]">&gt;&gt;</a>&nbsp;&nbsp;&nbsp;lcd_lastline
<LI><a href="#[a9]">&gt;&gt;</a>&nbsp;&nbsp;&nbsp;kp_menucur
<LI><a href="#[5f]">&gt;&gt;</a>&nbsp;&nbsp;&nbsp;lcd_wrstring
<LI><a href="#[ad]">&gt;&gt;</a>&nbsp;&nbsp;&nbsp;strncpy
</UL>
<BR>[Address Reference Count : 1]<UL><LI> menu.o(.data)
</UL>
<P><STRONG><a name="[9]"></a>lcd_menu_seven</STRONG> (Thumb, 310 bytes, Stack size 16 bytes, menu.o(.text))
<BR><BR>[Stack]<UL><LI>Max Depth = 156<LI>Call Chain = lcd_menu_seven &rArr; kp_menucur &rArr; lcd_wrstring &rArr; lcd_wru8 &rArr; write_reg &rArr; write_com &rArr; check_sta01
</UL>
<BR>[Calls]<UL><LI><a href="#[b1]">&gt;&gt;</a>&nbsp;&nbsp;&nbsp;disphex_asc_le
<LI><a href="#[aa]">&gt;&gt;</a>&nbsp;&nbsp;&nbsp;lcd_lastline
<LI><a href="#[a9]">&gt;&gt;</a>&nbsp;&nbsp;&nbsp;kp_menucur
<LI><a href="#[b9]">&gt;&gt;</a>&nbsp;&nbsp;&nbsp;sendtobuff_n
<LI><a href="#[62]">&gt;&gt;</a>&nbsp;&nbsp;&nbsp;sendtobuff
<LI><a href="#[5f]">&gt;&gt;</a>&nbsp;&nbsp;&nbsp;lcd_wrstring
<LI><a href="#[ad]">&gt;&gt;</a>&nbsp;&nbsp;&nbsp;strncpy
</UL>
<BR>[Address Reference Count : 1]<UL><LI> menu.o(.data)
</UL>
<P><STRONG><a name="[a]"></a>lcd_menu_eight</STRONG> (Thumb, 316 bytes, Stack size 16 bytes, menu.o(.text))
<BR><BR>[Stack]<UL><LI>Max Depth = 156<LI>Call Chain = lcd_menu_eight &rArr; kp_menucur &rArr; lcd_wrstring &rArr; lcd_wru8 &rArr; write_reg &rArr; write_com &rArr; check_sta01
</UL>
<BR>[Calls]<UL><LI><a href="#[b1]">&gt;&gt;</a>&nbsp;&nbsp;&nbsp;disphex_asc_le
<LI><a href="#[aa]">&gt;&gt;</a>&nbsp;&nbsp;&nbsp;lcd_lastline
<LI><a href="#[a9]">&gt;&gt;</a>&nbsp;&nbsp;&nbsp;kp_menucur
<LI><a href="#[b9]">&gt;&gt;</a>&nbsp;&nbsp;&nbsp;sendtobuff_n
<LI><a href="#[5f]">&gt;&gt;</a>&nbsp;&nbsp;&nbsp;lcd_wrstring
<LI><a href="#[ad]">&gt;&gt;</a>&nbsp;&nbsp;&nbsp;strncpy
</UL>
<BR>[Address Reference Count : 1]<UL><LI> menu.o(.data)
</UL>
<P><STRONG><a name="[b]"></a>lcd_menu_nine</STRONG> (Thumb, 530 bytes, Stack size 16 bytes, menu.o(.text))
<BR><BR>[Stack]<UL><LI>Max Depth = 156<LI>Call Chain = lcd_menu_nine &rArr; kp_menucur &rArr; lcd_wrstring &rArr; lcd_wru8 &rArr; write_reg &rArr; write_com &rArr; check_sta01
</UL>
<BR>[Calls]<UL><LI><a href="#[ac]">&gt;&gt;</a>&nbsp;&nbsp;&nbsp;ClearDisBuff
<LI><a href="#[b1]">&gt;&gt;</a>&nbsp;&nbsp;&nbsp;disphex_asc_le
<LI><a href="#[aa]">&gt;&gt;</a>&nbsp;&nbsp;&nbsp;lcd_lastline
<LI><a href="#[a9]">&gt;&gt;</a>&nbsp;&nbsp;&nbsp;kp_menucur
<LI><a href="#[b9]">&gt;&gt;</a>&nbsp;&nbsp;&nbsp;sendtobuff_n
<LI><a href="#[5f]">&gt;&gt;</a>&nbsp;&nbsp;&nbsp;lcd_wrstring
<LI><a href="#[ad]">&gt;&gt;</a>&nbsp;&nbsp;&nbsp;strncpy
</UL>
<BR>[Address Reference Count : 1]<UL><LI> menu.o(.data)
</UL>
<P><STRONG><a name="[c]"></a>lcd_menu_ten</STRONG> (Thumb, 520 bytes, Stack size 16 bytes, menu.o(.text))
<BR><BR>[Stack]<UL><LI>Max Depth = 156<LI>Call Chain = lcd_menu_ten &rArr; kp_menucur &rArr; lcd_wrstring &rArr; lcd_wru8 &rArr; write_reg &rArr; write_com &rArr; check_sta01
</UL>
<BR>[Calls]<UL><LI><a href="#[ac]">&gt;&gt;</a>&nbsp;&nbsp;&nbsp;ClearDisBuff
<LI><a href="#[b1]">&gt;&gt;</a>&nbsp;&nbsp;&nbsp;disphex_asc_le
<LI><a href="#[aa]">&gt;&gt;</a>&nbsp;&nbsp;&nbsp;lcd_lastline
<LI><a href="#[a9]">&gt;&gt;</a>&nbsp;&nbsp;&nbsp;kp_menucur
<LI><a href="#[b9]">&gt;&gt;</a>&nbsp;&nbsp;&nbsp;sendtobuff_n
<LI><a href="#[5f]">&gt;&gt;</a>&nbsp;&nbsp;&nbsp;lcd_wrstring
<LI><a href="#[ad]">&gt;&gt;</a>&nbsp;&nbsp;&nbsp;strncpy
</UL>
<BR>[Address Reference Count : 1]<UL><LI> menu.o(.data)
</UL>
<P><STRONG><a name="[d]"></a>lcd_menu_eleven</STRONG> (Thumb, 468 bytes, Stack size 16 bytes, menu.o(.text))
<BR><BR>[Stack]<UL><LI>Max Depth = 156<LI>Call Chain = lcd_menu_eleven &rArr; kp_menucur &rArr; lcd_wrstring &rArr; lcd_wru8 &rArr; write_reg &rArr; write_com &rArr; check_sta01
</UL>
<BR>[Calls]<UL><LI><a href="#[ac]">&gt;&gt;</a>&nbsp;&nbsp;&nbsp;ClearDisBuff
<LI><a href="#[b1]">&gt;&gt;</a>&nbsp;&nbsp;&nbsp;disphex_asc_le
<LI><a href="#[aa]">&gt;&gt;</a>&nbsp;&nbsp;&nbsp;lcd_lastline
<LI><a href="#[a9]">&gt;&gt;</a>&nbsp;&nbsp;&nbsp;kp_menucur
<LI><a href="#[b9]">&gt;&gt;</a>&nbsp;&nbsp;&nbsp;sendtobuff_n
<LI><a href="#[5f]">&gt;&gt;</a>&nbsp;&nbsp;&nbsp;lcd_wrstring
<LI><a href="#[ad]">&gt;&gt;</a>&nbsp;&nbsp;&nbsp;strncpy
</UL>
<BR>[Address Reference Count : 1]<UL><LI> menu.o(.data)
</UL>
<P><STRONG><a name="[e]"></a>lcd_menu_twelve</STRONG> (Thumb, 358 bytes, Stack size 16 bytes, menu.o(.text))
<BR><BR>[Stack]<UL><LI>Max Depth = 156<LI>Call Chain = lcd_menu_twelve &rArr; kp_menucur &rArr; lcd_wrstring &rArr; lcd_wru8 &rArr; write_reg &rArr; write_com &rArr; check_sta01
</UL>
<BR>[Calls]<UL><LI><a href="#[ac]">&gt;&gt;</a>&nbsp;&nbsp;&nbsp;ClearDisBuff
<LI><a href="#[b1]">&gt;&gt;</a>&nbsp;&nbsp;&nbsp;disphex_asc_le
<LI><a href="#[aa]">&gt;&gt;</a>&nbsp;&nbsp;&nbsp;lcd_lastline
<LI><a href="#[a9]">&gt;&gt;</a>&nbsp;&nbsp;&nbsp;kp_menucur
<LI><a href="#[b9]">&gt;&gt;</a>&nbsp;&nbsp;&nbsp;sendtobuff_n
<LI><a href="#[5f]">&gt;&gt;</a>&nbsp;&nbsp;&nbsp;lcd_wrstring
<LI><a href="#[ad]">&gt;&gt;</a>&nbsp;&nbsp;&nbsp;strncpy
</UL>
<BR>[Address Reference Count : 1]<UL><LI> menu.o(.data)
</UL>
<P><STRONG><a name="[f]"></a>lcd_menu_thirteen</STRONG> (Thumb, 210 bytes, Stack size 16 bytes, menu.o(.text))
<BR><BR>[Stack]<UL><LI>Max Depth = 156<LI>Call Chain = lcd_menu_thirteen &rArr; kp_menucur &rArr; lcd_wrstring &rArr; lcd_wru8 &rArr; write_reg &rArr; write_com &rArr; check_sta01
</UL>
<BR>[Calls]<UL><LI><a href="#[b1]">&gt;&gt;</a>&nbsp;&nbsp;&nbsp;disphex_asc_le
<LI><a href="#[aa]">&gt;&gt;</a>&nbsp;&nbsp;&nbsp;lcd_lastline
<LI><a href="#[a9]">&gt;&gt;</a>&nbsp;&nbsp;&nbsp;kp_menucur
<LI><a href="#[b9]">&gt;&gt;</a>&nbsp;&nbsp;&nbsp;sendtobuff_n
<LI><a href="#[5f]">&gt;&gt;</a>&nbsp;&nbsp;&nbsp;lcd_wrstring
<LI><a href="#[ad]">&gt;&gt;</a>&nbsp;&nbsp;&nbsp;strncpy
</UL>
<BR>[Address Reference Count : 1]<UL><LI> menu.o(.data)
</UL>
<P><STRONG><a name="[10]"></a>lcd_menu_fourteen</STRONG> (Thumb, 536 bytes, Stack size 16 bytes, menu.o(.text))
<BR><BR>[Stack]<UL><LI>Max Depth = 156<LI>Call Chain = lcd_menu_fourteen &rArr; kp_menucur &rArr; lcd_wrstring &rArr; lcd_wru8 &rArr; write_reg &rArr; write_com &rArr; check_sta01
</UL>
<BR>[Calls]<UL><LI><a href="#[ac]">&gt;&gt;</a>&nbsp;&nbsp;&nbsp;ClearDisBuff
<LI><a href="#[b1]">&gt;&gt;</a>&nbsp;&nbsp;&nbsp;disphex_asc_le
<LI><a href="#[aa]">&gt;&gt;</a>&nbsp;&nbsp;&nbsp;lcd_lastline
<LI><a href="#[a9]">&gt;&gt;</a>&nbsp;&nbsp;&nbsp;kp_menucur
<LI><a href="#[b9]">&gt;&gt;</a>&nbsp;&nbsp;&nbsp;sendtobuff_n
<LI><a href="#[5f]">&gt;&gt;</a>&nbsp;&nbsp;&nbsp;lcd_wrstring
<LI><a href="#[ad]">&gt;&gt;</a>&nbsp;&nbsp;&nbsp;strncpy
</UL>
<BR>[Address Reference Count : 1]<UL><LI> menu.o(.data)
</UL>
<P><STRONG><a name="[11]"></a>lcd_menu_fifteen</STRONG> (Thumb, 172 bytes, Stack size 16 bytes, menu.o(.text))
<BR><BR>[Stack]<UL><LI>Max Depth = 156<LI>Call Chain = lcd_menu_fifteen &rArr; kp_menucur &rArr; lcd_wrstring &rArr; lcd_wru8 &rArr; write_reg &rArr; write_com &rArr; check_sta01
</UL>
<BR>[Calls]<UL><LI><a href="#[aa]">&gt;&gt;</a>&nbsp;&nbsp;&nbsp;lcd_lastline
<LI><a href="#[a9]">&gt;&gt;</a>&nbsp;&nbsp;&nbsp;kp_menucur
<LI><a href="#[5f]">&gt;&gt;</a>&nbsp;&nbsp;&nbsp;lcd_wrstring
<LI><a href="#[ad]">&gt;&gt;</a>&nbsp;&nbsp;&nbsp;strncpy
</UL>
<BR>[Address Reference Count : 1]<UL><LI> menu.o(.data)
</UL>
<P><STRONG><a name="[12]"></a>lcd_menu_sixteen</STRONG> (Thumb, 172 bytes, Stack size 16 bytes, menu.o(.text))
<BR><BR>[Stack]<UL><LI>Max Depth = 156<LI>Call Chain = lcd_menu_sixteen &rArr; kp_menucur &rArr; lcd_wrstring &rArr; lcd_wru8 &rArr; write_reg &rArr; write_com &rArr; check_sta01
</UL>
<BR>[Calls]<UL><LI><a href="#[aa]">&gt;&gt;</a>&nbsp;&nbsp;&nbsp;lcd_lastline
<LI><a href="#[a9]">&gt;&gt;</a>&nbsp;&nbsp;&nbsp;kp_menucur
<LI><a href="#[5f]">&gt;&gt;</a>&nbsp;&nbsp;&nbsp;lcd_wrstring
<LI><a href="#[ad]">&gt;&gt;</a>&nbsp;&nbsp;&nbsp;strncpy
</UL>
<BR>[Address Reference Count : 1]<UL><LI> menu.o(.data)
</UL>
<P><STRONG><a name="[11d]"></a>menu_set_program</STRONG> (Thumb, 2 bytes, Stack size 0 bytes, menu.o(.text), UNUSED)

<P><STRONG><a name="[11e]"></a>menu_save_data</STRONG> (Thumb, 2 bytes, Stack size 0 bytes, menu.o(.text), UNUSED)

<P><STRONG><a name="[ac]"></a>ClearDisBuff</STRONG> (Thumb, 22 bytes, Stack size 0 bytes, menu_sub.o(.text))
<BR><BR>[Called By]<UL><LI><a href="#[10]">&gt;&gt;</a>&nbsp;&nbsp;&nbsp;lcd_menu_fourteen
<LI><a href="#[e]">&gt;&gt;</a>&nbsp;&nbsp;&nbsp;lcd_menu_twelve
<LI><a href="#[d]">&gt;&gt;</a>&nbsp;&nbsp;&nbsp;lcd_menu_eleven
<LI><a href="#[c]">&gt;&gt;</a>&nbsp;&nbsp;&nbsp;lcd_menu_ten
<LI><a href="#[b]">&gt;&gt;</a>&nbsp;&nbsp;&nbsp;lcd_menu_nine
<LI><a href="#[8]">&gt;&gt;</a>&nbsp;&nbsp;&nbsp;lcd_menu_six
<LI><a href="#[7]">&gt;&gt;</a>&nbsp;&nbsp;&nbsp;lcd_menu_five
<LI><a href="#[6]">&gt;&gt;</a>&nbsp;&nbsp;&nbsp;lcd_menu_four
<LI><a href="#[5]">&gt;&gt;</a>&nbsp;&nbsp;&nbsp;lcd_menu_three
<LI><a href="#[4]">&gt;&gt;</a>&nbsp;&nbsp;&nbsp;lcd_menu_two
<LI><a href="#[ab]">&gt;&gt;</a>&nbsp;&nbsp;&nbsp;main_set_menu
</UL>

<P><STRONG><a name="[ba]"></a>Menu_SoftwareVersion</STRONG> (Thumb, 90 bytes, Stack size 8 bytes, menu_sub.o(.text), UNUSED)
<BR><BR>[Calls]<UL><LI><a href="#[b9]">&gt;&gt;</a>&nbsp;&nbsp;&nbsp;sendtobuff_n
<LI><a href="#[82]">&gt;&gt;</a>&nbsp;&nbsp;&nbsp;AT24CXX_ReadOneByte
<LI><a href="#[62]">&gt;&gt;</a>&nbsp;&nbsp;&nbsp;sendtobuff
<LI><a href="#[bb]">&gt;&gt;</a>&nbsp;&nbsp;&nbsp;hex_to_asc
</UL>

<P><STRONG><a name="[11f]"></a>Menu_FaultRecord</STRONG> (Thumb, 2 bytes, Stack size 0 bytes, menu_sub.o(.text), UNUSED)

<P><STRONG><a name="[bc]"></a>M_999</STRONG> (Thumb, 206 bytes, Stack size 16 bytes, menu_sub.o(.text), UNUSED)
<BR><BR>[Calls]<UL><LI><a href="#[62]">&gt;&gt;</a>&nbsp;&nbsp;&nbsp;sendtobuff
<LI><a href="#[bb]">&gt;&gt;</a>&nbsp;&nbsp;&nbsp;hex_to_asc
</UL>

<P><STRONG><a name="[bd]"></a>M_11</STRONG> (Thumb, 272 bytes, Stack size 80 bytes, menu_sub.o(.text), UNUSED)
<BR><BR>[Calls]<UL><LI><a href="#[62]">&gt;&gt;</a>&nbsp;&nbsp;&nbsp;sendtobuff
<LI><a href="#[5f]">&gt;&gt;</a>&nbsp;&nbsp;&nbsp;lcd_wrstring
<LI><a href="#[bb]">&gt;&gt;</a>&nbsp;&nbsp;&nbsp;hex_to_asc
</UL>

<P><STRONG><a name="[be]"></a>M_12</STRONG> (Thumb, 110 bytes, Stack size 8 bytes, menu_sub.o(.text), UNUSED)
<BR><BR>[Calls]<UL><LI><a href="#[b9]">&gt;&gt;</a>&nbsp;&nbsp;&nbsp;sendtobuff_n
<LI><a href="#[bb]">&gt;&gt;</a>&nbsp;&nbsp;&nbsp;hex_to_asc
</UL>

<P><STRONG><a name="[120]"></a>M_13</STRONG> (Thumb, 2 bytes, Stack size 0 bytes, menu_sub.o(.text), UNUSED)

<P><STRONG><a name="[bf]"></a>M_14</STRONG> (Thumb, 144 bytes, Stack size 8 bytes, menu_sub.o(.text), UNUSED)
<BR><BR>[Calls]<UL><LI><a href="#[62]">&gt;&gt;</a>&nbsp;&nbsp;&nbsp;sendtobuff
<LI><a href="#[bb]">&gt;&gt;</a>&nbsp;&nbsp;&nbsp;hex_to_asc
</UL>

<P><STRONG><a name="[c0]"></a>M_15</STRONG> (Thumb, 354 bytes, Stack size 40 bytes, menu_sub.o(.text), UNUSED)
<BR><BR>[Calls]<UL><LI><a href="#[b9]">&gt;&gt;</a>&nbsp;&nbsp;&nbsp;sendtobuff_n
<LI><a href="#[62]">&gt;&gt;</a>&nbsp;&nbsp;&nbsp;sendtobuff
<LI><a href="#[5f]">&gt;&gt;</a>&nbsp;&nbsp;&nbsp;lcd_wrstring
<LI><a href="#[c1]">&gt;&gt;</a>&nbsp;&nbsp;&nbsp;__aeabi_memcpy4
<LI><a href="#[bb]">&gt;&gt;</a>&nbsp;&nbsp;&nbsp;hex_to_asc
</UL>

<P><STRONG><a name="[c2]"></a>M_16</STRONG> (Thumb, 54 bytes, Stack size 16 bytes, menu_sub.o(.text), UNUSED)
<BR><BR>[Calls]<UL><LI><a href="#[62]">&gt;&gt;</a>&nbsp;&nbsp;&nbsp;sendtobuff
<LI><a href="#[bb]">&gt;&gt;</a>&nbsp;&nbsp;&nbsp;hex_to_asc
</UL>

<P><STRONG><a name="[121]"></a>Menu_SetCalendar</STRONG> (Thumb, 2 bytes, Stack size 0 bytes, menu_sub.o(.text), UNUSED)

<P><STRONG><a name="[122]"></a>Menu_UserPrPro</STRONG> (Thumb, 2 bytes, Stack size 0 bytes, menu_sub.o(.text), UNUSED)

<P><STRONG><a name="[123]"></a>Menu_UserPrDis</STRONG> (Thumb, 2 bytes, Stack size 0 bytes, menu_sub.o(.text), UNUSED)

<P><STRONG><a name="[124]"></a>Menu_FactoryPrPro</STRONG> (Thumb, 2 bytes, Stack size 0 bytes, menu_sub.o(.text), UNUSED)

<P><STRONG><a name="[125]"></a>Menu_DebugPrPro</STRONG> (Thumb, 2 bytes, Stack size 0 bytes, menu_sub.o(.text), UNUSED)

<P><STRONG><a name="[126]"></a>Menu_FaultRecordPro</STRONG> (Thumb, 2 bytes, Stack size 0 bytes, menu_sub.o(.text), UNUSED)

<P><STRONG><a name="[127]"></a>Menu_UserPasswordPro</STRONG> (Thumb, 2 bytes, Stack size 0 bytes, menu_sub.o(.text), UNUSED)

<P><STRONG><a name="[128]"></a>Password_Check</STRONG> (Thumb, 2 bytes, Stack size 0 bytes, menu_sub.o(.text), UNUSED)

<P><STRONG><a name="[129]"></a>Password_Set</STRONG> (Thumb, 2 bytes, Stack size 0 bytes, menu_sub.o(.text), UNUSED)

<P><STRONG><a name="[12a]"></a>Password_Show</STRONG> (Thumb, 2 bytes, Stack size 0 bytes, menu_sub.o(.text), UNUSED)

<P><STRONG><a name="[6e]"></a>KeyScan</STRONG> (Thumb, 424 bytes, Stack size 16 bytes, key.o(.text))
<BR><BR>[Stack]<UL><LI>Max Depth = 16<LI>Call Chain = KeyScan
</UL>
<BR>[Called By]<UL><LI><a href="#[3a]">&gt;&gt;</a>&nbsp;&nbsp;&nbsp;TIM3_IRQHandler
</UL>

<P><STRONG><a name="[7a]"></a>crc16</STRONG> (Thumb, 48 bytes, Stack size 16 bytes, crc.o(.text), UNUSED)
<BR><BR>[Called By]<UL><LI><a href="#[7d]">&gt;&gt;</a>&nbsp;&nbsp;&nbsp;modbus_dataUnpack_host
<LI><a href="#[7c]">&gt;&gt;</a>&nbsp;&nbsp;&nbsp;usart_WriteMultipleRegister
<LI><a href="#[7b]">&gt;&gt;</a>&nbsp;&nbsp;&nbsp;usart_WriteRegister
<LI><a href="#[79]">&gt;&gt;</a>&nbsp;&nbsp;&nbsp;usart_ReadRegister
</UL>

<P><STRONG><a name="[c4]"></a>wait</STRONG> (Thumb, 12 bytes, Stack size 0 bytes, lcd_display.o(.text))
<BR><BR>[Called By]<UL><LI><a href="#[c5]">&gt;&gt;</a>&nbsp;&nbsp;&nbsp;check_sta3
<LI><a href="#[c3]">&gt;&gt;</a>&nbsp;&nbsp;&nbsp;check_sta01
</UL>

<P><STRONG><a name="[c3]"></a>check_sta01</STRONG> (Thumb, 80 bytes, Stack size 4 bytes, lcd_display.o(.text))
<BR><BR>[Stack]<UL><LI>Max Depth = 4<LI>Call Chain = check_sta01
</UL>
<BR>[Calls]<UL><LI><a href="#[c4]">&gt;&gt;</a>&nbsp;&nbsp;&nbsp;wait
</UL>
<BR>[Called By]<UL><LI><a href="#[c7]">&gt;&gt;</a>&nbsp;&nbsp;&nbsp;write_com
<LI><a href="#[c6]">&gt;&gt;</a>&nbsp;&nbsp;&nbsp;write_data
</UL>

<P><STRONG><a name="[c5]"></a>check_sta3</STRONG> (Thumb, 80 bytes, Stack size 4 bytes, lcd_display.o(.text), UNUSED)
<BR><BR>[Calls]<UL><LI><a href="#[c4]">&gt;&gt;</a>&nbsp;&nbsp;&nbsp;wait
</UL>

<P><STRONG><a name="[c6]"></a>write_data</STRONG> (Thumb, 68 bytes, Stack size 12 bytes, lcd_display.o(.text))
<BR><BR>[Stack]<UL><LI>Max Depth = 16<LI>Call Chain = write_data &rArr; check_sta01
</UL>
<BR>[Calls]<UL><LI><a href="#[c3]">&gt;&gt;</a>&nbsp;&nbsp;&nbsp;check_sta01
</UL>
<BR>[Called By]<UL><LI><a href="#[ce]">&gt;&gt;</a>&nbsp;&nbsp;&nbsp;lcd_drawpane
<LI><a href="#[cd]">&gt;&gt;</a>&nbsp;&nbsp;&nbsp;lcd_wrpicture
<LI><a href="#[cb]">&gt;&gt;</a>&nbsp;&nbsp;&nbsp;lcd_wru8
<LI><a href="#[c9]">&gt;&gt;</a>&nbsp;&nbsp;&nbsp;lcd_wru16
<LI><a href="#[c8]">&gt;&gt;</a>&nbsp;&nbsp;&nbsp;write_reg
</UL>

<P><STRONG><a name="[c7]"></a>write_com</STRONG> (Thumb, 68 bytes, Stack size 12 bytes, lcd_display.o(.text))
<BR><BR>[Stack]<UL><LI>Max Depth = 16<LI>Call Chain = write_com &rArr; check_sta01
</UL>
<BR>[Calls]<UL><LI><a href="#[c3]">&gt;&gt;</a>&nbsp;&nbsp;&nbsp;check_sta01
</UL>
<BR>[Called By]<UL><LI><a href="#[5e]">&gt;&gt;</a>&nbsp;&nbsp;&nbsp;init_sap1024
<LI><a href="#[ce]">&gt;&gt;</a>&nbsp;&nbsp;&nbsp;lcd_drawpane
<LI><a href="#[cd]">&gt;&gt;</a>&nbsp;&nbsp;&nbsp;lcd_wrpicture
<LI><a href="#[cb]">&gt;&gt;</a>&nbsp;&nbsp;&nbsp;lcd_wru8
<LI><a href="#[c9]">&gt;&gt;</a>&nbsp;&nbsp;&nbsp;lcd_wru16
<LI><a href="#[c8]">&gt;&gt;</a>&nbsp;&nbsp;&nbsp;write_reg
</UL>

<P><STRONG><a name="[c8]"></a>write_reg</STRONG> (Thumb, 28 bytes, Stack size 16 bytes, lcd_display.o(.text))
<BR><BR>[Stack]<UL><LI>Max Depth = 32<LI>Call Chain = write_reg &rArr; write_com &rArr; check_sta01
</UL>
<BR>[Calls]<UL><LI><a href="#[c7]">&gt;&gt;</a>&nbsp;&nbsp;&nbsp;write_com
<LI><a href="#[c6]">&gt;&gt;</a>&nbsp;&nbsp;&nbsp;write_data
</UL>
<BR>[Called By]<UL><LI><a href="#[5e]">&gt;&gt;</a>&nbsp;&nbsp;&nbsp;init_sap1024
<LI><a href="#[ce]">&gt;&gt;</a>&nbsp;&nbsp;&nbsp;lcd_drawpane
<LI><a href="#[cd]">&gt;&gt;</a>&nbsp;&nbsp;&nbsp;lcd_wrpicture
<LI><a href="#[cb]">&gt;&gt;</a>&nbsp;&nbsp;&nbsp;lcd_wru8
<LI><a href="#[c9]">&gt;&gt;</a>&nbsp;&nbsp;&nbsp;lcd_wru16
</UL>

<P><STRONG><a name="[5d]"></a>init_LCD</STRONG> (Thumb, 52 bytes, Stack size 8 bytes, lcd_display.o(.text))
<BR><BR>[Stack]<UL><LI>Max Depth = 8<LI>Call Chain = init_LCD
</UL>
<BR>[Calls]<UL><LI><a href="#[8e]">&gt;&gt;</a>&nbsp;&nbsp;&nbsp;delay_ms
</UL>
<BR>[Called By]<UL><LI><a href="#[55]">&gt;&gt;</a>&nbsp;&nbsp;&nbsp;main
</UL>

<P><STRONG><a name="[5e]"></a>init_sap1024</STRONG> (Thumb, 76 bytes, Stack size 4 bytes, lcd_display.o(.text))
<BR><BR>[Stack]<UL><LI>Max Depth = 36<LI>Call Chain = init_sap1024 &rArr; write_reg &rArr; write_com &rArr; check_sta01
</UL>
<BR>[Calls]<UL><LI><a href="#[c8]">&gt;&gt;</a>&nbsp;&nbsp;&nbsp;write_reg
<LI><a href="#[c7]">&gt;&gt;</a>&nbsp;&nbsp;&nbsp;write_com
</UL>
<BR>[Called By]<UL><LI><a href="#[55]">&gt;&gt;</a>&nbsp;&nbsp;&nbsp;main
</UL>

<P><STRONG><a name="[ca]"></a>lcd_WordSearch</STRONG> (Thumb, 50 bytes, Stack size 8 bytes, lcd_display.o(.text))
<BR><BR>[Stack]<UL><LI>Max Depth = 8<LI>Call Chain = lcd_WordSearch
</UL>
<BR>[Called By]<UL><LI><a href="#[c9]">&gt;&gt;</a>&nbsp;&nbsp;&nbsp;lcd_wru16
</UL>

<P><STRONG><a name="[cc]"></a>lcd_ByteSearch</STRONG> (Thumb, 42 bytes, Stack size 8 bytes, lcd_display.o(.text))
<BR><BR>[Stack]<UL><LI>Max Depth = 8<LI>Call Chain = lcd_ByteSearch
</UL>
<BR>[Called By]<UL><LI><a href="#[cb]">&gt;&gt;</a>&nbsp;&nbsp;&nbsp;lcd_wru8
</UL>

<P><STRONG><a name="[c9]"></a>lcd_wru16</STRONG> (Thumb, 254 bytes, Stack size 60 bytes, lcd_display.o(.text))
<BR><BR>[Stack]<UL><LI>Max Depth = 92<LI>Call Chain = lcd_wru16 &rArr; write_reg &rArr; write_com &rArr; check_sta01
</UL>
<BR>[Calls]<UL><LI><a href="#[ca]">&gt;&gt;</a>&nbsp;&nbsp;&nbsp;lcd_WordSearch
<LI><a href="#[c8]">&gt;&gt;</a>&nbsp;&nbsp;&nbsp;write_reg
<LI><a href="#[c7]">&gt;&gt;</a>&nbsp;&nbsp;&nbsp;write_com
<LI><a href="#[c6]">&gt;&gt;</a>&nbsp;&nbsp;&nbsp;write_data
</UL>
<BR>[Called By]<UL><LI><a href="#[af]">&gt;&gt;</a>&nbsp;&nbsp;&nbsp;lcd_wrstring_num
<LI><a href="#[5f]">&gt;&gt;</a>&nbsp;&nbsp;&nbsp;lcd_wrstring
</UL>

<P><STRONG><a name="[cb]"></a>lcd_wru8</STRONG> (Thumb, 156 bytes, Stack size 60 bytes, lcd_display.o(.text))
<BR><BR>[Stack]<UL><LI>Max Depth = 92<LI>Call Chain = lcd_wru8 &rArr; write_reg &rArr; write_com &rArr; check_sta01
</UL>
<BR>[Calls]<UL><LI><a href="#[cc]">&gt;&gt;</a>&nbsp;&nbsp;&nbsp;lcd_ByteSearch
<LI><a href="#[c8]">&gt;&gt;</a>&nbsp;&nbsp;&nbsp;write_reg
<LI><a href="#[c7]">&gt;&gt;</a>&nbsp;&nbsp;&nbsp;write_com
<LI><a href="#[c6]">&gt;&gt;</a>&nbsp;&nbsp;&nbsp;write_data
</UL>
<BR>[Called By]<UL><LI><a href="#[af]">&gt;&gt;</a>&nbsp;&nbsp;&nbsp;lcd_wrstring_num
<LI><a href="#[5f]">&gt;&gt;</a>&nbsp;&nbsp;&nbsp;lcd_wrstring
</UL>

<P><STRONG><a name="[5f]"></a>lcd_wrstring</STRONG> (Thumb, 120 bytes, Stack size 24 bytes, lcd_display.o(.text))
<BR><BR>[Stack]<UL><LI>Max Depth = 116<LI>Call Chain = lcd_wrstring &rArr; lcd_wru8 &rArr; write_reg &rArr; write_com &rArr; check_sta01
</UL>
<BR>[Calls]<UL><LI><a href="#[cb]">&gt;&gt;</a>&nbsp;&nbsp;&nbsp;lcd_wru8
<LI><a href="#[c9]">&gt;&gt;</a>&nbsp;&nbsp;&nbsp;lcd_wru16
</UL>
<BR>[Called By]<UL><LI><a href="#[bd]">&gt;&gt;</a>&nbsp;&nbsp;&nbsp;M_11
<LI><a href="#[12]">&gt;&gt;</a>&nbsp;&nbsp;&nbsp;lcd_menu_sixteen
<LI><a href="#[11]">&gt;&gt;</a>&nbsp;&nbsp;&nbsp;lcd_menu_fifteen
<LI><a href="#[10]">&gt;&gt;</a>&nbsp;&nbsp;&nbsp;lcd_menu_fourteen
<LI><a href="#[f]">&gt;&gt;</a>&nbsp;&nbsp;&nbsp;lcd_menu_thirteen
<LI><a href="#[e]">&gt;&gt;</a>&nbsp;&nbsp;&nbsp;lcd_menu_twelve
<LI><a href="#[d]">&gt;&gt;</a>&nbsp;&nbsp;&nbsp;lcd_menu_eleven
<LI><a href="#[c]">&gt;&gt;</a>&nbsp;&nbsp;&nbsp;lcd_menu_ten
<LI><a href="#[b]">&gt;&gt;</a>&nbsp;&nbsp;&nbsp;lcd_menu_nine
<LI><a href="#[a]">&gt;&gt;</a>&nbsp;&nbsp;&nbsp;lcd_menu_eight
<LI><a href="#[9]">&gt;&gt;</a>&nbsp;&nbsp;&nbsp;lcd_menu_seven
<LI><a href="#[8]">&gt;&gt;</a>&nbsp;&nbsp;&nbsp;lcd_menu_six
<LI><a href="#[7]">&gt;&gt;</a>&nbsp;&nbsp;&nbsp;lcd_menu_five
<LI><a href="#[6]">&gt;&gt;</a>&nbsp;&nbsp;&nbsp;lcd_menu_four
<LI><a href="#[5]">&gt;&gt;</a>&nbsp;&nbsp;&nbsp;lcd_menu_three
<LI><a href="#[4]">&gt;&gt;</a>&nbsp;&nbsp;&nbsp;lcd_menu_two
<LI><a href="#[3]">&gt;&gt;</a>&nbsp;&nbsp;&nbsp;lcd_menu_one
<LI><a href="#[b3]">&gt;&gt;</a>&nbsp;&nbsp;&nbsp;lcd_mainmenu
<LI><a href="#[b0]">&gt;&gt;</a>&nbsp;&nbsp;&nbsp;menu_first_page
<LI><a href="#[ae]">&gt;&gt;</a>&nbsp;&nbsp;&nbsp;menu_second_page
<LI><a href="#[ab]">&gt;&gt;</a>&nbsp;&nbsp;&nbsp;main_set_menu
<LI><a href="#[aa]">&gt;&gt;</a>&nbsp;&nbsp;&nbsp;lcd_lastline
<LI><a href="#[a9]">&gt;&gt;</a>&nbsp;&nbsp;&nbsp;kp_menucur
<LI><a href="#[61]">&gt;&gt;</a>&nbsp;&nbsp;&nbsp;SysPrInit
<LI><a href="#[55]">&gt;&gt;</a>&nbsp;&nbsp;&nbsp;main
<LI><a href="#[c0]">&gt;&gt;</a>&nbsp;&nbsp;&nbsp;M_15
</UL>

<P><STRONG><a name="[cd]"></a>lcd_wrpicture</STRONG> (Thumb, 132 bytes, Stack size 44 bytes, lcd_display.o(.text), UNUSED)
<BR><BR>[Calls]<UL><LI><a href="#[c8]">&gt;&gt;</a>&nbsp;&nbsp;&nbsp;write_reg
<LI><a href="#[c7]">&gt;&gt;</a>&nbsp;&nbsp;&nbsp;write_com
<LI><a href="#[c6]">&gt;&gt;</a>&nbsp;&nbsp;&nbsp;write_data
</UL>

<P><STRONG><a name="[ce]"></a>lcd_drawpane</STRONG> (Thumb, 110 bytes, Stack size 44 bytes, lcd_display.o(.text), UNUSED)
<BR><BR>[Calls]<UL><LI><a href="#[c8]">&gt;&gt;</a>&nbsp;&nbsp;&nbsp;write_reg
<LI><a href="#[c7]">&gt;&gt;</a>&nbsp;&nbsp;&nbsp;write_com
<LI><a href="#[c6]">&gt;&gt;</a>&nbsp;&nbsp;&nbsp;write_data
</UL>

<P><STRONG><a name="[cf]"></a>hex_to_asc_b</STRONG> (Thumb, 42 bytes, Stack size 16 bytes, lcd_display.o(.text), UNUSED)
<BR><BR>[Called By]<UL><LI><a href="#[bb]">&gt;&gt;</a>&nbsp;&nbsp;&nbsp;hex_to_asc
</UL>

<P><STRONG><a name="[bb]"></a>hex_to_asc</STRONG> (Thumb, 104 bytes, Stack size 28 bytes, lcd_display.o(.text), UNUSED)
<BR><BR>[Calls]<UL><LI><a href="#[cf]">&gt;&gt;</a>&nbsp;&nbsp;&nbsp;hex_to_asc_b
</UL>
<BR>[Called By]<UL><LI><a href="#[be]">&gt;&gt;</a>&nbsp;&nbsp;&nbsp;M_12
<LI><a href="#[bd]">&gt;&gt;</a>&nbsp;&nbsp;&nbsp;M_11
<LI><a href="#[bc]">&gt;&gt;</a>&nbsp;&nbsp;&nbsp;M_999
<LI><a href="#[ba]">&gt;&gt;</a>&nbsp;&nbsp;&nbsp;Menu_SoftwareVersion
<LI><a href="#[c2]">&gt;&gt;</a>&nbsp;&nbsp;&nbsp;M_16
<LI><a href="#[c0]">&gt;&gt;</a>&nbsp;&nbsp;&nbsp;M_15
<LI><a href="#[bf]">&gt;&gt;</a>&nbsp;&nbsp;&nbsp;M_14
</UL>

<P><STRONG><a name="[af]"></a>lcd_wrstring_num</STRONG> (Thumb, 114 bytes, Stack size 32 bytes, lcd_display.o(.text))
<BR><BR>[Stack]<UL><LI>Max Depth = 124<LI>Call Chain = lcd_wrstring_num &rArr; lcd_wru8 &rArr; write_reg &rArr; write_com &rArr; check_sta01
</UL>
<BR>[Calls]<UL><LI><a href="#[cb]">&gt;&gt;</a>&nbsp;&nbsp;&nbsp;lcd_wru8
<LI><a href="#[c9]">&gt;&gt;</a>&nbsp;&nbsp;&nbsp;lcd_wru16
</UL>
<BR>[Called By]<UL><LI><a href="#[8]">&gt;&gt;</a>&nbsp;&nbsp;&nbsp;lcd_menu_six
<LI><a href="#[5]">&gt;&gt;</a>&nbsp;&nbsp;&nbsp;lcd_menu_three
<LI><a href="#[3]">&gt;&gt;</a>&nbsp;&nbsp;&nbsp;lcd_menu_one
<LI><a href="#[b3]">&gt;&gt;</a>&nbsp;&nbsp;&nbsp;lcd_mainmenu
<LI><a href="#[ae]">&gt;&gt;</a>&nbsp;&nbsp;&nbsp;menu_second_page
</UL>

<P><STRONG><a name="[12b]"></a>NVIC_PriorityGroupConfig</STRONG> (Thumb, 10 bytes, Stack size 0 bytes, misc.o(.text), UNUSED)

<P><STRONG><a name="[67]"></a>NVIC_Init</STRONG> (Thumb, 100 bytes, Stack size 16 bytes, misc.o(.text))
<BR><BR>[Stack]<UL><LI>Max Depth = 16<LI>Call Chain = NVIC_Init
</UL>
<BR>[Called By]<UL><LI><a href="#[95]">&gt;&gt;</a>&nbsp;&nbsp;&nbsp;RTC_NVIC_Config
<LI><a href="#[6f]">&gt;&gt;</a>&nbsp;&nbsp;&nbsp;usart_config
<LI><a href="#[64]">&gt;&gt;</a>&nbsp;&nbsp;&nbsp;NVIC_Configuration
</UL>

<P><STRONG><a name="[12c]"></a>NVIC_SetVectorTable</STRONG> (Thumb, 14 bytes, Stack size 0 bytes, misc.o(.text), UNUSED)

<P><STRONG><a name="[12d]"></a>NVIC_SystemLPConfig</STRONG> (Thumb, 34 bytes, Stack size 0 bytes, misc.o(.text), UNUSED)

<P><STRONG><a name="[94]"></a>SysTick_CLKSourceConfig</STRONG> (Thumb, 40 bytes, Stack size 0 bytes, misc.o(.text))
<BR><BR>[Called By]<UL><LI><a href="#[5b]">&gt;&gt;</a>&nbsp;&nbsp;&nbsp;delay_init
</UL>

<P><STRONG><a name="[12e]"></a>RCC_DeInit</STRONG> (Thumb, 64 bytes, Stack size 0 bytes, stm32f10x_rcc.o(.text), UNUSED)

<P><STRONG><a name="[12f]"></a>RCC_HSEConfig</STRONG> (Thumb, 70 bytes, Stack size 0 bytes, stm32f10x_rcc.o(.text), UNUSED)

<P><STRONG><a name="[a1]"></a>RCC_GetFlagStatus</STRONG> (Thumb, 56 bytes, Stack size 8 bytes, stm32f10x_rcc.o(.text), UNUSED)
<BR><BR>[Called By]<UL><LI><a href="#[9d]">&gt;&gt;</a>&nbsp;&nbsp;&nbsp;RTC_Init
<LI><a href="#[d0]">&gt;&gt;</a>&nbsp;&nbsp;&nbsp;RCC_WaitForHSEStartUp
</UL>

<P><STRONG><a name="[d0]"></a>RCC_WaitForHSEStartUp</STRONG> (Thumb, 56 bytes, Stack size 16 bytes, stm32f10x_rcc.o(.text), UNUSED)
<BR><BR>[Calls]<UL><LI><a href="#[a1]">&gt;&gt;</a>&nbsp;&nbsp;&nbsp;RCC_GetFlagStatus
</UL>

<P><STRONG><a name="[130]"></a>RCC_AdjustHSICalibrationValue</STRONG> (Thumb, 20 bytes, Stack size 0 bytes, stm32f10x_rcc.o(.text), UNUSED)

<P><STRONG><a name="[131]"></a>RCC_HSICmd</STRONG> (Thumb, 6 bytes, Stack size 0 bytes, stm32f10x_rcc.o(.text), UNUSED)

<P><STRONG><a name="[132]"></a>RCC_PLLConfig</STRONG> (Thumb, 24 bytes, Stack size 0 bytes, stm32f10x_rcc.o(.text), UNUSED)

[...]

<P><STRONG><a name="[1b8]"></a>GPIO_SetBits</STRONG> (Thumb, 4 bytes, Stack size 0 bytes, stm32f10x_gpio.o(.text), UNUSED)

<P><STRONG><a name="[1b9]"></a>GPIO_ResetBits</STRONG> (Thumb, 4 bytes, Stack size 0 bytes, stm32f10x_gpio.o(.text), UNUSED)

<P><STRONG><a name="[1ba]"></a>GPIO_WriteBit</STRONG> (Thumb, 10 bytes, Stack size 0 bytes, stm32f10x_gpio.o(.text), UNUSED)

<P><STRONG><a name="[1bb]"></a>GPIO_Write</STRONG> (Thumb, 4 bytes, Stack size 0 bytes, stm32f10x_gpio.o(.text), UNUSED)

<P><STRONG><a name="[1bc]"></a>GPIO_PinLockConfig</STRONG> (Thumb, 18 bytes, Stack size 0 bytes, stm32f10x_gpio.o(.text), UNUSED)

<P><STRONG><a name="[1bd]"></a>GPIO_EventOutputConfig</STRONG> (Thumb, 26 bytes, Stack size 0 bytes, stm32f10x_gpio.o(.text), UNUSED)

<P><STRONG><a name="[1be]"></a>GPIO_EventOutputCmd</STRONG> (Thumb, 6 bytes, Stack size 0 bytes, stm32f10x_gpio.o(.text), UNUSED)

<P><STRONG><a name="[1bf]"></a>GPIO_PinRemapConfig</STRONG> (Thumb, 138 bytes, Stack size 20 bytes, stm32f10x_gpio.o(.text), UNUSED)

<P><STRONG><a name="[1c0]"></a>GPIO_EXTILineConfig</STRONG> (Thumb, 66 bytes, Stack size 12 bytes, stm32f10x_gpio.o(.text), UNUSED)

<P><STRONG><a name="[1c1]"></a>GPIO_ETH_MediaInterfaceConfig</STRONG> (Thumb, 8 bytes, Stack size 0 bytes, stm32f10x_gpio.o(.text), UNUSED)

<P><STRONG><a name="[4a]"></a>Reset_Handler</STRONG> (Thumb, 8 bytes, Stack size 0 bytes, startup_stm32f10x_md.o(.text))

<P><STRONG><a name="[2f]"></a>ADC1_2_IRQHandler</STRONG> (Thumb, 0 bytes, Stack size 0 bytes, startup_stm32f10x_md.o(.text))
<BR><BR>[Calls]<UL><LI><a href="#[2f]">&gt;&gt;</a>&nbsp;&nbsp;&nbsp;ADC1_2_IRQHandler
</UL>
<BR>[Called By]<UL><LI><a href="#[2f]">&gt;&gt;</a>&nbsp;&nbsp;&nbsp;ADC1_2_IRQHandler
</UL>
<BR>[Address Reference Count : 1]<UL><LI> startup_stm32f10x_md.o(RESET)
</UL>
<P><STRONG><a name="[32]"></a>CAN1_RX1_IRQHandler</STRONG> (Thumb, 0 bytes, Stack size 0 bytes, startup_stm32f10x_md.o(.text))
<BR>[Address Reference Count : 1]<UL><LI> startup_stm32f10x_md.o(RESET)
</UL>
<P><STRONG><a name="[33]"></a>CAN1_SCE_IRQHandler</STRONG> (Thumb, 0 bytes, Stack size 0 bytes, startup_stm32f10x_md.o(.text))
<BR>[Address Reference Count : 1]<UL><LI> startup_stm32f10x_md.o(RESET)
</UL>
<P><STRONG><a name="[28]"></a>DMA1_Channel1_IRQHandler</STRONG> (Thumb, 0 bytes, Stack size 0 bytes, startup_stm32f10x_md.o(.text))
<BR>[Address Reference Count : 1]<UL><LI> startup_stm32f10x_md.o(RESET)
</UL>
<P><STRONG><a name="[29]"></a>DMA1_Channel2_IRQHandler</STRONG> (Thumb, 0 bytes, Stack size 0 bytes, startup_stm32f10x_md.o(.text))
<BR>[Address Reference Count : 1]<UL><LI> startup_stm32f10x_md.o(RESET)
</UL>
<P><STRONG><a name="[2a]"></a>DMA1_Channel3_IRQHandler</STRONG> (Thumb, 0 bytes, Stack size 0 bytes, startup_stm32f10x_md.o(.text))
<BR>[Address Reference Count : 1]<UL><LI> startup_stm32f10x_md.o(RESET)
</UL>
<P><STRONG><a name="[2b]"></a>DMA1_Channel4_IRQHandler</STRONG> (Thumb, 0 bytes, Stack size 0 bytes, startup_stm32f10x_md.o(.text))
<BR>[Address Reference Count : 1]<UL><LI> startup_stm32f10x_md.o(RESET)
</UL>
<P><STRONG><a name="[2c]"></a>DMA1_Channel5_IRQHandler</STRONG> (Thumb, 0 bytes, Stack size 0 bytes, startup_stm32f10x_md.o(.text))
<BR>[Address Reference Count : 1]<UL><LI> startup_stm32f10x_md.o(RESET)
</UL>
<P><STRONG><a name="[2d]"></a>DMA1_Channel6_IRQHandler</STRONG> (Thumb, 0 bytes, Stack size 0 bytes, startup_stm32f10x_md.o(.text))
<BR>[Address Reference Count : 1]<UL><LI> startup_stm32f10x_md.o(RESET)
</UL>
<P><STRONG><a name="[2e]"></a>DMA1_Channel7_IRQHandler</STRONG> (Thumb, 0 bytes, Stack size 0 bytes, startup_stm32f10x_md.o(.text))
<BR>[Address Reference Count : 1]<UL><LI> startup_stm32f10x_md.o(RESET)
</UL>
<P><STRONG><a name="[23]"></a>EXTI0_IRQHandler</STRONG> (Thumb, 0 bytes, Stack size 0 bytes, startup_stm32f10x_md.o(.text))
<BR>[Address Reference Count : 1]<UL><LI> startup_stm32f10x_md.o(RESET)
</UL>
<P><STRONG><a name="[45]"></a>EXTI15_10_IRQHandler</STRONG> (Thumb, 0 bytes, Stack size 0 bytes, startup_stm32f10x_md.o(.text))
<BR>[Address Reference Count : 1]<UL><LI> startup_stm32f10x_md.o(RESET)
</UL>
<P><STRONG><a name="[24]"></a>EXTI1_IRQHandler</STRONG> (Thumb, 0 bytes, Stack size 0 bytes, startup_stm32f10x_md.o(.text))
<BR>[Address Reference Count : 1]<UL><LI> startup_stm32f10x_md.o(RESET)
</UL>
<P><STRONG><a name="[25]"></a>EXTI2_IRQHandler</STRONG> (Thumb, 0 bytes, Stack size 0 bytes, startup_stm32f10x_md.o(.text))
<BR>[Address Reference Count : 1]<UL><LI> startup_stm32f10x_md.o(RESET)
</UL>
<P><STRONG><a name="[26]"></a>EXTI3_IRQHandler</STRONG> (Thumb, 0 bytes, Stack size 0 bytes, startup_stm32f10x_md.o(.text))
<BR>[Address Reference Count : 1]<UL><LI> startup_stm32f10x_md.o(RESET)
</UL>
<P><STRONG><a name="[27]"></a>EXTI4_IRQHandler</STRONG> (Thumb, 0 bytes, Stack size 0 bytes, startup_stm32f10x_md.o(.text))
<BR>[Address Reference Count : 1]<UL><LI> startup_stm32f10x_md.o(RESET)
</UL>
<P><STRONG><a name="[34]"></a>EXTI9_5_IRQHandler</STRONG> (Thumb, 0 bytes, Stack size 0 bytes, startup_stm32f10x_md.o(.text))
<BR>[Address Reference Count : 1]<UL><LI> startup_stm32f10x_md.o(RESET)
</UL>
<P><STRONG><a name="[21]"></a>FLASH_IRQHandler</STRONG> (Thumb, 0 bytes, Stack size 0 bytes, startup_stm32f10x_md.o(.text))
<BR>[Address Reference Count : 1]<UL><LI> startup_stm32f10x_md.o(RESET)
</UL>
<P><STRONG><a name="[3d]"></a>I2C1_ER_IRQHandler</STRONG> (Thumb, 0 bytes, Stack size 0 bytes, startup_stm32f10x_md.o(.text))
<BR>[Address Reference Count : 1]<UL><LI> startup_stm32f10x_md.o(RESET)
</UL>
<P><STRONG><a name="[3c]"></a>I2C1_EV_IRQHandler</STRONG> (Thumb, 0 bytes, Stack size 0 bytes, startup_stm32f10x_md.o(.text))
<BR>[Address Reference Count : 1]<UL><LI> startup_stm32f10x_md.o(RESET)
</UL>
<P><STRONG><a name="[3f]"></a>I2C2_ER_IRQHandler</STRONG> (Thumb, 0 bytes, Stack size 0 bytes, startup_stm32f10x_md.o(.text))
<BR>[Address Reference Count : 1]<UL><LI> startup_stm32f10x_md.o(RESET)
</UL>
<P><STRONG><a name="[3e]"></a>I2C2_EV_IRQHandler</STRONG> (Thumb, 0 bytes, Stack size 0 bytes, startup_stm32f10x_md.o(.text))
<BR>[Address Reference Count : 1]<UL><LI> startup_stm32f10x_md.o(RESET)
</UL>
<P><STRONG><a name="[1e]"></a>PVD_IRQHandler</STRONG> (Thumb, 0 bytes, Stack size 0 bytes, startup_stm32f10x_md.o(.text))
<BR>[Address Reference Count : 1]<UL><LI> startup_stm32f10x_md.o(RESET)
</UL>
<P><STRONG><a name="[22]"></a>RCC_IRQHandler</STRONG> (Thumb, 0 bytes, Stack size 0 bytes, startup_stm32f10x_md.o(.text))
<BR>[Address Reference Count : 1]<UL><LI> startup_stm32f10x_md.o(RESET)
</UL>
<P><STRONG><a name="[46]"></a>RTCAlarm_IRQHandler</STRONG> (Thumb, 0 bytes, Stack size 0 bytes, startup_stm32f10x_md.o(.text))
<BR>[Address Reference Count : 1]<UL><LI> startup_stm32f10x_md.o(RESET)
</UL>
<P><STRONG><a name="[40]"></a>SPI1_IRQHandler</STRONG> (Thumb, 0 bytes, Stack size 0 bytes, startup_stm32f10x_md.o(.text))
<BR>[Address Reference Count : 1]<UL><LI> startup_stm32f10x_md.o(RESET)
</UL>
<P><STRONG><a name="[41]"></a>SPI2_IRQHandler</STRONG> (Thumb, 0 bytes, Stack size 0 bytes, startup_stm32f10x_md.o(.text))
<BR>[Address Reference Count : 1]<UL><LI> startup_stm32f10x_md.o(RESET)
</UL>
<P><STRONG><a name="[1f]"></a>TAMPER_IRQHandler</STRONG> (Thumb, 0 bytes, Stack size 0 bytes, startup_stm32f10x_md.o(.text))
<BR>[Address Reference Count : 1]<UL><LI> startup_stm32f10x_md.o(RESET)
</UL>
<P><STRONG><a name="[35]"></a>TIM1_BRK_IRQHandler</STRONG> (Thumb, 0 bytes, Stack size 0 bytes, startup_stm32f10x_md.o(.text))
<BR>[Address Reference Count : 1]<UL><LI> startup_stm32f10x_md.o(RESET)
</UL>
<P><STRONG><a name="[38]"></a>TIM1_CC_IRQHandler</STRONG> (Thumb, 0 bytes, Stack size 0 bytes, startup_stm32f10x_md.o(.text))
<BR>[Address Reference Count : 1]<UL><LI> startup_stm32f10x_md.o(RESET)
</UL>
<P><STRONG><a name="[37]"></a>TIM1_TRG_COM_IRQHandler</STRONG> (Thumb, 0 bytes, Stack size 0 bytes, startup_stm32f10x_md.o(.text))
<BR>[Address Reference Count : 1]<UL><LI> startup_stm32f10x_md.o(RESET)
</UL>
<P><STRONG><a name="[36]"></a>TIM1_UP_IRQHandler</STRONG> (Thumb, 0 bytes, Stack size 0 bytes, startup_stm32f10x_md.o(.text))
<BR>[Address Reference Count : 1]<UL><LI> startup_stm32f10x_md.o(RESET)
</UL>
<P><STRONG><a name="[39]"></a>TIM2_IRQHandler</STRONG> (Thumb, 0 bytes, Stack size 0 bytes, startup_stm32f10x_md.o(.text))
<BR>[Address Reference Count : 1]<UL><LI> startup_stm32f10x_md.o(RESET)
</UL>
<P><STRONG><a name="[3b]"></a>TIM4_IRQHandler</STRONG> (Thumb, 0 bytes, Stack size 0 bytes, startup_stm32f10x_md.o(.text))
<BR>[Address Reference Count : 1]<UL><LI> startup_stm32f10x_md.o(RESET)
</UL>
<P><STRONG><a name="[43]"></a>USART2_IRQHandler</STRONG> (Thumb, 0 bytes, Stack size 0 bytes, startup_stm32f10x_md.o(.text))
<BR>[Address Reference Count : 1]<UL><LI> startup_stm32f10x_md.o(RESET)
</UL>
<P><STRONG><a name="[44]"></a>USART3_IRQHandler</STRONG> (Thumb, 0 bytes, Stack size 0 bytes, startup_stm32f10x_md.o(.text))
<BR>[Address Reference Count : 1]<UL><LI> startup_stm32f10x_md.o(RESET)
</UL>
<P><STRONG><a name="[47]"></a>USBWakeUp_IRQHandler</STRONG> (Thumb, 0 bytes, Stack size 0 bytes, startup_stm32f10x_md.o(.text))
<BR>[Address Reference Count : 1]<UL><LI> startup_stm32f10x_md.o(RESET)
</UL>
<P><STRONG><a name="[30]"></a>USB_HP_CAN1_TX_IRQHandler</STRONG> (Thumb, 0 bytes, Stack size 0 bytes, startup_stm32f10x_md.o(.text))
<BR>[Address Reference Count : 1]<UL><LI> startup_stm32f10x_md.o(RESET)
</UL>
<P><STRONG><a name="[31]"></a>USB_LP_CAN1_RX0_IRQHandler</STRONG> (Thumb, 0 bytes, Stack size 0 bytes, startup_stm32f10x_md.o(.text))
<BR>[Address Reference Count : 1]<UL><LI> startup_stm32f10x_md.o(RESET)
</UL>
<P><STRONG><a name="[1d]"></a>WWDG_IRQHandler</STRONG> (Thumb, 0 bytes, Stack size 0 bytes, startup_stm32f10x_md.o(.text))
<BR>[Address Reference Count : 1]<UL><LI> startup_stm32f10x_md.o(RESET)
</UL>
<P><STRONG><a name="[4c]"></a>__user_initial_stackheap</STRONG> (Thumb, 0 bytes, Stack size unknown bytes, startup_stm32f10x_md.o(.text))
<BR><BR>[Called By]<UL><LI><a href="#[51]">&gt;&gt;</a>&nbsp;&nbsp;&nbsp;__user_setup_stackheap
</UL>

<P><STRONG><a name="[48]"></a>SystemInit</STRONG> (Thumb, 78 bytes, Stack size 8 bytes, system_stm32f10x.o(.text))
<BR><BR>[Stack]<UL><LI>Max Depth = 28<LI>Call Chain = SystemInit &rArr; SetSysClock &rArr; SetSysClockTo72
</UL>
<BR>[Calls]<UL><LI><a href="#[ed]">&gt;&gt;</a>&nbsp;&nbsp;&nbsp;SetSysClock
</UL>
<BR>[Called By]<UL><LI><a href="#[55]">&gt;&gt;</a>&nbsp;&nbsp;&nbsp;main
</UL>
<BR>[Address Reference Count : 1]<UL><LI> startup_stm32f10x_md.o(.text)
</UL>
<P><STRONG><a name="[1c2]"></a>SystemCoreClockUpdate</STRONG> (Thumb, 142 bytes, Stack size 8 bytes, system_stm32f10x.o(.text), UNUSED)

<P><STRONG><a name="[14]"></a>NMI_Handler</STRONG> (Thumb, 2 bytes, Stack size 0 bytes, stm32f10x_it.o(.text))
<BR>[Address Reference Count : 1]<UL><LI> startup_stm32f10x_md.o(RESET)
</UL>
<P><STRONG><a name="[15]"></a>HardFault_Handler</STRONG> (Thumb, 4 bytes, Stack size 0 bytes, stm32f10x_it.o(.text))
<BR>[Address Reference Count : 1]<UL><LI> startup_stm32f10x_md.o(RESET)
</UL>
<P><STRONG><a name="[16]"></a>MemManage_Handler</STRONG> (Thumb, 4 bytes, Stack size 0 bytes, stm32f10x_it.o(.text))
<BR>[Address Reference Count : 1]<UL><LI> startup_stm32f10x_md.o(RESET)
</UL>
<P><STRONG><a name="[17]"></a>BusFault_Handler</STRONG> (Thumb, 4 bytes, Stack size 0 bytes, stm32f10x_it.o(.text))
<BR>[Address Reference Count : 1]<UL><LI> startup_stm32f10x_md.o(RESET)
</UL>
<P><STRONG><a name="[18]"></a>UsageFault_Handler</STRONG> (Thumb, 4 bytes, Stack size 0 bytes, stm32f10x_it.o(.text))
<BR>[Address Reference Count : 1]<UL><LI> startup_stm32f10x_md.o(RESET)
</UL>
<P><STRONG><a name="[19]"></a>SVC_Handler</STRONG> (Thumb, 2 bytes, Stack size 0 bytes, stm32f10x_it.o(.text))
<BR>[Address Reference Count : 1]<UL><LI> startup_stm32f10x_md.o(RESET)
</UL>
<P><STRONG><a name="[1a]"></a>DebugMon_Handler</STRONG> (Thumb, 2 bytes, Stack size 0 bytes, stm32f10x_it.o(.text))
<BR>[Address Reference Count : 1]<UL><LI> startup_stm32f10x_md.o(RESET)
</UL>
<P><STRONG><a name="[1b]"></a>PendSV_Handler</STRONG> (Thumb, 2 bytes, Stack size 0 bytes, stm32f10x_it.o(.text))
<BR>[Address Reference Count : 1]<UL><LI> startup_stm32f10x_md.o(RESET)
</UL>
<P><STRONG><a name="[1c]"></a>SysTick_Handler</STRONG> (Thumb, 2 bytes, Stack size 0 bytes, stm32f10x_it.o(.text))
<BR>[Address Reference Count : 1]<UL><LI> startup_stm32f10x_md.o(RESET)
</UL>
<P><STRONG><a name="[c1]"></a>__aeabi_memcpy4</STRONG> (Thumb, 0 bytes, Stack size 8 bytes, rt_memcpy_w.o(.text), UNUSED)
<BR><BR>[Called By]<UL><LI><a href="#[c0]">&gt;&gt;</a>&nbsp;&nbsp;&nbsp;M_15
</UL>

<P><STRONG><a name="[1c3]"></a>__aeabi_memcpy8</STRONG> (Thumb, 0 bytes, Stack size 8 bytes, rt_memcpy_w.o(.text), UNUSED)

<P><STRONG><a name="[1c4]"></a>__rt_memcpy_w</STRONG> (Thumb, 100 bytes, Stack size 8 bytes, rt_memcpy_w.o(.text), UNUSED)

<P><STRONG><a name="[1c5]"></a>_memcpy_lastbytes_aligned</STRONG> (Thumb, 0 bytes, Stack size unknown bytes, rt_memcpy_w.o(.text), UNUSED)

<P><STRONG><a name="[ad]"></a>strncpy</STRONG> (Thumb, 86 bytes, Stack size 8 bytes, strncpy.o(.text))
<BR><BR>[Stack]<UL><LI>Max Depth = 8<LI>Call Chain = strncpy
</UL>
<BR>[Calls]<UL><LI><a href="#[ef]">&gt;&gt;</a>&nbsp;&nbsp;&nbsp;__aeabi_memclr
</UL>
<BR>[Called By]<UL><LI><a href="#[12]">&gt;&gt;</a>&nbsp;&nbsp;&nbsp;lcd_menu_sixteen
<LI><a href="#[11]">&gt;&gt;</a>&nbsp;&nbsp;&nbsp;lcd_menu_fifteen
<LI><a href="#[10]">&gt;&gt;</a>&nbsp;&nbsp;&nbsp;lcd_menu_fourteen
<LI><a href="#[f]">&gt;&gt;</a>&nbsp;&nbsp;&nbsp;lcd_menu_thirteen
<LI><a href="#[e]">&gt;&gt;</a>&nbsp;&nbsp;&nbsp;lcd_menu_twelve
<LI><a href="#[d]">&gt;&gt;</a>&nbsp;&nbsp;&nbsp;lcd_menu_eleven
<LI><a href="#[c]">&gt;&gt;</a>&nbsp;&nbsp;&nbsp;lcd_menu_ten
<LI><a href="#[b]">&gt;&gt;</a>&nbsp;&nbsp;&nbsp;lcd_menu_nine
<LI><a href="#[a]">&gt;&gt;</a>&nbsp;&nbsp;&nbsp;lcd_menu_eight
<LI><a href="#[9]">&gt;&gt;</a>&nbsp;&nbsp;&nbsp;lcd_menu_seven
<LI><a href="#[8]">&gt;&gt;</a>&nbsp;&nbsp;&nbsp;lcd_menu_six
<LI><a href="#[7]">&gt;&gt;</a>&nbsp;&nbsp;&nbsp;lcd_menu_five
<LI><a href="#[6]">&gt;&gt;</a>&nbsp;&nbsp;&nbsp;lcd_menu_four
<LI><a href="#[5]">&gt;&gt;</a>&nbsp;&nbsp;&nbsp;lcd_menu_three
<LI><a href="#[4]">&gt;&gt;</a>&nbsp;&nbsp;&nbsp;lcd_menu_two
<LI><a href="#[3]">&gt;&gt;</a>&nbsp;&nbsp;&nbsp;lcd_menu_one
<LI><a href="#[ab]">&gt;&gt;</a>&nbsp;&nbsp;&nbsp;main_set_menu
</UL>

<P><STRONG><a name="[1c6]"></a>__use_two_region_memory</STRONG> (Thumb, 2 bytes, Stack size 0 bytes, heapauxi.o(.text), UNUSED)

<P><STRONG><a name="[1c7]"></a>__rt_heap_escrow$2region</STRONG> (Thumb, 2 bytes, Stack size 0 bytes, heapauxi.o(.text), UNUSED)

<P><STRONG><a name="[1c8]"></a>__rt_heap_expand$2region</STRONG> (Thumb, 2 bytes, Stack size 0 bytes, heapauxi.o(.text), UNUSED)

<P><STRONG><a name="[ef]"></a>__aeabi_memclr</STRONG> (Thumb, 0 bytes, Stack size 0 bytes, rt_memclr.o(.text))
<BR><BR>[Called By]<UL><LI><a href="#[ad]">&gt;&gt;</a>&nbsp;&nbsp;&nbsp;strncpy
</UL>

<P><STRONG><a name="[f0]"></a>__rt_memclr</STRONG> (Thumb, 68 bytes, Stack size 0 bytes, rt_memclr.o(.text), UNUSED)
<BR><BR>[Calls]<UL><LI><a href="#[f1]">&gt;&gt;</a>&nbsp;&nbsp;&nbsp;_memset_w
</UL>

<P><STRONG><a name="[1c9]"></a>_memset</STRONG> (Thumb, 0 bytes, Stack size unknown bytes, rt_memclr.o(.text), UNUSED)

<P><STRONG><a name="[1ca]"></a>__aeabi_memclr4</STRONG> (Thumb, 0 bytes, Stack size 4 bytes, rt_memclr_w.o(.text), UNUSED)

<P><STRONG><a name="[1cb]"></a>__aeabi_memclr8</STRONG> (Thumb, 0 bytes, Stack size 4 bytes, rt_memclr_w.o(.text), UNUSED)

<P><STRONG><a name="[1cc]"></a>__rt_memclr_w</STRONG> (Thumb, 78 bytes, Stack size 4 bytes, rt_memclr_w.o(.text), UNUSED)

<P><STRONG><a name="[f1]"></a>_memset_w</STRONG> (Thumb, 0 bytes, Stack size unknown bytes, rt_memclr_w.o(.text), UNUSED)
<BR><BR>[Called By]<UL><LI><a href="#[f0]">&gt;&gt;</a>&nbsp;&nbsp;&nbsp;__rt_memclr
</UL>

<P><STRONG><a name="[51]"></a>__user_setup_stackheap</STRONG> (Thumb, 74 bytes, Stack size 8 bytes, sys_stackheap_outer.o(.text))
<BR><BR>[Stack]<UL><LI>Max Depth = 8 + Unknown Stack Size
<LI>Call Chain = __user_setup_stackheap
</UL>
<BR>[Calls]<UL><LI><a href="#[4c]">&gt;&gt;</a>&nbsp;&nbsp;&nbsp;__user_initial_stackheap
<LI><a href="#[f2]">&gt;&gt;</a>&nbsp;&nbsp;&nbsp;__user_perproc_libspace
</UL>
<BR>[Called By]<UL><LI><a href="#[50]">&gt;&gt;</a>&nbsp;&nbsp;&nbsp;__rt_entry_sh
</UL>

<P><STRONG><a name="[56]"></a>exit</STRONG> (Thumb, 12 bytes, Stack size 0 bytes, exit.o(.text))
<BR><BR>[Calls]<UL><LI><a href="#[f3]">&gt;&gt;</a>&nbsp;&nbsp;&nbsp;__rt_exit
</UL>
<BR>[Called By]<UL><LI><a href="#[54]">&gt;&gt;</a>&nbsp;&nbsp;&nbsp;__rt_entry_main
</UL>

<P><STRONG><a name="[1cd]"></a>__user_libspace</STRONG> (Thumb, 8 bytes, Stack size 0 bytes, libspace.o(.text), UNUSED)

<P><STRONG><a name="[f2]"></a>__user_perproc_libspace</STRONG> (Thumb, 0 bytes, Stack size 0 bytes, libspace.o(.text))
<BR><BR>[Called By]<UL><LI><a href="#[51]">&gt;&gt;</a>&nbsp;&nbsp;&nbsp;__user_setup_stackheap
</UL>

<P><STRONG><a name="[1ce]"></a>__user_perthread_libspace</STRONG> (Thumb, 0 bytes, Stack size 0 bytes, libspace.o(.text), UNUSED)

<P><STRONG><a name="[5a]"></a>_sys_exit</STRONG> (Thumb, 8 bytes, Stack size 0 bytes, sys_exit.o(.text))
<BR><BR>[Called By]<UL><LI><a href="#[59]">&gt;&gt;</a>&nbsp;&nbsp;&nbsp;__rt_exit_exit
</UL>

<P><STRONG><a name="[1cf]"></a>__I$use$semihosting</STRONG> (Thumb, 0 bytes, Stack size 0 bytes, use_no_semi.o(.text), UNUSED)

<P><STRONG><a name="[1d0]"></a>__use_no_semihosting_swi</STRONG> (Thumb, 2 bytes, Stack size 0 bytes, use_no_semi.o(.text), UNUSED)

<P><STRONG><a name="[1d1]"></a>__semihosting_library_function</STRONG> (Thumb, 0 bytes, Stack size unknown bytes, indicate_semi.o(.text), UNUSED)
<P>
<H3>
Local Symbols
</H3>
<P><STRONG><a name="[de]"></a>TI4_Config</STRONG> (Thumb, 130 bytes, Stack size 20 bytes, stm32f10x_tim.o(.text), UNUSED)
<BR><BR>[Called By]<UL><LI><a href="#[d7]">&gt;&gt;</a>&nbsp;&nbsp;&nbsp;TIM_ICInit
</UL>

<P><STRONG><a name="[dc]"></a>TI3_Config</STRONG> (Thumb, 122 bytes, Stack size 20 bytes, stm32f10x_tim.o(.text), UNUSED)
<BR><BR>[Called By]<UL><LI><a href="#[d7]">&gt;&gt;</a>&nbsp;&nbsp;&nbsp;TIM_ICInit
</UL>

<P><STRONG><a name="[da]"></a>TI2_Config</STRONG> (Thumb, 130 bytes, Stack size 20 bytes, stm32f10x_tim.o(.text), UNUSED)
<BR><BR>[Called By]<UL><LI><a href="#[e3]">&gt;&gt;</a>&nbsp;&nbsp;&nbsp;TIM_TIxExternalClockConfig
<LI><a href="#[e0]">&gt;&gt;</a>&nbsp;&nbsp;&nbsp;TIM_PWMIConfig
<LI><a href="#[d7]">&gt;&gt;</a>&nbsp;&nbsp;&nbsp;TIM_ICInit
</UL>

<P><STRONG><a name="[d8]"></a>TI1_Config</STRONG> (Thumb, 108 bytes, Stack size 20 bytes, stm32f10x_tim.o(.text), UNUSED)
<BR><BR>[Called By]<UL><LI><a href="#[e3]">&gt;&gt;</a>&nbsp;&nbsp;&nbsp;TIM_TIxExternalClockConfig
<LI><a href="#[e0]">&gt;&gt;</a>&nbsp;&nbsp;&nbsp;TIM_PWMIConfig
<LI><a href="#[d7]">&gt;&gt;</a>&nbsp;&nbsp;&nbsp;TIM_ICInit
</UL>

<P><STRONG><a name="[ee]"></a>SetSysClockTo72</STRONG> (Thumb, 214 bytes, Stack size 12 bytes, system_stm32f10x.o(.text))
<BR><BR>[Stack]<UL><LI>Max Depth = 12<LI>Call Chain = SetSysClockTo72
</UL>
<BR>[Called By]<UL><LI><a href="#[ed]">&gt;&gt;</a>&nbsp;&nbsp;&nbsp;SetSysClock
</UL>

<P><STRONG><a name="[ed]"></a>SetSysClock</STRONG> (Thumb, 8 bytes, Stack size 8 bytes, system_stm32f10x.o(.text))
<BR><BR>[Stack]<UL><LI>Max Depth = 20<LI>Call Chain = SetSysClock &rArr; SetSysClockTo72
</UL>
<BR>[Calls]<UL><LI><a href="#[ee]">&gt;&gt;</a>&nbsp;&nbsp;&nbsp;SetSysClockTo72
</UL>
<BR>[Called By]<UL><LI><a href="#[48]">&gt;&gt;</a>&nbsp;&nbsp;&nbsp;SystemInit
</UL>
<P>
<H3>
Undefined Global Symbols
</H3><HR></body></html>
