<!doctype html public "-//w3c//dtd html 4.0 transitional//en">
<html><head>
<title>Static Call Graph - [..\Output\IWOP-HMI_2016324.axf]</title></head>
<body><HR>
<H1>Static Call Graph for image ..\Output\IWOP-HMI_2016324.axf</H1><HR>
<BR><P>#&#060CALLGRAPH&#062# ARM Linker, 5050106: Last Updated: Fri Apr 21 13:48:04 2017
<BR><P>
<H3>Maximum Stack Usage =        272 bytes + Unknown(Functions without stacksize, Cycles, Untraceable Function Pointers)</H3><H3>
Call chain for Maximum Stack Depth:</H3>
__rt_entry_main &rArr; main &rArr; Lcd_KEYPro &rArr; key_lcd_menu_one_handler &rArr; RecoverFactoryPr &rArr; AT24CXX_WriteOneByte &rArr; IIC_Send_Byte
<P>
<H3>
Functions with no stack information
</H3><UL>
 <LI><a href="#[4c]">__user_initial_stackheap</a>
</UL>
</UL>
<P>
<H3>
Mutually Recursive functions
</H3> <LI><a href="#[2f]">ADC1_2_IRQHandler</a>&nbsp;&nbsp;&nbsp;&rArr;&nbsp;&nbsp;&nbsp;<a href="#[2f]">ADC1_2_IRQHandler</a><BR>
</UL>
<P>
<H3>
Function Pointers
</H3><UL>
 <LI><a href="#[2f]">ADC1_2_IRQHandler</a> from startup_stm32f10x_md.o(.text) referenced from startup_stm32f10x_md.o(RESET)
 <LI><a href="#[17]">BusFault_Handler</a> from stm32f10x_it.o(.text) referenced from startup_stm32f10x_md.o(RESET)
 <LI><a href="#[32]">CAN1_RX1_IRQHandler</a> from startup_stm32f10x_md.o(.text) referenced from startup_stm32f10x_md.o(RESET)
 <LI><a href="#[33]">CAN1_SCE_IRQHandler</a> from startup_stm32f10x_md.o(.text) referenced from startup_stm32f10x_md.o(RESET)
 <LI><a href="#[28]">DMA1_Channel1_IRQHandler</a> from startup_stm32f10x_md.o(.text) referenced from startup_stm32f10x_md.o(RESET)
 <LI><a href="#[29]">DMA1_Channel2_IRQHandler</a> from startup_stm32f10x_md.o(.text) referenced from startup_stm32f10x_md.o(RESET)
 <LI><a href="#[2a]">DMA1_Channel3_IRQHandler</a> from startup_stm32f10x_md.o(.text) referenced from startup_stm32f10x_md.o(RESET)
 <LI><a href="#[2b]">DMA1_Channel4_IRQHandler</a> from startup_stm32f10x_md.o(.text) referenced from startup_stm32f10x_md.o(RESET)
 <LI><a href="#[2c]">DMA1_Channel5_IRQHandler</a> from startup_stm32f10x_md.o(.text) referenced from startup_stm32f10x_md.o(RESET)
 <LI><a href="#[2d]">DMA1_Channel6_IRQHandler</a> from startup_stm32f10x_md.o(.text) referenced from startup_stm32f10x_md.o(RESET)
 <LI><a href="#[2e]">DMA1_Channel7_IRQHandler</a> from startup_stm32f10x_md.o(.text) referenced from startup_stm32f10x_md.o(RESET)
 <LI><a href="#[1a]">DebugMon_Handler</a> from stm32f10x_it.o(.text) referenced from startup_stm32f10x_md.o(RESET)
 <LI><a href="#[23]">EXTI0_IRQHandler</a> from startup_stm32f10x_md.o(.text) referenced from startup_stm32f10x_md.o(RESET)
 <LI><a href="#[45]">EXTI15_10_IRQHandler</a> from startup_stm32f10x_md.o(.text) referenced from startup_stm32f10x_md.o(RESET)
 <LI><a href="#[24]">EXTI1_IRQHandler</a> from startup_stm32f10x_md.o(.text) referenced from startup_stm32f10x_md.o(RESET)
 <LI><a href="#[25]">EXTI2_IRQHandler</a> from startup_stm32f10x_md.o(.text) referenced from startup_stm32f10x_md.o(RESET)
 <LI><a href="#[26]">EXTI3_IRQHandler</a> from startup_stm32f10x_md.o(.text) referenced from startup_stm32f10x_md.o(RESET)
 <LI><a href="#[27]">EXTI4_IRQHandler</a> from startup_stm32f10x_md.o(.text) referenced from startup_stm32f10x_md.o(RESET)
 <LI><a href="#[34]">EXTI9_5_IRQHandler</a> from startup_stm32f10x_md.o(.text) referenced from startup_stm32f10x_md.o(RESET)
 <LI><a href="#[21]">FLASH_IRQHandler</a> from startup_stm32f10x_md.o(.text) referenced from startup_stm32f10x_md.o(RESET)
 <LI><a href="#[15]">HardFault_Handler</a> from stm32f10x_it.o(.text) referenced from startup_stm32f10x_md.o(RESET)
 <LI><a href="#[3d]">I2C1_ER_IRQHandler</a> from startup_stm32f10x_md.o(.text) referenced from startup_stm32f10x_md.o(RESET)
 <LI><a href="#[3c]">I2C1_EV_IRQHandler</a> from startup_stm32f10x_md.o(.text) referenced from startup_stm32f10x_md.o(RESET)
 <LI><a href="#[3f]">I2C2_ER_IRQHandler</a> from startup_stm32f10x_md.o(.text) referenced from startup_stm32f10x_md.o(RESET)
 <LI><a href="#[3e]">I2C2_EV_IRQHandler</a> from startup_stm32f10x_md.o(.text) referenced from startup_stm32f10x_md.o(RESET)
 <LI><a href="#[16]">MemManage_Handler</a> from stm32f10x_it.o(.text) referenced from startup_stm32f10x_md.o(RESET)
 <LI><a href="#[14]">NMI_Handler</a> from stm32f10x_it.o(.text) referenced from startup_stm32f10x_md.o(RESET)
 <LI><a href="#[1e]">PVD_IRQHandler</a> from startup_stm32f10x_md.o(.text) referenced from startup_stm32f10x_md.o(RESET)
 <LI><a href="#[1b]">PendSV_Handler</a> from stm32f10x_it.o(.text) referenced from startup_stm32f10x_md.o(RESET)
 <LI><a href="#[22]">RCC_IRQHandler</a> from startup_stm32f10x_md.o(.text) referenced from startup_stm32f10x_md.o(RESET)
 <LI><a href="#[46]">RTCAlarm_IRQHandler</a> from startup_stm32f10x_md.o(.text) referenced from startup_stm32f10x_md.o(RESET)
 <LI><a href="#[20]">RTC_IRQHandler</a> from rtc.o(.text) referenced from startup_stm32f10x_md.o(RESET)
 <LI><a href="#[4a]">Reset_Handler</a> from startup_stm32f10x_md.o(.text) referenced from startup_stm32f10x_md.o(RESET)
 <LI><a href="#[40]">SPI1_IRQHandler</a> from startup_stm32f10x_md.o(.text) referenced from startup_stm32f10x_md.o(RESET)
 <LI><a href="#[41]">SPI2_IRQHandler</a> from startup_stm32f10x_md.o(.text) referenced from startup_stm32f10x_md.o(RESET)
 <LI><a href="#[19]">SVC_Handler</a> from stm32f10x_it.o(.text) referenced from startup_stm32f10x_md.o(RESET)
 <LI><a href="#[1c]">SysTick_Handler</a> from stm32f10x_it.o(.text) referenced from startup_stm32f10x_md.o(RESET)
 <LI><a href="#[48]">SystemInit</a> from system_stm32f10x.o(.text) referenced from startup_stm32f10x_md.o(.text)
 <LI><a href="#[1f]">TAMPER_IRQHandler</a> from startup_stm32f10x_md.o(.text) referenced from startup_stm32f10x_md.o(RESET)
 <LI><a href="#[35]">TIM1_BRK_IRQHandler</a> from startup_stm32f10x_md.o(.text) referenced from startup_stm32f10x_md.o(RESET)
 <LI><a href="#[38]">TIM1_CC_IRQHandler</a> from startup_stm32f10x_md.o(.text) referenced from startup_stm32f10x_md.o(RESET)
 <LI><a href="#[37]">TIM1_TRG_COM_IRQHandler</a> from startup_stm32f10x_md.o(.text) referenced from startup_stm32f10x_md.o(RESET)
 <LI><a href="#[36]">TIM1_UP_IRQHandler</a> from startup_stm32f10x_md.o(.text) referenced from startup_stm32f10x_md.o(RESET)
 <LI><a href="#[39]">TIM2_IRQHandler</a> from startup_stm32f10x_md.o(.text) referenced from startup_stm32f10x_md.o(RESET)
 <LI><a href="#[3a]">TIM3_IRQHandler</a> from timer.o(.text) referenced from startup_stm32f10x_md.o(RESET)
 <LI><a href="#[3b]">TIM4_IRQHandler</a> from startup_stm32f10x_md.o(.text) referenced from startup_stm32f10x_md.o(RESET)
 <LI><a href="#[42]">USART1_IRQHandler</a> from usart.o(.text) referenced from startup_stm32f10x_md.o(RESET)
 <LI><a href="#[43]">USART2_IRQHandler</a> from startup_stm32f10x_md.o(.text) referenced from startup_stm32f10x_md.o(RESET)
 <LI><a href="#[44]">USART3_IRQHandler</a> from startup_stm32f10x_md.o(.text) referenced from startup_stm32f10x_md.o(RESET)
 <LI><a href="#[47]">USBWakeUp_IRQHandler</a> from startup_stm32f10x_md.o(.text) referenced from startup_stm32f10x_md.o(RESET)
 <LI><a href="#[30]">USB_HP_CAN1_TX_IRQHandler</a> from startup_stm32f10x_md.o(.text) referenced from startup_stm32f10x_md.o(RESET)
 <LI><a href="#[31]">USB_LP_CAN1_RX0_IRQHandler</a> from startup_stm32f10x_md.o(.text) referenced from startup_stm32f10x_md.o(RESET)
 <LI><a href="#[18]">UsageFault_Handler</a> from stm32f10x_it.o(.text) referenced from startup_stm32f10x_md.o(RESET)
 <LI><a href="#[1d]">WWDG_IRQHandler</a> from startup_stm32f10x_md.o(.text) referenced from startup_stm32f10x_md.o(RESET)
 <LI><a href="#[4b]">__main</a> from __main.o(!!!main) referenced from startup_stm32f10x_md.o(.text)
 <LI><a href="#[a]">lcd_menu_eight</a> from menu.o(.text) referenced 2 times from menu.o(.data)
 <LI><a href="#[d]">lcd_menu_eleven</a> from menu.o(.text) referenced 2 times from menu.o(.data)
 <LI><a href="#[11]">lcd_menu_fifteen</a> from menu.o(.text) referenced 2 times from menu.o(.data)
 <LI><a href="#[7]">lcd_menu_five</a> from menu.o(.text) referenced 2 times from menu.o(.data)
 <LI><a href="#[6]">lcd_menu_four</a> from menu.o(.text) referenced 2 times from menu.o(.data)
 <LI><a href="#[10]">lcd_menu_fourteen</a> from menu.o(.text) referenced 2 times from menu.o(.data)
 <LI><a href="#[b]">lcd_menu_nine</a> from menu.o(.text) referenced 2 times from menu.o(.data)
 <LI><a href="#[3]">lcd_menu_one</a> from menu.o(.text) referenced 2 times from menu.o(.data)
 <LI><a href="#[9]">lcd_menu_seven</a> from menu.o(.text) referenced 2 times from menu.o(.data)
 <LI><a href="#[8]">lcd_menu_six</a> from menu.o(.text) referenced 2 times from menu.o(.data)
 <LI><a href="#[12]">lcd_menu_sixteen</a> from menu.o(.text) referenced 2 times from menu.o(.data)
 <LI><a href="#[c]">lcd_menu_ten</a> from menu.o(.text) referenced 2 times from menu.o(.data)
 <LI><a href="#[f]">lcd_menu_thirteen</a> from menu.o(.text) referenced 2 times from menu.o(.data)
 <LI><a href="#[5]">lcd_menu_three</a> from menu.o(.text) referenced 2 times from menu.o(.data)
 <LI><a href="#[e]">lcd_menu_twelve</a> from menu.o(.text) referenced 2 times from menu.o(.data)
 <LI><a href="#[4]">lcd_menu_two</a> from menu.o(.text) referenced 2 times from menu.o(.data)
</UL>
<P>
<H3>
Global Symbols
</H3>
<P><STRONG><a name="[4b]"></a>__main</STRONG> (Thumb, 8 bytes, Stack size 0 bytes, __main.o(!!!main))
<BR><BR>[Calls]<UL><LI><a href="#[4d]">&gt;&gt;</a>&nbsp;&nbsp;&nbsp;__scatterload
<LI><a href="#[4e]">&gt;&gt;</a>&nbsp;&nbsp;&nbsp;__rt_entry
</UL>

<P><STRONG><a name="[4d]"></a>__scatterload</STRONG> (Thumb, 0 bytes, Stack size unknown bytes, __scatter.o(!!!scatter))
<BR><BR>[Called By]<UL><LI><a href="#[4b]">&gt;&gt;</a>&nbsp;&nbsp;&nbsp;__main
</UL>

<P><STRONG><a name="[4f]"></a>__scatterload_rt2</STRONG> (Thumb, 44 bytes, Stack size unknown bytes, __scatter.o(!!!scatter), UNUSED)
<BR><BR>[Calls]<UL><LI><a href="#[4e]">&gt;&gt;</a>&nbsp;&nbsp;&nbsp;__rt_entry
</UL>

<P><STRONG><a name="[12b]"></a>__scatterload_rt2_thumb_only</STRONG> (Thumb, 0 bytes, Stack size unknown bytes, __scatter.o(!!!scatter), UNUSED)

<P><STRONG><a name="[12c]"></a>__scatterload_null</STRONG> (Thumb, 0 bytes, Stack size unknown bytes, __scatter.o(!!!scatter), UNUSED)

<P><STRONG><a name="[12d]"></a>__decompress</STRONG> (Thumb, 100 bytes, Stack size unknown bytes, __dclz77c.o(!!dclz77c), UNUSED)

<P><STRONG><a name="[12e]"></a>__decompress2</STRONG> (Thumb, 0 bytes, Stack size unknown bytes, __dclz77c.o(!!dclz77c), UNUSED)

<P><STRONG><a name="[12f]"></a>__scatterload_zeroinit</STRONG> (Thumb, 28 bytes, Stack size unknown bytes, __scatter_zi.o(!!handler_zi), UNUSED)

<P><STRONG><a name="[53]"></a>__rt_lib_init</STRONG> (Thumb, 0 bytes, Stack size unknown bytes, libinit.o(.ARM.Collect$$libinit$$00000000))
<BR><BR>[Called By]<UL><LI><a href="#[52]">&gt;&gt;</a>&nbsp;&nbsp;&nbsp;__rt_entry_li
</UL>

<P><STRONG><a name="[130]"></a>__rt_lib_init_alloca_1</STRONG> (Thumb, 0 bytes, Stack size unknown bytes, libinit2.o(.ARM.Collect$$libinit$$0000002E))

<P><STRONG><a name="[131]"></a>__rt_lib_init_argv_1</STRONG> (Thumb, 0 bytes, Stack size unknown bytes, libinit2.o(.ARM.Collect$$libinit$$0000002C))

<P><STRONG><a name="[132]"></a>__rt_lib_init_atexit_1</STRONG> (Thumb, 0 bytes, Stack size unknown bytes, libinit2.o(.ARM.Collect$$libinit$$0000001B))

<P><STRONG><a name="[133]"></a>__rt_lib_init_clock_1</STRONG> (Thumb, 0 bytes, Stack size unknown bytes, libinit2.o(.ARM.Collect$$libinit$$00000021))

<P><STRONG><a name="[134]"></a>__rt_lib_init_cpp_1</STRONG> (Thumb, 0 bytes, Stack size unknown bytes, libinit2.o(.ARM.Collect$$libinit$$00000032))

<P><STRONG><a name="[135]"></a>__rt_lib_init_exceptions_1</STRONG> (Thumb, 0 bytes, Stack size unknown bytes, libinit2.o(.ARM.Collect$$libinit$$00000030))

<P><STRONG><a name="[136]"></a>__rt_lib_init_fp_1</STRONG> (Thumb, 0 bytes, Stack size unknown bytes, libinit2.o(.ARM.Collect$$libinit$$00000002))

<P><STRONG><a name="[137]"></a>__rt_lib_init_fp_trap_1</STRONG> (Thumb, 0 bytes, Stack size unknown bytes, libinit2.o(.ARM.Collect$$libinit$$0000001F))

<P><STRONG><a name="[138]"></a>__rt_lib_init_getenv_1</STRONG> (Thumb, 0 bytes, Stack size unknown bytes, libinit2.o(.ARM.Collect$$libinit$$00000023))

<P><STRONG><a name="[139]"></a>__rt_lib_init_heap_1</STRONG> (Thumb, 0 bytes, Stack size unknown bytes, libinit2.o(.ARM.Collect$$libinit$$0000000A))

<P><STRONG><a name="[13a]"></a>__rt_lib_init_lc_collate_1</STRONG> (Thumb, 0 bytes, Stack size unknown bytes, libinit2.o(.ARM.Collect$$libinit$$00000011))

<P><STRONG><a name="[13b]"></a>__rt_lib_init_lc_ctype_1</STRONG> (Thumb, 0 bytes, Stack size unknown bytes, libinit2.o(.ARM.Collect$$libinit$$00000013))

<P><STRONG><a name="[13c]"></a>__rt_lib_init_lc_monetary_1</STRONG> (Thumb, 0 bytes, Stack size unknown bytes, libinit2.o(.ARM.Collect$$libinit$$00000015))

<P><STRONG><a name="[13d]"></a>__rt_lib_init_lc_numeric_1</STRONG> (Thumb, 0 bytes, Stack size unknown bytes, libinit2.o(.ARM.Collect$$libinit$$00000017))

<P><STRONG><a name="[13e]"></a>__rt_lib_init_lc_time_1</STRONG> (Thumb, 0 bytes, Stack size unknown bytes, libinit2.o(.ARM.Collect$$libinit$$00000019))

<P><STRONG><a name="[13f]"></a>__rt_lib_init_preinit_1</STRONG> (Thumb, 0 bytes, Stack size unknown bytes, libinit2.o(.ARM.Collect$$libinit$$00000004))

<P><STRONG><a name="[140]"></a>__rt_lib_init_rand_1</STRONG> (Thumb, 0 bytes, Stack size unknown bytes, libinit2.o(.ARM.Collect$$libinit$$0000000E))

<P><STRONG><a name="[141]"></a>__rt_lib_init_return</STRONG> (Thumb, 0 bytes, Stack size unknown bytes, libinit2.o(.ARM.Collect$$libinit$$00000033))

<P><STRONG><a name="[142]"></a>__rt_lib_init_signal_1</STRONG> (Thumb, 0 bytes, Stack size unknown bytes, libinit2.o(.ARM.Collect$$libinit$$0000001D))

<P><STRONG><a name="[143]"></a>__rt_lib_init_stdio_1</STRONG> (Thumb, 0 bytes, Stack size unknown bytes, libinit2.o(.ARM.Collect$$libinit$$00000025))

<P><STRONG><a name="[144]"></a>__rt_lib_init_user_alloc_1</STRONG> (Thumb, 0 bytes, Stack size unknown bytes, libinit2.o(.ARM.Collect$$libinit$$0000000C))

<P><STRONG><a name="[58]"></a>__rt_lib_shutdown</STRONG> (Thumb, 0 bytes, Stack size unknown bytes, libshutdown.o(.ARM.Collect$$libshutdown$$00000000))
<BR><BR>[Called By]<UL><LI><a href="#[57]">&gt;&gt;</a>&nbsp;&nbsp;&nbsp;__rt_exit_ls
</UL>

<P><STRONG><a name="[145]"></a>__rt_lib_shutdown_fp_trap_1</STRONG> (Thumb, 0 bytes, Stack size unknown bytes, libshutdown2.o(.ARM.Collect$$libshutdown$$00000006))

<P><STRONG><a name="[146]"></a>__rt_lib_shutdown_heap_1</STRONG> (Thumb, 0 bytes, Stack size unknown bytes, libshutdown2.o(.ARM.Collect$$libshutdown$$0000000E))

<P><STRONG><a name="[147]"></a>__rt_lib_shutdown_return</STRONG> (Thumb, 0 bytes, Stack size unknown bytes, libshutdown2.o(.ARM.Collect$$libshutdown$$0000000F))

<P><STRONG><a name="[148]"></a>__rt_lib_shutdown_signal_1</STRONG> (Thumb, 0 bytes, Stack size unknown bytes, libshutdown2.o(.ARM.Collect$$libshutdown$$00000009))

<P><STRONG><a name="[149]"></a>__rt_lib_shutdown_stdio_1</STRONG> (Thumb, 0 bytes, Stack size unknown bytes, libshutdown2.o(.ARM.Collect$$libshutdown$$00000003))

<P><STRONG><a name="[14a]"></a>__rt_lib_shutdown_user_alloc_1</STRONG> (Thumb, 0 bytes, Stack size unknown bytes, libshutdown2.o(.ARM.Collect$$libshutdown$$0000000B))

<P><STRONG><a name="[4e]"></a>__rt_entry</STRONG> (Thumb, 0 bytes, Stack size unknown bytes, __rtentry.o(.ARM.Collect$$rtentry$$00000000))
<BR><BR>[Called By]<UL><LI><a href="#[4f]">&gt;&gt;</a>&nbsp;&nbsp;&nbsp;__scatterload_rt2
<LI><a href="#[4b]">&gt;&gt;</a>&nbsp;&nbsp;&nbsp;__main
</UL>

<P><STRONG><a name="[14b]"></a>__rt_entry_presh_1</STRONG> (Thumb, 0 bytes, Stack size unknown bytes, __rtentry2.o(.ARM.Collect$$rtentry$$00000002))

<P><STRONG><a name="[50]"></a>__rt_entry_sh</STRONG> (Thumb, 0 bytes, Stack size unknown bytes, __rtentry4.o(.ARM.Collect$$rtentry$$00000004))
<BR><BR>[Stack]<UL><LI>Max Depth = 8 + Unknown Stack Size
<LI>Call Chain = __rt_entry_sh &rArr; __user_setup_stackheap
</UL>
<BR>[Calls]<UL><LI><a href="#[51]">&gt;&gt;</a>&nbsp;&nbsp;&nbsp;__user_setup_stackheap
</UL>

<P><STRONG><a name="[52]"></a>__rt_entry_li</STRONG> (Thumb, 0 bytes, Stack size unknown bytes, __rtentry2.o(.ARM.Collect$$rtentry$$0000000A))
<BR><BR>[Calls]<UL><LI><a href="#[53]">&gt;&gt;</a>&nbsp;&nbsp;&nbsp;__rt_lib_init
</UL>

<P><STRONG><a name="[14c]"></a>__rt_entry_postsh_1</STRONG> (Thumb, 0 bytes, Stack size unknown bytes, __rtentry2.o(.ARM.Collect$$rtentry$$00000009))

<P><STRONG><a name="[54]"></a>__rt_entry_main</STRONG> (Thumb, 0 bytes, Stack size unknown bytes, __rtentry2.o(.ARM.Collect$$rtentry$$0000000D))
<BR><BR>[Stack]<UL><LI>Max Depth = 272 + Unknown Stack Size
<LI>Call Chain = __rt_entry_main &rArr; main &rArr; Lcd_KEYPro &rArr; key_lcd_menu_one_handler &rArr; RecoverFactoryPr &rArr; AT24CXX_WriteOneByte &rArr; IIC_Send_Byte
</UL>
<BR>[Calls]<UL><LI><a href="#[55]">&gt;&gt;</a>&nbsp;&nbsp;&nbsp;main
<LI><a href="#[56]">&gt;&gt;</a>&nbsp;&nbsp;&nbsp;exit
</UL>

<P><STRONG><a name="[14d]"></a>__rt_entry_postli_1</STRONG> (Thumb, 0 bytes, Stack size unknown bytes, __rtentry2.o(.ARM.Collect$$rtentry$$0000000C))

<P><STRONG><a name="[11c]"></a>__rt_exit</STRONG> (Thumb, 0 bytes, Stack size unknown bytes, rtexit.o(.ARM.Collect$$rtexit$$00000000))
<BR><BR>[Called By]<UL><LI><a href="#[56]">&gt;&gt;</a>&nbsp;&nbsp;&nbsp;exit
</UL>

<P><STRONG><a name="[57]"></a>__rt_exit_ls</STRONG> (Thumb, 0 bytes, Stack size unknown bytes, rtexit2.o(.ARM.Collect$$rtexit$$00000003))
<BR><BR>[Calls]<UL><LI><a href="#[58]">&gt;&gt;</a>&nbsp;&nbsp;&nbsp;__rt_lib_shutdown
</UL>

<P><STRONG><a name="[14e]"></a>__rt_exit_prels_1</STRONG> (Thumb, 0 bytes, Stack size unknown bytes, rtexit2.o(.ARM.Collect$$rtexit$$00000002))

<P><STRONG><a name="[59]"></a>__rt_exit_exit</STRONG> (Thumb, 0 bytes, Stack size unknown bytes, rtexit2.o(.ARM.Collect$$rtexit$$00000004))
<BR><BR>[Calls]<UL><LI><a href="#[5a]">&gt;&gt;</a>&nbsp;&nbsp;&nbsp;_sys_exit
</UL>

<P><STRONG><a name="[88]"></a>ClearDisBuff</STRONG> (Thumb, 22 bytes, Stack size 0 bytes, menu.o(.text))
<BR><BR>[Called By]<UL><LI><a href="#[12]">&gt;&gt;</a>&nbsp;&nbsp;&nbsp;lcd_menu_sixteen
<LI><a href="#[11]">&gt;&gt;</a>&nbsp;&nbsp;&nbsp;lcd_menu_fifteen
<LI><a href="#[10]">&gt;&gt;</a>&nbsp;&nbsp;&nbsp;lcd_menu_fourteen
<LI><a href="#[f]">&gt;&gt;</a>&nbsp;&nbsp;&nbsp;lcd_menu_thirteen
<LI><a href="#[e]">&gt;&gt;</a>&nbsp;&nbsp;&nbsp;lcd_menu_twelve
<LI><a href="#[d]">&gt;&gt;</a>&nbsp;&nbsp;&nbsp;lcd_menu_eleven
<LI><a href="#[c]">&gt;&gt;</a>&nbsp;&nbsp;&nbsp;lcd_menu_ten
<LI><a href="#[b]">&gt;&gt;</a>&nbsp;&nbsp;&nbsp;lcd_menu_nine
<LI><a href="#[a]">&gt;&gt;</a>&nbsp;&nbsp;&nbsp;lcd_menu_eight
<LI><a href="#[9]">&gt;&gt;</a>&nbsp;&nbsp;&nbsp;lcd_menu_seven
<LI><a href="#[8]">&gt;&gt;</a>&nbsp;&nbsp;&nbsp;lcd_menu_six
<LI><a href="#[7]">&gt;&gt;</a>&nbsp;&nbsp;&nbsp;lcd_menu_five
<LI><a href="#[6]">&gt;&gt;</a>&nbsp;&nbsp;&nbsp;lcd_menu_four
<LI><a href="#[5]">&gt;&gt;</a>&nbsp;&nbsp;&nbsp;lcd_menu_three
<LI><a href="#[4]">&gt;&gt;</a>&nbsp;&nbsp;&nbsp;lcd_menu_two
<LI><a href="#[89]">&gt;&gt;</a>&nbsp;&nbsp;&nbsp;main_set_menu
<LI><a href="#[87]">&gt;&gt;</a>&nbsp;&nbsp;&nbsp;menu_fault_page
</UL>

<P><STRONG><a name="[7e]"></a>sendtobuff</STRONG> (Thumb, 46 bytes, Stack size 12 bytes, menu.o(.text))
<BR><BR>[Stack]<UL><LI>Max Depth = 12<LI>Call Chain = sendtobuff
</UL>
<BR>[Called By]<UL><LI><a href="#[55]">&gt;&gt;</a>&nbsp;&nbsp;&nbsp;main
<LI><a href="#[8d]">&gt;&gt;</a>&nbsp;&nbsp;&nbsp;lcd_mainmenu
<LI><a href="#[8c]">&gt;&gt;</a>&nbsp;&nbsp;&nbsp;menu_first_page
<LI><a href="#[8b]">&gt;&gt;</a>&nbsp;&nbsp;&nbsp;menu_second_page
<LI><a href="#[85]">&gt;&gt;</a>&nbsp;&nbsp;&nbsp;menu_set_program
<LI><a href="#[83]">&gt;&gt;</a>&nbsp;&nbsp;&nbsp;menu_save_data
<LI><a href="#[81]">&gt;&gt;</a>&nbsp;&nbsp;&nbsp;menu_fault_dis
<LI><a href="#[7d]">&gt;&gt;</a>&nbsp;&nbsp;&nbsp;menu_handshake_dis
</UL>

<P><STRONG><a name="[7c]"></a>key_menu_fault_dis_handler</STRONG> (Thumb, 226 bytes, Stack size 0 bytes, menu.o(.text))
<BR><BR>[Called By]<UL><LI><a href="#[6f]">&gt;&gt;</a>&nbsp;&nbsp;&nbsp;Lcd_KEYPro
</UL>

<P><STRONG><a name="[7b]"></a>key_instancy_stop_menu_handler</STRONG> (Thumb, 40 bytes, Stack size 0 bytes, menu.o(.text))
<BR><BR>[Called By]<UL><LI><a href="#[6f]">&gt;&gt;</a>&nbsp;&nbsp;&nbsp;Lcd_KEYPro
</UL>

<P><STRONG><a name="[7a]"></a>key_shake_stop_menu_handler</STRONG> (Thumb, 40 bytes, Stack size 0 bytes, menu.o(.text))
<BR><BR>[Called By]<UL><LI><a href="#[6f]">&gt;&gt;</a>&nbsp;&nbsp;&nbsp;Lcd_KEYPro
</UL>

<P><STRONG><a name="[79]"></a>key_wash_complete_menu_handler</STRONG> (Thumb, 40 bytes, Stack size 0 bytes, menu.o(.text))
<BR><BR>[Called By]<UL><LI><a href="#[6f]">&gt;&gt;</a>&nbsp;&nbsp;&nbsp;Lcd_KEYPro
</UL>

<P><STRONG><a name="[5b]"></a>key_menu_save_data_handler</STRONG> (Thumb, 280 bytes, Stack size 16 bytes, menu.o(.text))
<BR><BR>[Stack]<UL><LI>Max Depth = 132<LI>Call Chain = key_menu_save_data_handler &rArr; lcd_wrstring &rArr; lcd_wru8 &rArr; write_reg &rArr; write_com &rArr; check_sta01
</UL>
<BR>[Calls]<UL><LI><a href="#[5c]">&gt;&gt;</a>&nbsp;&nbsp;&nbsp;lcd_wrstring
<LI><a href="#[5e]">&gt;&gt;</a>&nbsp;&nbsp;&nbsp;delay
<LI><a href="#[5d]">&gt;&gt;</a>&nbsp;&nbsp;&nbsp;AT24CXX_WriteOneByte
</UL>
<BR>[Called By]<UL><LI><a href="#[6f]">&gt;&gt;</a>&nbsp;&nbsp;&nbsp;Lcd_KEYPro
</UL>

<P><STRONG><a name="[78]"></a>key_menu_set_program_handler</STRONG> (Thumb, 2702 bytes, Stack size 0 bytes, menu.o(.text))
<BR><BR>[Called By]<UL><LI><a href="#[6f]">&gt;&gt;</a>&nbsp;&nbsp;&nbsp;Lcd_KEYPro
</UL>

<P><STRONG><a name="[77]"></a>key_menu_fault_page_handler</STRONG> (Thumb, 358 bytes, Stack size 0 bytes, menu.o(.text))
<BR><BR>[Called By]<UL><LI><a href="#[6f]">&gt;&gt;</a>&nbsp;&nbsp;&nbsp;Lcd_KEYPro
</UL>

<P><STRONG><a name="[76]"></a>key_lcd_menu_sixteen_handler</STRONG> (Thumb, 224 bytes, Stack size 0 bytes, menu.o(.text))
<BR><BR>[Called By]<UL><LI><a href="#[6f]">&gt;&gt;</a>&nbsp;&nbsp;&nbsp;Lcd_KEYPro
</UL>

<P><STRONG><a name="[75]"></a>key_lcd_menu_fifteen_handler</STRONG> (Thumb, 224 bytes, Stack size 0 bytes, menu.o(.text))
<BR><BR>[Called By]<UL><LI><a href="#[6f]">&gt;&gt;</a>&nbsp;&nbsp;&nbsp;Lcd_KEYPro
</UL>

<P><STRONG><a name="[5f]"></a>key_lcd_menu_fourteen_handler</STRONG> (Thumb, 1100 bytes, Stack size 16 bytes, menu.o(.text))
<BR><BR>[Stack]<UL><LI>Max Depth = 48<LI>Call Chain = key_lcd_menu_fourteen_handler &rArr; AT24CXX_WriteOneByte &rArr; IIC_Send_Byte
</UL>
<BR>[Calls]<UL><LI><a href="#[5d]">&gt;&gt;</a>&nbsp;&nbsp;&nbsp;AT24CXX_WriteOneByte
</UL>
<BR>[Called By]<UL><LI><a href="#[6f]">&gt;&gt;</a>&nbsp;&nbsp;&nbsp;Lcd_KEYPro
</UL>

<P><STRONG><a name="[74]"></a>key_lcd_menu_thirteen_handler</STRONG> (Thumb, 372 bytes, Stack size 0 bytes, menu.o(.text))
<BR><BR>[Called By]<UL><LI><a href="#[6f]">&gt;&gt;</a>&nbsp;&nbsp;&nbsp;Lcd_KEYPro
</UL>

<P><STRONG><a name="[60]"></a>key_lcd_menu_twelve_handler</STRONG> (Thumb, 548 bytes, Stack size 16 bytes, menu.o(.text))
<BR><BR>[Stack]<UL><LI>Max Depth = 48<LI>Call Chain = key_lcd_menu_twelve_handler &rArr; AT24CXX_WriteOneByte &rArr; IIC_Send_Byte
</UL>
<BR>[Calls]<UL><LI><a href="#[5d]">&gt;&gt;</a>&nbsp;&nbsp;&nbsp;AT24CXX_WriteOneByte
</UL>
<BR>[Called By]<UL><LI><a href="#[6f]">&gt;&gt;</a>&nbsp;&nbsp;&nbsp;Lcd_KEYPro
</UL>

<P><STRONG><a name="[61]"></a>key_lcd_menu_eleven_handler</STRONG> (Thumb, 682 bytes, Stack size 16 bytes, menu.o(.text))
<BR><BR>[Stack]<UL><LI>Max Depth = 48<LI>Call Chain = key_lcd_menu_eleven_handler &rArr; AT24CXX_WriteOneByte &rArr; IIC_Send_Byte
</UL>
<BR>[Calls]<UL><LI><a href="#[5d]">&gt;&gt;</a>&nbsp;&nbsp;&nbsp;AT24CXX_WriteOneByte
</UL>
<BR>[Called By]<UL><LI><a href="#[6f]">&gt;&gt;</a>&nbsp;&nbsp;&nbsp;Lcd_KEYPro
</UL>

<P><STRONG><a name="[62]"></a>key_lcd_menu_ten_handler</STRONG> (Thumb, 776 bytes, Stack size 16 bytes, menu.o(.text))
<BR><BR>[Stack]<UL><LI>Max Depth = 48<LI>Call Chain = key_lcd_menu_ten_handler &rArr; AT24CXX_WriteOneByte &rArr; IIC_Send_Byte
</UL>
<BR>[Calls]<UL><LI><a href="#[5d]">&gt;&gt;</a>&nbsp;&nbsp;&nbsp;AT24CXX_WriteOneByte
</UL>
<BR>[Called By]<UL><LI><a href="#[6f]">&gt;&gt;</a>&nbsp;&nbsp;&nbsp;Lcd_KEYPro
</UL>

<P><STRONG><a name="[63]"></a>key_lcd_menu_nine_handler</STRONG> (Thumb, 934 bytes, Stack size 16 bytes, menu.o(.text))
<BR><BR>[Stack]<UL><LI>Max Depth = 48<LI>Call Chain = key_lcd_menu_nine_handler &rArr; AT24CXX_WriteOneByte &rArr; IIC_Send_Byte
</UL>
<BR>[Calls]<UL><LI><a href="#[5d]">&gt;&gt;</a>&nbsp;&nbsp;&nbsp;AT24CXX_WriteOneByte
</UL>
<BR>[Called By]<UL><LI><a href="#[6f]">&gt;&gt;</a>&nbsp;&nbsp;&nbsp;Lcd_KEYPro
</UL>

<P><STRONG><a name="[64]"></a>key_lcd_menu_eight_handler</STRONG> (Thumb, 640 bytes, Stack size 16 bytes, menu.o(.text))
<BR><BR>[Stack]<UL><LI>Max Depth = 48<LI>Call Chain = key_lcd_menu_eight_handler &rArr; AT24CXX_WriteOneByte &rArr; IIC_Send_Byte
</UL>
<BR>[Calls]<UL><LI><a href="#[5d]">&gt;&gt;</a>&nbsp;&nbsp;&nbsp;AT24CXX_WriteOneByte
</UL>
<BR>[Called By]<UL><LI><a href="#[6f]">&gt;&gt;</a>&nbsp;&nbsp;&nbsp;Lcd_KEYPro
</UL>

<P><STRONG><a name="[65]"></a>key_lcd_menu_seven_handler</STRONG> (Thumb, 598 bytes, Stack size 8 bytes, menu.o(.text))
<BR><BR>[Stack]<UL><LI>Max Depth = 40<LI>Call Chain = key_lcd_menu_seven_handler &rArr; AT24CXX_WriteOneByte &rArr; IIC_Send_Byte
</UL>
<BR>[Calls]<UL><LI><a href="#[5d]">&gt;&gt;</a>&nbsp;&nbsp;&nbsp;AT24CXX_WriteOneByte
</UL>
<BR>[Called By]<UL><LI><a href="#[6f]">&gt;&gt;</a>&nbsp;&nbsp;&nbsp;Lcd_KEYPro
</UL>

<P><STRONG><a name="[66]"></a>key_lcd_menu_six_handler</STRONG> (Thumb, 770 bytes, Stack size 16 bytes, menu.o(.text))
<BR><BR>[Stack]<UL><LI>Max Depth = 48<LI>Call Chain = key_lcd_menu_six_handler &rArr; AT24CXX_WriteOneByte &rArr; IIC_Send_Byte
</UL>
<BR>[Calls]<UL><LI><a href="#[5d]">&gt;&gt;</a>&nbsp;&nbsp;&nbsp;AT24CXX_WriteOneByte
</UL>
<BR>[Called By]<UL><LI><a href="#[6f]">&gt;&gt;</a>&nbsp;&nbsp;&nbsp;Lcd_KEYPro
</UL>

<P><STRONG><a name="[73]"></a>key_lcd_menu_five_handler</STRONG> (Thumb, 336 bytes, Stack size 0 bytes, menu.o(.text))
<BR><BR>[Called By]<UL><LI><a href="#[6f]">&gt;&gt;</a>&nbsp;&nbsp;&nbsp;Lcd_KEYPro
</UL>

<P><STRONG><a name="[72]"></a>key_lcd_menu_four_handler</STRONG> (Thumb, 336 bytes, Stack size 0 bytes, menu.o(.text))
<BR><BR>[Called By]<UL><LI><a href="#[6f]">&gt;&gt;</a>&nbsp;&nbsp;&nbsp;Lcd_KEYPro
</UL>

<P><STRONG><a name="[67]"></a>key_lcd_menu_three_handler</STRONG> (Thumb, 730 bytes, Stack size 16 bytes, menu.o(.text))
<BR><BR>[Stack]<UL><LI>Max Depth = 48<LI>Call Chain = key_lcd_menu_three_handler &rArr; AT24CXX_WriteOneByte &rArr; IIC_Send_Byte
</UL>
<BR>[Calls]<UL><LI><a href="#[5d]">&gt;&gt;</a>&nbsp;&nbsp;&nbsp;AT24CXX_WriteOneByte
</UL>
<BR>[Called By]<UL><LI><a href="#[6f]">&gt;&gt;</a>&nbsp;&nbsp;&nbsp;Lcd_KEYPro
</UL>

<P><STRONG><a name="[68]"></a>key_lcd_menu_two_handler</STRONG> (Thumb, 522 bytes, Stack size 16 bytes, menu.o(.text))
<BR><BR>[Stack]<UL><LI>Max Depth = 48<LI>Call Chain = key_lcd_menu_two_handler &rArr; AT24CXX_WriteOneByte &rArr; IIC_Send_Byte
</UL>
<BR>[Calls]<UL><LI><a href="#[5d]">&gt;&gt;</a>&nbsp;&nbsp;&nbsp;AT24CXX_WriteOneByte
</UL>
<BR>[Called By]<UL><LI><a href="#[6f]">&gt;&gt;</a>&nbsp;&nbsp;&nbsp;Lcd_KEYPro
</UL>

<P><STRONG><a name="[69]"></a>key_lcd_menu_one_handler</STRONG> (Thumb, 992 bytes, Stack size 16 bytes, menu.o(.text))
<BR><BR>[Stack]<UL><LI>Max Depth = 264<LI>Call Chain = key_lcd_menu_one_handler &rArr; RecoverFactoryPr &rArr; AT24CXX_WriteOneByte &rArr; IIC_Send_Byte
</UL>
<BR>[Calls]<UL><LI><a href="#[5c]">&gt;&gt;</a>&nbsp;&nbsp;&nbsp;lcd_wrstring
<LI><a href="#[5e]">&gt;&gt;</a>&nbsp;&nbsp;&nbsp;delay
<LI><a href="#[6a]">&gt;&gt;</a>&nbsp;&nbsp;&nbsp;RecoverFactoryPr
<LI><a href="#[6b]">&gt;&gt;</a>&nbsp;&nbsp;&nbsp;Init_Procedure
<LI><a href="#[5d]">&gt;&gt;</a>&nbsp;&nbsp;&nbsp;AT24CXX_WriteOneByte
</UL>
<BR>[Called By]<UL><LI><a href="#[6f]">&gt;&gt;</a>&nbsp;&nbsp;&nbsp;Lcd_KEYPro
</UL>

<P><STRONG><a name="[71]"></a>key_main_set_menu_handler</STRONG> (Thumb, 464 bytes, Stack size 0 bytes, menu.o(.text))
<BR><BR>[Called By]<UL><LI><a href="#[6f]">&gt;&gt;</a>&nbsp;&nbsp;&nbsp;Lcd_KEYPro
</UL>

<P><STRONG><a name="[6c]"></a>key_menu_second_page_handler</STRONG> (Thumb, 662 bytes, Stack size 16 bytes, menu.o(.text))
<BR><BR>[Stack]<UL><LI>Max Depth = 48<LI>Call Chain = key_menu_second_page_handler &rArr; AT24CXX_WriteOneByte &rArr; IIC_Send_Byte
</UL>
<BR>[Calls]<UL><LI><a href="#[5d]">&gt;&gt;</a>&nbsp;&nbsp;&nbsp;AT24CXX_WriteOneByte
</UL>
<BR>[Called By]<UL><LI><a href="#[6f]">&gt;&gt;</a>&nbsp;&nbsp;&nbsp;Lcd_KEYPro
</UL>

<P><STRONG><a name="[70]"></a>key_menu_first_page_handler</STRONG> (Thumb, 454 bytes, Stack size 0 bytes, menu.o(.text))
<BR><BR>[Called By]<UL><LI><a href="#[6f]">&gt;&gt;</a>&nbsp;&nbsp;&nbsp;Lcd_KEYPro
</UL>

<P><STRONG><a name="[6d]"></a>key_mainmenu_handler</STRONG> (Thumb, 7616 bytes, Stack size 8 bytes, menu.o(.text))
<BR><BR>[Stack]<UL><LI>Max Depth = 48<LI>Call Chain = key_mainmenu_handler &rArr; AT24CXX_ReadOneByte &rArr; IIC_Read_Byte &rArr; IIC_NAck
</UL>
<BR>[Calls]<UL><LI><a href="#[6e]">&gt;&gt;</a>&nbsp;&nbsp;&nbsp;AT24CXX_ReadOneByte
</UL>
<BR>[Called By]<UL><LI><a href="#[6f]">&gt;&gt;</a>&nbsp;&nbsp;&nbsp;Lcd_KEYPro
</UL>

<P><STRONG><a name="[6f]"></a>Lcd_KEYPro</STRONG> (Thumb, 512 bytes, Stack size 8 bytes, menu.o(.text))
<BR><BR>[Stack]<UL><LI>Max Depth = 272<LI>Call Chain = Lcd_KEYPro &rArr; key_lcd_menu_one_handler &rArr; RecoverFactoryPr &rArr; AT24CXX_WriteOneByte &rArr; IIC_Send_Byte
</UL>
<BR>[Calls]<UL><LI><a href="#[6d]">&gt;&gt;</a>&nbsp;&nbsp;&nbsp;key_mainmenu_handler
<LI><a href="#[70]">&gt;&gt;</a>&nbsp;&nbsp;&nbsp;key_menu_first_page_handler
<LI><a href="#[6c]">&gt;&gt;</a>&nbsp;&nbsp;&nbsp;key_menu_second_page_handler
<LI><a href="#[71]">&gt;&gt;</a>&nbsp;&nbsp;&nbsp;key_main_set_menu_handler
<LI><a href="#[69]">&gt;&gt;</a>&nbsp;&nbsp;&nbsp;key_lcd_menu_one_handler
<LI><a href="#[68]">&gt;&gt;</a>&nbsp;&nbsp;&nbsp;key_lcd_menu_two_handler
<LI><a href="#[67]">&gt;&gt;</a>&nbsp;&nbsp;&nbsp;key_lcd_menu_three_handler
<LI><a href="#[72]">&gt;&gt;</a>&nbsp;&nbsp;&nbsp;key_lcd_menu_four_handler
<LI><a href="#[73]">&gt;&gt;</a>&nbsp;&nbsp;&nbsp;key_lcd_menu_five_handler
<LI><a href="#[66]">&gt;&gt;</a>&nbsp;&nbsp;&nbsp;key_lcd_menu_six_handler
<LI><a href="#[65]">&gt;&gt;</a>&nbsp;&nbsp;&nbsp;key_lcd_menu_seven_handler
<LI><a href="#[64]">&gt;&gt;</a>&nbsp;&nbsp;&nbsp;key_lcd_menu_eight_handler
<LI><a href="#[63]">&gt;&gt;</a>&nbsp;&nbsp;&nbsp;key_lcd_menu_nine_handler
<LI><a href="#[62]">&gt;&gt;</a>&nbsp;&nbsp;&nbsp;key_lcd_menu_ten_handler
<LI><a href="#[61]">&gt;&gt;</a>&nbsp;&nbsp;&nbsp;key_lcd_menu_eleven_handler
<LI><a href="#[60]">&gt;&gt;</a>&nbsp;&nbsp;&nbsp;key_lcd_menu_twelve_handler
<LI><a href="#[74]">&gt;&gt;</a>&nbsp;&nbsp;&nbsp;key_lcd_menu_thirteen_handler
<LI><a href="#[5f]">&gt;&gt;</a>&nbsp;&nbsp;&nbsp;key_lcd_menu_fourteen_handler
<LI><a href="#[75]">&gt;&gt;</a>&nbsp;&nbsp;&nbsp;key_lcd_menu_fifteen_handler
<LI><a href="#[76]">&gt;&gt;</a>&nbsp;&nbsp;&nbsp;key_lcd_menu_sixteen_handler
<LI><a href="#[77]">&gt;&gt;</a>&nbsp;&nbsp;&nbsp;key_menu_fault_page_handler
<LI><a href="#[78]">&gt;&gt;</a>&nbsp;&nbsp;&nbsp;key_menu_set_program_handler
<LI><a href="#[5b]">&gt;&gt;</a>&nbsp;&nbsp;&nbsp;key_menu_save_data_handler
<LI><a href="#[79]">&gt;&gt;</a>&nbsp;&nbsp;&nbsp;key_wash_complete_menu_handler
<LI><a href="#[7a]">&gt;&gt;</a>&nbsp;&nbsp;&nbsp;key_shake_stop_menu_handler
<LI><a href="#[7b]">&gt;&gt;</a>&nbsp;&nbsp;&nbsp;key_instancy_stop_menu_handler
<LI><a href="#[7c]">&gt;&gt;</a>&nbsp;&nbsp;&nbsp;key_menu_fault_dis_handler
</UL>
<BR>[Called By]<UL><LI><a href="#[55]">&gt;&gt;</a>&nbsp;&nbsp;&nbsp;main
</UL>

<P><STRONG><a name="[7d]"></a>menu_handshake_dis</STRONG> (Thumb, 52 bytes, Stack size 8 bytes, menu.o(.text))
<BR><BR>[Stack]<UL><LI>Max Depth = 124<LI>Call Chain = menu_handshake_dis &rArr; lcd_wrstring &rArr; lcd_wru8 &rArr; write_reg &rArr; write_com &rArr; check_sta01
</UL>
<BR>[Calls]<UL><LI><a href="#[5c]">&gt;&gt;</a>&nbsp;&nbsp;&nbsp;lcd_wrstring
<LI><a href="#[7e]">&gt;&gt;</a>&nbsp;&nbsp;&nbsp;sendtobuff
</UL>
<BR>[Called By]<UL><LI><a href="#[8e]">&gt;&gt;</a>&nbsp;&nbsp;&nbsp;LCDDisplay
</UL>

<P><STRONG><a name="[80]"></a>disphex_asc_be</STRONG> (Thumb, 42 bytes, Stack size 16 bytes, menu.o(.text))
<BR><BR>[Stack]<UL><LI>Max Depth = 16<LI>Call Chain = disphex_asc_be
</UL>
<BR>[Called By]<UL><LI><a href="#[7f]">&gt;&gt;</a>&nbsp;&nbsp;&nbsp;disphex_asc_le
</UL>

<P><STRONG><a name="[7f]"></a>disphex_asc_le</STRONG> (Thumb, 62 bytes, Stack size 24 bytes, menu.o(.text))
<BR><BR>[Stack]<UL><LI>Max Depth = 40<LI>Call Chain = disphex_asc_le &rArr; disphex_asc_be
</UL>
<BR>[Calls]<UL><LI><a href="#[80]">&gt;&gt;</a>&nbsp;&nbsp;&nbsp;disphex_asc_be
</UL>
<BR>[Called By]<UL><LI><a href="#[10]">&gt;&gt;</a>&nbsp;&nbsp;&nbsp;lcd_menu_fourteen
<LI><a href="#[f]">&gt;&gt;</a>&nbsp;&nbsp;&nbsp;lcd_menu_thirteen
<LI><a href="#[e]">&gt;&gt;</a>&nbsp;&nbsp;&nbsp;lcd_menu_twelve
<LI><a href="#[d]">&gt;&gt;</a>&nbsp;&nbsp;&nbsp;lcd_menu_eleven
<LI><a href="#[c]">&gt;&gt;</a>&nbsp;&nbsp;&nbsp;lcd_menu_ten
<LI><a href="#[b]">&gt;&gt;</a>&nbsp;&nbsp;&nbsp;lcd_menu_nine
<LI><a href="#[a]">&gt;&gt;</a>&nbsp;&nbsp;&nbsp;lcd_menu_eight
<LI><a href="#[9]">&gt;&gt;</a>&nbsp;&nbsp;&nbsp;lcd_menu_seven
<LI><a href="#[8]">&gt;&gt;</a>&nbsp;&nbsp;&nbsp;lcd_menu_six
<LI><a href="#[5]">&gt;&gt;</a>&nbsp;&nbsp;&nbsp;lcd_menu_three
<LI><a href="#[3]">&gt;&gt;</a>&nbsp;&nbsp;&nbsp;lcd_menu_one
<LI><a href="#[8d]">&gt;&gt;</a>&nbsp;&nbsp;&nbsp;lcd_mainmenu
<LI><a href="#[85]">&gt;&gt;</a>&nbsp;&nbsp;&nbsp;menu_set_program
<LI><a href="#[81]">&gt;&gt;</a>&nbsp;&nbsp;&nbsp;menu_fault_dis
</UL>

<P><STRONG><a name="[81]"></a>menu_fault_dis</STRONG> (Thumb, 996 bytes, Stack size 16 bytes, menu.o(.text))
<BR><BR>[Stack]<UL><LI>Max Depth = 140<LI>Call Chain = menu_fault_dis &rArr; lcd_wrstring_num &rArr; lcd_wru8 &rArr; write_reg &rArr; write_com &rArr; check_sta01
</UL>
<BR>[Calls]<UL><LI><a href="#[82]">&gt;&gt;</a>&nbsp;&nbsp;&nbsp;lcd_wrstring_num
<LI><a href="#[5c]">&gt;&gt;</a>&nbsp;&nbsp;&nbsp;lcd_wrstring
<LI><a href="#[7f]">&gt;&gt;</a>&nbsp;&nbsp;&nbsp;disphex_asc_le
<LI><a href="#[7e]">&gt;&gt;</a>&nbsp;&nbsp;&nbsp;sendtobuff
</UL>
<BR>[Called By]<UL><LI><a href="#[8e]">&gt;&gt;</a>&nbsp;&nbsp;&nbsp;LCDDisplay
</UL>

<P><STRONG><a name="[91]"></a>lcd_instancy_stop_menu</STRONG> (Thumb, 2 bytes, Stack size 0 bytes, menu.o(.text))
<BR><BR>[Called By]<UL><LI><a href="#[8e]">&gt;&gt;</a>&nbsp;&nbsp;&nbsp;LCDDisplay
</UL>

<P><STRONG><a name="[90]"></a>lcd_shake_stop_menu</STRONG> (Thumb, 2 bytes, Stack size 0 bytes, menu.o(.text))
<BR><BR>[Called By]<UL><LI><a href="#[8e]">&gt;&gt;</a>&nbsp;&nbsp;&nbsp;LCDDisplay
</UL>

<P><STRONG><a name="[8f]"></a>lcd_wash_complete_menu</STRONG> (Thumb, 2 bytes, Stack size 0 bytes, menu.o(.text))
<BR><BR>[Called By]<UL><LI><a href="#[8e]">&gt;&gt;</a>&nbsp;&nbsp;&nbsp;LCDDisplay
</UL>

<P><STRONG><a name="[83]"></a>menu_save_data</STRONG> (Thumb, 58 bytes, Stack size 8 bytes, menu.o(.text))
<BR><BR>[Stack]<UL><LI>Max Depth = 124<LI>Call Chain = menu_save_data &rArr; lcd_wrstring &rArr; lcd_wru8 &rArr; write_reg &rArr; write_com &rArr; check_sta01
</UL>
<BR>[Calls]<UL><LI><a href="#[5c]">&gt;&gt;</a>&nbsp;&nbsp;&nbsp;lcd_wrstring
<LI><a href="#[7e]">&gt;&gt;</a>&nbsp;&nbsp;&nbsp;sendtobuff
</UL>
<BR>[Called By]<UL><LI><a href="#[8e]">&gt;&gt;</a>&nbsp;&nbsp;&nbsp;LCDDisplay
</UL>

<P><STRONG><a name="[84]"></a>lcd_lastline</STRONG> (Thumb, 158 bytes, Stack size 16 bytes, menu.o(.text))
<BR><BR>[Stack]<UL><LI>Max Depth = 132<LI>Call Chain = lcd_lastline &rArr; lcd_wrstring &rArr; lcd_wru8 &rArr; write_reg &rArr; write_com &rArr; check_sta01
</UL>
<BR>[Calls]<UL><LI><a href="#[5c]">&gt;&gt;</a>&nbsp;&nbsp;&nbsp;lcd_wrstring
</UL>
<BR>[Called By]<UL><LI><a href="#[12]">&gt;&gt;</a>&nbsp;&nbsp;&nbsp;lcd_menu_sixteen
<LI><a href="#[11]">&gt;&gt;</a>&nbsp;&nbsp;&nbsp;lcd_menu_fifteen
<LI><a href="#[10]">&gt;&gt;</a>&nbsp;&nbsp;&nbsp;lcd_menu_fourteen
<LI><a href="#[f]">&gt;&gt;</a>&nbsp;&nbsp;&nbsp;lcd_menu_thirteen
<LI><a href="#[e]">&gt;&gt;</a>&nbsp;&nbsp;&nbsp;lcd_menu_twelve
<LI><a href="#[d]">&gt;&gt;</a>&nbsp;&nbsp;&nbsp;lcd_menu_eleven
<LI><a href="#[c]">&gt;&gt;</a>&nbsp;&nbsp;&nbsp;lcd_menu_ten
<LI><a href="#[b]">&gt;&gt;</a>&nbsp;&nbsp;&nbsp;lcd_menu_nine
<LI><a href="#[a]">&gt;&gt;</a>&nbsp;&nbsp;&nbsp;lcd_menu_eight
<LI><a href="#[9]">&gt;&gt;</a>&nbsp;&nbsp;&nbsp;lcd_menu_seven
<LI><a href="#[8]">&gt;&gt;</a>&nbsp;&nbsp;&nbsp;lcd_menu_six
<LI><a href="#[7]">&gt;&gt;</a>&nbsp;&nbsp;&nbsp;lcd_menu_five
<LI><a href="#[6]">&gt;&gt;</a>&nbsp;&nbsp;&nbsp;lcd_menu_four
<LI><a href="#[5]">&gt;&gt;</a>&nbsp;&nbsp;&nbsp;lcd_menu_three
<LI><a href="#[4]">&gt;&gt;</a>&nbsp;&nbsp;&nbsp;lcd_menu_two
<LI><a href="#[3]">&gt;&gt;</a>&nbsp;&nbsp;&nbsp;lcd_menu_one
<LI><a href="#[89]">&gt;&gt;</a>&nbsp;&nbsp;&nbsp;main_set_menu
<LI><a href="#[87]">&gt;&gt;</a>&nbsp;&nbsp;&nbsp;menu_fault_page
<LI><a href="#[85]">&gt;&gt;</a>&nbsp;&nbsp;&nbsp;menu_set_program
</UL>

<P><STRONG><a name="[85]"></a>menu_set_program</STRONG> (Thumb, 1618 bytes, Stack size 56 bytes, menu.o(.text))
<BR><BR>[Stack]<UL><LI>Max Depth = 188<LI>Call Chain = menu_set_program &rArr; lcd_lastline &rArr; lcd_wrstring &rArr; lcd_wru8 &rArr; write_reg &rArr; write_com &rArr; check_sta01
</UL>
<BR>[Calls]<UL><LI><a href="#[82]">&gt;&gt;</a>&nbsp;&nbsp;&nbsp;lcd_wrstring_num
<LI><a href="#[5c]">&gt;&gt;</a>&nbsp;&nbsp;&nbsp;lcd_wrstring
<LI><a href="#[6e]">&gt;&gt;</a>&nbsp;&nbsp;&nbsp;AT24CXX_ReadOneByte
<LI><a href="#[84]">&gt;&gt;</a>&nbsp;&nbsp;&nbsp;lcd_lastline
<LI><a href="#[7f]">&gt;&gt;</a>&nbsp;&nbsp;&nbsp;disphex_asc_le
<LI><a href="#[7e]">&gt;&gt;</a>&nbsp;&nbsp;&nbsp;sendtobuff
</UL>
<BR>[Called By]<UL><LI><a href="#[8e]">&gt;&gt;</a>&nbsp;&nbsp;&nbsp;LCDDisplay
</UL>

<P><STRONG><a name="[86]"></a>kp_menucur</STRONG> (Thumb, 64 bytes, Stack size 24 bytes, menu.o(.text))
<BR><BR>[Stack]<UL><LI>Max Depth = 140<LI>Call Chain = kp_menucur &rArr; lcd_wrstring &rArr; lcd_wru8 &rArr; write_reg &rArr; write_com &rArr; check_sta01
</UL>
<BR>[Calls]<UL><LI><a href="#[5c]">&gt;&gt;</a>&nbsp;&nbsp;&nbsp;lcd_wrstring
</UL>
<BR>[Called By]<UL><LI><a href="#[12]">&gt;&gt;</a>&nbsp;&nbsp;&nbsp;lcd_menu_sixteen
<LI><a href="#[11]">&gt;&gt;</a>&nbsp;&nbsp;&nbsp;lcd_menu_fifteen
<LI><a href="#[10]">&gt;&gt;</a>&nbsp;&nbsp;&nbsp;lcd_menu_fourteen
<LI><a href="#[f]">&gt;&gt;</a>&nbsp;&nbsp;&nbsp;lcd_menu_thirteen
<LI><a href="#[e]">&gt;&gt;</a>&nbsp;&nbsp;&nbsp;lcd_menu_twelve
<LI><a href="#[d]">&gt;&gt;</a>&nbsp;&nbsp;&nbsp;lcd_menu_eleven
<LI><a href="#[c]">&gt;&gt;</a>&nbsp;&nbsp;&nbsp;lcd_menu_ten
<LI><a href="#[b]">&gt;&gt;</a>&nbsp;&nbsp;&nbsp;lcd_menu_nine
<LI><a href="#[a]">&gt;&gt;</a>&nbsp;&nbsp;&nbsp;lcd_menu_eight
<LI><a href="#[9]">&gt;&gt;</a>&nbsp;&nbsp;&nbsp;lcd_menu_seven
<LI><a href="#[8]">&gt;&gt;</a>&nbsp;&nbsp;&nbsp;lcd_menu_six
<LI><a href="#[7]">&gt;&gt;</a>&nbsp;&nbsp;&nbsp;lcd_menu_five
<LI><a href="#[6]">&gt;&gt;</a>&nbsp;&nbsp;&nbsp;lcd_menu_four
<LI><a href="#[5]">&gt;&gt;</a>&nbsp;&nbsp;&nbsp;lcd_menu_three
<LI><a href="#[4]">&gt;&gt;</a>&nbsp;&nbsp;&nbsp;lcd_menu_two
<LI><a href="#[3]">&gt;&gt;</a>&nbsp;&nbsp;&nbsp;lcd_menu_one
<LI><a href="#[8c]">&gt;&gt;</a>&nbsp;&nbsp;&nbsp;menu_first_page
<LI><a href="#[89]">&gt;&gt;</a>&nbsp;&nbsp;&nbsp;main_set_menu
<LI><a href="#[87]">&gt;&gt;</a>&nbsp;&nbsp;&nbsp;menu_fault_page
</UL>

<P><STRONG><a name="[87]"></a>menu_fault_page</STRONG> (Thumb, 924 bytes, Stack size 24 bytes, menu.o(.text))
<BR><BR>[Stack]<UL><LI>Max Depth = 164<LI>Call Chain = menu_fault_page &rArr; kp_menucur &rArr; lcd_wrstring &rArr; lcd_wru8 &rArr; write_reg &rArr; write_com &rArr; check_sta01
</UL>
<BR>[Calls]<UL><LI><a href="#[5c]">&gt;&gt;</a>&nbsp;&nbsp;&nbsp;lcd_wrstring
<LI><a href="#[6e]">&gt;&gt;</a>&nbsp;&nbsp;&nbsp;AT24CXX_ReadOneByte
<LI><a href="#[86]">&gt;&gt;</a>&nbsp;&nbsp;&nbsp;kp_menucur
<LI><a href="#[84]">&gt;&gt;</a>&nbsp;&nbsp;&nbsp;lcd_lastline
<LI><a href="#[88]">&gt;&gt;</a>&nbsp;&nbsp;&nbsp;ClearDisBuff
</UL>
<BR>[Called By]<UL><LI><a href="#[8e]">&gt;&gt;</a>&nbsp;&nbsp;&nbsp;LCDDisplay
</UL>

<P><STRONG><a name="[89]"></a>main_set_menu</STRONG> (Thumb, 196 bytes, Stack size 16 bytes, menu.o(.text))
<BR><BR>[Stack]<UL><LI>Max Depth = 156<LI>Call Chain = main_set_menu &rArr; kp_menucur &rArr; lcd_wrstring &rArr; lcd_wru8 &rArr; write_reg &rArr; write_com &rArr; check_sta01
</UL>
<BR>[Calls]<UL><LI><a href="#[5c]">&gt;&gt;</a>&nbsp;&nbsp;&nbsp;lcd_wrstring
<LI><a href="#[86]">&gt;&gt;</a>&nbsp;&nbsp;&nbsp;kp_menucur
<LI><a href="#[84]">&gt;&gt;</a>&nbsp;&nbsp;&nbsp;lcd_lastline
<LI><a href="#[88]">&gt;&gt;</a>&nbsp;&nbsp;&nbsp;ClearDisBuff
<LI><a href="#[8a]">&gt;&gt;</a>&nbsp;&nbsp;&nbsp;strncpy
</UL>
<BR>[Called By]<UL><LI><a href="#[8e]">&gt;&gt;</a>&nbsp;&nbsp;&nbsp;LCDDisplay
</UL>

<P><STRONG><a name="[8b]"></a>menu_second_page</STRONG> (Thumb, 1016 bytes, Stack size 8 bytes, menu.o(.text))
<BR><BR>[Stack]<UL><LI>Max Depth = 132<LI>Call Chain = menu_second_page &rArr; lcd_wrstring_num &rArr; lcd_wru8 &rArr; write_reg &rArr; write_com &rArr; check_sta01
</UL>
<BR>[Calls]<UL><LI><a href="#[82]">&gt;&gt;</a>&nbsp;&nbsp;&nbsp;lcd_wrstring_num
<LI><a href="#[5c]">&gt;&gt;</a>&nbsp;&nbsp;&nbsp;lcd_wrstring
<LI><a href="#[7e]">&gt;&gt;</a>&nbsp;&nbsp;&nbsp;sendtobuff
</UL>
<BR>[Called By]<UL><LI><a href="#[8e]">&gt;&gt;</a>&nbsp;&nbsp;&nbsp;LCDDisplay
</UL>

<P><STRONG><a name="[8c]"></a>menu_first_page</STRONG> (Thumb, 72 bytes, Stack size 8 bytes, menu.o(.text))
<BR><BR>[Stack]<UL><LI>Max Depth = 148<LI>Call Chain = menu_first_page &rArr; kp_menucur &rArr; lcd_wrstring &rArr; lcd_wru8 &rArr; write_reg &rArr; write_com &rArr; check_sta01
</UL>
<BR>[Calls]<UL><LI><a href="#[5c]">&gt;&gt;</a>&nbsp;&nbsp;&nbsp;lcd_wrstring
<LI><a href="#[86]">&gt;&gt;</a>&nbsp;&nbsp;&nbsp;kp_menucur
<LI><a href="#[7e]">&gt;&gt;</a>&nbsp;&nbsp;&nbsp;sendtobuff
</UL>
<BR>[Called By]<UL><LI><a href="#[8e]">&gt;&gt;</a>&nbsp;&nbsp;&nbsp;LCDDisplay
</UL>

<P><STRONG><a name="[8d]"></a>lcd_mainmenu</STRONG> (Thumb, 2800 bytes, Stack size 16 bytes, menu.o(.text))
<BR><BR>[Stack]<UL><LI>Max Depth = 140<LI>Call Chain = lcd_mainmenu &rArr; lcd_wrstring_num &rArr; lcd_wru8 &rArr; write_reg &rArr; write_com &rArr; check_sta01
</UL>
<BR>[Calls]<UL><LI><a href="#[82]">&gt;&gt;</a>&nbsp;&nbsp;&nbsp;lcd_wrstring_num
<LI><a href="#[5c]">&gt;&gt;</a>&nbsp;&nbsp;&nbsp;lcd_wrstring
<LI><a href="#[7f]">&gt;&gt;</a>&nbsp;&nbsp;&nbsp;disphex_asc_le
<LI><a href="#[7e]">&gt;&gt;</a>&nbsp;&nbsp;&nbsp;sendtobuff
</UL>
<BR>[Called By]<UL><LI><a href="#[8e]">&gt;&gt;</a>&nbsp;&nbsp;&nbsp;LCDDisplay
</UL>

<P><STRONG><a name="[8e]"></a>LCDDisplay</STRONG> (Thumb, 178 bytes, Stack size 8 bytes, menu.o(.text))
<BR><BR>[Stack]<UL><LI>Max Depth = 196<LI>Call Chain = LCDDisplay &rArr; menu_set_program &rArr; lcd_lastline &rArr; lcd_wrstring &rArr; lcd_wru8 &rArr; write_reg &rArr; write_com &rArr; check_sta01
</UL>
<BR>[Calls]<UL><LI><a href="#[8d]">&gt;&gt;</a>&nbsp;&nbsp;&nbsp;lcd_mainmenu
<LI><a href="#[8c]">&gt;&gt;</a>&nbsp;&nbsp;&nbsp;menu_first_page
<LI><a href="#[8b]">&gt;&gt;</a>&nbsp;&nbsp;&nbsp;menu_second_page
<LI><a href="#[89]">&gt;&gt;</a>&nbsp;&nbsp;&nbsp;main_set_menu
<LI><a href="#[87]">&gt;&gt;</a>&nbsp;&nbsp;&nbsp;menu_fault_page
<LI><a href="#[85]">&gt;&gt;</a>&nbsp;&nbsp;&nbsp;menu_set_program
<LI><a href="#[83]">&gt;&gt;</a>&nbsp;&nbsp;&nbsp;menu_save_data
<LI><a href="#[8f]">&gt;&gt;</a>&nbsp;&nbsp;&nbsp;lcd_wash_complete_menu
<LI><a href="#[90]">&gt;&gt;</a>&nbsp;&nbsp;&nbsp;lcd_shake_stop_menu
<LI><a href="#[91]">&gt;&gt;</a>&nbsp;&nbsp;&nbsp;lcd_instancy_stop_menu
<LI><a href="#[81]">&gt;&gt;</a>&nbsp;&nbsp;&nbsp;menu_fault_dis
<LI><a href="#[7d]">&gt;&gt;</a>&nbsp;&nbsp;&nbsp;menu_handshake_dis
</UL>
<BR>[Called By]<UL><LI><a href="#[55]">&gt;&gt;</a>&nbsp;&nbsp;&nbsp;main
</UL>

<P><STRONG><a name="[3]"></a>lcd_menu_one</STRONG> (Thumb, 1008 bytes, Stack size 24 bytes, menu.o(.text))
<BR><BR>[Stack]<UL><LI>Max Depth = 164<LI>Call Chain = lcd_menu_one &rArr; kp_menucur &rArr; lcd_wrstring &rArr; lcd_wru8 &rArr; write_reg &rArr; write_com &rArr; check_sta01
</UL>
<BR>[Calls]<UL><LI><a href="#[82]">&gt;&gt;</a>&nbsp;&nbsp;&nbsp;lcd_wrstring_num
<LI><a href="#[5c]">&gt;&gt;</a>&nbsp;&nbsp;&nbsp;lcd_wrstring
<LI><a href="#[86]">&gt;&gt;</a>&nbsp;&nbsp;&nbsp;kp_menucur
<LI><a href="#[84]">&gt;&gt;</a>&nbsp;&nbsp;&nbsp;lcd_lastline
<LI><a href="#[7f]">&gt;&gt;</a>&nbsp;&nbsp;&nbsp;disphex_asc_le
<LI><a href="#[8a]">&gt;&gt;</a>&nbsp;&nbsp;&nbsp;strncpy
</UL>
<BR>[Address Reference Count : 1]<UL><LI> menu.o(.data)
</UL>
<P><STRONG><a name="[4]"></a>lcd_menu_two</STRONG> (Thumb, 642 bytes, Stack size 16 bytes, menu.o(.text))
<BR><BR>[Stack]<UL><LI>Max Depth = 156<LI>Call Chain = lcd_menu_two &rArr; kp_menucur &rArr; lcd_wrstring &rArr; lcd_wru8 &rArr; write_reg &rArr; write_com &rArr; check_sta01
</UL>
<BR>[Calls]<UL><LI><a href="#[5c]">&gt;&gt;</a>&nbsp;&nbsp;&nbsp;lcd_wrstring
<LI><a href="#[86]">&gt;&gt;</a>&nbsp;&nbsp;&nbsp;kp_menucur
<LI><a href="#[84]">&gt;&gt;</a>&nbsp;&nbsp;&nbsp;lcd_lastline
<LI><a href="#[88]">&gt;&gt;</a>&nbsp;&nbsp;&nbsp;ClearDisBuff
<LI><a href="#[8a]">&gt;&gt;</a>&nbsp;&nbsp;&nbsp;strncpy
</UL>
<BR>[Address Reference Count : 1]<UL><LI> menu.o(.data)
</UL>
<P><STRONG><a name="[5]"></a>lcd_menu_three</STRONG> (Thumb, 498 bytes, Stack size 16 bytes, menu.o(.text))
<BR><BR>[Stack]<UL><LI>Max Depth = 156<LI>Call Chain = lcd_menu_three &rArr; kp_menucur &rArr; lcd_wrstring &rArr; lcd_wru8 &rArr; write_reg &rArr; write_com &rArr; check_sta01
</UL>
<BR>[Calls]<UL><LI><a href="#[82]">&gt;&gt;</a>&nbsp;&nbsp;&nbsp;lcd_wrstring_num
<LI><a href="#[5c]">&gt;&gt;</a>&nbsp;&nbsp;&nbsp;lcd_wrstring
<LI><a href="#[86]">&gt;&gt;</a>&nbsp;&nbsp;&nbsp;kp_menucur
<LI><a href="#[84]">&gt;&gt;</a>&nbsp;&nbsp;&nbsp;lcd_lastline
<LI><a href="#[7f]">&gt;&gt;</a>&nbsp;&nbsp;&nbsp;disphex_asc_le
<LI><a href="#[88]">&gt;&gt;</a>&nbsp;&nbsp;&nbsp;ClearDisBuff
<LI><a href="#[8a]">&gt;&gt;</a>&nbsp;&nbsp;&nbsp;strncpy
</UL>
<BR>[Address Reference Count : 1]<UL><LI> menu.o(.data)
</UL>
<P><STRONG><a name="[6]"></a>lcd_menu_four</STRONG> (Thumb, 408 bytes, Stack size 16 bytes, menu.o(.text))
<BR><BR>[Stack]<UL><LI>Max Depth = 156<LI>Call Chain = lcd_menu_four &rArr; kp_menucur &rArr; lcd_wrstring &rArr; lcd_wru8 &rArr; write_reg &rArr; write_com &rArr; check_sta01
</UL>
<BR>[Calls]<UL><LI><a href="#[5c]">&gt;&gt;</a>&nbsp;&nbsp;&nbsp;lcd_wrstring
<LI><a href="#[86]">&gt;&gt;</a>&nbsp;&nbsp;&nbsp;kp_menucur
<LI><a href="#[84]">&gt;&gt;</a>&nbsp;&nbsp;&nbsp;lcd_lastline
<LI><a href="#[88]">&gt;&gt;</a>&nbsp;&nbsp;&nbsp;ClearDisBuff
<LI><a href="#[8a]">&gt;&gt;</a>&nbsp;&nbsp;&nbsp;strncpy
</UL>
<BR>[Address Reference Count : 1]<UL><LI> menu.o(.data)
</UL>
<P><STRONG><a name="[7]"></a>lcd_menu_five</STRONG> (Thumb, 260 bytes, Stack size 16 bytes, menu.o(.text))
<BR><BR>[Stack]<UL><LI>Max Depth = 156<LI>Call Chain = lcd_menu_five &rArr; kp_menucur &rArr; lcd_wrstring &rArr; lcd_wru8 &rArr; write_reg &rArr; write_com &rArr; check_sta01
</UL>
<BR>[Calls]<UL><LI><a href="#[5c]">&gt;&gt;</a>&nbsp;&nbsp;&nbsp;lcd_wrstring
<LI><a href="#[86]">&gt;&gt;</a>&nbsp;&nbsp;&nbsp;kp_menucur
<LI><a href="#[84]">&gt;&gt;</a>&nbsp;&nbsp;&nbsp;lcd_lastline
<LI><a href="#[88]">&gt;&gt;</a>&nbsp;&nbsp;&nbsp;ClearDisBuff
<LI><a href="#[8a]">&gt;&gt;</a>&nbsp;&nbsp;&nbsp;strncpy
</UL>
<BR>[Address Reference Count : 1]<UL><LI> menu.o(.data)
</UL>
<P><STRONG><a name="[8]"></a>lcd_menu_six</STRONG> (Thumb, 810 bytes, Stack size 16 bytes, menu.o(.text))
<BR><BR>[Stack]<UL><LI>Max Depth = 156<LI>Call Chain = lcd_menu_six &rArr; kp_menucur &rArr; lcd_wrstring &rArr; lcd_wru8 &rArr; write_reg &rArr; write_com &rArr; check_sta01
</UL>
<BR>[Calls]<UL><LI><a href="#[82]">&gt;&gt;</a>&nbsp;&nbsp;&nbsp;lcd_wrstring_num
<LI><a href="#[5c]">&gt;&gt;</a>&nbsp;&nbsp;&nbsp;lcd_wrstring
<LI><a href="#[86]">&gt;&gt;</a>&nbsp;&nbsp;&nbsp;kp_menucur
<LI><a href="#[84]">&gt;&gt;</a>&nbsp;&nbsp;&nbsp;lcd_lastline
<LI><a href="#[7f]">&gt;&gt;</a>&nbsp;&nbsp;&nbsp;disphex_asc_le
<LI><a href="#[88]">&gt;&gt;</a>&nbsp;&nbsp;&nbsp;ClearDisBuff
<LI><a href="#[8a]">&gt;&gt;</a>&nbsp;&nbsp;&nbsp;strncpy
</UL>
<BR>[Address Reference Count : 1]<UL><LI> menu.o(.data)
</UL>
<P><STRONG><a name="[9]"></a>lcd_menu_seven</STRONG> (Thumb, 394 bytes, Stack size 16 bytes, menu.o(.text))
<BR><BR>[Stack]<UL><LI>Max Depth = 156<LI>Call Chain = lcd_menu_seven &rArr; kp_menucur &rArr; lcd_wrstring &rArr; lcd_wru8 &rArr; write_reg &rArr; write_com &rArr; check_sta01
</UL>
<BR>[Calls]<UL><LI><a href="#[82]">&gt;&gt;</a>&nbsp;&nbsp;&nbsp;lcd_wrstring_num
<LI><a href="#[5c]">&gt;&gt;</a>&nbsp;&nbsp;&nbsp;lcd_wrstring
<LI><a href="#[86]">&gt;&gt;</a>&nbsp;&nbsp;&nbsp;kp_menucur
<LI><a href="#[84]">&gt;&gt;</a>&nbsp;&nbsp;&nbsp;lcd_lastline
<LI><a href="#[7f]">&gt;&gt;</a>&nbsp;&nbsp;&nbsp;disphex_asc_le
<LI><a href="#[88]">&gt;&gt;</a>&nbsp;&nbsp;&nbsp;ClearDisBuff
<LI><a href="#[8a]">&gt;&gt;</a>&nbsp;&nbsp;&nbsp;strncpy
</UL>
<BR>[Address Reference Count : 1]<UL><LI> menu.o(.data)
</UL>
<P><STRONG><a name="[a]"></a>lcd_menu_eight</STRONG> (Thumb, 430 bytes, Stack size 16 bytes, menu.o(.text))
<BR><BR>[Stack]<UL><LI>Max Depth = 156<LI>Call Chain = lcd_menu_eight &rArr; kp_menucur &rArr; lcd_wrstring &rArr; lcd_wru8 &rArr; write_reg &rArr; write_com &rArr; check_sta01
</UL>
<BR>[Calls]<UL><LI><a href="#[82]">&gt;&gt;</a>&nbsp;&nbsp;&nbsp;lcd_wrstring_num
<LI><a href="#[5c]">&gt;&gt;</a>&nbsp;&nbsp;&nbsp;lcd_wrstring
<LI><a href="#[86]">&gt;&gt;</a>&nbsp;&nbsp;&nbsp;kp_menucur
<LI><a href="#[84]">&gt;&gt;</a>&nbsp;&nbsp;&nbsp;lcd_lastline
<LI><a href="#[7f]">&gt;&gt;</a>&nbsp;&nbsp;&nbsp;disphex_asc_le
<LI><a href="#[88]">&gt;&gt;</a>&nbsp;&nbsp;&nbsp;ClearDisBuff
<LI><a href="#[8a]">&gt;&gt;</a>&nbsp;&nbsp;&nbsp;strncpy
</UL>
<BR>[Address Reference Count : 1]<UL><LI> menu.o(.data)
</UL>
<P><STRONG><a name="[b]"></a>lcd_menu_nine</STRONG> (Thumb, 774 bytes, Stack size 16 bytes, menu.o(.text))
<BR><BR>[Stack]<UL><LI>Max Depth = 156<LI>Call Chain = lcd_menu_nine &rArr; kp_menucur &rArr; lcd_wrstring &rArr; lcd_wru8 &rArr; write_reg &rArr; write_com &rArr; check_sta01
</UL>
<BR>[Calls]<UL><LI><a href="#[82]">&gt;&gt;</a>&nbsp;&nbsp;&nbsp;lcd_wrstring_num
<LI><a href="#[5c]">&gt;&gt;</a>&nbsp;&nbsp;&nbsp;lcd_wrstring
<LI><a href="#[86]">&gt;&gt;</a>&nbsp;&nbsp;&nbsp;kp_menucur
<LI><a href="#[84]">&gt;&gt;</a>&nbsp;&nbsp;&nbsp;lcd_lastline
<LI><a href="#[7f]">&gt;&gt;</a>&nbsp;&nbsp;&nbsp;disphex_asc_le
<LI><a href="#[88]">&gt;&gt;</a>&nbsp;&nbsp;&nbsp;ClearDisBuff
<LI><a href="#[8a]">&gt;&gt;</a>&nbsp;&nbsp;&nbsp;strncpy
</UL>
<BR>[Address Reference Count : 1]<UL><LI> menu.o(.data)
</UL>
<P><STRONG><a name="[c]"></a>lcd_menu_ten</STRONG> (Thumb, 794 bytes, Stack size 16 bytes, menu.o(.text))
<BR><BR>[Stack]<UL><LI>Max Depth = 156<LI>Call Chain = lcd_menu_ten &rArr; kp_menucur &rArr; lcd_wrstring &rArr; lcd_wru8 &rArr; write_reg &rArr; write_com &rArr; check_sta01
</UL>
<BR>[Calls]<UL><LI><a href="#[82]">&gt;&gt;</a>&nbsp;&nbsp;&nbsp;lcd_wrstring_num
<LI><a href="#[5c]">&gt;&gt;</a>&nbsp;&nbsp;&nbsp;lcd_wrstring
<LI><a href="#[86]">&gt;&gt;</a>&nbsp;&nbsp;&nbsp;kp_menucur
<LI><a href="#[84]">&gt;&gt;</a>&nbsp;&nbsp;&nbsp;lcd_lastline
<LI><a href="#[7f]">&gt;&gt;</a>&nbsp;&nbsp;&nbsp;disphex_asc_le
<LI><a href="#[88]">&gt;&gt;</a>&nbsp;&nbsp;&nbsp;ClearDisBuff
<LI><a href="#[8a]">&gt;&gt;</a>&nbsp;&nbsp;&nbsp;strncpy
</UL>
<BR>[Address Reference Count : 1]<UL><LI> menu.o(.data)
</UL>
<P><STRONG><a name="[d]"></a>lcd_menu_eleven</STRONG> (Thumb, 626 bytes, Stack size 16 bytes, menu.o(.text))
<BR><BR>[Stack]<UL><LI>Max Depth = 156<LI>Call Chain = lcd_menu_eleven &rArr; kp_menucur &rArr; lcd_wrstring &rArr; lcd_wru8 &rArr; write_reg &rArr; write_com &rArr; check_sta01
</UL>
<BR>[Calls]<UL><LI><a href="#[82]">&gt;&gt;</a>&nbsp;&nbsp;&nbsp;lcd_wrstring_num
<LI><a href="#[5c]">&gt;&gt;</a>&nbsp;&nbsp;&nbsp;lcd_wrstring
<LI><a href="#[86]">&gt;&gt;</a>&nbsp;&nbsp;&nbsp;kp_menucur
<LI><a href="#[84]">&gt;&gt;</a>&nbsp;&nbsp;&nbsp;lcd_lastline
<LI><a href="#[7f]">&gt;&gt;</a>&nbsp;&nbsp;&nbsp;disphex_asc_le
<LI><a href="#[88]">&gt;&gt;</a>&nbsp;&nbsp;&nbsp;ClearDisBuff
<LI><a href="#[8a]">&gt;&gt;</a>&nbsp;&nbsp;&nbsp;strncpy
</UL>
<BR>[Address Reference Count : 1]<UL><LI> menu.o(.data)
</UL>
<P><STRONG><a name="[e]"></a>lcd_menu_twelve</STRONG> (Thumb, 564 bytes, Stack size 16 bytes, menu.o(.text))
<BR><BR>[Stack]<UL><LI>Max Depth = 156<LI>Call Chain = lcd_menu_twelve &rArr; kp_menucur &rArr; lcd_wrstring &rArr; lcd_wru8 &rArr; write_reg &rArr; write_com &rArr; check_sta01
</UL>
<BR>[Calls]<UL><LI><a href="#[82]">&gt;&gt;</a>&nbsp;&nbsp;&nbsp;lcd_wrstring_num
<LI><a href="#[5c]">&gt;&gt;</a>&nbsp;&nbsp;&nbsp;lcd_wrstring
<LI><a href="#[86]">&gt;&gt;</a>&nbsp;&nbsp;&nbsp;kp_menucur
<LI><a href="#[84]">&gt;&gt;</a>&nbsp;&nbsp;&nbsp;lcd_lastline
<LI><a href="#[7f]">&gt;&gt;</a>&nbsp;&nbsp;&nbsp;disphex_asc_le
<LI><a href="#[88]">&gt;&gt;</a>&nbsp;&nbsp;&nbsp;ClearDisBuff
<LI><a href="#[8a]">&gt;&gt;</a>&nbsp;&nbsp;&nbsp;strncpy
</UL>
<BR>[Address Reference Count : 1]<UL><LI> menu.o(.data)
</UL>
<P><STRONG><a name="[f]"></a>lcd_menu_thirteen</STRONG> (Thumb, 284 bytes, Stack size 16 bytes, menu.o(.text))
<BR><BR>[Stack]<UL><LI>Max Depth = 156<LI>Call Chain = lcd_menu_thirteen &rArr; kp_menucur &rArr; lcd_wrstring &rArr; lcd_wru8 &rArr; write_reg &rArr; write_com &rArr; check_sta01
</UL>
<BR>[Calls]<UL><LI><a href="#[5c]">&gt;&gt;</a>&nbsp;&nbsp;&nbsp;lcd_wrstring
<LI><a href="#[86]">&gt;&gt;</a>&nbsp;&nbsp;&nbsp;kp_menucur
<LI><a href="#[84]">&gt;&gt;</a>&nbsp;&nbsp;&nbsp;lcd_lastline
<LI><a href="#[7f]">&gt;&gt;</a>&nbsp;&nbsp;&nbsp;disphex_asc_le
<LI><a href="#[88]">&gt;&gt;</a>&nbsp;&nbsp;&nbsp;ClearDisBuff
<LI><a href="#[8a]">&gt;&gt;</a>&nbsp;&nbsp;&nbsp;strncpy
</UL>
<BR>[Address Reference Count : 1]<UL><LI> menu.o(.data)
</UL>
<P><STRONG><a name="[10]"></a>lcd_menu_fourteen</STRONG> (Thumb, 804 bytes, Stack size 16 bytes, menu.o(.text))
<BR><BR>[Stack]<UL><LI>Max Depth = 156<LI>Call Chain = lcd_menu_fourteen &rArr; kp_menucur &rArr; lcd_wrstring &rArr; lcd_wru8 &rArr; write_reg &rArr; write_com &rArr; check_sta01
</UL>
<BR>[Calls]<UL><LI><a href="#[82]">&gt;&gt;</a>&nbsp;&nbsp;&nbsp;lcd_wrstring_num
<LI><a href="#[5c]">&gt;&gt;</a>&nbsp;&nbsp;&nbsp;lcd_wrstring
<LI><a href="#[86]">&gt;&gt;</a>&nbsp;&nbsp;&nbsp;kp_menucur
<LI><a href="#[84]">&gt;&gt;</a>&nbsp;&nbsp;&nbsp;lcd_lastline
<LI><a href="#[7f]">&gt;&gt;</a>&nbsp;&nbsp;&nbsp;disphex_asc_le
<LI><a href="#[88]">&gt;&gt;</a>&nbsp;&nbsp;&nbsp;ClearDisBuff
<LI><a href="#[8a]">&gt;&gt;</a>&nbsp;&nbsp;&nbsp;strncpy
</UL>
<BR>[Address Reference Count : 1]<UL><LI> menu.o(.data)
</UL>
<P><STRONG><a name="[11]"></a>lcd_menu_fifteen</STRONG> (Thumb, 180 bytes, Stack size 16 bytes, menu.o(.text))
<BR><BR>[Stack]<UL><LI>Max Depth = 156<LI>Call Chain = lcd_menu_fifteen &rArr; kp_menucur &rArr; lcd_wrstring &rArr; lcd_wru8 &rArr; write_reg &rArr; write_com &rArr; check_sta01
</UL>
<BR>[Calls]<UL><LI><a href="#[5c]">&gt;&gt;</a>&nbsp;&nbsp;&nbsp;lcd_wrstring
<LI><a href="#[86]">&gt;&gt;</a>&nbsp;&nbsp;&nbsp;kp_menucur
<LI><a href="#[84]">&gt;&gt;</a>&nbsp;&nbsp;&nbsp;lcd_lastline
<LI><a href="#[88]">&gt;&gt;</a>&nbsp;&nbsp;&nbsp;ClearDisBuff
<LI><a href="#[8a]">&gt;&gt;</a>&nbsp;&nbsp;&nbsp;strncpy
</UL>
<BR>[Address Reference Count : 1]<UL><LI> menu.o(.data)
</UL>
<P><STRONG><a name="[12]"></a>lcd_menu_sixteen</STRONG> (Thumb, 180 bytes, Stack size 16 bytes, menu.o(.text))
<BR><BR>[Stack]<UL><LI>Max Depth = 156<LI>Call Chain = lcd_menu_sixteen &rArr; kp_menucur &rArr; lcd_wrstring &rArr; lcd_wru8 &rArr; write_reg &rArr; write_com &rArr; check_sta01
</UL>
<BR>[Calls]<UL><LI><a href="#[5c]">&gt;&gt;</a>&nbsp;&nbsp;&nbsp;lcd_wrstring
<LI><a href="#[86]">&gt;&gt;</a>&nbsp;&nbsp;&nbsp;kp_menucur
<LI><a href="#[84]">&gt;&gt;</a>&nbsp;&nbsp;&nbsp;lcd_lastline
<LI><a href="#[88]">&gt;&gt;</a>&nbsp;&nbsp;&nbsp;ClearDisBuff
<LI><a href="#[8a]">&gt;&gt;</a>&nbsp;&nbsp;&nbsp;strncpy
</UL>
<BR>[Address Reference Count : 1]<UL><LI> menu.o(.data)
</UL>
<P><STRONG><a name="[92]"></a>course_auto_manual_mode</STRONG> (Thumb, 3992 bytes, Stack size 8 bytes, menu.o(.text))
<BR><BR>[Stack]<UL><LI>Max Depth = 8<LI>Call Chain = course_auto_manual_mode
</UL>
<BR>[Calls]<UL><LI><a href="#[5e]">&gt;&gt;</a>&nbsp;&nbsp;&nbsp;delay
</UL>
<BR>[Called By]<UL><LI><a href="#[94]">&gt;&gt;</a>&nbsp;&nbsp;&nbsp;Auto_WashPro
</UL>

<P><STRONG><a name="[93]"></a>main_program_pro</STRONG> (Thumb, 2970 bytes, Stack size 32 bytes, menu.o(.text))
<BR><BR>[Stack]<UL><LI>Max Depth = 72<LI>Call Chain = main_program_pro &rArr; AT24CXX_ReadOneByte &rArr; IIC_Read_Byte &rArr; IIC_NAck
</UL>
<BR>[Calls]<UL><LI><a href="#[6e]">&gt;&gt;</a>&nbsp;&nbsp;&nbsp;AT24CXX_ReadOneByte
</UL>
<BR>[Called By]<UL><LI><a href="#[94]">&gt;&gt;</a>&nbsp;&nbsp;&nbsp;Auto_WashPro
</UL>

<P><STRONG><a name="[94]"></a>Auto_WashPro</STRONG> (Thumb, 826 bytes, Stack size 8 bytes, menu.o(.text))
<BR><BR>[Stack]<UL><LI>Max Depth = 80<LI>Call Chain = Auto_WashPro &rArr; main_program_pro &rArr; AT24CXX_ReadOneByte &rArr; IIC_Read_Byte &rArr; IIC_NAck
</UL>
<BR>[Calls]<UL><LI><a href="#[93]">&gt;&gt;</a>&nbsp;&nbsp;&nbsp;main_program_pro
<LI><a href="#[92]">&gt;&gt;</a>&nbsp;&nbsp;&nbsp;course_auto_manual_mode
</UL>
<BR>[Called By]<UL><LI><a href="#[55]">&gt;&gt;</a>&nbsp;&nbsp;&nbsp;main
</UL>

<P><STRONG><a name="[a2]"></a>handshake_pro</STRONG> (Thumb, 28 bytes, Stack size 0 bytes, menu.o(.text))
<BR><BR>[Called By]<UL><LI><a href="#[55]">&gt;&gt;</a>&nbsp;&nbsp;&nbsp;main
</UL>

<P><STRONG><a name="[95]"></a>fault_dis_pro</STRONG> (Thumb, 1084 bytes, Stack size 32 bytes, menu.o(.text))
<BR><BR>[Stack]<UL><LI>Max Depth = 72<LI>Call Chain = fault_dis_pro &rArr; AT24CXX_ReadOneByte &rArr; IIC_Read_Byte &rArr; IIC_NAck
</UL>
<BR>[Calls]<UL><LI><a href="#[5d]">&gt;&gt;</a>&nbsp;&nbsp;&nbsp;AT24CXX_WriteOneByte
<LI><a href="#[6e]">&gt;&gt;</a>&nbsp;&nbsp;&nbsp;AT24CXX_ReadOneByte
</UL>
<BR>[Called By]<UL><LI><a href="#[55]">&gt;&gt;</a>&nbsp;&nbsp;&nbsp;main
</UL>

<P><STRONG><a name="[a3]"></a>ini_data</STRONG> (Thumb, 54 bytes, Stack size 0 bytes, main.o(.text))
<BR><BR>[Called By]<UL><LI><a href="#[55]">&gt;&gt;</a>&nbsp;&nbsp;&nbsp;main
</UL>

<P><STRONG><a name="[55]"></a>main</STRONG> (Thumb, 242 bytes, Stack size 0 bytes, main.o(.text))
<BR><BR>[Stack]<UL><LI>Max Depth = 272<LI>Call Chain = main &rArr; Lcd_KEYPro &rArr; key_lcd_menu_one_handler &rArr; RecoverFactoryPr &rArr; AT24CXX_WriteOneByte &rArr; IIC_Send_Byte
</UL>
<BR>[Calls]<UL><LI><a href="#[9c]">&gt;&gt;</a>&nbsp;&nbsp;&nbsp;usart_config
<LI><a href="#[9f]">&gt;&gt;</a>&nbsp;&nbsp;&nbsp;usart_WriteRegister
<LI><a href="#[a4]">&gt;&gt;</a>&nbsp;&nbsp;&nbsp;sub_buzz
<LI><a href="#[a1]">&gt;&gt;</a>&nbsp;&nbsp;&nbsp;modbus_dataUnpack_host
<LI><a href="#[99]">&gt;&gt;</a>&nbsp;&nbsp;&nbsp;init_sap1024
<LI><a href="#[98]">&gt;&gt;</a>&nbsp;&nbsp;&nbsp;init_LCD
<LI><a href="#[a0]">&gt;&gt;</a>&nbsp;&nbsp;&nbsp;delay_ms
<LI><a href="#[96]">&gt;&gt;</a>&nbsp;&nbsp;&nbsp;delay_init
<LI><a href="#[9d]">&gt;&gt;</a>&nbsp;&nbsp;&nbsp;Timerx_Init
<LI><a href="#[48]">&gt;&gt;</a>&nbsp;&nbsp;&nbsp;SystemInit
<LI><a href="#[9b]">&gt;&gt;</a>&nbsp;&nbsp;&nbsp;SysPrInit
<LI><a href="#[9e]">&gt;&gt;</a>&nbsp;&nbsp;&nbsp;NVIC_Configuration
<LI><a href="#[97]">&gt;&gt;</a>&nbsp;&nbsp;&nbsp;GPIOInit
<LI><a href="#[9a]">&gt;&gt;</a>&nbsp;&nbsp;&nbsp;AT24CXX_Init
<LI><a href="#[a3]">&gt;&gt;</a>&nbsp;&nbsp;&nbsp;ini_data
<LI><a href="#[5c]">&gt;&gt;</a>&nbsp;&nbsp;&nbsp;lcd_wrstring
<LI><a href="#[95]">&gt;&gt;</a>&nbsp;&nbsp;&nbsp;fault_dis_pro
<LI><a href="#[a2]">&gt;&gt;</a>&nbsp;&nbsp;&nbsp;handshake_pro
<LI><a href="#[94]">&gt;&gt;</a>&nbsp;&nbsp;&nbsp;Auto_WashPro
<LI><a href="#[8e]">&gt;&gt;</a>&nbsp;&nbsp;&nbsp;LCDDisplay
<LI><a href="#[6f]">&gt;&gt;</a>&nbsp;&nbsp;&nbsp;Lcd_KEYPro
<LI><a href="#[7e]">&gt;&gt;</a>&nbsp;&nbsp;&nbsp;sendtobuff
</UL>
<BR>[Called By]<UL><LI><a href="#[54]">&gt;&gt;</a>&nbsp;&nbsp;&nbsp;__rt_entry_main
</UL>

<P><STRONG><a name="[97]"></a>GPIOInit</STRONG> (Thumb, 208 bytes, Stack size 0 bytes, systeminit.o(.text))
<BR><BR>[Called By]<UL><LI><a href="#[55]">&gt;&gt;</a>&nbsp;&nbsp;&nbsp;main
</UL>

<P><STRONG><a name="[9e]"></a>NVIC_Configuration</STRONG> (Thumb, 60 bytes, Stack size 8 bytes, timer.o(.text))
<BR><BR>[Stack]<UL><LI>Max Depth = 24<LI>Call Chain = NVIC_Configuration &rArr; NVIC_Init
</UL>
<BR>[Calls]<UL><LI><a href="#[a5]">&gt;&gt;</a>&nbsp;&nbsp;&nbsp;NVIC_Init
</UL>
<BR>[Called By]<UL><LI><a href="#[55]">&gt;&gt;</a>&nbsp;&nbsp;&nbsp;main
</UL>

<P><STRONG><a name="[9d]"></a>Timerx_Init</STRONG> (Thumb, 68 bytes, Stack size 24 bytes, timer.o(.text))
<BR><BR>[Stack]<UL><LI>Max Depth = 24<LI>Call Chain = Timerx_Init
</UL>
<BR>[Calls]<UL><LI><a href="#[a7]">&gt;&gt;</a>&nbsp;&nbsp;&nbsp;TIM_TimeBaseInit
<LI><a href="#[a8]">&gt;&gt;</a>&nbsp;&nbsp;&nbsp;TIM_ITConfig
<LI><a href="#[a9]">&gt;&gt;</a>&nbsp;&nbsp;&nbsp;TIM_Cmd
<LI><a href="#[a6]">&gt;&gt;</a>&nbsp;&nbsp;&nbsp;RCC_APB1PeriphClockCmd
</UL>
<BR>[Called By]<UL><LI><a href="#[55]">&gt;&gt;</a>&nbsp;&nbsp;&nbsp;main
</UL>

<P><STRONG><a name="[3a]"></a>TIM3_IRQHandler</STRONG> (Thumb, 1188 bytes, Stack size 8 bytes, timer.o(.text))
<BR><BR>[Stack]<UL><LI>Max Depth = 80<LI>Call Chain = TIM3_IRQHandler &rArr; sub_DataHandle &rArr; get_T_from_R &rArr; __aeabi_cfcmple
</UL>
<BR>[Calls]<UL><LI><a href="#[af]">&gt;&gt;</a>&nbsp;&nbsp;&nbsp;usart_WriteMultipleRegister
<LI><a href="#[ad]">&gt;&gt;</a>&nbsp;&nbsp;&nbsp;usart_ReadRegister
<LI><a href="#[b0]">&gt;&gt;</a>&nbsp;&nbsp;&nbsp;sub_InputStates
<LI><a href="#[b1]">&gt;&gt;</a>&nbsp;&nbsp;&nbsp;sub_DataHandle
<LI><a href="#[ae]">&gt;&gt;</a>&nbsp;&nbsp;&nbsp;putCommSend
<LI><a href="#[aa]">&gt;&gt;</a>&nbsp;&nbsp;&nbsp;TIM_GetITStatus
<LI><a href="#[ab]">&gt;&gt;</a>&nbsp;&nbsp;&nbsp;TIM_ClearITPendingBit
<LI><a href="#[ac]">&gt;&gt;</a>&nbsp;&nbsp;&nbsp;KeyScan
<LI><a href="#[9f]">&gt;&gt;</a>&nbsp;&nbsp;&nbsp;usart_WriteRegister
<LI><a href="#[a1]">&gt;&gt;</a>&nbsp;&nbsp;&nbsp;modbus_dataUnpack_host
</UL>
<BR>[Address Reference Count : 1]<UL><LI> startup_stm32f10x_md.o(RESET)
</UL>
<P><STRONG><a name="[9c]"></a>usart_config</STRONG> (Thumb, 192 bytes, Stack size 32 bytes, usart.o(.text))
<BR><BR>[Stack]<UL><LI>Max Depth = 100<LI>Call Chain = usart_config &rArr; USART_Init &rArr; RCC_GetClocksFreq
</UL>
<BR>[Calls]<UL><LI><a href="#[b4]">&gt;&gt;</a>&nbsp;&nbsp;&nbsp;USART_Init
<LI><a href="#[b5]">&gt;&gt;</a>&nbsp;&nbsp;&nbsp;USART_ITConfig
<LI><a href="#[b6]">&gt;&gt;</a>&nbsp;&nbsp;&nbsp;USART_Cmd
<LI><a href="#[b2]">&gt;&gt;</a>&nbsp;&nbsp;&nbsp;RCC_APB2PeriphClockCmd
<LI><a href="#[b3]">&gt;&gt;</a>&nbsp;&nbsp;&nbsp;GPIO_Init
<LI><a href="#[a5]">&gt;&gt;</a>&nbsp;&nbsp;&nbsp;NVIC_Init
<LI><a href="#[5e]">&gt;&gt;</a>&nbsp;&nbsp;&nbsp;delay
</UL>
<BR>[Called By]<UL><LI><a href="#[55]">&gt;&gt;</a>&nbsp;&nbsp;&nbsp;main
</UL>

<P><STRONG><a name="[42]"></a>USART1_IRQHandler</STRONG> (Thumb, 156 bytes, Stack size 8 bytes, usart.o(.text))
<BR><BR>[Stack]<UL><LI>Max Depth = 28<LI>Call Chain = USART1_IRQHandler &rArr; USART_ITConfig
</UL>
<BR>[Calls]<UL><LI><a href="#[b9]">&gt;&gt;</a>&nbsp;&nbsp;&nbsp;USART_SendData
<LI><a href="#[b8]">&gt;&gt;</a>&nbsp;&nbsp;&nbsp;USART_ReceiveData
<LI><a href="#[b5]">&gt;&gt;</a>&nbsp;&nbsp;&nbsp;USART_ITConfig
<LI><a href="#[b7]">&gt;&gt;</a>&nbsp;&nbsp;&nbsp;USART_GetITStatus
<LI><a href="#[5e]">&gt;&gt;</a>&nbsp;&nbsp;&nbsp;delay
</UL>
<BR>[Address Reference Count : 1]<UL><LI> startup_stm32f10x_md.o(RESET)
</UL>
<P><STRONG><a name="[ad]"></a>usart_ReadRegister</STRONG> (Thumb, 110 bytes, Stack size 16 bytes, usart.o(.text))
<BR><BR>[Stack]<UL><LI>Max Depth = 36<LI>Call Chain = usart_ReadRegister &rArr; USART_ITConfig
</UL>
<BR>[Calls]<UL><LI><a href="#[ba]">&gt;&gt;</a>&nbsp;&nbsp;&nbsp;crc16
<LI><a href="#[b5]">&gt;&gt;</a>&nbsp;&nbsp;&nbsp;USART_ITConfig
<LI><a href="#[5e]">&gt;&gt;</a>&nbsp;&nbsp;&nbsp;delay
</UL>
<BR>[Called By]<UL><LI><a href="#[3a]">&gt;&gt;</a>&nbsp;&nbsp;&nbsp;TIM3_IRQHandler
</UL>

<P><STRONG><a name="[9f]"></a>usart_WriteRegister</STRONG> (Thumb, 110 bytes, Stack size 16 bytes, usart.o(.text))
<BR><BR>[Stack]<UL><LI>Max Depth = 36<LI>Call Chain = usart_WriteRegister &rArr; USART_ITConfig
</UL>
<BR>[Calls]<UL><LI><a href="#[ba]">&gt;&gt;</a>&nbsp;&nbsp;&nbsp;crc16
<LI><a href="#[b5]">&gt;&gt;</a>&nbsp;&nbsp;&nbsp;USART_ITConfig
<LI><a href="#[5e]">&gt;&gt;</a>&nbsp;&nbsp;&nbsp;delay
</UL>
<BR>[Called By]<UL><LI><a href="#[3a]">&gt;&gt;</a>&nbsp;&nbsp;&nbsp;TIM3_IRQHandler
<LI><a href="#[55]">&gt;&gt;</a>&nbsp;&nbsp;&nbsp;main
</UL>

<P><STRONG><a name="[af]"></a>usart_WriteMultipleRegister</STRONG> (Thumb, 198 bytes, Stack size 24 bytes, usart.o(.text))
<BR><BR>[Stack]<UL><LI>Max Depth = 44<LI>Call Chain = usart_WriteMultipleRegister &rArr; USART_ITConfig
</UL>
<BR>[Calls]<UL><LI><a href="#[ba]">&gt;&gt;</a>&nbsp;&nbsp;&nbsp;crc16
<LI><a href="#[b5]">&gt;&gt;</a>&nbsp;&nbsp;&nbsp;USART_ITConfig
<LI><a href="#[5e]">&gt;&gt;</a>&nbsp;&nbsp;&nbsp;delay
</UL>
<BR>[Called By]<UL><LI><a href="#[3a]">&gt;&gt;</a>&nbsp;&nbsp;&nbsp;TIM3_IRQHandler
</UL>

<P><STRONG><a name="[a1]"></a>modbus_dataUnpack_host</STRONG> (Thumb, 844 bytes, Stack size 32 bytes, usart.o(.text))
<BR><BR>[Stack]<UL><LI>Max Depth = 48<LI>Call Chain = modbus_dataUnpack_host &rArr; crc16
</UL>
<BR>[Calls]<UL><LI><a href="#[ba]">&gt;&gt;</a>&nbsp;&nbsp;&nbsp;crc16
</UL>
<BR>[Called By]<UL><LI><a href="#[3a]">&gt;&gt;</a>&nbsp;&nbsp;&nbsp;TIM3_IRQHandler
<LI><a href="#[55]">&gt;&gt;</a>&nbsp;&nbsp;&nbsp;main
</UL>

<P><STRONG><a name="[6a]"></a>RecoverFactoryPr</STRONG> (Thumb, 92 bytes, Stack size 216 bytes, syspr.o(.text))
<BR><BR>[Stack]<UL><LI>Max Depth = 248<LI>Call Chain = RecoverFactoryPr &rArr; AT24CXX_WriteOneByte &rArr; IIC_Send_Byte
</UL>
<BR>[Calls]<UL><LI><a href="#[5d]">&gt;&gt;</a>&nbsp;&nbsp;&nbsp;AT24CXX_WriteOneByte
</UL>
<BR>[Called By]<UL><LI><a href="#[9b]">&gt;&gt;</a>&nbsp;&nbsp;&nbsp;SysPrInit
<LI><a href="#[69]">&gt;&gt;</a>&nbsp;&nbsp;&nbsp;key_lcd_menu_one_handler
</UL>

<P><STRONG><a name="[6b]"></a>Init_Procedure</STRONG> (Thumb, 264 bytes, Stack size 24 bytes, syspr.o(.text))
<BR><BR>[Stack]<UL><LI>Max Depth = 56<LI>Call Chain = Init_Procedure &rArr; AT24CXX_WriteOneByte &rArr; IIC_Send_Byte
</UL>
<BR>[Calls]<UL><LI><a href="#[5d]">&gt;&gt;</a>&nbsp;&nbsp;&nbsp;AT24CXX_WriteOneByte
</UL>
<BR>[Called By]<UL><LI><a href="#[69]">&gt;&gt;</a>&nbsp;&nbsp;&nbsp;key_lcd_menu_one_handler
</UL>

<P><STRONG><a name="[14f]"></a>init_SoftWareVison</STRONG> (Thumb, 2 bytes, Stack size 0 bytes, syspr.o(.text), UNUSED)

<P><STRONG><a name="[bb]"></a>init_userPr</STRONG> (Thumb, 152 bytes, Stack size 24 bytes, syspr.o(.text))
<BR><BR>[Stack]<UL><LI>Max Depth = 64<LI>Call Chain = init_userPr &rArr; AT24CXX_ReadOneByte &rArr; IIC_Read_Byte &rArr; IIC_NAck
</UL>
<BR>[Calls]<UL><LI><a href="#[6e]">&gt;&gt;</a>&nbsp;&nbsp;&nbsp;AT24CXX_ReadOneByte
</UL>
<BR>[Called By]<UL><LI><a href="#[9b]">&gt;&gt;</a>&nbsp;&nbsp;&nbsp;SysPrInit
</UL>

<P><STRONG><a name="[9b]"></a>SysPrInit</STRONG> (Thumb, 70 bytes, Stack size 16 bytes, syspr.o(.text))
<BR><BR>[Stack]<UL><LI>Max Depth = 264<LI>Call Chain = SysPrInit &rArr; RecoverFactoryPr &rArr; AT24CXX_WriteOneByte &rArr; IIC_Send_Byte
</UL>
<BR>[Calls]<UL><LI><a href="#[bb]">&gt;&gt;</a>&nbsp;&nbsp;&nbsp;init_userPr
<LI><a href="#[5c]">&gt;&gt;</a>&nbsp;&nbsp;&nbsp;lcd_wrstring
<LI><a href="#[6a]">&gt;&gt;</a>&nbsp;&nbsp;&nbsp;RecoverFactoryPr
<LI><a href="#[5d]">&gt;&gt;</a>&nbsp;&nbsp;&nbsp;AT24CXX_WriteOneByte
<LI><a href="#[6e]">&gt;&gt;</a>&nbsp;&nbsp;&nbsp;AT24CXX_ReadOneByte
</UL>
<BR>[Called By]<UL><LI><a href="#[55]">&gt;&gt;</a>&nbsp;&nbsp;&nbsp;main
</UL>

<P><STRONG><a name="[bc]"></a>IIC_Init</STRONG> (Thumb, 50 bytes, Stack size 8 bytes, iic.o(.text))
<BR><BR>[Stack]<UL><LI>Max Depth = 32<LI>Call Chain = IIC_Init &rArr; GPIO_Init
</UL>
<BR>[Calls]<UL><LI><a href="#[b2]">&gt;&gt;</a>&nbsp;&nbsp;&nbsp;RCC_APB2PeriphClockCmd
<LI><a href="#[b3]">&gt;&gt;</a>&nbsp;&nbsp;&nbsp;GPIO_Init
</UL>
<BR>[Called By]<UL><LI><a href="#[9a]">&gt;&gt;</a>&nbsp;&nbsp;&nbsp;AT24CXX_Init
</UL>

<P><STRONG><a name="[bd]"></a>IIC_Start2</STRONG> (Thumb, 68 bytes, Stack size 8 bytes, iic.o(.text), UNUSED)
<BR><BR>[Calls]<UL><LI><a href="#[be]">&gt;&gt;</a>&nbsp;&nbsp;&nbsp;delay_us
</UL>

<P><STRONG><a name="[bf]"></a>IIC_Start</STRONG> (Thumb, 84 bytes, Stack size 8 bytes, iic.o(.text))
<BR><BR>[Stack]<UL><LI>Max Depth = 8<LI>Call Chain = IIC_Start
</UL>
<BR>[Calls]<UL><LI><a href="#[be]">&gt;&gt;</a>&nbsp;&nbsp;&nbsp;delay_us
</UL>
<BR>[Called By]<UL><LI><a href="#[5d]">&gt;&gt;</a>&nbsp;&nbsp;&nbsp;AT24CXX_WriteOneByte
<LI><a href="#[6e]">&gt;&gt;</a>&nbsp;&nbsp;&nbsp;AT24CXX_ReadOneByte
</UL>

<P><STRONG><a name="[c0]"></a>IIC_Stop2</STRONG> (Thumb, 62 bytes, Stack size 8 bytes, iic.o(.text), UNUSED)
<BR><BR>[Calls]<UL><LI><a href="#[be]">&gt;&gt;</a>&nbsp;&nbsp;&nbsp;delay_us
</UL>

<P><STRONG><a name="[c1]"></a>IIC_Stop</STRONG> (Thumb, 90 bytes, Stack size 8 bytes, iic.o(.text))
<BR><BR>[Stack]<UL><LI>Max Depth = 8<LI>Call Chain = IIC_Stop
</UL>
<BR>[Calls]<UL><LI><a href="#[be]">&gt;&gt;</a>&nbsp;&nbsp;&nbsp;delay_us
</UL>
<BR>[Called By]<UL><LI><a href="#[c2]">&gt;&gt;</a>&nbsp;&nbsp;&nbsp;IIC_Wait_Ack
<LI><a href="#[5d]">&gt;&gt;</a>&nbsp;&nbsp;&nbsp;AT24CXX_WriteOneByte
<LI><a href="#[6e]">&gt;&gt;</a>&nbsp;&nbsp;&nbsp;AT24CXX_ReadOneByte
</UL>

<P><STRONG><a name="[c2]"></a>IIC_Wait_Ack</STRONG> (Thumb, 86 bytes, Stack size 8 bytes, iic.o(.text))
<BR><BR>[Stack]<UL><LI>Max Depth = 16<LI>Call Chain = IIC_Wait_Ack &rArr; IIC_Stop
</UL>
<BR>[Calls]<UL><LI><a href="#[be]">&gt;&gt;</a>&nbsp;&nbsp;&nbsp;delay_us
<LI><a href="#[c1]">&gt;&gt;</a>&nbsp;&nbsp;&nbsp;IIC_Stop
</UL>
<BR>[Called By]<UL><LI><a href="#[5d]">&gt;&gt;</a>&nbsp;&nbsp;&nbsp;AT24CXX_WriteOneByte
<LI><a href="#[6e]">&gt;&gt;</a>&nbsp;&nbsp;&nbsp;AT24CXX_ReadOneByte
</UL>

<P><STRONG><a name="[c3]"></a>IIC_Ack</STRONG> (Thumb, 66 bytes, Stack size 8 bytes, iic.o(.text))
<BR><BR>[Stack]<UL><LI>Max Depth = 8<LI>Call Chain = IIC_Ack
</UL>
<BR>[Calls]<UL><LI><a href="#[be]">&gt;&gt;</a>&nbsp;&nbsp;&nbsp;delay_us
</UL>
<BR>[Called By]<UL><LI><a href="#[c6]">&gt;&gt;</a>&nbsp;&nbsp;&nbsp;IIC_Read_Byte
</UL>

<P><STRONG><a name="[c4]"></a>IIC_NAck</STRONG> (Thumb, 66 bytes, Stack size 8 bytes, iic.o(.text))
<BR><BR>[Stack]<UL><LI>Max Depth = 8<LI>Call Chain = IIC_NAck
</UL>
<BR>[Calls]<UL><LI><a href="#[be]">&gt;&gt;</a>&nbsp;&nbsp;&nbsp;delay_us
</UL>
<BR>[Called By]<UL><LI><a href="#[c6]">&gt;&gt;</a>&nbsp;&nbsp;&nbsp;IIC_Read_Byte
</UL>

<P><STRONG><a name="[c5]"></a>IIC_Send_Byte</STRONG> (Thumb, 90 bytes, Stack size 16 bytes, iic.o(.text))
<BR><BR>[Stack]<UL><LI>Max Depth = 16<LI>Call Chain = IIC_Send_Byte
</UL>
<BR>[Calls]<UL><LI><a href="#[be]">&gt;&gt;</a>&nbsp;&nbsp;&nbsp;delay_us
</UL>
<BR>[Called By]<UL><LI><a href="#[5d]">&gt;&gt;</a>&nbsp;&nbsp;&nbsp;AT24CXX_WriteOneByte
<LI><a href="#[6e]">&gt;&gt;</a>&nbsp;&nbsp;&nbsp;AT24CXX_ReadOneByte
</UL>

<P><STRONG><a name="[c6]"></a>IIC_Read_Byte</STRONG> (Thumb, 98 bytes, Stack size 16 bytes, iic.o(.text))
<BR><BR>[Stack]<UL><LI>Max Depth = 24<LI>Call Chain = IIC_Read_Byte &rArr; IIC_NAck
</UL>
<BR>[Calls]<UL><LI><a href="#[be]">&gt;&gt;</a>&nbsp;&nbsp;&nbsp;delay_us
<LI><a href="#[c4]">&gt;&gt;</a>&nbsp;&nbsp;&nbsp;IIC_NAck
<LI><a href="#[c3]">&gt;&gt;</a>&nbsp;&nbsp;&nbsp;IIC_Ack
</UL>
<BR>[Called By]<UL><LI><a href="#[6e]">&gt;&gt;</a>&nbsp;&nbsp;&nbsp;AT24CXX_ReadOneByte
</UL>

<P><STRONG><a name="[9a]"></a>AT24CXX_Init</STRONG> (Thumb, 8 bytes, Stack size 8 bytes, 24cxx.o(.text))
<BR><BR>[Stack]<UL><LI>Max Depth = 40<LI>Call Chain = AT24CXX_Init &rArr; IIC_Init &rArr; GPIO_Init
</UL>
<BR>[Calls]<UL><LI><a href="#[bc]">&gt;&gt;</a>&nbsp;&nbsp;&nbsp;IIC_Init
</UL>
<BR>[Called By]<UL><LI><a href="#[55]">&gt;&gt;</a>&nbsp;&nbsp;&nbsp;main
</UL>

<P><STRONG><a name="[6e]"></a>AT24CXX_ReadOneByte</STRONG> (Thumb, 84 bytes, Stack size 16 bytes, 24cxx.o(.text))
<BR><BR>[Stack]<UL><LI>Max Depth = 40<LI>Call Chain = AT24CXX_ReadOneByte &rArr; IIC_Read_Byte &rArr; IIC_NAck
</UL>
<BR>[Calls]<UL><LI><a href="#[c6]">&gt;&gt;</a>&nbsp;&nbsp;&nbsp;IIC_Read_Byte
<LI><a href="#[c5]">&gt;&gt;</a>&nbsp;&nbsp;&nbsp;IIC_Send_Byte
<LI><a href="#[c2]">&gt;&gt;</a>&nbsp;&nbsp;&nbsp;IIC_Wait_Ack
<LI><a href="#[c1]">&gt;&gt;</a>&nbsp;&nbsp;&nbsp;IIC_Stop
<LI><a href="#[bf]">&gt;&gt;</a>&nbsp;&nbsp;&nbsp;IIC_Start
</UL>
<BR>[Called By]<UL><LI><a href="#[ca]">&gt;&gt;</a>&nbsp;&nbsp;&nbsp;AT24CXX_Read
<LI><a href="#[c9]">&gt;&gt;</a>&nbsp;&nbsp;&nbsp;AT24CXX_Check
<LI><a href="#[c8]">&gt;&gt;</a>&nbsp;&nbsp;&nbsp;AT24CXX_ReadLenByte
<LI><a href="#[bb]">&gt;&gt;</a>&nbsp;&nbsp;&nbsp;init_userPr
<LI><a href="#[9b]">&gt;&gt;</a>&nbsp;&nbsp;&nbsp;SysPrInit
<LI><a href="#[95]">&gt;&gt;</a>&nbsp;&nbsp;&nbsp;fault_dis_pro
<LI><a href="#[93]">&gt;&gt;</a>&nbsp;&nbsp;&nbsp;main_program_pro
<LI><a href="#[87]">&gt;&gt;</a>&nbsp;&nbsp;&nbsp;menu_fault_page
<LI><a href="#[85]">&gt;&gt;</a>&nbsp;&nbsp;&nbsp;menu_set_program
<LI><a href="#[6d]">&gt;&gt;</a>&nbsp;&nbsp;&nbsp;key_mainmenu_handler
</UL>

<P><STRONG><a name="[5d]"></a>AT24CXX_WriteOneByte</STRONG> (Thumb, 76 bytes, Stack size 16 bytes, 24cxx.o(.text))
<BR><BR>[Stack]<UL><LI>Max Depth = 32<LI>Call Chain = AT24CXX_WriteOneByte &rArr; IIC_Send_Byte
</UL>
<BR>[Calls]<UL><LI><a href="#[c5]">&gt;&gt;</a>&nbsp;&nbsp;&nbsp;IIC_Send_Byte
<LI><a href="#[c2]">&gt;&gt;</a>&nbsp;&nbsp;&nbsp;IIC_Wait_Ack
<LI><a href="#[c1]">&gt;&gt;</a>&nbsp;&nbsp;&nbsp;IIC_Stop
<LI><a href="#[bf]">&gt;&gt;</a>&nbsp;&nbsp;&nbsp;IIC_Start
<LI><a href="#[a0]">&gt;&gt;</a>&nbsp;&nbsp;&nbsp;delay_ms
</UL>
<BR>[Called By]<UL><LI><a href="#[cb]">&gt;&gt;</a>&nbsp;&nbsp;&nbsp;AT24CXX_Write
<LI><a href="#[c9]">&gt;&gt;</a>&nbsp;&nbsp;&nbsp;AT24CXX_Check
<LI><a href="#[c7]">&gt;&gt;</a>&nbsp;&nbsp;&nbsp;AT24CXX_WriteLenByte
<LI><a href="#[9b]">&gt;&gt;</a>&nbsp;&nbsp;&nbsp;SysPrInit
<LI><a href="#[6a]">&gt;&gt;</a>&nbsp;&nbsp;&nbsp;RecoverFactoryPr
<LI><a href="#[6b]">&gt;&gt;</a>&nbsp;&nbsp;&nbsp;Init_Procedure
<LI><a href="#[95]">&gt;&gt;</a>&nbsp;&nbsp;&nbsp;fault_dis_pro
<LI><a href="#[6c]">&gt;&gt;</a>&nbsp;&nbsp;&nbsp;key_menu_second_page_handler
<LI><a href="#[69]">&gt;&gt;</a>&nbsp;&nbsp;&nbsp;key_lcd_menu_one_handler
<LI><a href="#[68]">&gt;&gt;</a>&nbsp;&nbsp;&nbsp;key_lcd_menu_two_handler
<LI><a href="#[67]">&gt;&gt;</a>&nbsp;&nbsp;&nbsp;key_lcd_menu_three_handler
<LI><a href="#[66]">&gt;&gt;</a>&nbsp;&nbsp;&nbsp;key_lcd_menu_six_handler
<LI><a href="#[65]">&gt;&gt;</a>&nbsp;&nbsp;&nbsp;key_lcd_menu_seven_handler
<LI><a href="#[64]">&gt;&gt;</a>&nbsp;&nbsp;&nbsp;key_lcd_menu_eight_handler
<LI><a href="#[63]">&gt;&gt;</a>&nbsp;&nbsp;&nbsp;key_lcd_menu_nine_handler
<LI><a href="#[62]">&gt;&gt;</a>&nbsp;&nbsp;&nbsp;key_lcd_menu_ten_handler
<LI><a href="#[61]">&gt;&gt;</a>&nbsp;&nbsp;&nbsp;key_lcd_menu_eleven_handler
<LI><a href="#[60]">&gt;&gt;</a>&nbsp;&nbsp;&nbsp;key_lcd_menu_twelve_handler
<LI><a href="#[5f]">&gt;&gt;</a>&nbsp;&nbsp;&nbsp;key_lcd_menu_fourteen_handler
<LI><a href="#[5b]">&gt;&gt;</a>&nbsp;&nbsp;&nbsp;key_menu_save_data_handler
</UL>

<P><STRONG><a name="[c7]"></a>AT24CXX_WriteLenByte</STRONG> (Thumb, 42 bytes, Stack size 24 bytes, 24cxx.o(.text), UNUSED)
<BR><BR>[Calls]<UL><LI><a href="#[5d]">&gt;&gt;</a>&nbsp;&nbsp;&nbsp;AT24CXX_WriteOneByte
</UL>

<P><STRONG><a name="[c8]"></a>AT24CXX_ReadLenByte</STRONG> (Thumb, 44 bytes, Stack size 24 bytes, 24cxx.o(.text), UNUSED)
<BR><BR>[Calls]<UL><LI><a href="#[6e]">&gt;&gt;</a>&nbsp;&nbsp;&nbsp;AT24CXX_ReadOneByte
</UL>

<P><STRONG><a name="[c9]"></a>AT24CXX_Check</STRONG> (Thumb, 52 bytes, Stack size 8 bytes, 24cxx.o(.text), UNUSED)
<BR><BR>[Calls]<UL><LI><a href="#[5d]">&gt;&gt;</a>&nbsp;&nbsp;&nbsp;AT24CXX_WriteOneByte
<LI><a href="#[6e]">&gt;&gt;</a>&nbsp;&nbsp;&nbsp;AT24CXX_ReadOneByte
</UL>

<P><STRONG><a name="[ca]"></a>AT24CXX_Read</STRONG> (Thumb, 34 bytes, Stack size 16 bytes, 24cxx.o(.text), UNUSED)
<BR><BR>[Calls]<UL><LI><a href="#[6e]">&gt;&gt;</a>&nbsp;&nbsp;&nbsp;AT24CXX_ReadOneByte
</UL>

<P><STRONG><a name="[cb]"></a>AT24CXX_Write</STRONG> (Thumb, 36 bytes, Stack size 16 bytes, 24cxx.o(.text), UNUSED)
<BR><BR>[Calls]<UL><LI><a href="#[5d]">&gt;&gt;</a>&nbsp;&nbsp;&nbsp;AT24CXX_WriteOneByte
</UL>

<P><STRONG><a name="[96]"></a>delay_init</STRONG> (Thumb, 52 bytes, Stack size 8 bytes, delay.o(.text))
<BR><BR>[Stack]<UL><LI>Max Depth = 8<LI>Call Chain = delay_init
</UL>
<BR>[Calls]<UL><LI><a href="#[cc]">&gt;&gt;</a>&nbsp;&nbsp;&nbsp;SysTick_CLKSourceConfig
</UL>
<BR>[Called By]<UL><LI><a href="#[55]">&gt;&gt;</a>&nbsp;&nbsp;&nbsp;main
</UL>

<P><STRONG><a name="[a0]"></a>delay_ms</STRONG> (Thumb, 56 bytes, Stack size 0 bytes, delay.o(.text))
<BR><BR>[Called By]<UL><LI><a href="#[d5]">&gt;&gt;</a>&nbsp;&nbsp;&nbsp;RTC_Init
<LI><a href="#[98]">&gt;&gt;</a>&nbsp;&nbsp;&nbsp;init_LCD
<LI><a href="#[55]">&gt;&gt;</a>&nbsp;&nbsp;&nbsp;main
<LI><a href="#[5d]">&gt;&gt;</a>&nbsp;&nbsp;&nbsp;AT24CXX_WriteOneByte
</UL>

<P><STRONG><a name="[be]"></a>delay_us</STRONG> (Thumb, 56 bytes, Stack size 0 bytes, delay.o(.text))
<BR><BR>[Called By]<UL><LI><a href="#[c6]">&gt;&gt;</a>&nbsp;&nbsp;&nbsp;IIC_Read_Byte
<LI><a href="#[c5]">&gt;&gt;</a>&nbsp;&nbsp;&nbsp;IIC_Send_Byte
<LI><a href="#[c4]">&gt;&gt;</a>&nbsp;&nbsp;&nbsp;IIC_NAck
<LI><a href="#[c3]">&gt;&gt;</a>&nbsp;&nbsp;&nbsp;IIC_Ack
<LI><a href="#[c2]">&gt;&gt;</a>&nbsp;&nbsp;&nbsp;IIC_Wait_Ack
<LI><a href="#[c1]">&gt;&gt;</a>&nbsp;&nbsp;&nbsp;IIC_Stop
<LI><a href="#[c0]">&gt;&gt;</a>&nbsp;&nbsp;&nbsp;IIC_Stop2
<LI><a href="#[bf]">&gt;&gt;</a>&nbsp;&nbsp;&nbsp;IIC_Start
<LI><a href="#[bd]">&gt;&gt;</a>&nbsp;&nbsp;&nbsp;IIC_Start2
</UL>

<P><STRONG><a name="[5e]"></a>delay</STRONG> (Thumb, 10 bytes, Stack size 0 bytes, delay.o(.text))
<BR><BR>[Called By]<UL><LI><a href="#[42]">&gt;&gt;</a>&nbsp;&nbsp;&nbsp;USART1_IRQHandler
<LI><a href="#[af]">&gt;&gt;</a>&nbsp;&nbsp;&nbsp;usart_WriteMultipleRegister
<LI><a href="#[ad]">&gt;&gt;</a>&nbsp;&nbsp;&nbsp;usart_ReadRegister
<LI><a href="#[9c]">&gt;&gt;</a>&nbsp;&nbsp;&nbsp;usart_config
<LI><a href="#[9f]">&gt;&gt;</a>&nbsp;&nbsp;&nbsp;usart_WriteRegister
<LI><a href="#[92]">&gt;&gt;</a>&nbsp;&nbsp;&nbsp;course_auto_manual_mode
<LI><a href="#[69]">&gt;&gt;</a>&nbsp;&nbsp;&nbsp;key_lcd_menu_one_handler
<LI><a href="#[5b]">&gt;&gt;</a>&nbsp;&nbsp;&nbsp;key_menu_save_data_handler
</UL>

<P><STRONG><a name="[cd]"></a>RTC_NVIC_Config</STRONG> (Thumb, 34 bytes, Stack size 8 bytes, rtc.o(.text), UNUSED)
<BR><BR>[Calls]<UL><LI><a href="#[a5]">&gt;&gt;</a>&nbsp;&nbsp;&nbsp;NVIC_Init
</UL>
[...]
<BR>[Address Reference Count : 1]<UL><LI> startup_stm32f10x_md.o(RESET)
</UL>
<P><STRONG><a name="[1e]"></a>PVD_IRQHandler</STRONG> (Thumb, 0 bytes, Stack size 0 bytes, startup_stm32f10x_md.o(.text))
<BR>[Address Reference Count : 1]<UL><LI> startup_stm32f10x_md.o(RESET)
</UL>
<P><STRONG><a name="[22]"></a>RCC_IRQHandler</STRONG> (Thumb, 0 bytes, Stack size 0 bytes, startup_stm32f10x_md.o(.text))
<BR>[Address Reference Count : 1]<UL><LI> startup_stm32f10x_md.o(RESET)
</UL>
<P><STRONG><a name="[46]"></a>RTCAlarm_IRQHandler</STRONG> (Thumb, 0 bytes, Stack size 0 bytes, startup_stm32f10x_md.o(.text))
<BR>[Address Reference Count : 1]<UL><LI> startup_stm32f10x_md.o(RESET)
</UL>
<P><STRONG><a name="[40]"></a>SPI1_IRQHandler</STRONG> (Thumb, 0 bytes, Stack size 0 bytes, startup_stm32f10x_md.o(.text))
<BR>[Address Reference Count : 1]<UL><LI> startup_stm32f10x_md.o(RESET)
</UL>
<P><STRONG><a name="[41]"></a>SPI2_IRQHandler</STRONG> (Thumb, 0 bytes, Stack size 0 bytes, startup_stm32f10x_md.o(.text))
<BR>[Address Reference Count : 1]<UL><LI> startup_stm32f10x_md.o(RESET)
</UL>
<P><STRONG><a name="[1f]"></a>TAMPER_IRQHandler</STRONG> (Thumb, 0 bytes, Stack size 0 bytes, startup_stm32f10x_md.o(.text))
<BR>[Address Reference Count : 1]<UL><LI> startup_stm32f10x_md.o(RESET)
</UL>
<P><STRONG><a name="[35]"></a>TIM1_BRK_IRQHandler</STRONG> (Thumb, 0 bytes, Stack size 0 bytes, startup_stm32f10x_md.o(.text))
<BR>[Address Reference Count : 1]<UL><LI> startup_stm32f10x_md.o(RESET)
</UL>
<P><STRONG><a name="[38]"></a>TIM1_CC_IRQHandler</STRONG> (Thumb, 0 bytes, Stack size 0 bytes, startup_stm32f10x_md.o(.text))
<BR>[Address Reference Count : 1]<UL><LI> startup_stm32f10x_md.o(RESET)
</UL>
<P><STRONG><a name="[37]"></a>TIM1_TRG_COM_IRQHandler</STRONG> (Thumb, 0 bytes, Stack size 0 bytes, startup_stm32f10x_md.o(.text))
<BR>[Address Reference Count : 1]<UL><LI> startup_stm32f10x_md.o(RESET)
</UL>
<P><STRONG><a name="[36]"></a>TIM1_UP_IRQHandler</STRONG> (Thumb, 0 bytes, Stack size 0 bytes, startup_stm32f10x_md.o(.text))
<BR>[Address Reference Count : 1]<UL><LI> startup_stm32f10x_md.o(RESET)
</UL>
<P><STRONG><a name="[39]"></a>TIM2_IRQHandler</STRONG> (Thumb, 0 bytes, Stack size 0 bytes, startup_stm32f10x_md.o(.text))
<BR>[Address Reference Count : 1]<UL><LI> startup_stm32f10x_md.o(RESET)
</UL>
<P><STRONG><a name="[3b]"></a>TIM4_IRQHandler</STRONG> (Thumb, 0 bytes, Stack size 0 bytes, startup_stm32f10x_md.o(.text))
<BR>[Address Reference Count : 1]<UL><LI> startup_stm32f10x_md.o(RESET)
</UL>
<P><STRONG><a name="[43]"></a>USART2_IRQHandler</STRONG> (Thumb, 0 bytes, Stack size 0 bytes, startup_stm32f10x_md.o(.text))
<BR>[Address Reference Count : 1]<UL><LI> startup_stm32f10x_md.o(RESET)
</UL>
<P><STRONG><a name="[44]"></a>USART3_IRQHandler</STRONG> (Thumb, 0 bytes, Stack size 0 bytes, startup_stm32f10x_md.o(.text))
<BR>[Address Reference Count : 1]<UL><LI> startup_stm32f10x_md.o(RESET)
</UL>
<P><STRONG><a name="[47]"></a>USBWakeUp_IRQHandler</STRONG> (Thumb, 0 bytes, Stack size 0 bytes, startup_stm32f10x_md.o(.text))
<BR>[Address Reference Count : 1]<UL><LI> startup_stm32f10x_md.o(RESET)
</UL>
<P><STRONG><a name="[30]"></a>USB_HP_CAN1_TX_IRQHandler</STRONG> (Thumb, 0 bytes, Stack size 0 bytes, startup_stm32f10x_md.o(.text))
<BR>[Address Reference Count : 1]<UL><LI> startup_stm32f10x_md.o(RESET)
</UL>
<P><STRONG><a name="[31]"></a>USB_LP_CAN1_RX0_IRQHandler</STRONG> (Thumb, 0 bytes, Stack size 0 bytes, startup_stm32f10x_md.o(.text))
<BR>[Address Reference Count : 1]<UL><LI> startup_stm32f10x_md.o(RESET)
</UL>
<P><STRONG><a name="[1d]"></a>WWDG_IRQHandler</STRONG> (Thumb, 0 bytes, Stack size 0 bytes, startup_stm32f10x_md.o(.text))
<BR>[Address Reference Count : 1]<UL><LI> startup_stm32f10x_md.o(RESET)
</UL>
<P><STRONG><a name="[4c]"></a>__user_initial_stackheap</STRONG> (Thumb, 0 bytes, Stack size unknown bytes, startup_stm32f10x_md.o(.text))
<BR><BR>[Called By]<UL><LI><a href="#[51]">&gt;&gt;</a>&nbsp;&nbsp;&nbsp;__user_setup_stackheap
</UL>

<P><STRONG><a name="[48]"></a>SystemInit</STRONG> (Thumb, 78 bytes, Stack size 8 bytes, system_stm32f10x.o(.text))
<BR><BR>[Stack]<UL><LI>Max Depth = 28<LI>Call Chain = SystemInit &rArr; SetSysClock &rArr; SetSysClockTo72
</UL>
<BR>[Calls]<UL><LI><a href="#[116]">&gt;&gt;</a>&nbsp;&nbsp;&nbsp;SetSysClock
</UL>
<BR>[Called By]<UL><LI><a href="#[55]">&gt;&gt;</a>&nbsp;&nbsp;&nbsp;main
</UL>
<BR>[Address Reference Count : 1]<UL><LI> startup_stm32f10x_md.o(.text)
</UL>
<P><STRONG><a name="[1e8]"></a>SystemCoreClockUpdate</STRONG> (Thumb, 142 bytes, Stack size 8 bytes, system_stm32f10x.o(.text), UNUSED)

<P><STRONG><a name="[14]"></a>NMI_Handler</STRONG> (Thumb, 2 bytes, Stack size 0 bytes, stm32f10x_it.o(.text))
<BR>[Address Reference Count : 1]<UL><LI> startup_stm32f10x_md.o(RESET)
</UL>
<P><STRONG><a name="[15]"></a>HardFault_Handler</STRONG> (Thumb, 4 bytes, Stack size 0 bytes, stm32f10x_it.o(.text))
<BR>[Address Reference Count : 1]<UL><LI> startup_stm32f10x_md.o(RESET)
</UL>
<P><STRONG><a name="[16]"></a>MemManage_Handler</STRONG> (Thumb, 4 bytes, Stack size 0 bytes, stm32f10x_it.o(.text))
<BR>[Address Reference Count : 1]<UL><LI> startup_stm32f10x_md.o(RESET)
</UL>
<P><STRONG><a name="[17]"></a>BusFault_Handler</STRONG> (Thumb, 4 bytes, Stack size 0 bytes, stm32f10x_it.o(.text))
<BR>[Address Reference Count : 1]<UL><LI> startup_stm32f10x_md.o(RESET)
</UL>
<P><STRONG><a name="[18]"></a>UsageFault_Handler</STRONG> (Thumb, 4 bytes, Stack size 0 bytes, stm32f10x_it.o(.text))
<BR>[Address Reference Count : 1]<UL><LI> startup_stm32f10x_md.o(RESET)
</UL>
<P><STRONG><a name="[19]"></a>SVC_Handler</STRONG> (Thumb, 2 bytes, Stack size 0 bytes, stm32f10x_it.o(.text))
<BR>[Address Reference Count : 1]<UL><LI> startup_stm32f10x_md.o(RESET)
</UL>
<P><STRONG><a name="[1a]"></a>DebugMon_Handler</STRONG> (Thumb, 2 bytes, Stack size 0 bytes, stm32f10x_it.o(.text))
<BR>[Address Reference Count : 1]<UL><LI> startup_stm32f10x_md.o(RESET)
</UL>
<P><STRONG><a name="[1b]"></a>PendSV_Handler</STRONG> (Thumb, 2 bytes, Stack size 0 bytes, stm32f10x_it.o(.text))
<BR>[Address Reference Count : 1]<UL><LI> startup_stm32f10x_md.o(RESET)
</UL>
<P><STRONG><a name="[1c]"></a>SysTick_Handler</STRONG> (Thumb, 2 bytes, Stack size 0 bytes, stm32f10x_it.o(.text))
<BR>[Address Reference Count : 1]<UL><LI> startup_stm32f10x_md.o(RESET)
</UL>
<P><STRONG><a name="[8a]"></a>strncpy</STRONG> (Thumb, 86 bytes, Stack size 8 bytes, strncpy.o(.text))
<BR><BR>[Stack]<UL><LI>Max Depth = 8<LI>Call Chain = strncpy
</UL>
<BR>[Calls]<UL><LI><a href="#[118]">&gt;&gt;</a>&nbsp;&nbsp;&nbsp;__aeabi_memclr
</UL>
<BR>[Called By]<UL><LI><a href="#[12]">&gt;&gt;</a>&nbsp;&nbsp;&nbsp;lcd_menu_sixteen
<LI><a href="#[11]">&gt;&gt;</a>&nbsp;&nbsp;&nbsp;lcd_menu_fifteen
<LI><a href="#[10]">&gt;&gt;</a>&nbsp;&nbsp;&nbsp;lcd_menu_fourteen
<LI><a href="#[f]">&gt;&gt;</a>&nbsp;&nbsp;&nbsp;lcd_menu_thirteen
<LI><a href="#[e]">&gt;&gt;</a>&nbsp;&nbsp;&nbsp;lcd_menu_twelve
<LI><a href="#[d]">&gt;&gt;</a>&nbsp;&nbsp;&nbsp;lcd_menu_eleven
<LI><a href="#[c]">&gt;&gt;</a>&nbsp;&nbsp;&nbsp;lcd_menu_ten
<LI><a href="#[b]">&gt;&gt;</a>&nbsp;&nbsp;&nbsp;lcd_menu_nine
<LI><a href="#[a]">&gt;&gt;</a>&nbsp;&nbsp;&nbsp;lcd_menu_eight
<LI><a href="#[9]">&gt;&gt;</a>&nbsp;&nbsp;&nbsp;lcd_menu_seven
<LI><a href="#[8]">&gt;&gt;</a>&nbsp;&nbsp;&nbsp;lcd_menu_six
<LI><a href="#[7]">&gt;&gt;</a>&nbsp;&nbsp;&nbsp;lcd_menu_five
<LI><a href="#[6]">&gt;&gt;</a>&nbsp;&nbsp;&nbsp;lcd_menu_four
<LI><a href="#[5]">&gt;&gt;</a>&nbsp;&nbsp;&nbsp;lcd_menu_three
<LI><a href="#[4]">&gt;&gt;</a>&nbsp;&nbsp;&nbsp;lcd_menu_two
<LI><a href="#[3]">&gt;&gt;</a>&nbsp;&nbsp;&nbsp;lcd_menu_one
<LI><a href="#[89]">&gt;&gt;</a>&nbsp;&nbsp;&nbsp;main_set_menu
</UL>

<P><STRONG><a name="[1e9]"></a>__use_two_region_memory</STRONG> (Thumb, 2 bytes, Stack size 0 bytes, heapauxi.o(.text), UNUSED)

<P><STRONG><a name="[1ea]"></a>__rt_heap_escrow$2region</STRONG> (Thumb, 2 bytes, Stack size 0 bytes, heapauxi.o(.text), UNUSED)

<P><STRONG><a name="[1eb]"></a>__rt_heap_expand$2region</STRONG> (Thumb, 2 bytes, Stack size 0 bytes, heapauxi.o(.text), UNUSED)

<P><STRONG><a name="[118]"></a>__aeabi_memclr</STRONG> (Thumb, 0 bytes, Stack size 0 bytes, rt_memclr.o(.text))
<BR><BR>[Called By]<UL><LI><a href="#[8a]">&gt;&gt;</a>&nbsp;&nbsp;&nbsp;strncpy
</UL>

<P><STRONG><a name="[119]"></a>__rt_memclr</STRONG> (Thumb, 68 bytes, Stack size 0 bytes, rt_memclr.o(.text), UNUSED)
<BR><BR>[Calls]<UL><LI><a href="#[11a]">&gt;&gt;</a>&nbsp;&nbsp;&nbsp;_memset_w
</UL>

<P><STRONG><a name="[1ec]"></a>_memset</STRONG> (Thumb, 0 bytes, Stack size unknown bytes, rt_memclr.o(.text), UNUSED)

<P><STRONG><a name="[1ed]"></a>__aeabi_memclr4</STRONG> (Thumb, 0 bytes, Stack size 4 bytes, rt_memclr_w.o(.text), UNUSED)

<P><STRONG><a name="[1ee]"></a>__aeabi_memclr8</STRONG> (Thumb, 0 bytes, Stack size 4 bytes, rt_memclr_w.o(.text), UNUSED)

<P><STRONG><a name="[1ef]"></a>__rt_memclr_w</STRONG> (Thumb, 78 bytes, Stack size 4 bytes, rt_memclr_w.o(.text), UNUSED)

<P><STRONG><a name="[11a]"></a>_memset_w</STRONG> (Thumb, 0 bytes, Stack size unknown bytes, rt_memclr_w.o(.text), UNUSED)
<BR><BR>[Called By]<UL><LI><a href="#[119]">&gt;&gt;</a>&nbsp;&nbsp;&nbsp;__rt_memclr
</UL>

<P><STRONG><a name="[51]"></a>__user_setup_stackheap</STRONG> (Thumb, 74 bytes, Stack size 8 bytes, sys_stackheap_outer.o(.text))
<BR><BR>[Stack]<UL><LI>Max Depth = 8 + Unknown Stack Size
<LI>Call Chain = __user_setup_stackheap
</UL>
<BR>[Calls]<UL><LI><a href="#[4c]">&gt;&gt;</a>&nbsp;&nbsp;&nbsp;__user_initial_stackheap
<LI><a href="#[11b]">&gt;&gt;</a>&nbsp;&nbsp;&nbsp;__user_perproc_libspace
</UL>
<BR>[Called By]<UL><LI><a href="#[50]">&gt;&gt;</a>&nbsp;&nbsp;&nbsp;__rt_entry_sh
</UL>

<P><STRONG><a name="[56]"></a>exit</STRONG> (Thumb, 12 bytes, Stack size 0 bytes, exit.o(.text))
<BR><BR>[Calls]<UL><LI><a href="#[11c]">&gt;&gt;</a>&nbsp;&nbsp;&nbsp;__rt_exit
</UL>
<BR>[Called By]<UL><LI><a href="#[54]">&gt;&gt;</a>&nbsp;&nbsp;&nbsp;__rt_entry_main
</UL>

<P><STRONG><a name="[1f0]"></a>__user_libspace</STRONG> (Thumb, 8 bytes, Stack size 0 bytes, libspace.o(.text), UNUSED)

<P><STRONG><a name="[11b]"></a>__user_perproc_libspace</STRONG> (Thumb, 0 bytes, Stack size 0 bytes, libspace.o(.text))
<BR><BR>[Called By]<UL><LI><a href="#[51]">&gt;&gt;</a>&nbsp;&nbsp;&nbsp;__user_setup_stackheap
</UL>

<P><STRONG><a name="[1f1]"></a>__user_perthread_libspace</STRONG> (Thumb, 0 bytes, Stack size 0 bytes, libspace.o(.text), UNUSED)

<P><STRONG><a name="[5a]"></a>_sys_exit</STRONG> (Thumb, 8 bytes, Stack size 0 bytes, sys_exit.o(.text))
<BR><BR>[Called By]<UL><LI><a href="#[59]">&gt;&gt;</a>&nbsp;&nbsp;&nbsp;__rt_exit_exit
</UL>

<P><STRONG><a name="[1f2]"></a>__I$use$semihosting</STRONG> (Thumb, 0 bytes, Stack size 0 bytes, use_no_semi.o(.text), UNUSED)

<P><STRONG><a name="[1f3]"></a>__use_no_semihosting_swi</STRONG> (Thumb, 2 bytes, Stack size 0 bytes, use_no_semi.o(.text), UNUSED)

<P><STRONG><a name="[1f4]"></a>__semihosting_library_function</STRONG> (Thumb, 0 bytes, Stack size unknown bytes, indicate_semi.o(.text), UNUSED)

<P><STRONG><a name="[1f5]"></a>__aeabi_fadd</STRONG> (Thumb, 0 bytes, Stack size 16 bytes, faddsub_clz.o(x$fpl$fadd), UNUSED)

<P><STRONG><a name="[11d]"></a>_fadd</STRONG> (Thumb, 196 bytes, Stack size 16 bytes, faddsub_clz.o(x$fpl$fadd), UNUSED)
<BR><BR>[Calls]<UL><LI><a href="#[11f]">&gt;&gt;</a>&nbsp;&nbsp;&nbsp;__fpl_fretinf
<LI><a href="#[120]">&gt;&gt;</a>&nbsp;&nbsp;&nbsp;__fpl_fnaninf
<LI><a href="#[11e]">&gt;&gt;</a>&nbsp;&nbsp;&nbsp;_fsub1
</UL>

<P><STRONG><a name="[123]"></a>__fpl_fcmp_Inf</STRONG> (Thumb, 24 bytes, Stack size 0 bytes, fcmpi.o(x$fpl$fcmpinf), UNUSED)
<BR><BR>[Called By]<UL><LI><a href="#[124]">&gt;&gt;</a>&nbsp;&nbsp;&nbsp;_fcmple
<LI><a href="#[122]">&gt;&gt;</a>&nbsp;&nbsp;&nbsp;_fcmpeq
</UL>

<P><STRONG><a name="[f8]"></a>__aeabi_fdiv</STRONG> (Thumb, 0 bytes, Stack size 16 bytes, fdiv.o(x$fpl$fdiv))
<BR><BR>[Stack]<UL><LI>Max Depth = 16<LI>Call Chain = __aeabi_fdiv
</UL>
<BR>[Called By]<UL><LI><a href="#[b1]">&gt;&gt;</a>&nbsp;&nbsp;&nbsp;sub_DataHandle
</UL>

<P><STRONG><a name="[121]"></a>_fdiv</STRONG> (Thumb, 384 bytes, Stack size 16 bytes, fdiv.o(x$fpl$fdiv), UNUSED)
<BR><BR>[Calls]<UL><LI><a href="#[11f]">&gt;&gt;</a>&nbsp;&nbsp;&nbsp;__fpl_fretinf
<LI><a href="#[120]">&gt;&gt;</a>&nbsp;&nbsp;&nbsp;__fpl_fnaninf
</UL>

<P><STRONG><a name="[f2]"></a>__aeabi_cfcmpeq</STRONG> (Thumb, 0 bytes, Stack size 16 bytes, feqf.o(x$fpl$feqf))
<BR><BR>[Stack]<UL><LI>Max Depth = 16<LI>Call Chain = __aeabi_cfcmpeq
</UL>
<BR>[Called By]<UL><LI><a href="#[ef]">&gt;&gt;</a>&nbsp;&nbsp;&nbsp;get_T_from_R
</UL>

<P><STRONG><a name="[122]"></a>_fcmpeq</STRONG> (Thumb, 104 bytes, Stack size 16 bytes, feqf.o(x$fpl$feqf), UNUSED)
<BR><BR>[Calls]<UL><LI><a href="#[120]">&gt;&gt;</a>&nbsp;&nbsp;&nbsp;__fpl_fnaninf
<LI><a href="#[123]">&gt;&gt;</a>&nbsp;&nbsp;&nbsp;__fpl_fcmp_Inf
</UL>

<P><STRONG><a name="[f5]"></a>__aeabi_i2f</STRONG> (Thumb, 0 bytes, Stack size 0 bytes, fflt_clz.o(x$fpl$fflt))
<BR><BR>[Called By]<UL><LI><a href="#[b1]">&gt;&gt;</a>&nbsp;&nbsp;&nbsp;sub_DataHandle
</UL>

<P><STRONG><a name="[1f6]"></a>_fflt</STRONG> (Thumb, 48 bytes, Stack size 0 bytes, fflt_clz.o(x$fpl$fflt), UNUSED)

<P><STRONG><a name="[f6]"></a>__aeabi_ui2f</STRONG> (Thumb, 0 bytes, Stack size 0 bytes, fflt_clz.o(x$fpl$ffltu))
<BR><BR>[Called By]<UL><LI><a href="#[b1]">&gt;&gt;</a>&nbsp;&nbsp;&nbsp;sub_DataHandle
</UL>

<P><STRONG><a name="[1f7]"></a>_ffltu</STRONG> (Thumb, 38 bytes, Stack size 0 bytes, fflt_clz.o(x$fpl$ffltu), UNUSED)

<P><STRONG><a name="[f1]"></a>__aeabi_cfcmple</STRONG> (Thumb, 0 bytes, Stack size 16 bytes, fleqf.o(x$fpl$fleqf))
<BR><BR>[Stack]<UL><LI>Max Depth = 16<LI>Call Chain = __aeabi_cfcmple
</UL>
<BR>[Called By]<UL><LI><a href="#[ef]">&gt;&gt;</a>&nbsp;&nbsp;&nbsp;get_T_from_R
</UL>

<P><STRONG><a name="[124]"></a>_fcmple</STRONG> (Thumb, 104 bytes, Stack size 16 bytes, fleqf.o(x$fpl$fleqf), UNUSED)
<BR><BR>[Calls]<UL><LI><a href="#[120]">&gt;&gt;</a>&nbsp;&nbsp;&nbsp;__fpl_fnaninf
<LI><a href="#[123]">&gt;&gt;</a>&nbsp;&nbsp;&nbsp;__fpl_fcmp_Inf
</UL>

<P><STRONG><a name="[127]"></a>__fpl_fcmple_InfNaN</STRONG> (Thumb, 0 bytes, Stack size unknown bytes, fleqf.o(x$fpl$fleqf), UNUSED)
<BR><BR>[Called By]<UL><LI><a href="#[126]">&gt;&gt;</a>&nbsp;&nbsp;&nbsp;_frcmple
</UL>

<P><STRONG><a name="[f7]"></a>__aeabi_fmul</STRONG> (Thumb, 0 bytes, Stack size 16 bytes, fmul.o(x$fpl$fmul))
<BR><BR>[Stack]<UL><LI>Max Depth = 16<LI>Call Chain = __aeabi_fmul
</UL>
<BR>[Called By]<UL><LI><a href="#[b1]">&gt;&gt;</a>&nbsp;&nbsp;&nbsp;sub_DataHandle
</UL>

<P><STRONG><a name="[125]"></a>_fmul</STRONG> (Thumb, 258 bytes, Stack size 16 bytes, fmul.o(x$fpl$fmul), UNUSED)
<BR><BR>[Calls]<UL><LI><a href="#[11f]">&gt;&gt;</a>&nbsp;&nbsp;&nbsp;__fpl_fretinf
<LI><a href="#[120]">&gt;&gt;</a>&nbsp;&nbsp;&nbsp;__fpl_fnaninf
</UL>

<P><STRONG><a name="[120]"></a>__fpl_fnaninf</STRONG> (Thumb, 140 bytes, Stack size 8 bytes, fnaninf.o(x$fpl$fnaninf), UNUSED)
<BR><BR>[Called By]<UL><LI><a href="#[125]">&gt;&gt;</a>&nbsp;&nbsp;&nbsp;_fmul
<LI><a href="#[124]">&gt;&gt;</a>&nbsp;&nbsp;&nbsp;_fcmple
<LI><a href="#[122]">&gt;&gt;</a>&nbsp;&nbsp;&nbsp;_fcmpeq
<LI><a href="#[121]">&gt;&gt;</a>&nbsp;&nbsp;&nbsp;_fdiv
<LI><a href="#[12a]">&gt;&gt;</a>&nbsp;&nbsp;&nbsp;_fsub
<LI><a href="#[11d]">&gt;&gt;</a>&nbsp;&nbsp;&nbsp;_fadd
</UL>

<P><STRONG><a name="[11f]"></a>__fpl_fretinf</STRONG> (Thumb, 10 bytes, Stack size 0 bytes, fretinf.o(x$fpl$fretinf), UNUSED)
<BR><BR>[Called By]<UL><LI><a href="#[125]">&gt;&gt;</a>&nbsp;&nbsp;&nbsp;_fmul
<LI><a href="#[121]">&gt;&gt;</a>&nbsp;&nbsp;&nbsp;_fdiv
<LI><a href="#[11d]">&gt;&gt;</a>&nbsp;&nbsp;&nbsp;_fadd
</UL>

<P><STRONG><a name="[f0]"></a>__aeabi_cfrcmple</STRONG> (Thumb, 0 bytes, Stack size 0 bytes, frleqf.o(x$fpl$frleqf))
<BR><BR>[Called By]<UL><LI><a href="#[ef]">&gt;&gt;</a>&nbsp;&nbsp;&nbsp;get_T_from_R
</UL>

<P><STRONG><a name="[126]"></a>_frcmple</STRONG> (Thumb, 98 bytes, Stack size 0 bytes, frleqf.o(x$fpl$frleqf), UNUSED)
<BR><BR>[Calls]<UL><LI><a href="#[127]">&gt;&gt;</a>&nbsp;&nbsp;&nbsp;__fpl_fcmple_InfNaN
</UL>

<P><STRONG><a name="[f3]"></a>__aeabi_frsub</STRONG> (Thumb, 0 bytes, Stack size 0 bytes, faddsub_clz.o(x$fpl$frsb))
<BR><BR>[Called By]<UL><LI><a href="#[ef]">&gt;&gt;</a>&nbsp;&nbsp;&nbsp;get_T_from_R
</UL>

<P><STRONG><a name="[128]"></a>_frsb</STRONG> (Thumb, 20 bytes, Stack size 0 bytes, faddsub_clz.o(x$fpl$frsb), UNUSED)
<BR><BR>[Calls]<UL><LI><a href="#[11e]">&gt;&gt;</a>&nbsp;&nbsp;&nbsp;_fsub1
<LI><a href="#[129]">&gt;&gt;</a>&nbsp;&nbsp;&nbsp;_fadd1
</UL>

<P><STRONG><a name="[f4]"></a>__aeabi_fsub</STRONG> (Thumb, 0 bytes, Stack size 16 bytes, faddsub_clz.o(x$fpl$fsub))
<BR><BR>[Stack]<UL><LI>Max Depth = 16<LI>Call Chain = __aeabi_fsub
</UL>
<BR>[Called By]<UL><LI><a href="#[ef]">&gt;&gt;</a>&nbsp;&nbsp;&nbsp;get_T_from_R
</UL>

<P><STRONG><a name="[12a]"></a>_fsub</STRONG> (Thumb, 234 bytes, Stack size 16 bytes, faddsub_clz.o(x$fpl$fsub), UNUSED)
<BR><BR>[Calls]<UL><LI><a href="#[120]">&gt;&gt;</a>&nbsp;&nbsp;&nbsp;__fpl_fnaninf
<LI><a href="#[129]">&gt;&gt;</a>&nbsp;&nbsp;&nbsp;_fadd1
</UL>
<P>
<H3>
Local Symbols
</H3>
<P><STRONG><a name="[107]"></a>TI4_Config</STRONG> (Thumb, 130 bytes, Stack size 20 bytes, stm32f10x_tim.o(.text), UNUSED)
<BR><BR>[Called By]<UL><LI><a href="#[100]">&gt;&gt;</a>&nbsp;&nbsp;&nbsp;TIM_ICInit
</UL>

<P><STRONG><a name="[105]"></a>TI3_Config</STRONG> (Thumb, 122 bytes, Stack size 20 bytes, stm32f10x_tim.o(.text), UNUSED)
<BR><BR>[Called By]<UL><LI><a href="#[100]">&gt;&gt;</a>&nbsp;&nbsp;&nbsp;TIM_ICInit
</UL>

<P><STRONG><a name="[103]"></a>TI2_Config</STRONG> (Thumb, 130 bytes, Stack size 20 bytes, stm32f10x_tim.o(.text), UNUSED)
<BR><BR>[Called By]<UL><LI><a href="#[10c]">&gt;&gt;</a>&nbsp;&nbsp;&nbsp;TIM_TIxExternalClockConfig
<LI><a href="#[109]">&gt;&gt;</a>&nbsp;&nbsp;&nbsp;TIM_PWMIConfig
<LI><a href="#[100]">&gt;&gt;</a>&nbsp;&nbsp;&nbsp;TIM_ICInit
</UL>

<P><STRONG><a name="[101]"></a>TI1_Config</STRONG> (Thumb, 108 bytes, Stack size 20 bytes, stm32f10x_tim.o(.text), UNUSED)
<BR><BR>[Called By]<UL><LI><a href="#[10c]">&gt;&gt;</a>&nbsp;&nbsp;&nbsp;TIM_TIxExternalClockConfig
<LI><a href="#[109]">&gt;&gt;</a>&nbsp;&nbsp;&nbsp;TIM_PWMIConfig
<LI><a href="#[100]">&gt;&gt;</a>&nbsp;&nbsp;&nbsp;TIM_ICInit
</UL>

<P><STRONG><a name="[117]"></a>SetSysClockTo72</STRONG> (Thumb, 214 bytes, Stack size 12 bytes, system_stm32f10x.o(.text))
<BR><BR>[Stack]<UL><LI>Max Depth = 12<LI>Call Chain = SetSysClockTo72
</UL>
<BR>[Called By]<UL><LI><a href="#[116]">&gt;&gt;</a>&nbsp;&nbsp;&nbsp;SetSysClock
</UL>

<P><STRONG><a name="[116]"></a>SetSysClock</STRONG> (Thumb, 8 bytes, Stack size 8 bytes, system_stm32f10x.o(.text))
<BR><BR>[Stack]<UL><LI>Max Depth = 20<LI>Call Chain = SetSysClock &rArr; SetSysClockTo72
</UL>
<BR>[Calls]<UL><LI><a href="#[117]">&gt;&gt;</a>&nbsp;&nbsp;&nbsp;SetSysClockTo72
</UL>
<BR>[Called By]<UL><LI><a href="#[48]">&gt;&gt;</a>&nbsp;&nbsp;&nbsp;SystemInit
</UL>

<P><STRONG><a name="[129]"></a>_fadd1</STRONG> (Thumb, 0 bytes, Stack size unknown bytes, faddsub_clz.o(x$fpl$fadd), UNUSED)
<BR><BR>[Called By]<UL><LI><a href="#[12a]">&gt;&gt;</a>&nbsp;&nbsp;&nbsp;_fsub
<LI><a href="#[128]">&gt;&gt;</a>&nbsp;&nbsp;&nbsp;_frsb
</UL>

<P><STRONG><a name="[11e]"></a>_fsub1</STRONG> (Thumb, 0 bytes, Stack size unknown bytes, faddsub_clz.o(x$fpl$fsub), UNUSED)
<BR><BR>[Called By]<UL><LI><a href="#[128]">&gt;&gt;</a>&nbsp;&nbsp;&nbsp;_frsb
<LI><a href="#[11d]">&gt;&gt;</a>&nbsp;&nbsp;&nbsp;_fadd
</UL>
<P>
<H3>
Undefined Global Symbols
</H3><HR></body></html>
