<html>
<body>
<pre>
<h1>µVision Build Log</h1>
<h2>Tool Versions:</h2>
IDE-Version: ¦ÌVision V5.14.0.0
Copyright (C) 2015 ARM Ltd and ARM Germany GmbH. All rights reserved.
License Information: azalea du, ttk, LIC=Z3CY8-3F9MY-495G2-9VVZD-ZRP7F-4LXIW
 
Tool Versions:
Toolchain:       MDK-ARM Professional  Version: 5.14.0.0
Toolchain Path:  C:\Keil_v5\ARM\ARMCC\Bin
C Compiler:      Armcc.exe V5.05 update 1 (build 106)
Assembler:       Armasm.exe V5.05 update 1 (build 106)
Linker/Locator:  ArmLink.exe V5.05 update 1 (build 106)
Library Manager: ArmAr.exe V5.05 update 1 (build 106)
Hex Converter:   FromElf.exe V5.05 update 1 (build 106)
CPU DLL:         SARMCM3.DLL V5.14.0.0
Dialog DLL:      DARMSTM.DLL V1.65.0.0
Target DLL:      Segger\JL2CM3.dll V2.99.13.0
Dialog DLL:      TARMSTM.DLL V1.64.0.0
 
<h2>Project:</h2>
\\psf\Home\Desktop\wash_170421\HMI_170421\Workspace\I_Washing_M_20161018.uvproj
Project File Date:  04/18/2017

<h2>Output:</h2>
Rebuild target 'Target 1'
compiling Menu.c...
compiling main.c...
compiling SystemInit.c...
compiling timer.c...
..\User_C\timer.c(109): warning:  #550-D: variable "counter_5s" was set but never used
        static u16 counter_5s = 0;
..\User_C\timer.c(115): warning:  #177-D: variable "counter_reset" was declared but never referenced
        static u16 counter_reset = 0;
..\User_C\timer.c: 2 warnings, 0 errors
compiling usart.c...
compiling SysPr.c...
compiling IIC.c...
compiling 24CXX.c...
compiling delay.c...
compiling ziku.c...
compiling rtc.c...
compiling Interrupt_Init.c...
compiling key.c...
compiling crc.c...
compiling SystemWord.c...
compiling LCD_display.c...
compiling led.c...
compiling buzz.c...
compiling DataExchange.c...
compiling DataHandle.c...
compiling struct_comm.c...
compiling faultProcess.c...
compiling misc.c...
compiling stm32f10x_adc.c...
compiling stm32f10x_rcc.c...
compiling stm32f10x_rtc.c...
compiling stm32f10x_tim.c...
compiling stm32f10x_usart.c...
compiling stm32f10x_bkp.c...
compiling stm32f10x_pwr.c...
compiling stm32f10x_gpio.c...
compiling stm32f10x_sdio.c...
assembling startup_stm32f10x_md.s...
compiling system_stm32f10x.c...
compiling stm32f10x_it.c...
linking...
Program Size: Code=69698 RO-data=13770 RW-data=6272 ZI-data=3976  
FromELF: creating hex file...
"..\Output\IWOP-HMI_2016324.axf" - 0 Error(s), 2 Warning(s).
</pre>
</body>
</html>
